<html>
<body>
<pre>
<h1>µVision Build Log</h1>
<h2>Tool Versions:</h2>
IDE-Version: ¦ÌVision V5.34.0.0
Copyright (C) 2021 ARM Ltd and ARM Germany GmbH. All rights reserved.
License Information: Crystal PuNK, UESTC, LIC=EXJT4-F9P3B-MM09I-TIB2G-EBBK9-P5EGS
 
Tool Versions:
Toolchain:       MDK-ARM Plus  Version: 5.34.0.0
Toolchain Path:  D:\Softwares\Keil5\ARM\ARMCC\Bin
C Compiler:      Armcc.exe V5.06 update 7 (build 960)
Assembler:       Armasm.exe V5.06 update 7 (build 960)
Linker/Locator:  ArmLink.exe V5.06 update 7 (build 960)
Library Manager: ArmAr.exe V5.06 update 7 (build 960)
Hex Converter:   FromElf.exe V5.06 update 7 (build 960)
CPU DLL:         SARMCM3.DLL V5.34.0.0
Dialog DLL:      DCM.DLL V1.17.3.0
Target DLL:      STLink\ST-LINKIII-KEIL_SWO.dll V3.0.8.0
Dialog DLL:      TCM.DLL V1.48.0.0
 
<h2>Project:</h2>
C:\Users\22868\Desktop\Quadcopter_Group3\Firmware\GY-86\test002.uvprojx
Project File Date:  10/01/2023

<h2>Output:</h2>
*** Using Compiler 'V5.06 update 7 (build 960)', folder: 'D:\Softwares\Keil5\ARM\ARMCC\Bin'
Build target 'Target 1'
compiling main.c...
.\Startup\stm32f4xx.h(11581): warning:  #47-D: incompatible redefinition of macro "DBGMCU_APB2_FZ_DBG_TIM1_STOP"  (declared at line 11574)
  #define  DBGMCU_APB2_FZ_DBG_TIM1_STOP        DBGMCU_APB1_FZ_DBG_TIM1_STOP    
.\Startup\stm32f4xx.h(11582): warning:  #47-D: incompatible redefinition of macro "DBGMCU_APB2_FZ_DBG_TIM8_STOP"  (declared at line 11575)
  #define  DBGMCU_APB2_FZ_DBG_TIM8_STOP        DBGMCU_APB1_FZ_DBG_TIM8_STOP
.\Startup\stm32f4xx.h(11583): warning:  #47-D: incompatible redefinition of macro "DBGMCU_APB2_FZ_DBG_TIM9_STOP"  (declared at line 11576)
  #define  DBGMCU_APB2_FZ_DBG_TIM9_STOP        DBGMCU_APB1_FZ_DBG_TIM9_STOP
.\Startup\stm32f4xx.h(11584): warning:  #47-D: incompatible redefinition of macro "DBGMCU_APB2_FZ_DBG_TIM10_STOP"  (declared at line 11577)
  #define  DBGMCU_APB2_FZ_DBG_TIM10_STOP       DBGMCU_APB1_FZ_DBG_TIM10_STOP
.\Startup\stm32f4xx.h(11585): warning:  #47-D: incompatible redefinition of macro "DBGMCU_APB2_FZ_DBG_TIM11_STOP"  (declared at line 11578)
  #define  DBGMCU_APB2_FZ_DBG_TIM11_STOP       DBGMCU_APB1_FZ_DBG_TIM11_STOP
main.c: 5 warnings, 0 errors
linking...
Program Size: Code=1056 RO-data=436 RW-data=20 ZI-data=1652  
".\Objects\test002.axf" - 0 Error(s), 5 Warning(s).

<h2>Software Packages used:</h2>

Package Vendor: ARM
                http://www.keil.com/pack/ARM.CMSIS.5.7.0.pack
                ARM.CMSIS.5.7.0
                CMSIS (Cortex Microcontroller Software Interface Standard)
   * Component: CORE Version: 5.4.0

Package Vendor: Keil
                https://www.keil.com/pack/Keil.STM32F4xx_DFP.2.17.1.pack
                Keil.STM32F4xx_DFP.2.17.1
                STMicroelectronics STM32F4 Series Device Support, Drivers and Examples
   * Component: Startup Version: 2.6.3

<h2>Collection of Component include folders:</h2>
  .\RTE\_Target_1
  D:\Softwares\Keil5\ARM\PACK\ARM\CMSIS\5.7.0\CMSIS\Core\Include
  D:\Softwares\Keil5\ARM\PACK\Keil\STM32F4xx_DFP\2.17.1\Drivers\CMSIS\Device\ST\STM32F4xx\Include

<h2>Collection of Component Files used:</h2>

   * Component: ARM::CMSIS:CORE:5.4.0

   * Component: Keil::Device:Startup:2.6.3
      Source file:   MDK\Device\Source\ARM\STM32F401xx_OPT.s
      Include file:  Drivers\CMSIS\Device\ST\STM32F4xx\Include\stm32f4xx.h
      Source file:   Drivers\CMSIS\Device\ST\STM32F4xx\Source\Templates\arm\startup_stm32f401xe.s
      Source file:   MDK\Device\Source\ARM\STM32F4xx_OTP.s
      Source file:   Drivers\CMSIS\Device\ST\STM32F4xx\Source\Templates\system_stm32f4xx.c
Build Time Elapsed:  00:00:01
</pre>
</body>
</html>
