<html>
<body>
<pre>
<h1>µVision Build Log</h1>
<h2>Tool Versions:</h2>
IDE-Version: ¦ÌVision V5.34.0.0
Copyright (C) 2021 ARM Ltd and ARM Germany GmbH. All rights reserved.
License Information: Crystal PuNK, UESTC, LIC=EXJT4-F9P3B-MM09I-TIB2G-EBBK9-P5EGS
 
Tool Versions:
Toolchain:       MDK-ARM Plus  Version: 5.34.0.0
Toolchain Path:  D:\Softwares\Keil5\ARM\ARMCC\Bin
C Compiler:      Armcc.exe V5.06 update 7 (build 960)
Assembler:       Armasm.exe V5.06 update 7 (build 960)
Linker/Locator:  ArmLink.exe V5.06 update 7 (build 960)
Library Manager: ArmAr.exe V5.06 update 7 (build 960)
Hex Converter:   FromElf.exe V5.06 update 7 (build 960)
CPU DLL:         SARMCM3.DLL V5.34.0.0
Dialog DLL:      DCM.DLL V1.17.3.0
Target DLL:      UL2CM3.DLL V1.163.9.0
Dialog DLL:      TCM.DLL V1.48.0.0
 
<h2>Project:</h2>
C:\Users\22868\Desktop\test002\test002.uvprojx
Project File Date:  10/01/2023

<h2>Output:</h2>
*** Using Compiler 'V5.06 update 7 (build 960)', folder: 'D:\Softwares\Keil5\ARM\ARMCC\Bin'
Rebuild target 'Target 1'
compiling stm32f4xx_it.c...
.\Startup\stm32f4xx.h(11581): warning:  #47-D: incompatible redefinition of macro "DBGMCU_APB2_FZ_DBG_TIM1_STOP"  (declared at line 11574)
  #define  DBGMCU_APB2_FZ_DBG_TIM1_STOP        DBGMCU_APB1_FZ_DBG_TIM1_STOP    
.\Startup\stm32f4xx.h(11582): warning:  #47-D: incompatible redefinition of macro "DBGMCU_APB2_FZ_DBG_TIM8_STOP"  (declared at line 11575)
  #define  DBGMCU_APB2_FZ_DBG_TIM8_STOP        DBGMCU_APB1_FZ_DBG_TIM8_STOP
.\Startup\stm32f4xx.h(11583): warning:  #47-D: incompatible redefinition of macro "DBGMCU_APB2_FZ_DBG_TIM9_STOP"  (declared at line 11576)
  #define  DBGMCU_APB2_FZ_DBG_TIM9_STOP        DBGMCU_APB1_FZ_DBG_TIM9_STOP
.\Startup\stm32f4xx.h(11584): warning:  #47-D: incompatible redefinition of macro "DBGMCU_APB2_FZ_DBG_TIM10_STOP"  (declared at line 11577)
  #define  DBGMCU_APB2_FZ_DBG_TIM10_STOP       DBGMCU_APB1_FZ_DBG_TIM10_STOP
.\Startup\stm32f4xx.h(11585): warning:  #47-D: incompatible redefinition of macro "DBGMCU_APB2_FZ_DBG_TIM11_STOP"  (declared at line 11578)
  #define  DBGMCU_APB2_FZ_DBG_TIM11_STOP       DBGMCU_APB1_FZ_DBG_TIM11_STOP
User\stm32f4xx_it.c: 5 warnings, 0 errors
compiling main.c...
.\Startup\stm32f4xx.h(11581): warning:  #47-D: incompatible redefinition of macro "DBGMCU_APB2_FZ_DBG_TIM1_STOP"  (declared at line 11574)
  #define  DBGMCU_APB2_FZ_DBG_TIM1_STOP        DBGMCU_APB1_FZ_DBG_TIM1_STOP    
.\Startup\stm32f4xx.h(11582): warning:  #47-D: incompatible redefinition of macro "DBGMCU_APB2_FZ_DBG_TIM8_STOP"  (declared at line 11575)
  #define  DBGMCU_APB2_FZ_DBG_TIM8_STOP        DBGMCU_APB1_FZ_DBG_TIM8_STOP
.\Startup\stm32f4xx.h(11583): warning:  #47-D: incompatible redefinition of macro "DBGMCU_APB2_FZ_DBG_TIM9_STOP"  (declared at line 11576)
  #define  DBGMCU_APB2_FZ_DBG_TIM9_STOP        DBGMCU_APB1_FZ_DBG_TIM9_STOP
.\Startup\stm32f4xx.h(11584): warning:  #47-D: incompatible redefinition of macro "DBGMCU_APB2_FZ_DBG_TIM10_STOP"  (declared at line 11577)
  #define  DBGMCU_APB2_FZ_DBG_TIM10_STOP       DBGMCU_APB1_FZ_DBG_TIM10_STOP
.\Startup\stm32f4xx.h(11585): warning:  #47-D: incompatible redefinition of macro "DBGMCU_APB2_FZ_DBG_TIM11_STOP"  (declared at line 11578)
  #define  DBGMCU_APB2_FZ_DBG_TIM11_STOP       DBGMCU_APB1_FZ_DBG_TIM11_STOP
main.c: 5 warnings, 0 errors
compiling stm32f4xx_adc.c...
.\Startup\stm32f4xx.h(11581): warning:  #47-D: incompatible redefinition of macro "DBGMCU_APB2_FZ_DBG_TIM1_STOP"  (declared at line 11574)
  #define  DBGMCU_APB2_FZ_DBG_TIM1_STOP        DBGMCU_APB1_FZ_DBG_TIM1_STOP    
.\Startup\stm32f4xx.h(11582): warning:  #47-D: incompatible redefinition of macro "DBGMCU_APB2_FZ_DBG_TIM8_STOP"  (declared at line 11575)
  #define  DBGMCU_APB2_FZ_DBG_TIM8_STOP        DBGMCU_APB1_FZ_DBG_TIM8_STOP
.\Startup\stm32f4xx.h(11583): warning:  #47-D: incompatible redefinition of macro "DBGMCU_APB2_FZ_DBG_TIM9_STOP"  (declared at line 11576)
  #define  DBGMCU_APB2_FZ_DBG_TIM9_STOP        DBGMCU_APB1_FZ_DBG_TIM9_STOP
.\Startup\stm32f4xx.h(11584): warning:  #47-D: incompatible redefinition of macro "DBGMCU_APB2_FZ_DBG_TIM10_STOP"  (declared at line 11577)
  #define  DBGMCU_APB2_FZ_DBG_TIM10_STOP       DBGMCU_APB1_FZ_DBG_TIM10_STOP
.\Startup\stm32f4xx.h(11585): warning:  #47-D: incompatible redefinition of macro "DBGMCU_APB2_FZ_DBG_TIM11_STOP"  (declared at line 11578)
  #define  DBGMCU_APB2_FZ_DBG_TIM11_STOP       DBGMCU_APB1_FZ_DBG_TIM11_STOP
Library\stm32f4xx_adc.c: 5 warnings, 0 errors
compiling stm32f4xx_cec.c...
.\Startup\stm32f4xx.h(11581): warning:  #47-D: incompatible redefinition of macro "DBGMCU_APB2_FZ_DBG_TIM1_STOP"  (declared at line 11574)
  #define  DBGMCU_APB2_FZ_DBG_TIM1_STOP        DBGMCU_APB1_FZ_DBG_TIM1_STOP    
.\Startup\stm32f4xx.h(11582): warning:  #47-D: incompatible redefinition of macro "DBGMCU_APB2_FZ_DBG_TIM8_STOP"  (declared at line 11575)
  #define  DBGMCU_APB2_FZ_DBG_TIM8_STOP        DBGMCU_APB1_FZ_DBG_TIM8_STOP
.\Startup\stm32f4xx.h(11583): warning:  #47-D: incompatible redefinition of macro "DBGMCU_APB2_FZ_DBG_TIM9_STOP"  (declared at line 11576)
  #define  DBGMCU_APB2_FZ_DBG_TIM9_STOP        DBGMCU_APB1_FZ_DBG_TIM9_STOP
.\Startup\stm32f4xx.h(11584): warning:  #47-D: incompatible redefinition of macro "DBGMCU_APB2_FZ_DBG_TIM10_STOP"  (declared at line 11577)
  #define  DBGMCU_APB2_FZ_DBG_TIM10_STOP       DBGMCU_APB1_FZ_DBG_TIM10_STOP
.\Startup\stm32f4xx.h(11585): warning:  #47-D: incompatible redefinition of macro "DBGMCU_APB2_FZ_DBG_TIM11_STOP"  (declared at line 11578)
  #define  DBGMCU_APB2_FZ_DBG_TIM11_STOP       DBGMCU_APB1_FZ_DBG_TIM11_STOP
Library\stm32f4xx_cec.c: 5 warnings, 0 errors
compiling stm32f4xx_can.c...
.\Startup\stm32f4xx.h(11581): warning:  #47-D: incompatible redefinition of macro "DBGMCU_APB2_FZ_DBG_TIM1_STOP"  (declared at line 11574)
  #define  DBGMCU_APB2_FZ_DBG_TIM1_STOP        DBGMCU_APB1_FZ_DBG_TIM1_STOP    
.\Startup\stm32f4xx.h(11582): warning:  #47-D: incompatible redefinition of macro "DBGMCU_APB2_FZ_DBG_TIM8_STOP"  (declared at line 11575)
  #define  DBGMCU_APB2_FZ_DBG_TIM8_STOP        DBGMCU_APB1_FZ_DBG_TIM8_STOP
.\Startup\stm32f4xx.h(11583): warning:  #47-D: incompatible redefinition of macro "DBGMCU_APB2_FZ_DBG_TIM9_STOP"  (declared at line 11576)
  #define  DBGMCU_APB2_FZ_DBG_TIM9_STOP        DBGMCU_APB1_FZ_DBG_TIM9_STOP
.\Startup\stm32f4xx.h(11584): warning:  #47-D: incompatible redefinition of macro "DBGMCU_APB2_FZ_DBG_TIM10_STOP"  (declared at line 11577)
  #define  DBGMCU_APB2_FZ_DBG_TIM10_STOP       DBGMCU_APB1_FZ_DBG_TIM10_STOP
.\Startup\stm32f4xx.h(11585): warning:  #47-D: incompatible redefinition of macro "DBGMCU_APB2_FZ_DBG_TIM11_STOP"  (declared at line 11578)
  #define  DBGMCU_APB2_FZ_DBG_TIM11_STOP       DBGMCU_APB1_FZ_DBG_TIM11_STOP
Library\stm32f4xx_can.c: 5 warnings, 0 errors
compiling stm32f4xx_crc.c...
.\Startup\stm32f4xx.h(11581): warning:  #47-D: incompatible redefinition of macro "DBGMCU_APB2_FZ_DBG_TIM1_STOP"  (declared at line 11574)
  #define  DBGMCU_APB2_FZ_DBG_TIM1_STOP        DBGMCU_APB1_FZ_DBG_TIM1_STOP    
.\Startup\stm32f4xx.h(11582): warning:  #47-D: incompatible redefinition of macro "DBGMCU_APB2_FZ_DBG_TIM8_STOP"  (declared at line 11575)
  #define  DBGMCU_APB2_FZ_DBG_TIM8_STOP        DBGMCU_APB1_FZ_DBG_TIM8_STOP
.\Startup\stm32f4xx.h(11583): warning:  #47-D: incompatible redefinition of macro "DBGMCU_APB2_FZ_DBG_TIM9_STOP"  (declared at line 11576)
  #define  DBGMCU_APB2_FZ_DBG_TIM9_STOP        DBGMCU_APB1_FZ_DBG_TIM9_STOP
.\Startup\stm32f4xx.h(11584): warning:  #47-D: incompatible redefinition of macro "DBGMCU_APB2_FZ_DBG_TIM10_STOP"  (declared at line 11577)
  #define  DBGMCU_APB2_FZ_DBG_TIM10_STOP       DBGMCU_APB1_FZ_DBG_TIM10_STOP
.\Startup\stm32f4xx.h(11585): warning:  #47-D: incompatible redefinition of macro "DBGMCU_APB2_FZ_DBG_TIM11_STOP"  (declared at line 11578)
  #define  DBGMCU_APB2_FZ_DBG_TIM11_STOP       DBGMCU_APB1_FZ_DBG_TIM11_STOP
Library\stm32f4xx_crc.c: 5 warnings, 0 errors
compiling stm32f4xx_cryp_tdes.c...
.\Startup\stm32f4xx.h(11581): warning:  #47-D: incompatible redefinition of macro "DBGMCU_APB2_FZ_DBG_TIM1_STOP"  (declared at line 11574)
  #define  DBGMCU_APB2_FZ_DBG_TIM1_STOP        DBGMCU_APB1_FZ_DBG_TIM1_STOP    
.\Startup\stm32f4xx.h(11582): warning:  #47-D: incompatible redefinition of macro "DBGMCU_APB2_FZ_DBG_TIM8_STOP"  (declared at line 11575)
  #define  DBGMCU_APB2_FZ_DBG_TIM8_STOP        DBGMCU_APB1_FZ_DBG_TIM8_STOP
.\Startup\stm32f4xx.h(11583): warning:  #47-D: incompatible redefinition of macro "DBGMCU_APB2_FZ_DBG_TIM9_STOP"  (declared at line 11576)
  #define  DBGMCU_APB2_FZ_DBG_TIM9_STOP        DBGMCU_APB1_FZ_DBG_TIM9_STOP
.\Startup\stm32f4xx.h(11584): warning:  #47-D: incompatible redefinition of macro "DBGMCU_APB2_FZ_DBG_TIM10_STOP"  (declared at line 11577)
  #define  DBGMCU_APB2_FZ_DBG_TIM10_STOP       DBGMCU_APB1_FZ_DBG_TIM10_STOP
.\Startup\stm32f4xx.h(11585): warning:  #47-D: incompatible redefinition of macro "DBGMCU_APB2_FZ_DBG_TIM11_STOP"  (declared at line 11578)
  #define  DBGMCU_APB2_FZ_DBG_TIM11_STOP       DBGMCU_APB1_FZ_DBG_TIM11_STOP
Library\stm32f4xx_cryp_tdes.c: 5 warnings, 0 errors
compiling misc.c...
.\Startup\stm32f4xx.h(11581): warning:  #47-D: incompatible redefinition of macro "DBGMCU_APB2_FZ_DBG_TIM1_STOP"  (declared at line 11574)
  #define  DBGMCU_APB2_FZ_DBG_TIM1_STOP        DBGMCU_APB1_FZ_DBG_TIM1_STOP    
.\Startup\stm32f4xx.h(11582): warning:  #47-D: incompatible redefinition of macro "DBGMCU_APB2_FZ_DBG_TIM8_STOP"  (declared at line 11575)
  #define  DBGMCU_APB2_FZ_DBG_TIM8_STOP        DBGMCU_APB1_FZ_DBG_TIM8_STOP
.\Startup\stm32f4xx.h(11583): warning:  #47-D: incompatible redefinition of macro "DBGMCU_APB2_FZ_DBG_TIM9_STOP"  (declared at line 11576)
  #define  DBGMCU_APB2_FZ_DBG_TIM9_STOP        DBGMCU_APB1_FZ_DBG_TIM9_STOP
.\Startup\stm32f4xx.h(11584): warning:  #47-D: incompatible redefinition of macro "DBGMCU_APB2_FZ_DBG_TIM10_STOP"  (declared at line 11577)
  #define  DBGMCU_APB2_FZ_DBG_TIM10_STOP       DBGMCU_APB1_FZ_DBG_TIM10_STOP
.\Startup\stm32f4xx.h(11585): warning:  #47-D: incompatible redefinition of macro "DBGMCU_APB2_FZ_DBG_TIM11_STOP"  (declared at line 11578)
  #define  DBGMCU_APB2_FZ_DBG_TIM11_STOP       DBGMCU_APB1_FZ_DBG_TIM11_STOP
Library\misc.c: 5 warnings, 0 errors
compiling stm32f4xx_dbgmcu.c...
.\Startup\stm32f4xx.h(11581): warning:  #47-D: incompatible redefinition of macro "DBGMCU_APB2_FZ_DBG_TIM1_STOP"  (declared at line 11574)
  #define  DBGMCU_APB2_FZ_DBG_TIM1_STOP        DBGMCU_APB1_FZ_DBG_TIM1_STOP    
.\Startup\stm32f4xx.h(11582): warning:  #47-D: incompatible redefinition of macro "DBGMCU_APB2_FZ_DBG_TIM8_STOP"  (declared at line 11575)
  #define  DBGMCU_APB2_FZ_DBG_TIM8_STOP        DBGMCU_APB1_FZ_DBG_TIM8_STOP
.\Startup\stm32f4xx.h(11583): warning:  #47-D: incompatible redefinition of macro "DBGMCU_APB2_FZ_DBG_TIM9_STOP"  (declared at line 11576)
  #define  DBGMCU_APB2_FZ_DBG_TIM9_STOP        DBGMCU_APB1_FZ_DBG_TIM9_STOP
.\Startup\stm32f4xx.h(11584): warning:  #47-D: incompatible redefinition of macro "DBGMCU_APB2_FZ_DBG_TIM10_STOP"  (declared at line 11577)
  #define  DBGMCU_APB2_FZ_DBG_TIM10_STOP       DBGMCU_APB1_FZ_DBG_TIM10_STOP
.\Startup\stm32f4xx.h(11585): warning:  #47-D: incompatible redefinition of macro "DBGMCU_APB2_FZ_DBG_TIM11_STOP"  (declared at line 11578)
  #define  DBGMCU_APB2_FZ_DBG_TIM11_STOP       DBGMCU_APB1_FZ_DBG_TIM11_STOP
Library\stm32f4xx_dbgmcu.c: 5 warnings, 0 errors
compiling stm32f4xx_cryp_des.c...
.\Startup\stm32f4xx.h(11581): warning:  #47-D: incompatible redefinition of macro "DBGMCU_APB2_FZ_DBG_TIM1_STOP"  (declared at line 11574)
  #define  DBGMCU_APB2_FZ_DBG_TIM1_STOP        DBGMCU_APB1_FZ_DBG_TIM1_STOP    
.\Startup\stm32f4xx.h(11582): warning:  #47-D: incompatible redefinition of macro "DBGMCU_APB2_FZ_DBG_TIM8_STOP"  (declared at line 11575)
  #define  DBGMCU_APB2_FZ_DBG_TIM8_STOP        DBGMCU_APB1_FZ_DBG_TIM8_STOP
.\Startup\stm32f4xx.h(11583): warning:  #47-D: incompatible redefinition of macro "DBGMCU_APB2_FZ_DBG_TIM9_STOP"  (declared at line 11576)
  #define  DBGMCU_APB2_FZ_DBG_TIM9_STOP        DBGMCU_APB1_FZ_DBG_TIM9_STOP
.\Startup\stm32f4xx.h(11584): warning:  #47-D: incompatible redefinition of macro "DBGMCU_APB2_FZ_DBG_TIM10_STOP"  (declared at line 11577)
  #define  DBGMCU_APB2_FZ_DBG_TIM10_STOP       DBGMCU_APB1_FZ_DBG_TIM10_STOP
.\Startup\stm32f4xx.h(11585): warning:  #47-D: incompatible redefinition of macro "DBGMCU_APB2_FZ_DBG_TIM11_STOP"  (declared at line 11578)
  #define  DBGMCU_APB2_FZ_DBG_TIM11_STOP       DBGMCU_APB1_FZ_DBG_TIM11_STOP
Library\stm32f4xx_cryp_des.c: 5 warnings, 0 errors
compiling stm32f4xx_cryp.c...
.\Startup\stm32f4xx.h(11581): warning:  #47-D: incompatible redefinition of macro "DBGMCU_APB2_FZ_DBG_TIM1_STOP"  (declared at line 11574)
  #define  DBGMCU_APB2_FZ_DBG_TIM1_STOP        DBGMCU_APB1_FZ_DBG_TIM1_STOP    
.\Startup\stm32f4xx.h(11582): warning:  #47-D: incompatible redefinition of macro "DBGMCU_APB2_FZ_DBG_TIM8_STOP"  (declared at line 11575)
  #define  DBGMCU_APB2_FZ_DBG_TIM8_STOP        DBGMCU_APB1_FZ_DBG_TIM8_STOP
.\Startup\stm32f4xx.h(11583): warning:  #47-D: incompatible redefinition of macro "DBGMCU_APB2_FZ_DBG_TIM9_STOP"  (declared at line 11576)
  #define  DBGMCU_APB2_FZ_DBG_TIM9_STOP        DBGMCU_APB1_FZ_DBG_TIM9_STOP
.\Startup\stm32f4xx.h(11584): warning:  #47-D: incompatible redefinition of macro "DBGMCU_APB2_FZ_DBG_TIM10_STOP"  (declared at line 11577)
  #define  DBGMCU_APB2_FZ_DBG_TIM10_STOP       DBGMCU_APB1_FZ_DBG_TIM10_STOP
.\Startup\stm32f4xx.h(11585): warning:  #47-D: incompatible redefinition of macro "DBGMCU_APB2_FZ_DBG_TIM11_STOP"  (declared at line 11578)
  #define  DBGMCU_APB2_FZ_DBG_TIM11_STOP       DBGMCU_APB1_FZ_DBG_TIM11_STOP
Library\stm32f4xx_cryp.c: 5 warnings, 0 errors
compiling stm32f4xx_dac.c...
.\Startup\stm32f4xx.h(11581): warning:  #47-D: incompatible redefinition of macro "DBGMCU_APB2_FZ_DBG_TIM1_STOP"  (declared at line 11574)
  #define  DBGMCU_APB2_FZ_DBG_TIM1_STOP        DBGMCU_APB1_FZ_DBG_TIM1_STOP    
.\Startup\stm32f4xx.h(11582): warning:  #47-D: incompatible redefinition of macro "DBGMCU_APB2_FZ_DBG_TIM8_STOP"  (declared at line 11575)
  #define  DBGMCU_APB2_FZ_DBG_TIM8_STOP        DBGMCU_APB1_FZ_DBG_TIM8_STOP
.\Startup\stm32f4xx.h(11583): warning:  #47-D: incompatible redefinition of macro "DBGMCU_APB2_FZ_DBG_TIM9_STOP"  (declared at line 11576)
  #define  DBGMCU_APB2_FZ_DBG_TIM9_STOP        DBGMCU_APB1_FZ_DBG_TIM9_STOP
.\Startup\stm32f4xx.h(11584): warning:  #47-D: incompatible redefinition of macro "DBGMCU_APB2_FZ_DBG_TIM10_STOP"  (declared at line 11577)
  #define  DBGMCU_APB2_FZ_DBG_TIM10_STOP       DBGMCU_APB1_FZ_DBG_TIM10_STOP
.\Startup\stm32f4xx.h(11585): warning:  #47-D: incompatible redefinition of macro "DBGMCU_APB2_FZ_DBG_TIM11_STOP"  (declared at line 11578)
  #define  DBGMCU_APB2_FZ_DBG_TIM11_STOP       DBGMCU_APB1_FZ_DBG_TIM11_STOP
Library\stm32f4xx_dac.c: 5 warnings, 0 errors
compiling stm32f4xx_cryp_aes.c...
.\Startup\stm32f4xx.h(11581): warning:  #47-D: incompatible redefinition of macro "DBGMCU_APB2_FZ_DBG_TIM1_STOP"  (declared at line 11574)
  #define  DBGMCU_APB2_FZ_DBG_TIM1_STOP        DBGMCU_APB1_FZ_DBG_TIM1_STOP    
.\Startup\stm32f4xx.h(11582): warning:  #47-D: incompatible redefinition of macro "DBGMCU_APB2_FZ_DBG_TIM8_STOP"  (declared at line 11575)
  #define  DBGMCU_APB2_FZ_DBG_TIM8_STOP        DBGMCU_APB1_FZ_DBG_TIM8_STOP
.\Startup\stm32f4xx.h(11583): warning:  #47-D: incompatible redefinition of macro "DBGMCU_APB2_FZ_DBG_TIM9_STOP"  (declared at line 11576)
  #define  DBGMCU_APB2_FZ_DBG_TIM9_STOP        DBGMCU_APB1_FZ_DBG_TIM9_STOP
.\Startup\stm32f4xx.h(11584): warning:  #47-D: incompatible redefinition of macro "DBGMCU_APB2_FZ_DBG_TIM10_STOP"  (declared at line 11577)
  #define  DBGMCU_APB2_FZ_DBG_TIM10_STOP       DBGMCU_APB1_FZ_DBG_TIM10_STOP
.\Startup\stm32f4xx.h(11585): warning:  #47-D: incompatible redefinition of macro "DBGMCU_APB2_FZ_DBG_TIM11_STOP"  (declared at line 11578)
  #define  DBGMCU_APB2_FZ_DBG_TIM11_STOP       DBGMCU_APB1_FZ_DBG_TIM11_STOP
Library\stm32f4xx_cryp_aes.c: 5 warnings, 0 errors
compiling stm32f4xx_dcmi.c...
.\Startup\stm32f4xx.h(11581): warning:  #47-D: incompatible redefinition of macro "DBGMCU_APB2_FZ_DBG_TIM1_STOP"  (declared at line 11574)
  #define  DBGMCU_APB2_FZ_DBG_TIM1_STOP        DBGMCU_APB1_FZ_DBG_TIM1_STOP    
.\Startup\stm32f4xx.h(11582): warning:  #47-D: incompatible redefinition of macro "DBGMCU_APB2_FZ_DBG_TIM8_STOP"  (declared at line 11575)
  #define  DBGMCU_APB2_FZ_DBG_TIM8_STOP        DBGMCU_APB1_FZ_DBG_TIM8_STOP
.\Startup\stm32f4xx.h(11583): warning:  #47-D: incompatible redefinition of macro "DBGMCU_APB2_FZ_DBG_TIM9_STOP"  (declared at line 11576)
  #define  DBGMCU_APB2_FZ_DBG_TIM9_STOP        DBGMCU_APB1_FZ_DBG_TIM9_STOP
.\Startup\stm32f4xx.h(11584): warning:  #47-D: incompatible redefinition of macro "DBGMCU_APB2_FZ_DBG_TIM10_STOP"  (declared at line 11577)
  #define  DBGMCU_APB2_FZ_DBG_TIM10_STOP       DBGMCU_APB1_FZ_DBG_TIM10_STOP
.\Startup\stm32f4xx.h(11585): warning:  #47-D: incompatible redefinition of macro "DBGMCU_APB2_FZ_DBG_TIM11_STOP"  (declared at line 11578)
  #define  DBGMCU_APB2_FZ_DBG_TIM11_STOP       DBGMCU_APB1_FZ_DBG_TIM11_STOP
Library\stm32f4xx_dcmi.c: 5 warnings, 0 errors
compiling stm32f4xx_dfsdm.c...
.\Startup\stm32f4xx.h(11581): warning:  #47-D: incompatible redefinition of macro "DBGMCU_APB2_FZ_DBG_TIM1_STOP"  (declared at line 11574)
  #define  DBGMCU_APB2_FZ_DBG_TIM1_STOP        DBGMCU_APB1_FZ_DBG_TIM1_STOP    
.\Startup\stm32f4xx.h(11582): warning:  #47-D: incompatible redefinition of macro "DBGMCU_APB2_FZ_DBG_TIM8_STOP"  (declared at line 11575)
  #define  DBGMCU_APB2_FZ_DBG_TIM8_STOP        DBGMCU_APB1_FZ_DBG_TIM8_STOP
.\Startup\stm32f4xx.h(11583): warning:  #47-D: incompatible redefinition of macro "DBGMCU_APB2_FZ_DBG_TIM9_STOP"  (declared at line 11576)
  #define  DBGMCU_APB2_FZ_DBG_TIM9_STOP        DBGMCU_APB1_FZ_DBG_TIM9_STOP
.\Startup\stm32f4xx.h(11584): warning:  #47-D: incompatible redefinition of macro "DBGMCU_APB2_FZ_DBG_TIM10_STOP"  (declared at line 11577)
  #define  DBGMCU_APB2_FZ_DBG_TIM10_STOP       DBGMCU_APB1_FZ_DBG_TIM10_STOP
.\Startup\stm32f4xx.h(11585): warning:  #47-D: incompatible redefinition of macro "DBGMCU_APB2_FZ_DBG_TIM11_STOP"  (declared at line 11578)
  #define  DBGMCU_APB2_FZ_DBG_TIM11_STOP       DBGMCU_APB1_FZ_DBG_TIM11_STOP
Library\stm32f4xx_dfsdm.c: 5 warnings, 0 errors
compiling stm32f4xx_dma.c...
.\Startup\stm32f4xx.h(11581): warning:  #47-D: incompatible redefinition of macro "DBGMCU_APB2_FZ_DBG_TIM1_STOP"  (declared at line 11574)
  #define  DBGMCU_APB2_FZ_DBG_TIM1_STOP        DBGMCU_APB1_FZ_DBG_TIM1_STOP    
.\Startup\stm32f4xx.h(11582): warning:  #47-D: incompatible redefinition of macro "DBGMCU_APB2_FZ_DBG_TIM8_STOP"  (declared at line 11575)
  #define  DBGMCU_APB2_FZ_DBG_TIM8_STOP        DBGMCU_APB1_FZ_DBG_TIM8_STOP
.\Startup\stm32f4xx.h(11583): warning:  #47-D: incompatible redefinition of macro "DBGMCU_APB2_FZ_DBG_TIM9_STOP"  (declared at line 11576)
  #define  DBGMCU_APB2_FZ_DBG_TIM9_STOP        DBGMCU_APB1_FZ_DBG_TIM9_STOP
.\Startup\stm32f4xx.h(11584): warning:  #47-D: incompatible redefinition of macro "DBGMCU_APB2_FZ_DBG_TIM10_STOP"  (declared at line 11577)
  #define  DBGMCU_APB2_FZ_DBG_TIM10_STOP       DBGMCU_APB1_FZ_DBG_TIM10_STOP
.\Startup\stm32f4xx.h(11585): warning:  #47-D: incompatible redefinition of macro "DBGMCU_APB2_FZ_DBG_TIM11_STOP"  (declared at line 11578)
  #define  DBGMCU_APB2_FZ_DBG_TIM11_STOP       DBGMCU_APB1_FZ_DBG_TIM11_STOP
Library\stm32f4xx_dma.c: 5 warnings, 0 errors
compiling stm32f4xx_dma2d.c...
.\Startup\stm32f4xx.h(11581): warning:  #47-D: incompatible redefinition of macro "DBGMCU_APB2_FZ_DBG_TIM1_STOP"  (declared at line 11574)
  #define  DBGMCU_APB2_FZ_DBG_TIM1_STOP        DBGMCU_APB1_FZ_DBG_TIM1_STOP    
.\Startup\stm32f4xx.h(11582): warning:  #47-D: incompatible redefinition of macro "DBGMCU_APB2_FZ_DBG_TIM8_STOP"  (declared at line 11575)
  #define  DBGMCU_APB2_FZ_DBG_TIM8_STOP        DBGMCU_APB1_FZ_DBG_TIM8_STOP
.\Startup\stm32f4xx.h(11583): warning:  #47-D: incompatible redefinition of macro "DBGMCU_APB2_FZ_DBG_TIM9_STOP"  (declared at line 11576)
  #define  DBGMCU_APB2_FZ_DBG_TIM9_STOP        DBGMCU_APB1_FZ_DBG_TIM9_STOP
.\Startup\stm32f4xx.h(11584): warning:  #47-D: incompatible redefinition of macro "DBGMCU_APB2_FZ_DBG_TIM10_STOP"  (declared at line 11577)
  #define  DBGMCU_APB2_FZ_DBG_TIM10_STOP       DBGMCU_APB1_FZ_DBG_TIM10_STOP
.\Startup\stm32f4xx.h(11585): warning:  #47-D: incompatible redefinition of macro "DBGMCU_APB2_FZ_DBG_TIM11_STOP"  (declared at line 11578)
  #define  DBGMCU_APB2_FZ_DBG_TIM11_STOP       DBGMCU_APB1_FZ_DBG_TIM11_STOP
Library\stm32f4xx_dma2d.c: 5 warnings, 0 errors
compiling stm32f4xx_dsi.c...
.\Startup\stm32f4xx.h(11581): warning:  #47-D: incompatible redefinition of macro "DBGMCU_APB2_FZ_DBG_TIM1_STOP"  (declared at line 11574)
  #define  DBGMCU_APB2_FZ_DBG_TIM1_STOP        DBGMCU_APB1_FZ_DBG_TIM1_STOP    
.\Startup\stm32f4xx.h(11582): warning:  #47-D: incompatible redefinition of macro "DBGMCU_APB2_FZ_DBG_TIM8_STOP"  (declared at line 11575)
  #define  DBGMCU_APB2_FZ_DBG_TIM8_STOP        DBGMCU_APB1_FZ_DBG_TIM8_STOP
.\Startup\stm32f4xx.h(11583): warning:  #47-D: incompatible redefinition of macro "DBGMCU_APB2_FZ_DBG_TIM9_STOP"  (declared at line 11576)
  #define  DBGMCU_APB2_FZ_DBG_TIM9_STOP        DBGMCU_APB1_FZ_DBG_TIM9_STOP
.\Startup\stm32f4xx.h(11584): warning:  #47-D: incompatible redefinition of macro "DBGMCU_APB2_FZ_DBG_TIM10_STOP"  (declared at line 11577)
  #define  DBGMCU_APB2_FZ_DBG_TIM10_STOP       DBGMCU_APB1_FZ_DBG_TIM10_STOP
.\Startup\stm32f4xx.h(11585): warning:  #47-D: incompatible redefinition of macro "DBGMCU_APB2_FZ_DBG_TIM11_STOP"  (declared at line 11578)
  #define  DBGMCU_APB2_FZ_DBG_TIM11_STOP       DBGMCU_APB1_FZ_DBG_TIM11_STOP
Library\stm32f4xx_dsi.c: 5 warnings, 0 errors
compiling stm32f4xx_exti.c...
.\Startup\stm32f4xx.h(11581): warning:  #47-D: incompatible redefinition of macro "DBGMCU_APB2_FZ_DBG_TIM1_STOP"  (declared at line 11574)
  #define  DBGMCU_APB2_FZ_DBG_TIM1_STOP        DBGMCU_APB1_FZ_DBG_TIM1_STOP    
.\Startup\stm32f4xx.h(11582): warning:  #47-D: incompatible redefinition of macro "DBGMCU_APB2_FZ_DBG_TIM8_STOP"  (declared at line 11575)
  #define  DBGMCU_APB2_FZ_DBG_TIM8_STOP        DBGMCU_APB1_FZ_DBG_TIM8_STOP
.\Startup\stm32f4xx.h(11583): warning:  #47-D: incompatible redefinition of macro "DBGMCU_APB2_FZ_DBG_TIM9_STOP"  (declared at line 11576)
  #define  DBGMCU_APB2_FZ_DBG_TIM9_STOP        DBGMCU_APB1_FZ_DBG_TIM9_STOP
.\Startup\stm32f4xx.h(11584): warning:  #47-D: incompatible redefinition of macro "DBGMCU_APB2_FZ_DBG_TIM10_STOP"  (declared at line 11577)
  #define  DBGMCU_APB2_FZ_DBG_TIM10_STOP       DBGMCU_APB1_FZ_DBG_TIM10_STOP
.\Startup\stm32f4xx.h(11585): warning:  #47-D: incompatible redefinition of macro "DBGMCU_APB2_FZ_DBG_TIM11_STOP"  (declared at line 11578)
  #define  DBGMCU_APB2_FZ_DBG_TIM11_STOP       DBGMCU_APB1_FZ_DBG_TIM11_STOP
Library\stm32f4xx_exti.c: 5 warnings, 0 errors
compiling stm32f4xx_flash.c...
.\Startup\stm32f4xx.h(11581): warning:  #47-D: incompatible redefinition of macro "DBGMCU_APB2_FZ_DBG_TIM1_STOP"  (declared at line 11574)
  #define  DBGMCU_APB2_FZ_DBG_TIM1_STOP        DBGMCU_APB1_FZ_DBG_TIM1_STOP    
.\Startup\stm32f4xx.h(11582): warning:  #47-D: incompatible redefinition of macro "DBGMCU_APB2_FZ_DBG_TIM8_STOP"  (declared at line 11575)
  #define  DBGMCU_APB2_FZ_DBG_TIM8_STOP        DBGMCU_APB1_FZ_DBG_TIM8_STOP
.\Startup\stm32f4xx.h(11583): warning:  #47-D: incompatible redefinition of macro "DBGMCU_APB2_FZ_DBG_TIM9_STOP"  (declared at line 11576)
  #define  DBGMCU_APB2_FZ_DBG_TIM9_STOP        DBGMCU_APB1_FZ_DBG_TIM9_STOP
.\Startup\stm32f4xx.h(11584): warning:  #47-D: incompatible redefinition of macro "DBGMCU_APB2_FZ_DBG_TIM10_STOP"  (declared at line 11577)
  #define  DBGMCU_APB2_FZ_DBG_TIM10_STOP       DBGMCU_APB1_FZ_DBG_TIM10_STOP
.\Startup\stm32f4xx.h(11585): warning:  #47-D: incompatible redefinition of macro "DBGMCU_APB2_FZ_DBG_TIM11_STOP"  (declared at line 11578)
  #define  DBGMCU_APB2_FZ_DBG_TIM11_STOP       DBGMCU_APB1_FZ_DBG_TIM11_STOP
Library\stm32f4xx_flash.c: 5 warnings, 0 errors
compiling stm32f4xx_flash_ramfunc.c...
.\Startup\stm32f4xx.h(11581): warning:  #47-D: incompatible redefinition of macro "DBGMCU_APB2_FZ_DBG_TIM1_STOP"  (declared at line 11574)
  #define  DBGMCU_APB2_FZ_DBG_TIM1_STOP        DBGMCU_APB1_FZ_DBG_TIM1_STOP    
.\Startup\stm32f4xx.h(11582): warning:  #47-D: incompatible redefinition of macro "DBGMCU_APB2_FZ_DBG_TIM8_STOP"  (declared at line 11575)
  #define  DBGMCU_APB2_FZ_DBG_TIM8_STOP        DBGMCU_APB1_FZ_DBG_TIM8_STOP
.\Startup\stm32f4xx.h(11583): warning:  #47-D: incompatible redefinition of macro "DBGMCU_APB2_FZ_DBG_TIM9_STOP"  (declared at line 11576)
  #define  DBGMCU_APB2_FZ_DBG_TIM9_STOP        DBGMCU_APB1_FZ_DBG_TIM9_STOP
.\Startup\stm32f4xx.h(11584): warning:  #47-D: incompatible redefinition of macro "DBGMCU_APB2_FZ_DBG_TIM10_STOP"  (declared at line 11577)
  #define  DBGMCU_APB2_FZ_DBG_TIM10_STOP       DBGMCU_APB1_FZ_DBG_TIM10_STOP
.\Startup\stm32f4xx.h(11585): warning:  #47-D: incompatible redefinition of macro "DBGMCU_APB2_FZ_DBG_TIM11_STOP"  (declared at line 11578)
  #define  DBGMCU_APB2_FZ_DBG_TIM11_STOP       DBGMCU_APB1_FZ_DBG_TIM11_STOP
Library\stm32f4xx_flash_ramfunc.c: 5 warnings, 0 errors
compiling stm32f4xx_fmpi2c.c...
.\Startup\stm32f4xx.h(11581): warning:  #47-D: incompatible redefinition of macro "DBGMCU_APB2_FZ_DBG_TIM1_STOP"  (declared at line 11574)
  #define  DBGMCU_APB2_FZ_DBG_TIM1_STOP        DBGMCU_APB1_FZ_DBG_TIM1_STOP    
.\Startup\stm32f4xx.h(11582): warning:  #47-D: incompatible redefinition of macro "DBGMCU_APB2_FZ_DBG_TIM8_STOP"  (declared at line 11575)
  #define  DBGMCU_APB2_FZ_DBG_TIM8_STOP        DBGMCU_APB1_FZ_DBG_TIM8_STOP
.\Startup\stm32f4xx.h(11583): warning:  #47-D: incompatible redefinition of macro "DBGMCU_APB2_FZ_DBG_TIM9_STOP"  (declared at line 11576)
  #define  DBGMCU_APB2_FZ_DBG_TIM9_STOP        DBGMCU_APB1_FZ_DBG_TIM9_STOP
.\Startup\stm32f4xx.h(11584): warning:  #47-D: incompatible redefinition of macro "DBGMCU_APB2_FZ_DBG_TIM10_STOP"  (declared at line 11577)
  #define  DBGMCU_APB2_FZ_DBG_TIM10_STOP       DBGMCU_APB1_FZ_DBG_TIM10_STOP
.\Startup\stm32f4xx.h(11585): warning:  #47-D: incompatible redefinition of macro "DBGMCU_APB2_FZ_DBG_TIM11_STOP"  (declared at line 11578)
  #define  DBGMCU_APB2_FZ_DBG_TIM11_STOP       DBGMCU_APB1_FZ_DBG_TIM11_STOP
Library\stm32f4xx_fmpi2c.c: 5 warnings, 0 errors
compiling stm32f4xx_gpio.c...
.\Startup\stm32f4xx.h(11581): warning:  #47-D: incompatible redefinition of macro "DBGMCU_APB2_FZ_DBG_TIM1_STOP"  (declared at line 11574)
  #define  DBGMCU_APB2_FZ_DBG_TIM1_STOP        DBGMCU_APB1_FZ_DBG_TIM1_STOP    
.\Startup\stm32f4xx.h(11582): warning:  #47-D: incompatible redefinition of macro "DBGMCU_APB2_FZ_DBG_TIM8_STOP"  (declared at line 11575)
  #define  DBGMCU_APB2_FZ_DBG_TIM8_STOP        DBGMCU_APB1_FZ_DBG_TIM8_STOP
.\Startup\stm32f4xx.h(11583): warning:  #47-D: incompatible redefinition of macro "DBGMCU_APB2_FZ_DBG_TIM9_STOP"  (declared at line 11576)
  #define  DBGMCU_APB2_FZ_DBG_TIM9_STOP        DBGMCU_APB1_FZ_DBG_TIM9_STOP
.\Startup\stm32f4xx.h(11584): warning:  #47-D: incompatible redefinition of macro "DBGMCU_APB2_FZ_DBG_TIM10_STOP"  (declared at line 11577)
  #define  DBGMCU_APB2_FZ_DBG_TIM10_STOP       DBGMCU_APB1_FZ_DBG_TIM10_STOP
.\Startup\stm32f4xx.h(11585): warning:  #47-D: incompatible redefinition of macro "DBGMCU_APB2_FZ_DBG_TIM11_STOP"  (declared at line 11578)
  #define  DBGMCU_APB2_FZ_DBG_TIM11_STOP       DBGMCU_APB1_FZ_DBG_TIM11_STOP
Library\stm32f4xx_gpio.c: 5 warnings, 0 errors
compiling stm32f4xx_hash.c...
.\Startup\stm32f4xx.h(11581): warning:  #47-D: incompatible redefinition of macro "DBGMCU_APB2_FZ_DBG_TIM1_STOP"  (declared at line 11574)
  #define  DBGMCU_APB2_FZ_DBG_TIM1_STOP        DBGMCU_APB1_FZ_DBG_TIM1_STOP    
.\Startup\stm32f4xx.h(11582): warning:  #47-D: incompatible redefinition of macro "DBGMCU_APB2_FZ_DBG_TIM8_STOP"  (declared at line 11575)
  #define  DBGMCU_APB2_FZ_DBG_TIM8_STOP        DBGMCU_APB1_FZ_DBG_TIM8_STOP
.\Startup\stm32f4xx.h(11583): warning:  #47-D: incompatible redefinition of macro "DBGMCU_APB2_FZ_DBG_TIM9_STOP"  (declared at line 11576)
  #define  DBGMCU_APB2_FZ_DBG_TIM9_STOP        DBGMCU_APB1_FZ_DBG_TIM9_STOP
.\Startup\stm32f4xx.h(11584): warning:  #47-D: incompatible redefinition of macro "DBGMCU_APB2_FZ_DBG_TIM10_STOP"  (declared at line 11577)
  #define  DBGMCU_APB2_FZ_DBG_TIM10_STOP       DBGMCU_APB1_FZ_DBG_TIM10_STOP
.\Startup\stm32f4xx.h(11585): warning:  #47-D: incompatible redefinition of macro "DBGMCU_APB2_FZ_DBG_TIM11_STOP"  (declared at line 11578)
  #define  DBGMCU_APB2_FZ_DBG_TIM11_STOP       DBGMCU_APB1_FZ_DBG_TIM11_STOP
Library\stm32f4xx_hash.c: 5 warnings, 0 errors
compiling stm32f4xx_hash_md5.c...
.\Startup\stm32f4xx.h(11581): warning:  #47-D: incompatible redefinition of macro "DBGMCU_APB2_FZ_DBG_TIM1_STOP"  (declared at line 11574)
  #define  DBGMCU_APB2_FZ_DBG_TIM1_STOP        DBGMCU_APB1_FZ_DBG_TIM1_STOP    
.\Startup\stm32f4xx.h(11582): warning:  #47-D: incompatible redefinition of macro "DBGMCU_APB2_FZ_DBG_TIM8_STOP"  (declared at line 11575)
  #define  DBGMCU_APB2_FZ_DBG_TIM8_STOP        DBGMCU_APB1_FZ_DBG_TIM8_STOP
.\Startup\stm32f4xx.h(11583): warning:  #47-D: incompatible redefinition of macro "DBGMCU_APB2_FZ_DBG_TIM9_STOP"  (declared at line 11576)
  #define  DBGMCU_APB2_FZ_DBG_TIM9_STOP        DBGMCU_APB1_FZ_DBG_TIM9_STOP
.\Startup\stm32f4xx.h(11584): warning:  #47-D: incompatible redefinition of macro "DBGMCU_APB2_FZ_DBG_TIM10_STOP"  (declared at line 11577)
  #define  DBGMCU_APB2_FZ_DBG_TIM10_STOP       DBGMCU_APB1_FZ_DBG_TIM10_STOP
.\Startup\stm32f4xx.h(11585): warning:  #47-D: incompatible redefinition of macro "DBGMCU_APB2_FZ_DBG_TIM11_STOP"  (declared at line 11578)
  #define  DBGMCU_APB2_FZ_DBG_TIM11_STOP       DBGMCU_APB1_FZ_DBG_TIM11_STOP
Library\stm32f4xx_hash_md5.c: 5 warnings, 0 errors
compiling stm32f4xx_hash_sha1.c...
.\Startup\stm32f4xx.h(11581): warning:  #47-D: incompatible redefinition of macro "DBGMCU_APB2_FZ_DBG_TIM1_STOP"  (declared at line 11574)
  #define  DBGMCU_APB2_FZ_DBG_TIM1_STOP        DBGMCU_APB1_FZ_DBG_TIM1_STOP    
.\Startup\stm32f4xx.h(11582): warning:  #47-D: incompatible redefinition of macro "DBGMCU_APB2_FZ_DBG_TIM8_STOP"  (declared at line 11575)
  #define  DBGMCU_APB2_FZ_DBG_TIM8_STOP        DBGMCU_APB1_FZ_DBG_TIM8_STOP
.\Startup\stm32f4xx.h(11583): warning:  #47-D: incompatible redefinition of macro "DBGMCU_APB2_FZ_DBG_TIM9_STOP"  (declared at line 11576)
  #define  DBGMCU_APB2_FZ_DBG_TIM9_STOP        DBGMCU_APB1_FZ_DBG_TIM9_STOP
.\Startup\stm32f4xx.h(11584): warning:  #47-D: incompatible redefinition of macro "DBGMCU_APB2_FZ_DBG_TIM10_STOP"  (declared at line 11577)
  #define  DBGMCU_APB2_FZ_DBG_TIM10_STOP       DBGMCU_APB1_FZ_DBG_TIM10_STOP
.\Startup\stm32f4xx.h(11585): warning:  #47-D: incompatible redefinition of macro "DBGMCU_APB2_FZ_DBG_TIM11_STOP"  (declared at line 11578)
  #define  DBGMCU_APB2_FZ_DBG_TIM11_STOP       DBGMCU_APB1_FZ_DBG_TIM11_STOP
Library\stm32f4xx_hash_sha1.c: 5 warnings, 0 errors
compiling stm32f4xx_i2c.c...
.\Startup\stm32f4xx.h(11581): warning:  #47-D: incompatible redefinition of macro "DBGMCU_APB2_FZ_DBG_TIM1_STOP"  (declared at line 11574)
  #define  DBGMCU_APB2_FZ_DBG_TIM1_STOP        DBGMCU_APB1_FZ_DBG_TIM1_STOP    
.\Startup\stm32f4xx.h(11582): warning:  #47-D: incompatible redefinition of macro "DBGMCU_APB2_FZ_DBG_TIM8_STOP"  (declared at line 11575)
  #define  DBGMCU_APB2_FZ_DBG_TIM8_STOP        DBGMCU_APB1_FZ_DBG_TIM8_STOP
.\Startup\stm32f4xx.h(11583): warning:  #47-D: incompatible redefinition of macro "DBGMCU_APB2_FZ_DBG_TIM9_STOP"  (declared at line 11576)
  #define  DBGMCU_APB2_FZ_DBG_TIM9_STOP        DBGMCU_APB1_FZ_DBG_TIM9_STOP
.\Startup\stm32f4xx.h(11584): warning:  #47-D: incompatible redefinition of macro "DBGMCU_APB2_FZ_DBG_TIM10_STOP"  (declared at line 11577)
  #define  DBGMCU_APB2_FZ_DBG_TIM10_STOP       DBGMCU_APB1_FZ_DBG_TIM10_STOP
.\Startup\stm32f4xx.h(11585): warning:  #47-D: incompatible redefinition of macro "DBGMCU_APB2_FZ_DBG_TIM11_STOP"  (declared at line 11578)
  #define  DBGMCU_APB2_FZ_DBG_TIM11_STOP       DBGMCU_APB1_FZ_DBG_TIM11_STOP
Library\stm32f4xx_i2c.c: 5 warnings, 0 errors
compiling stm32f4xx_iwdg.c...
.\Startup\stm32f4xx.h(11581): warning:  #47-D: incompatible redefinition of macro "DBGMCU_APB2_FZ_DBG_TIM1_STOP"  (declared at line 11574)
  #define  DBGMCU_APB2_FZ_DBG_TIM1_STOP        DBGMCU_APB1_FZ_DBG_TIM1_STOP    
.\Startup\stm32f4xx.h(11582): warning:  #47-D: incompatible redefinition of macro "DBGMCU_APB2_FZ_DBG_TIM8_STOP"  (declared at line 11575)
  #define  DBGMCU_APB2_FZ_DBG_TIM8_STOP        DBGMCU_APB1_FZ_DBG_TIM8_STOP
.\Startup\stm32f4xx.h(11583): warning:  #47-D: incompatible redefinition of macro "DBGMCU_APB2_FZ_DBG_TIM9_STOP"  (declared at line 11576)
  #define  DBGMCU_APB2_FZ_DBG_TIM9_STOP        DBGMCU_APB1_FZ_DBG_TIM9_STOP
.\Startup\stm32f4xx.h(11584): warning:  #47-D: incompatible redefinition of macro "DBGMCU_APB2_FZ_DBG_TIM10_STOP"  (declared at line 11577)
  #define  DBGMCU_APB2_FZ_DBG_TIM10_STOP       DBGMCU_APB1_FZ_DBG_TIM10_STOP
.\Startup\stm32f4xx.h(11585): warning:  #47-D: incompatible redefinition of macro "DBGMCU_APB2_FZ_DBG_TIM11_STOP"  (declared at line 11578)
  #define  DBGMCU_APB2_FZ_DBG_TIM11_STOP       DBGMCU_APB1_FZ_DBG_TIM11_STOP
Library\stm32f4xx_iwdg.c: 5 warnings, 0 errors
compiling stm32f4xx_lptim.c...
.\Startup\stm32f4xx.h(11581): warning:  #47-D: incompatible redefinition of macro "DBGMCU_APB2_FZ_DBG_TIM1_STOP"  (declared at line 11574)
  #define  DBGMCU_APB2_FZ_DBG_TIM1_STOP        DBGMCU_APB1_FZ_DBG_TIM1_STOP    
.\Startup\stm32f4xx.h(11582): warning:  #47-D: incompatible redefinition of macro "DBGMCU_APB2_FZ_DBG_TIM8_STOP"  (declared at line 11575)
  #define  DBGMCU_APB2_FZ_DBG_TIM8_STOP        DBGMCU_APB1_FZ_DBG_TIM8_STOP
.\Startup\stm32f4xx.h(11583): warning:  #47-D: incompatible redefinition of macro "DBGMCU_APB2_FZ_DBG_TIM9_STOP"  (declared at line 11576)
  #define  DBGMCU_APB2_FZ_DBG_TIM9_STOP        DBGMCU_APB1_FZ_DBG_TIM9_STOP
.\Startup\stm32f4xx.h(11584): warning:  #47-D: incompatible redefinition of macro "DBGMCU_APB2_FZ_DBG_TIM10_STOP"  (declared at line 11577)
  #define  DBGMCU_APB2_FZ_DBG_TIM10_STOP       DBGMCU_APB1_FZ_DBG_TIM10_STOP
.\Startup\stm32f4xx.h(11585): warning:  #47-D: incompatible redefinition of macro "DBGMCU_APB2_FZ_DBG_TIM11_STOP"  (declared at line 11578)
  #define  DBGMCU_APB2_FZ_DBG_TIM11_STOP       DBGMCU_APB1_FZ_DBG_TIM11_STOP
Library\stm32f4xx_lptim.c: 5 warnings, 0 errors
compiling stm32f4xx_ltdc.c...
.\Startup\stm32f4xx.h(11581): warning:  #47-D: incompatible redefinition of macro "DBGMCU_APB2_FZ_DBG_TIM1_STOP"  (declared at line 11574)
  #define  DBGMCU_APB2_FZ_DBG_TIM1_STOP        DBGMCU_APB1_FZ_DBG_TIM1_STOP    
.\Startup\stm32f4xx.h(11582): warning:  #47-D: incompatible redefinition of macro "DBGMCU_APB2_FZ_DBG_TIM8_STOP"  (declared at line 11575)
  #define  DBGMCU_APB2_FZ_DBG_TIM8_STOP        DBGMCU_APB1_FZ_DBG_TIM8_STOP
.\Startup\stm32f4xx.h(11583): warning:  #47-D: incompatible redefinition of macro "DBGMCU_APB2_FZ_DBG_TIM9_STOP"  (declared at line 11576)
  #define  DBGMCU_APB2_FZ_DBG_TIM9_STOP        DBGMCU_APB1_FZ_DBG_TIM9_STOP
.\Startup\stm32f4xx.h(11584): warning:  #47-D: incompatible redefinition of macro "DBGMCU_APB2_FZ_DBG_TIM10_STOP"  (declared at line 11577)
  #define  DBGMCU_APB2_FZ_DBG_TIM10_STOP       DBGMCU_APB1_FZ_DBG_TIM10_STOP
.\Startup\stm32f4xx.h(11585): warning:  #47-D: incompatible redefinition of macro "DBGMCU_APB2_FZ_DBG_TIM11_STOP"  (declared at line 11578)
  #define  DBGMCU_APB2_FZ_DBG_TIM11_STOP       DBGMCU_APB1_FZ_DBG_TIM11_STOP
Library\stm32f4xx_ltdc.c: 5 warnings, 0 errors
compiling stm32f4xx_pwr.c...
.\Startup\stm32f4xx.h(11581): warning:  #47-D: incompatible redefinition of macro "DBGMCU_APB2_FZ_DBG_TIM1_STOP"  (declared at line 11574)
  #define  DBGMCU_APB2_FZ_DBG_TIM1_STOP        DBGMCU_APB1_FZ_DBG_TIM1_STOP    
.\Startup\stm32f4xx.h(11582): warning:  #47-D: incompatible redefinition of macro "DBGMCU_APB2_FZ_DBG_TIM8_STOP"  (declared at line 11575)
  #define  DBGMCU_APB2_FZ_DBG_TIM8_STOP        DBGMCU_APB1_FZ_DBG_TIM8_STOP
.\Startup\stm32f4xx.h(11583): warning:  #47-D: incompatible redefinition of macro "DBGMCU_APB2_FZ_DBG_TIM9_STOP"  (declared at line 11576)
  #define  DBGMCU_APB2_FZ_DBG_TIM9_STOP        DBGMCU_APB1_FZ_DBG_TIM9_STOP
.\Startup\stm32f4xx.h(11584): warning:  #47-D: incompatible redefinition of macro "DBGMCU_APB2_FZ_DBG_TIM10_STOP"  (declared at line 11577)
  #define  DBGMCU_APB2_FZ_DBG_TIM10_STOP       DBGMCU_APB1_FZ_DBG_TIM10_STOP
.\Startup\stm32f4xx.h(11585): warning:  #47-D: incompatible redefinition of macro "DBGMCU_APB2_FZ_DBG_TIM11_STOP"  (declared at line 11578)
  #define  DBGMCU_APB2_FZ_DBG_TIM11_STOP       DBGMCU_APB1_FZ_DBG_TIM11_STOP
Library\stm32f4xx_pwr.c: 5 warnings, 0 errors
compiling stm32f4xx_qspi.c...
.\Startup\stm32f4xx.h(11581): warning:  #47-D: incompatible redefinition of macro "DBGMCU_APB2_FZ_DBG_TIM1_STOP"  (declared at line 11574)
  #define  DBGMCU_APB2_FZ_DBG_TIM1_STOP        DBGMCU_APB1_FZ_DBG_TIM1_STOP    
.\Startup\stm32f4xx.h(11582): warning:  #47-D: incompatible redefinition of macro "DBGMCU_APB2_FZ_DBG_TIM8_STOP"  (declared at line 11575)
  #define  DBGMCU_APB2_FZ_DBG_TIM8_STOP        DBGMCU_APB1_FZ_DBG_TIM8_STOP
.\Startup\stm32f4xx.h(11583): warning:  #47-D: incompatible redefinition of macro "DBGMCU_APB2_FZ_DBG_TIM9_STOP"  (declared at line 11576)
  #define  DBGMCU_APB2_FZ_DBG_TIM9_STOP        DBGMCU_APB1_FZ_DBG_TIM9_STOP
.\Startup\stm32f4xx.h(11584): warning:  #47-D: incompatible redefinition of macro "DBGMCU_APB2_FZ_DBG_TIM10_STOP"  (declared at line 11577)
  #define  DBGMCU_APB2_FZ_DBG_TIM10_STOP       DBGMCU_APB1_FZ_DBG_TIM10_STOP
.\Startup\stm32f4xx.h(11585): warning:  #47-D: incompatible redefinition of macro "DBGMCU_APB2_FZ_DBG_TIM11_STOP"  (declared at line 11578)
  #define  DBGMCU_APB2_FZ_DBG_TIM11_STOP       DBGMCU_APB1_FZ_DBG_TIM11_STOP
Library\stm32f4xx_qspi.c: 5 warnings, 0 errors
compiling stm32f4xx_rng.c...
.\Startup\stm32f4xx.h(11581): warning:  #47-D: incompatible redefinition of macro "DBGMCU_APB2_FZ_DBG_TIM1_STOP"  (declared at line 11574)
  #define  DBGMCU_APB2_FZ_DBG_TIM1_STOP        DBGMCU_APB1_FZ_DBG_TIM1_STOP    
.\Startup\stm32f4xx.h(11582): warning:  #47-D: incompatible redefinition of macro "DBGMCU_APB2_FZ_DBG_TIM8_STOP"  (declared at line 11575)
  #define  DBGMCU_APB2_FZ_DBG_TIM8_STOP        DBGMCU_APB1_FZ_DBG_TIM8_STOP
.\Startup\stm32f4xx.h(11583): warning:  #47-D: incompatible redefinition of macro "DBGMCU_APB2_FZ_DBG_TIM9_STOP"  (declared at line 11576)
  #define  DBGMCU_APB2_FZ_DBG_TIM9_STOP        DBGMCU_APB1_FZ_DBG_TIM9_STOP
.\Startup\stm32f4xx.h(11584): warning:  #47-D: incompatible redefinition of macro "DBGMCU_APB2_FZ_DBG_TIM10_STOP"  (declared at line 11577)
  #define  DBGMCU_APB2_FZ_DBG_TIM10_STOP       DBGMCU_APB1_FZ_DBG_TIM10_STOP
.\Startup\stm32f4xx.h(11585): warning:  #47-D: incompatible redefinition of macro "DBGMCU_APB2_FZ_DBG_TIM11_STOP"  (declared at line 11578)
  #define  DBGMCU_APB2_FZ_DBG_TIM11_STOP       DBGMCU_APB1_FZ_DBG_TIM11_STOP
Library\stm32f4xx_rng.c: 5 warnings, 0 errors
compiling stm32f4xx_rcc.c...
.\Startup\stm32f4xx.h(11581): warning:  #47-D: incompatible redefinition of macro "DBGMCU_APB2_FZ_DBG_TIM1_STOP"  (declared at line 11574)
  #define  DBGMCU_APB2_FZ_DBG_TIM1_STOP        DBGMCU_APB1_FZ_DBG_TIM1_STOP    
.\Startup\stm32f4xx.h(11582): warning:  #47-D: incompatible redefinition of macro "DBGMCU_APB2_FZ_DBG_TIM8_STOP"  (declared at line 11575)
  #define  DBGMCU_APB2_FZ_DBG_TIM8_STOP        DBGMCU_APB1_FZ_DBG_TIM8_STOP
.\Startup\stm32f4xx.h(11583): warning:  #47-D: incompatible redefinition of macro "DBGMCU_APB2_FZ_DBG_TIM9_STOP"  (declared at line 11576)
  #define  DBGMCU_APB2_FZ_DBG_TIM9_STOP        DBGMCU_APB1_FZ_DBG_TIM9_STOP
.\Startup\stm32f4xx.h(11584): warning:  #47-D: incompatible redefinition of macro "DBGMCU_APB2_FZ_DBG_TIM10_STOP"  (declared at line 11577)
  #define  DBGMCU_APB2_FZ_DBG_TIM10_STOP       DBGMCU_APB1_FZ_DBG_TIM10_STOP
.\Startup\stm32f4xx.h(11585): warning:  #47-D: incompatible redefinition of macro "DBGMCU_APB2_FZ_DBG_TIM11_STOP"  (declared at line 11578)
  #define  DBGMCU_APB2_FZ_DBG_TIM11_STOP       DBGMCU_APB1_FZ_DBG_TIM11_STOP
Library\stm32f4xx_rcc.c: 5 warnings, 0 errors
compiling stm32f4xx_sai.c...
.\Startup\stm32f4xx.h(11581): warning:  #47-D: incompatible redefinition of macro "DBGMCU_APB2_FZ_DBG_TIM1_STOP"  (declared at line 11574)
  #define  DBGMCU_APB2_FZ_DBG_TIM1_STOP        DBGMCU_APB1_FZ_DBG_TIM1_STOP    
.\Startup\stm32f4xx.h(11582): warning:  #47-D: incompatible redefinition of macro "DBGMCU_APB2_FZ_DBG_TIM8_STOP"  (declared at line 11575)
  #define  DBGMCU_APB2_FZ_DBG_TIM8_STOP        DBGMCU_APB1_FZ_DBG_TIM8_STOP
.\Startup\stm32f4xx.h(11583): warning:  #47-D: incompatible redefinition of macro "DBGMCU_APB2_FZ_DBG_TIM9_STOP"  (declared at line 11576)
  #define  DBGMCU_APB2_FZ_DBG_TIM9_STOP        DBGMCU_APB1_FZ_DBG_TIM9_STOP
.\Startup\stm32f4xx.h(11584): warning:  #47-D: incompatible redefinition of macro "DBGMCU_APB2_FZ_DBG_TIM10_STOP"  (declared at line 11577)
  #define  DBGMCU_APB2_FZ_DBG_TIM10_STOP       DBGMCU_APB1_FZ_DBG_TIM10_STOP
.\Startup\stm32f4xx.h(11585): warning:  #47-D: incompatible redefinition of macro "DBGMCU_APB2_FZ_DBG_TIM11_STOP"  (declared at line 11578)
  #define  DBGMCU_APB2_FZ_DBG_TIM11_STOP       DBGMCU_APB1_FZ_DBG_TIM11_STOP
Library\stm32f4xx_sai.c: 5 warnings, 0 errors
compiling stm32f4xx_rtc.c...
.\Startup\stm32f4xx.h(11581): warning:  #47-D: incompatible redefinition of macro "DBGMCU_APB2_FZ_DBG_TIM1_STOP"  (declared at line 11574)
  #define  DBGMCU_APB2_FZ_DBG_TIM1_STOP        DBGMCU_APB1_FZ_DBG_TIM1_STOP    
.\Startup\stm32f4xx.h(11582): warning:  #47-D: incompatible redefinition of macro "DBGMCU_APB2_FZ_DBG_TIM8_STOP"  (declared at line 11575)
  #define  DBGMCU_APB2_FZ_DBG_TIM8_STOP        DBGMCU_APB1_FZ_DBG_TIM8_STOP
.\Startup\stm32f4xx.h(11583): warning:  #47-D: incompatible redefinition of macro "DBGMCU_APB2_FZ_DBG_TIM9_STOP"  (declared at line 11576)
  #define  DBGMCU_APB2_FZ_DBG_TIM9_STOP        DBGMCU_APB1_FZ_DBG_TIM9_STOP
.\Startup\stm32f4xx.h(11584): warning:  #47-D: incompatible redefinition of macro "DBGMCU_APB2_FZ_DBG_TIM10_STOP"  (declared at line 11577)
  #define  DBGMCU_APB2_FZ_DBG_TIM10_STOP       DBGMCU_APB1_FZ_DBG_TIM10_STOP
.\Startup\stm32f4xx.h(11585): warning:  #47-D: incompatible redefinition of macro "DBGMCU_APB2_FZ_DBG_TIM11_STOP"  (declared at line 11578)
  #define  DBGMCU_APB2_FZ_DBG_TIM11_STOP       DBGMCU_APB1_FZ_DBG_TIM11_STOP
Library\stm32f4xx_rtc.c: 5 warnings, 0 errors
compiling stm32f4xx_sdio.c...
.\Startup\stm32f4xx.h(11581): warning:  #47-D: incompatible redefinition of macro "DBGMCU_APB2_FZ_DBG_TIM1_STOP"  (declared at line 11574)
  #define  DBGMCU_APB2_FZ_DBG_TIM1_STOP        DBGMCU_APB1_FZ_DBG_TIM1_STOP    
.\Startup\stm32f4xx.h(11582): warning:  #47-D: incompatible redefinition of macro "DBGMCU_APB2_FZ_DBG_TIM8_STOP"  (declared at line 11575)
  #define  DBGMCU_APB2_FZ_DBG_TIM8_STOP        DBGMCU_APB1_FZ_DBG_TIM8_STOP
.\Startup\stm32f4xx.h(11583): warning:  #47-D: incompatible redefinition of macro "DBGMCU_APB2_FZ_DBG_TIM9_STOP"  (declared at line 11576)
  #define  DBGMCU_APB2_FZ_DBG_TIM9_STOP        DBGMCU_APB1_FZ_DBG_TIM9_STOP
.\Startup\stm32f4xx.h(11584): warning:  #47-D: incompatible redefinition of macro "DBGMCU_APB2_FZ_DBG_TIM10_STOP"  (declared at line 11577)
  #define  DBGMCU_APB2_FZ_DBG_TIM10_STOP       DBGMCU_APB1_FZ_DBG_TIM10_STOP
.\Startup\stm32f4xx.h(11585): warning:  #47-D: incompatible redefinition of macro "DBGMCU_APB2_FZ_DBG_TIM11_STOP"  (declared at line 11578)
  #define  DBGMCU_APB2_FZ_DBG_TIM11_STOP       DBGMCU_APB1_FZ_DBG_TIM11_STOP
Library\stm32f4xx_sdio.c: 5 warnings, 0 errors
compiling stm32f4xx_spdifrx.c...
.\Startup\stm32f4xx.h(11581): warning:  #47-D: incompatible redefinition of macro "DBGMCU_APB2_FZ_DBG_TIM1_STOP"  (declared at line 11574)
  #define  DBGMCU_APB2_FZ_DBG_TIM1_STOP        DBGMCU_APB1_FZ_DBG_TIM1_STOP    
.\Startup\stm32f4xx.h(11582): warning:  #47-D: incompatible redefinition of macro "DBGMCU_APB2_FZ_DBG_TIM8_STOP"  (declared at line 11575)
  #define  DBGMCU_APB2_FZ_DBG_TIM8_STOP        DBGMCU_APB1_FZ_DBG_TIM8_STOP
.\Startup\stm32f4xx.h(11583): warning:  #47-D: incompatible redefinition of macro "DBGMCU_APB2_FZ_DBG_TIM9_STOP"  (declared at line 11576)
  #define  DBGMCU_APB2_FZ_DBG_TIM9_STOP        DBGMCU_APB1_FZ_DBG_TIM9_STOP
.\Startup\stm32f4xx.h(11584): warning:  #47-D: incompatible redefinition of macro "DBGMCU_APB2_FZ_DBG_TIM10_STOP"  (declared at line 11577)
  #define  DBGMCU_APB2_FZ_DBG_TIM10_STOP       DBGMCU_APB1_FZ_DBG_TIM10_STOP
.\Startup\stm32f4xx.h(11585): warning:  #47-D: incompatible redefinition of macro "DBGMCU_APB2_FZ_DBG_TIM11_STOP"  (declared at line 11578)
  #define  DBGMCU_APB2_FZ_DBG_TIM11_STOP       DBGMCU_APB1_FZ_DBG_TIM11_STOP
Library\stm32f4xx_spdifrx.c: 5 warnings, 0 errors
assembling startup_stm32f401xe.s...
compiling stm32f4xx_spi.c...
.\Startup\stm32f4xx.h(11581): warning:  #47-D: incompatible redefinition of macro "DBGMCU_APB2_FZ_DBG_TIM1_STOP"  (declared at line 11574)
  #define  DBGMCU_APB2_FZ_DBG_TIM1_STOP        DBGMCU_APB1_FZ_DBG_TIM1_STOP    
.\Startup\stm32f4xx.h(11582): warning:  #47-D: incompatible redefinition of macro "DBGMCU_APB2_FZ_DBG_TIM8_STOP"  (declared at line 11575)
  #define  DBGMCU_APB2_FZ_DBG_TIM8_STOP        DBGMCU_APB1_FZ_DBG_TIM8_STOP
.\Startup\stm32f4xx.h(11583): warning:  #47-D: incompatible redefinition of macro "DBGMCU_APB2_FZ_DBG_TIM9_STOP"  (declared at line 11576)
  #define  DBGMCU_APB2_FZ_DBG_TIM9_STOP        DBGMCU_APB1_FZ_DBG_TIM9_STOP
.\Startup\stm32f4xx.h(11584): warning:  #47-D: incompatible redefinition of macro "DBGMCU_APB2_FZ_DBG_TIM10_STOP"  (declared at line 11577)
  #define  DBGMCU_APB2_FZ_DBG_TIM10_STOP       DBGMCU_APB1_FZ_DBG_TIM10_STOP
.\Startup\stm32f4xx.h(11585): warning:  #47-D: incompatible redefinition of macro "DBGMCU_APB2_FZ_DBG_TIM11_STOP"  (declared at line 11578)
  #define  DBGMCU_APB2_FZ_DBG_TIM11_STOP       DBGMCU_APB1_FZ_DBG_TIM11_STOP
Library\stm32f4xx_spi.c: 5 warnings, 0 errors
compiling stm32f4xx_syscfg.c...
.\Startup\stm32f4xx.h(11581): warning:  #47-D: incompatible redefinition of macro "DBGMCU_APB2_FZ_DBG_TIM1_STOP"  (declared at line 11574)
  #define  DBGMCU_APB2_FZ_DBG_TIM1_STOP        DBGMCU_APB1_FZ_DBG_TIM1_STOP    
.\Startup\stm32f4xx.h(11582): warning:  #47-D: incompatible redefinition of macro "DBGMCU_APB2_FZ_DBG_TIM8_STOP"  (declared at line 11575)
  #define  DBGMCU_APB2_FZ_DBG_TIM8_STOP        DBGMCU_APB1_FZ_DBG_TIM8_STOP
.\Startup\stm32f4xx.h(11583): warning:  #47-D: incompatible redefinition of macro "DBGMCU_APB2_FZ_DBG_TIM9_STOP"  (declared at line 11576)
  #define  DBGMCU_APB2_FZ_DBG_TIM9_STOP        DBGMCU_APB1_FZ_DBG_TIM9_STOP
.\Startup\stm32f4xx.h(11584): warning:  #47-D: incompatible redefinition of macro "DBGMCU_APB2_FZ_DBG_TIM10_STOP"  (declared at line 11577)
  #define  DBGMCU_APB2_FZ_DBG_TIM10_STOP       DBGMCU_APB1_FZ_DBG_TIM10_STOP
.\Startup\stm32f4xx.h(11585): warning:  #47-D: incompatible redefinition of macro "DBGMCU_APB2_FZ_DBG_TIM11_STOP"  (declared at line 11578)
  #define  DBGMCU_APB2_FZ_DBG_TIM11_STOP       DBGMCU_APB1_FZ_DBG_TIM11_STOP
Library\stm32f4xx_syscfg.c: 5 warnings, 0 errors
compiling stm32f4xx_usart.c...
.\Startup\stm32f4xx.h(11581): warning:  #47-D: incompatible redefinition of macro "DBGMCU_APB2_FZ_DBG_TIM1_STOP"  (declared at line 11574)
  #define  DBGMCU_APB2_FZ_DBG_TIM1_STOP        DBGMCU_APB1_FZ_DBG_TIM1_STOP    
.\Startup\stm32f4xx.h(11582): warning:  #47-D: incompatible redefinition of macro "DBGMCU_APB2_FZ_DBG_TIM8_STOP"  (declared at line 11575)
  #define  DBGMCU_APB2_FZ_DBG_TIM8_STOP        DBGMCU_APB1_FZ_DBG_TIM8_STOP
.\Startup\stm32f4xx.h(11583): warning:  #47-D: incompatible redefinition of macro "DBGMCU_APB2_FZ_DBG_TIM9_STOP"  (declared at line 11576)
  #define  DBGMCU_APB2_FZ_DBG_TIM9_STOP        DBGMCU_APB1_FZ_DBG_TIM9_STOP
.\Startup\stm32f4xx.h(11584): warning:  #47-D: incompatible redefinition of macro "DBGMCU_APB2_FZ_DBG_TIM10_STOP"  (declared at line 11577)
  #define  DBGMCU_APB2_FZ_DBG_TIM10_STOP       DBGMCU_APB1_FZ_DBG_TIM10_STOP
.\Startup\stm32f4xx.h(11585): warning:  #47-D: incompatible redefinition of macro "DBGMCU_APB2_FZ_DBG_TIM11_STOP"  (declared at line 11578)
  #define  DBGMCU_APB2_FZ_DBG_TIM11_STOP       DBGMCU_APB1_FZ_DBG_TIM11_STOP
Library\stm32f4xx_usart.c: 5 warnings, 0 errors
compiling stm32f4xx_tim.c...
.\Startup\stm32f4xx.h(11581): warning:  #47-D: incompatible redefinition of macro "DBGMCU_APB2_FZ_DBG_TIM1_STOP"  (declared at line 11574)
  #define  DBGMCU_APB2_FZ_DBG_TIM1_STOP        DBGMCU_APB1_FZ_DBG_TIM1_STOP    
.\Startup\stm32f4xx.h(11582): warning:  #47-D: incompatible redefinition of macro "DBGMCU_APB2_FZ_DBG_TIM8_STOP"  (declared at line 11575)
  #define  DBGMCU_APB2_FZ_DBG_TIM8_STOP        DBGMCU_APB1_FZ_DBG_TIM8_STOP
.\Startup\stm32f4xx.h(11583): warning:  #47-D: incompatible redefinition of macro "DBGMCU_APB2_FZ_DBG_TIM9_STOP"  (declared at line 11576)
  #define  DBGMCU_APB2_FZ_DBG_TIM9_STOP        DBGMCU_APB1_FZ_DBG_TIM9_STOP
.\Startup\stm32f4xx.h(11584): warning:  #47-D: incompatible redefinition of macro "DBGMCU_APB2_FZ_DBG_TIM10_STOP"  (declared at line 11577)
  #define  DBGMCU_APB2_FZ_DBG_TIM10_STOP       DBGMCU_APB1_FZ_DBG_TIM10_STOP
.\Startup\stm32f4xx.h(11585): warning:  #47-D: incompatible redefinition of macro "DBGMCU_APB2_FZ_DBG_TIM11_STOP"  (declared at line 11578)
  #define  DBGMCU_APB2_FZ_DBG_TIM11_STOP       DBGMCU_APB1_FZ_DBG_TIM11_STOP
Library\stm32f4xx_tim.c: 5 warnings, 0 errors
compiling stm32f4xx_wwdg.c...
.\Startup\stm32f4xx.h(11581): warning:  #47-D: incompatible redefinition of macro "DBGMCU_APB2_FZ_DBG_TIM1_STOP"  (declared at line 11574)
  #define  DBGMCU_APB2_FZ_DBG_TIM1_STOP        DBGMCU_APB1_FZ_DBG_TIM1_STOP    
.\Startup\stm32f4xx.h(11582): warning:  #47-D: incompatible redefinition of macro "DBGMCU_APB2_FZ_DBG_TIM8_STOP"  (declared at line 11575)
  #define  DBGMCU_APB2_FZ_DBG_TIM8_STOP        DBGMCU_APB1_FZ_DBG_TIM8_STOP
.\Startup\stm32f4xx.h(11583): warning:  #47-D: incompatible redefinition of macro "DBGMCU_APB2_FZ_DBG_TIM9_STOP"  (declared at line 11576)
  #define  DBGMCU_APB2_FZ_DBG_TIM9_STOP        DBGMCU_APB1_FZ_DBG_TIM9_STOP
.\Startup\stm32f4xx.h(11584): warning:  #47-D: incompatible redefinition of macro "DBGMCU_APB2_FZ_DBG_TIM10_STOP"  (declared at line 11577)
  #define  DBGMCU_APB2_FZ_DBG_TIM10_STOP       DBGMCU_APB1_FZ_DBG_TIM10_STOP
.\Startup\stm32f4xx.h(11585): warning:  #47-D: incompatible redefinition of macro "DBGMCU_APB2_FZ_DBG_TIM11_STOP"  (declared at line 11578)
  #define  DBGMCU_APB2_FZ_DBG_TIM11_STOP       DBGMCU_APB1_FZ_DBG_TIM11_STOP
Library\stm32f4xx_wwdg.c: 5 warnings, 0 errors
compiling system_stm32f4xx.c...
.\Startup\stm32f4xx.h(11581): warning:  #47-D: incompatible redefinition of macro "DBGMCU_APB2_FZ_DBG_TIM1_STOP"  (declared at line 11574)
  #define  DBGMCU_APB2_FZ_DBG_TIM1_STOP        DBGMCU_APB1_FZ_DBG_TIM1_STOP    
.\Startup\stm32f4xx.h(11582): warning:  #47-D: incompatible redefinition of macro "DBGMCU_APB2_FZ_DBG_TIM8_STOP"  (declared at line 11575)
  #define  DBGMCU_APB2_FZ_DBG_TIM8_STOP        DBGMCU_APB1_FZ_DBG_TIM8_STOP
.\Startup\stm32f4xx.h(11583): warning:  #47-D: incompatible redefinition of macro "DBGMCU_APB2_FZ_DBG_TIM9_STOP"  (declared at line 11576)
  #define  DBGMCU_APB2_FZ_DBG_TIM9_STOP        DBGMCU_APB1_FZ_DBG_TIM9_STOP
.\Startup\stm32f4xx.h(11584): warning:  #47-D: incompatible redefinition of macro "DBGMCU_APB2_FZ_DBG_TIM10_STOP"  (declared at line 11577)
  #define  DBGMCU_APB2_FZ_DBG_TIM10_STOP       DBGMCU_APB1_FZ_DBG_TIM10_STOP
.\Startup\stm32f4xx.h(11585): warning:  #47-D: incompatible redefinition of macro "DBGMCU_APB2_FZ_DBG_TIM11_STOP"  (declared at line 11578)
  #define  DBGMCU_APB2_FZ_DBG_TIM11_STOP       DBGMCU_APB1_FZ_DBG_TIM11_STOP
RTE\Device\STM32F401RETx\system_stm32f4xx.c: 5 warnings, 0 errors
linking...
Program Size: Code=1152 RO-data=436 RW-data=20 ZI-data=1652  
".\Objects\test002.axf" - 0 Error(s), 220 Warning(s).

<h2>Software Packages used:</h2>

Package Vendor: ARM
                http://www.keil.com/pack/ARM.CMSIS.5.7.0.pack
                ARM.CMSIS.5.7.0
                CMSIS (Cortex Microcontroller Software Interface Standard)
   * Component: CORE Version: 5.4.0

Package Vendor: Keil
                https://www.keil.com/pack/Keil.STM32F4xx_DFP.2.17.1.pack
                Keil.STM32F4xx_DFP.2.17.1
                STMicroelectronics STM32F4 Series Device Support, Drivers and Examples
   * Component: Startup Version: 2.6.3

<h2>Collection of Component include folders:</h2>
  .\RTE\_Target_1
  D:\Softwares\Keil5\ARM\PACK\ARM\CMSIS\5.7.0\CMSIS\Core\Include
  D:\Softwares\Keil5\ARM\PACK\Keil\STM32F4xx_DFP\2.17.1\Drivers\CMSIS\Device\ST\STM32F4xx\Include

<h2>Collection of Component Files used:</h2>

   * Component: ARM::CMSIS:CORE:5.4.0

   * Component: Keil::Device:Startup:2.6.3
      Source file:   MDK\Device\Source\ARM\STM32F4xx_OTP.s
      Source file:   Drivers\CMSIS\Device\ST\STM32F4xx\Source\Templates\arm\startup_stm32f401xe.s
      Source file:   MDK\Device\Source\ARM\STM32F401xx_OPT.s
      Include file:  Drivers\CMSIS\Device\ST\STM32F4xx\Include\stm32f4xx.h
      Source file:   Drivers\CMSIS\Device\ST\STM32F4xx\Source\Templates\system_stm32f4xx.c
Build Time Elapsed:  00:00:03
</pre>
</body>
</html>
