Archive member included to satisfy reference by file (symbol)

/Applications/ARM/bin/../lib/gcc/arm-none-eabi/10.3.1/../../../../arm-none-eabi/lib/thumb/v7e-m+fp/hard/libc_nano.a(lib_a-exit.o)
                              /Applications/ARM/bin/../lib/gcc/arm-none-eabi/10.3.1/../../../../arm-none-eabi/lib/thumb/v7e-m+fp/hard/crt0.o (exit)
/Applications/ARM/bin/../lib/gcc/arm-none-eabi/10.3.1/../../../../arm-none-eabi/lib/thumb/v7e-m+fp/hard/libc_nano.a(lib_a-impure.o)
                              /Applications/ARM/bin/../lib/gcc/arm-none-eabi/10.3.1/../../../../arm-none-eabi/lib/thumb/v7e-m+fp/hard/libc_nano.a(lib_a-exit.o) (_global_impure_ptr)
/Applications/ARM/bin/../lib/gcc/arm-none-eabi/10.3.1/../../../../arm-none-eabi/lib/thumb/v7e-m+fp/hard/libc_nano.a(lib_a-init.o)
                              /Applications/ARM/bin/../lib/gcc/arm-none-eabi/10.3.1/../../../../arm-none-eabi/lib/thumb/v7e-m+fp/hard/crt0.o (__libc_init_array)
/Applications/ARM/bin/../lib/gcc/arm-none-eabi/10.3.1/../../../../arm-none-eabi/lib/thumb/v7e-m+fp/hard/libc_nano.a(lib_a-memcpy-stub.o)
                              build/SEGGER_RTT.o (memcpy)
/Applications/ARM/bin/../lib/gcc/arm-none-eabi/10.3.1/../../../../arm-none-eabi/lib/thumb/v7e-m+fp/hard/libc_nano.a(lib_a-memset.o)
                              /Applications/ARM/bin/../lib/gcc/arm-none-eabi/10.3.1/../../../../arm-none-eabi/lib/thumb/v7e-m+fp/hard/crt0.o (memset)
/Applications/ARM/bin/../lib/gcc/arm-none-eabi/10.3.1/../../../../arm-none-eabi/lib/thumb/v7e-m+fp/hard/libc_nano.a(lib_a-strlen.o)
                              build/SEGGER_RTT.o (strlen)
/Applications/ARM/bin/../lib/gcc/arm-none-eabi/10.3.1/../../../../arm-none-eabi/lib/thumb/v7e-m+fp/hard/libc_nano.a(lib_a-vsprintf.o)
                              build/ATKBLE01.o (vsprintf)
/Applications/ARM/bin/../lib/gcc/arm-none-eabi/10.3.1/../../../../arm-none-eabi/lib/thumb/v7e-m+fp/hard/libc_nano.a(lib_a-nano-svfprintf.o)
                              /Applications/ARM/bin/../lib/gcc/arm-none-eabi/10.3.1/../../../../arm-none-eabi/lib/thumb/v7e-m+fp/hard/libc_nano.a(lib_a-vsprintf.o) (_svfprintf_r)
/Applications/ARM/bin/../lib/gcc/arm-none-eabi/10.3.1/../../../../arm-none-eabi/lib/thumb/v7e-m+fp/hard/libc_nano.a(lib_a-nano-vfprintf_i.o)
                              /Applications/ARM/bin/../lib/gcc/arm-none-eabi/10.3.1/../../../../arm-none-eabi/lib/thumb/v7e-m+fp/hard/libc_nano.a(lib_a-nano-svfprintf.o) (_printf_i)
/Applications/ARM/bin/../lib/gcc/arm-none-eabi/10.3.1/../../../../arm-none-eabi/lib/thumb/v7e-m+fp/hard/libc_nano.a(lib_a-memchr.o)
                              /Applications/ARM/bin/../lib/gcc/arm-none-eabi/10.3.1/../../../../arm-none-eabi/lib/thumb/v7e-m+fp/hard/libc_nano.a(lib_a-nano-svfprintf.o) (memchr)
/Applications/ARM/bin/../lib/gcc/arm-none-eabi/10.3.1/../../../../arm-none-eabi/lib/thumb/v7e-m+fp/hard/libc_nano.a(lib_a-memmove.o)
                              /Applications/ARM/bin/../lib/gcc/arm-none-eabi/10.3.1/../../../../arm-none-eabi/lib/thumb/v7e-m+fp/hard/libc_nano.a(lib_a-nano-svfprintf.o) (memmove)
/Applications/ARM/bin/../lib/gcc/arm-none-eabi/10.3.1/../../../../arm-none-eabi/lib/thumb/v7e-m+fp/hard/libc_nano.a(lib_a-nano-freer.o)
                              /Applications/ARM/bin/../lib/gcc/arm-none-eabi/10.3.1/../../../../arm-none-eabi/lib/thumb/v7e-m+fp/hard/libc_nano.a(lib_a-nano-svfprintf.o) (_free_r)
/Applications/ARM/bin/../lib/gcc/arm-none-eabi/10.3.1/../../../../arm-none-eabi/lib/thumb/v7e-m+fp/hard/libc_nano.a(lib_a-nano-mallocr.o)
                              /Applications/ARM/bin/../lib/gcc/arm-none-eabi/10.3.1/../../../../arm-none-eabi/lib/thumb/v7e-m+fp/hard/libc_nano.a(lib_a-nano-svfprintf.o) (_malloc_r)
/Applications/ARM/bin/../lib/gcc/arm-none-eabi/10.3.1/../../../../arm-none-eabi/lib/thumb/v7e-m+fp/hard/libc_nano.a(lib_a-nano-reallocr.o)
                              /Applications/ARM/bin/../lib/gcc/arm-none-eabi/10.3.1/../../../../arm-none-eabi/lib/thumb/v7e-m+fp/hard/libc_nano.a(lib_a-nano-svfprintf.o) (_realloc_r)
/Applications/ARM/bin/../lib/gcc/arm-none-eabi/10.3.1/../../../../arm-none-eabi/lib/thumb/v7e-m+fp/hard/libc_nano.a(lib_a-sbrkr.o)
                              /Applications/ARM/bin/../lib/gcc/arm-none-eabi/10.3.1/../../../../arm-none-eabi/lib/thumb/v7e-m+fp/hard/libc_nano.a(lib_a-nano-mallocr.o) (_sbrk_r)
/Applications/ARM/bin/../lib/gcc/arm-none-eabi/10.3.1/../../../../arm-none-eabi/lib/thumb/v7e-m+fp/hard/libc_nano.a(lib_a-mlock.o)
                              /Applications/ARM/bin/../lib/gcc/arm-none-eabi/10.3.1/../../../../arm-none-eabi/lib/thumb/v7e-m+fp/hard/libc_nano.a(lib_a-nano-freer.o) (__malloc_lock)
/Applications/ARM/bin/../lib/gcc/arm-none-eabi/10.3.1/../../../../arm-none-eabi/lib/thumb/v7e-m+fp/hard/libc_nano.a(lib_a-nano-msizer.o)
                              /Applications/ARM/bin/../lib/gcc/arm-none-eabi/10.3.1/../../../../arm-none-eabi/lib/thumb/v7e-m+fp/hard/libc_nano.a(lib_a-nano-reallocr.o) (_malloc_usable_size_r)
[...]
Memory Configuration

Name             Origin             Length             Attributes
RAM              0x0000000020000000 0x0000000000018000 xrw
FLASH            0x0000000008000000 0x0000000000080000 xr
*default*        0x0000000000000000 0xffffffffffffffff

Linker script and memory map

LOAD /Applications/ARM/bin/../lib/gcc/arm-none-eabi/10.3.1/thumb/v7e-m+fp/hard/crti.o
LOAD /Applications/ARM/bin/../lib/gcc/arm-none-eabi/10.3.1/thumb/v7e-m+fp/hard/crtbegin.o
LOAD /Applications/ARM/bin/../lib/gcc/arm-none-eabi/10.3.1/../../../../arm-none-eabi/lib/thumb/v7e-m+fp/hard/crt0.o
LOAD build/OLED.o
LOAD build/ATKBLE01.o
LOAD build/GY86.o
LOAD build/MyIIC.o
LOAD build/LD2.o
LOAD build/PWM.o
LOAD build/OLED2.o
LOAD build/Receiver2.o
LOAD build/system_stm32f4xx.o
LOAD build/stm32f4xx_dma2d.o
LOAD build/stm32f4xx_spdifrx.o
LOAD build/stm32f4xx_i2c.o
LOAD build/stm32f4xx_hash_sha1.o
LOAD build/stm32f4xx_cryp_des.o
LOAD build/stm32f4xx_cryp_aes.o
LOAD build/stm32f4xx_fmpi2c.o
LOAD build/stm32f4xx_dfsdm.o
LOAD build/stm32f4xx_wwdg.o
LOAD build/stm32f4xx_rcc.o
LOAD build/stm32f4xx_exti.o
LOAD build/stm32f4xx_tim.o
LOAD build/stm32f4xx_hash_md5.o
LOAD build/stm32f4xx_iwdg.o
LOAD build/stm32f4xx_spi.o
LOAD build/stm32f4xx_rtc.o
LOAD build/stm32f4xx_usart.o
LOAD build/stm32f4xx_gpio.o
LOAD build/stm32f4xx_rng.o
LOAD build/stm32f4xx_lptim.o
LOAD build/stm32f4xx_can.o
LOAD build/stm32f4xx_sdio.o
LOAD build/stm32f4xx_cryp_tdes.o
LOAD build/stm32f4xx_dsi.o
LOAD build/stm32f4xx_crc.o
LOAD build/stm32f4xx_flash_ramfunc.o
LOAD build/stm32f4xx_dbgmcu.o
LOAD build/stm32f4xx_qspi.o
LOAD build/stm32f4xx_pwr.o
LOAD build/stm32f4xx_syscfg.o
LOAD build/stm32f4xx_hash.o
LOAD build/stm32f4xx_dcmi.o
LOAD build/misc.o
LOAD build/stm32f4xx_cec.o
LOAD build/stm32f4xx_cryp.o
LOAD build/stm32f4xx_ltdc.o
LOAD build/stm32f4xx_dac.o
LOAD build/stm32f4xx_sai.o
LOAD build/stm32f4xx_flash.o
LOAD build/stm32f4xx_dma.o
LOAD build/stm32f4xx_adc.o
LOAD build/Delay.o
LOAD build/main.o
LOAD build/stm32f4xx_it.o
LOAD build/os_sem.o
LOAD build/os_mbox.o
LOAD build/os_q.o
LOAD build/os_mutex.o
LOAD build/os_time.o
LOAD build/os_core.o
LOAD build/os_task.o
LOAD build/os_flag.o
LOAD build/os_tmr.o
LOAD build/os_mem.o
LOAD build/app_hooks.o
LOAD build/os_dbg_r.o
LOAD build/os_cpu_c.o
LOAD build/SEGGER_RTT_printf.o
LOAD build/SEGGER_RTT.o
LOAD build/SEGGER_SYSVIEW_uCOSII.o
LOAD build/SEGGER_SYSVIEW_Config_uCOSII.o
LOAD build/SEGGER_SYSVIEW.o
LOAD build/startup_stm32f401xe.o
LOAD build/os_cpu_a.o
LOAD build/SEGGER_RTT_ASM_ARMv7M.o
LOAD /Applications/ARM/bin/../lib/gcc/arm-none-eabi/10.3.1/../../../../arm-none-eabi/lib/thumb/v7e-m+fp/hard/libc_nano.a
LOAD /Applications/ARM/bin/../lib/gcc/arm-none-eabi/10.3.1/../../../../arm-none-eabi/lib/thumb/v7e-m+fp/hard/libm.a
LOAD /Applications/ARM/bin/../lib/gcc/arm-none-eabi/10.3.1/../../../../arm-none-eabi/lib/thumb/v7e-m+fp/hard/libnosys.a
START GROUP
LOAD /Applications/ARM/bin/../lib/gcc/arm-none-eabi/10.3.1/thumb/v7e-m+fp/hard/libgcc.a
LOAD /Applications/ARM/bin/../lib/gcc/arm-none-eabi/10.3.1/../../../../arm-none-eabi/lib/thumb/v7e-m+fp/hard/libc_nano.a
END GROUP
START GROUP
LOAD /Applications/ARM/bin/../lib/gcc/arm-none-eabi/10.3.1/thumb/v7e-m+fp/hard/libgcc.a
LOAD /Applications/ARM/bin/../lib/gcc/arm-none-eabi/10.3.1/../../../../arm-none-eabi/lib/thumb/v7e-m+fp/hard/libc_nano.a
END GROUP
LOAD /Applications/ARM/bin/../lib/gcc/arm-none-eabi/10.3.1/thumb/v7e-m+fp/hard/crtend.o
LOAD /Applications/ARM/bin/../lib/gcc/arm-none-eabi/10.3.1/thumb/v7e-m+fp/hard/crtn.o
                0x0000000020018000                _estack = (ORIGIN (RAM) + LENGTH (RAM))
                0x0000000000000200                _Min_Heap_Size = 0x200
                0x0000000000000400                _Min_Stack_Size = 0x400

.isr_vector     0x0000000008000000      0x194
                0x0000000008000000                . = ALIGN (0x4)
 *(.isr_vector)
 .isr_vector    0x0000000008000000      0x194 build/startup_stm32f401xe.o
                0x0000000008000000                g_pfnVectors
                0x0000000008000194                . = ALIGN (0x4)

.text           0x0000000008000194     0x778c
                0x0000000008000194                . = ALIGN (0x4)
 *(.text)
 .text          0x0000000008000194       0x40 /Applications/ARM/bin/../lib/gcc/arm-none-eabi/10.3.1/thumb/v7e-m+fp/hard/crtbegin.o
 .text          0x00000000080001d4      0x160 build/os_cpu_a.o
                0x00000000080001d4                OS_CPU_FP_Reg_Push
                0x00000000080001e6                OS_CPU_FP_Reg_Pop
                0x00000000080001f2                OS_CPU_SR_Save
                0x000000000800020e                OS_CPU_SR_Restore
                0x0000000008000220                OSStartHighRdy
                0x00000000080002a0                OSIntCtxSw
                0x00000000080002a0                OSCtxSw
                0x00000000080002aa                PendSV_Handler
 .text          0x0000000008000334       0x94 build/SEGGER_RTT_ASM_ARMv7M.o
                0x0000000008000334                SEGGER_RTT_ASM_WriteSkipNoLock
 .text          0x00000000080003c8      0x378 /Applications/ARM/bin/../lib/gcc/arm-none-eabi/10.3.1/thumb/v7e-m+fp/hard/libgcc.a(_arm_addsubdf3.o)
                0x00000000080003c8                __aeabi_drsub
                0x00000000080003d0                __subdf3
                0x00000000080003d0                __aeabi_dsub
                0x00000000080003d4                __aeabi_dadd
                0x00000000080003d4                __adddf3
                0x000000000800064c                __aeabi_ui2d
                0x000000000800064c                __floatunsidf
                0x000000000800066c                __floatsidf
                0x000000000800066c                __aeabi_i2d
                0x0000000008000690                __extendsfdf2
                0x0000000008000690                __aeabi_f2d
                0x00000000080006d4                __aeabi_ul2d
                0x00000000080006d4                __floatundidf
                0x00000000080006e4                __aeabi_l2d
                0x00000000080006e4                __floatdidf
 .text          0x0000000008000740      0x424 /Applications/ARM/bin/../lib/gcc/arm-none-eabi/10.3.1/thumb/v7e-m+fp/hard/libgcc.a(_arm_muldivdf3.o)
                0x0000000008000740                __aeabi_dmul
                0x0000000008000740                __muldf3
                0x0000000008000994                __aeabi_ddiv
                0x0000000008000994                __divdf3
 .text          0x0000000008000b64       0x50 /Applications/ARM/bin/../lib/gcc/arm-none-eabi/10.3.1/thumb/v7e-m+fp/hard/libgcc.a(_arm_fixdfsi.o)
                0x0000000008000b64                __fixdfsi
                0x0000000008000b64                __aeabi_d2iz
 .text          0x0000000008000bb4       0x30 /Applications/ARM/bin/../lib/gcc/arm-none-eabi/10.3.1/thumb/v7e-m+fp/hard/libgcc.a(_fixdfdi.o)
                0x0000000008000bb4                __aeabi_d2lz
                0x0000000008000bb4                __fixdfdi
 .text          0x0000000008000be4       0x3c /Applications/ARM/bin/../lib/gcc/arm-none-eabi/10.3.1/thumb/v7e-m+fp/hard/libgcc.a(_fixunsdfdi.o)
                0x0000000008000be4                __aeabi_d2ulz
                0x0000000008000be4                __fixunsdfdi
 .text          0x0000000008000c20      0x110 /Applications/ARM/bin/../lib/gcc/arm-none-eabi/10.3.1/thumb/v7e-m+fp/hard/libgcc.a(_arm_cmpdf2.o)
                0x0000000008000c20                __gedf2
                0x0000000008000c20                __gtdf2
                0x0000000008000c28                __ledf2
                0x0000000008000c28                __ltdf2
                0x0000000008000c30                __cmpdf2
                0x0000000008000c30                __eqdf2
                0x0000000008000c30                __nedf2
                0x0000000008000cac                __aeabi_cdrcmple
                0x0000000008000cbc                __aeabi_cdcmple
                0x0000000008000cbc                __aeabi_cdcmpeq
                0x0000000008000ccc                __aeabi_dcmpeq
                0x0000000008000ce0                __aeabi_dcmplt
                0x0000000008000cf4                __aeabi_dcmple
                0x0000000008000d08                __aeabi_dcmpge
                0x0000000008000d1c                __aeabi_dcmpgt
 .text          0x0000000008000d30       0x40 /Applications/ARM/bin/../lib/gcc/arm-none-eabi/10.3.1/thumb/v7e-m+fp/hard/libgcc.a(_arm_fixunsdfsi.o)
                0x0000000008000d30                __fixunsdfsi
                0x0000000008000d30                __aeabi_d2uiz
 *(.text*)
 .text.OLED_I2C_Init
                0x0000000008000d70       0x7c build/OLED.o
                0x0000000008000d70                OLED_I2C_Init
 .text.OLED_I2C_Start
                0x0000000008000dec       0x34 build/OLED.o
                0x0000000008000dec                OLED_I2C_Start
 .text.OLED_I2C_Stop
                0x0000000008000e20       0x2c build/OLED.o
                0x0000000008000e20                OLED_I2C_Stop
 .text.OLED_I2C_SendByte
                0x0000000008000e4c       0x70 build/OLED.o
                0x0000000008000e4c                OLED_I2C_SendByte
 .text.OLED_WriteCommand
                0x0000000008000ebc       0x2e build/OLED.o
                0x0000000008000ebc                OLED_WriteCommand
 .text.OLED_WriteData
                0x0000000008000eea       0x2e build/OLED.o
                0x0000000008000eea                OLED_WriteData
 .text.OLED_SetCursor
                0x0000000008000f18       0x46 build/OLED.o
                0x0000000008000f18                OLED_SetCursor
 .text.OLED_Clear
                0x0000000008000f5e       0x46 build/OLED.o
                0x0000000008000f5e                OLED_Clear
 .text.OLED_ShowChar
                0x0000000008000fa4       0xb4 build/OLED.o
                0x0000000008000fa4                OLED_ShowChar
 .text.OLED_Pow
                0x0000000008001058       0x32 build/OLED.o
                0x0000000008001058                OLED_Pow
 *fill*         0x000000000800108a        0x2 
 .text.OLED_ShowSignedNum
                0x000000000800108c       0xa8 build/OLED.o
                0x000000000800108c                OLED_ShowSignedNum
 .text.OLED_Init
                0x0000000008001134       0xc8 build/OLED.o
                0x0000000008001134                OLED_Init
 .text.BLE_Init
                0x00000000080011fc       0xb4 build/ATKBLE01.o
                0x00000000080011fc                BLE_Init
 .text.GY86_init
                0x00000000080012b0       0x18 build/GY86.o
                0x00000000080012b0                GY86_init
 .text.MPU6050_init
                0x00000000080012c8       0x58 build/GY86.o
                0x00000000080012c8                MPU6050_init
 .text.HMC5883L_init
                0x0000000008001320       0x26 build/GY86.o
                0x0000000008001320                HMC5883L_init
 *fill*         0x0000000008001346        0x2 
 .text.MS5611_init
                0x0000000008001348       0xc4 build/GY86.o
                0x0000000008001348                MS5611_init
 .text.GY86_GetData
                0x000000000800140c      0x224 build/GY86.o
                0x000000000800140c                GY86_GetData
 .text.GY86_WriteRegister
                0x0000000008001630       0x46 build/GY86.o
                0x0000000008001630                GY86_WriteRegister
 .text.GY86_ReadRegister
                0x0000000008001676       0x5e build/GY86.o
                0x0000000008001676                GY86_ReadRegister
 .text.MS5611_SendCommand
                0x00000000080016d4       0x30 build/GY86.o
                0x00000000080016d4                MS5611_SendCommand
 .text.MS5611_ReadADC
                0x0000000008001704       0x76 build/GY86.o
                0x0000000008001704                MS5611_ReadADC
 .text.MS5611_ReadC_x
                0x000000000800177a       0x6a build/GY86.o
                0x000000000800177a                MS5611_ReadC_x
 .text.MS5611_GetTemperature
                0x00000000080017e4       0x8c build/GY86.o
                0x00000000080017e4                MS5611_GetTemperature
 .text.MS5611_GetPressure
                0x0000000008001870      0x318 build/GY86.o
                0x0000000008001870                MS5611_GetPressure
 .text.MyIIC_Init
                0x0000000008001b88       0x40 build/MyIIC.o
                0x0000000008001b88                MyIIC_Init
 .text.MyIIC_W_SCL
                0x0000000008001bc8       0x2c build/MyIIC.o
                0x0000000008001bc8                MyIIC_W_SCL
 .text.MyIIC_W_SDA
                0x0000000008001bf4       0x2c build/MyIIC.o
                0x0000000008001bf4                MyIIC_W_SDA
 .text.MyIIC_R_SDA
                0x0000000008001c20       0x28 build/MyIIC.o
                0x0000000008001c20                MyIIC_R_SDA
 .text.MyIIC_Start
                0x0000000008001c48       0x20 build/MyIIC.o
                0x0000000008001c48                MyIIC_Start
 .text.MyIIC_Stop
                0x0000000008001c68       0x1a build/MyIIC.o
                0x0000000008001c68                MyIIC_Stop
 .text.MyIIC_SendByte
                0x0000000008001c82       0x4c build/MyIIC.o
                0x0000000008001c82                MyIIC_SendByte
 .text.MyIIC_ReceiveByte
                0x0000000008001cce       0x56 build/MyIIC.o
                0x0000000008001cce                MyIIC_ReceiveByte
 .text.MyIIC_SendACK
                0x0000000008001d24       0x26 build/MyIIC.o
                0x0000000008001d24                MyIIC_SendACK
 .text.MyIIC_ReceiveACK
                0x0000000008001d4a       0x2a build/MyIIC.o
                0x0000000008001d4a                MyIIC_ReceiveACK
 .text.LD2_init
                0x0000000008001d74       0x34 build/LD2.o
                0x0000000008001d74                LD2_init
 .text.PWM_Init
                0x0000000008001da8      0x12c build/PWM.o
                0x0000000008001da8                PWM_Init
 .text.PWM_SetCompareAll
                0x0000000008001ed4       0x40 build/PWM.o
                0x0000000008001ed4                PWM_SetCompareAll
 .text.Motor_Init
                0x0000000008001f14       0x12 build/PWM.o
                0x0000000008001f14                Motor_Init
 .text.Motor_SetSpeed_All
                0x0000000008001f26       0x3a build/PWM.o
                0x0000000008001f26                Motor_SetSpeed_All
 .text.OLED2_I2C_Init
                0x0000000008001f60       0x48 build/OLED2.o
                0x0000000008001f60                OLED2_I2C_Init
 .text.OLED2_I2C_Start
                0x0000000008001fa8       0x34 build/OLED2.o
                0x0000000008001fa8                OLED2_I2C_Start
 .text.OLED2_I2C_Stop
                0x0000000008001fdc       0x2c build/OLED2.o
                0x0000000008001fdc                OLED2_I2C_Stop
 .text.OLED2_I2C_SendByte
                0x0000000008002008       0x70 build/OLED2.o
                0x0000000008002008                OLED2_I2C_SendByte
 .text.OLED2_WriteCommand
                0x0000000008002078       0x2e build/OLED2.o
                0x0000000008002078                OLED2_WriteCommand
 .text.OLED2_WriteData
                0x00000000080020a6       0x2e build/OLED2.o
                0x00000000080020a6                OLED2_WriteData
 .text.OLED2_SetCursor
                0x00000000080020d4       0x46 build/OLED2.o
                0x00000000080020d4                OLED2_SetCursor
 .text.OLED2_Clear
                0x000000000800211a       0x46 build/OLED2.o
                0x000000000800211a                OLED2_Clear
 .text.OLED2_ShowChar
                0x0000000008002160       0xb4 build/OLED2.o
                0x0000000008002160                OLED2_ShowChar
 .text.OLED2_ShowString
                0x0000000008002214       0x4a build/OLED2.o
                0x0000000008002214                OLED2_ShowString
 .text.OLED2_Pow
                0x000000000800225e       0x32 build/OLED2.o
                0x000000000800225e                OLED2_Pow
 .text.OLED2_ShowNum
                0x0000000008002290       0x7c build/OLED2.o
                0x0000000008002290                OLED2_ShowNum
 .text.OLED2_Init
                0x000000000800230c       0xc8 build/OLED2.o
                0x000000000800230c                OLED2_Init
 .text.REC_Init2
                0x00000000080023d4      0x130 build/Receiver2.o
                0x00000000080023d4                REC_Init2
 .text.TIM2_IRQHandler
                0x0000000008002504       0x9c build/Receiver2.o
                0x0000000008002504                TIM2_IRQHandler
 .text.SystemInit
                0x00000000080025a0       0x24 build/system_stm32f4xx.o
                0x00000000080025a0                SystemInit
 .text.RCC_GetClocksFreq
                0x00000000080025c4      0x15c build/stm32f4xx_rcc.o
                0x00000000080025c4                RCC_GetClocksFreq
 .text.RCC_AHB1PeriphClockCmd
                0x0000000008002720       0x40 build/stm32f4xx_rcc.o
                0x0000000008002720                RCC_AHB1PeriphClockCmd
 .text.RCC_APB1PeriphClockCmd
                0x0000000008002760       0x40 build/stm32f4xx_rcc.o
                0x0000000008002760                RCC_APB1PeriphClockCmd
 .text.RCC_APB2PeriphClockCmd
                0x00000000080027a0       0x40 build/stm32f4xx_rcc.o
                0x00000000080027a0                RCC_APB2PeriphClockCmd
 .text.TIM_TimeBaseInit
                0x00000000080027e0       0xd8 build/stm32f4xx_tim.o
                0x00000000080027e0                TIM_TimeBaseInit
 .text.TIM_ARRPreloadConfig
                0x00000000080028b8       0x40 build/stm32f4xx_tim.o
                0x00000000080028b8                TIM_ARRPreloadConfig
 .text.TIM_Cmd  0x00000000080028f8       0x40 build/stm32f4xx_tim.o
                0x00000000080028f8                TIM_Cmd
 .text.TIM_OC1Init
                0x0000000008002938       0xf4 build/stm32f4xx_tim.o
                0x0000000008002938                TIM_OC1Init
 .text.TIM_OC2Init
                0x0000000008002a2c      0x110 build/stm32f4xx_tim.o
                0x0000000008002a2c                TIM_OC2Init
 .text.TIM_OC3Init
                0x0000000008002b3c      0x10c build/stm32f4xx_tim.o
                0x0000000008002b3c                TIM_OC3Init
 .text.TIM_OC4Init
                0x0000000008002c48       0xd0 build/stm32f4xx_tim.o
                0x0000000008002c48                TIM_OC4Init
 .text.TIM_SetCompare1
                0x0000000008002d18       0x1c build/stm32f4xx_tim.o
                0x0000000008002d18                TIM_SetCompare1
 .text.TIM_SetCompare2
                0x0000000008002d34       0x1c build/stm32f4xx_tim.o
                0x0000000008002d34                TIM_SetCompare2
 .text.TIM_SetCompare3
                0x0000000008002d50       0x1c build/stm32f4xx_tim.o
                0x0000000008002d50                TIM_SetCompare3
 .text.TIM_SetCompare4
                0x0000000008002d6c       0x1c build/stm32f4xx_tim.o
                0x0000000008002d6c                TIM_SetCompare4
 .text.TIM_OC1PreloadConfig
                0x0000000008002d88       0x38 build/stm32f4xx_tim.o
                0x0000000008002d88                TIM_OC1PreloadConfig
 .text.TIM_OC2PreloadConfig
                0x0000000008002dc0       0x3c build/stm32f4xx_tim.o
                0x0000000008002dc0                TIM_OC2PreloadConfig
 .text.TIM_OC3PreloadConfig
                0x0000000008002dfc       0x38 build/stm32f4xx_tim.o
                0x0000000008002dfc                TIM_OC3PreloadConfig
 .text.TIM_OC4PreloadConfig
                0x0000000008002e34       0x3c build/stm32f4xx_tim.o
                0x0000000008002e34                TIM_OC4PreloadConfig
 .text.USART_Init
                0x0000000008002e70      0x174 build/stm32f4xx_usart.o
                0x0000000008002e70                USART_Init
 .text.USART_Cmd
                0x0000000008002fe4       0x40 build/stm32f4xx_usart.o
                0x0000000008002fe4                USART_Cmd
 .text.GPIO_Init
                0x0000000008003024      0x11e build/stm32f4xx_gpio.o
                0x0000000008003024                GPIO_Init
 .text.GPIO_ReadInputDataBit
                0x0000000008003142       0x34 build/stm32f4xx_gpio.o
                0x0000000008003142                GPIO_ReadInputDataBit
 .text.GPIO_SetBits
                0x0000000008003176       0x1e build/stm32f4xx_gpio.o
                0x0000000008003176                GPIO_SetBits
 .text.GPIO_ResetBits
                0x0000000008003194       0x20 build/stm32f4xx_gpio.o
                0x0000000008003194                GPIO_ResetBits
 .text.GPIO_WriteBit
                0x00000000080031b4       0x32 build/stm32f4xx_gpio.o
                0x00000000080031b4                GPIO_WriteBit
 .text.GPIO_PinAFConfig
                0x00000000080031e6       0x92 build/stm32f4xx_gpio.o
                0x00000000080031e6                GPIO_PinAFConfig
 .text.CPU_TS_TmrInit
                0x0000000008003278       0x38 build/Delay.o
                0x0000000008003278                CPU_TS_TmrInit
 .text.CPU_TS_TmrRd
                0x00000000080032b0       0x18 build/Delay.o
                0x00000000080032b0                CPU_TS_TmrRd
 .text.CPU_TS_Tmr_Delay_US
                0x00000000080032c8       0x7c build/Delay.o
                0x00000000080032c8                CPU_TS_Tmr_Delay_US
 .text.NVIC_SetPriority
                0x0000000008003344       0x54 build/main.o
 .text.SysTick_Config
                0x0000000008003398       0x44 build/main.o
 .text.main     0x00000000080033dc       0x60 build/main.o
                0x00000000080033dc                main
 .text.tmp_task
                0x000000000800343c      0x134 build/main.o
                0x000000000800343c                tmp_task
 .text.NMI_Handler
                0x0000000008003570        0xe build/stm32f4xx_it.o
                0x0000000008003570                NMI_Handler
 .text.HardFault_Handler
                0x000000000800357e        0x6 build/stm32f4xx_it.o
                0x000000000800357e                HardFault_Handler
 .text.MemManage_Handler
                0x0000000008003584        0x6 build/stm32f4xx_it.o
                0x0000000008003584                MemManage_Handler
 .text.BusFault_Handler
                0x000000000800358a        0x6 build/stm32f4xx_it.o
                0x000000000800358a                BusFault_Handler
 .text.UsageFault_Handler
                0x0000000008003590        0x6 build/stm32f4xx_it.o
                0x0000000008003590                UsageFault_Handler
 .text.SVC_Handler
                0x0000000008003596        0xe build/stm32f4xx_it.o
                0x0000000008003596                SVC_Handler
 .text.DebugMon_Handler
                0x00000000080035a4        0xe build/stm32f4xx_it.o
                0x00000000080035a4                DebugMon_Handler
 *fill*         0x00000000080035b2        0x2 
 .text.OSSemCreate
                0x00000000080035b4       0x88 build/os_sem.o
                0x00000000080035b4                OSSemCreate
 .text.OSSemPend
                0x000000000800363c      0x184 build/os_sem.o
                0x000000000800363c                OSSemPend
 .text.OSSemPost
                0x00000000080037c0       0xb0 build/os_sem.o
                0x00000000080037c0                OSSemPost
 .text.OS_QInit
                0x0000000008003870       0x78 build/os_q.o
                0x0000000008003870                OS_QInit
 .text.OSTimeDly
                0x00000000080038e8       0xb0 build/os_time.o
                0x00000000080038e8                OSTimeDly
 .text.OSTimeGet
                0x0000000008003998       0x2c build/os_time.o
                0x0000000008003998                OSTimeGet
 .text.OSEventNameSet
                0x00000000080039c4       0x8c build/os_core.o
                0x00000000080039c4                OSEventNameSet
 .text.OSInit   0x0000000008003a50       0x3c build/os_core.o
                0x0000000008003a50                OSInit
 .text.OSIntEnter
                0x0000000008003a8c       0x30 build/os_core.o
                0x0000000008003a8c                OSIntEnter
 .text.OSIntExit
                0x0000000008003abc       0xbc build/os_core.o
                0x0000000008003abc                OSIntExit
 .text.OSSchedLock
                0x0000000008003b78       0x50 build/os_core.o
                0x0000000008003b78                OSSchedLock
 .text.OSSchedUnlock
                0x0000000008003bc8       0x74 build/os_core.o
                0x0000000008003bc8                OSSchedUnlock
 .text.OSStart  0x0000000008003c3c       0x50 build/os_core.o
                0x0000000008003c3c                OSStart
 .text.OSTimeTick
                0x0000000008003c8c      0x158 build/os_core.o
                0x0000000008003c8c                OSTimeTick
 .text.OS_Dummy
                0x0000000008003de4        0xe build/os_core.o
                0x0000000008003de4                OS_Dummy
 *fill*         0x0000000008003df2        0x2 
 .text.OS_EventTaskRdy
                0x0000000008003df4       0xf4 build/os_core.o
                0x0000000008003df4                OS_EventTaskRdy
 .text.OS_EventTaskWait
                0x0000000008003ee8       0xb4 build/os_core.o
                0x0000000008003ee8                OS_EventTaskWait
 .text.OS_EventTaskRemove
                0x0000000008003f9c       0x66 build/os_core.o
                0x0000000008003f9c                OS_EventTaskRemove
 .text.OS_EventTaskRemoveMulti
                0x0000000008004002       0x88 build/os_core.o
                0x0000000008004002                OS_EventTaskRemoveMulti
 .text.OS_EventWaitListInit
                0x000000000800408a       0x38 build/os_core.o
                0x000000000800408a                OS_EventWaitListInit
 *fill*         0x00000000080040c2        0x2 
 .text.OS_InitEventList
                0x00000000080040c4       0x94 build/os_core.o
 .text.OS_InitMisc
                0x0000000008004158       0x7c build/os_core.o
 .text.OS_InitRdyList
                0x00000000080041d4       0x64 build/os_core.o
 .text.OS_InitTaskIdle
                0x0000000008004238       0x4c build/os_core.o
 .text.OS_InitTaskStat
                0x0000000008004284       0x4c build/os_core.o
 .text.OS_InitTCBList
                0x00000000080042d0       0x9c build/os_core.o
 .text.OS_MemClr
                0x000000000800436c       0x32 build/os_core.o
                0x000000000800436c                OS_MemClr
 *fill*         0x000000000800439e        0x2 
 .text.OS_Sched
                0x00000000080043a0       0x84 build/os_core.o
                0x00000000080043a0                OS_Sched
 .text.OS_SchedNew
                0x0000000008004424       0x48 build/os_core.o
 .text.OS_TaskIdle
                0x000000000800446c       0x30 build/os_core.o
                0x000000000800446c                OS_TaskIdle
 .text.OS_TaskStat
                0x000000000800449c       0xf0 build/os_core.o
                0x000000000800449c                OS_TaskStat
 .text.OS_TaskStatStkChk
                0x000000000800458c       0x68 build/os_core.o
                0x000000000800458c                OS_TaskStatStkChk
 .text.OS_TCBInit
                0x00000000080045f4      0x1f4 build/os_core.o
                0x00000000080045f4                OS_TCBInit
 .text.OSTaskCreate
                0x00000000080047e8      0x120 build/os_task.o
                0x00000000080047e8                OSTaskCreate
 .text.OSTaskCreateExt
                0x0000000008004908      0x134 build/os_task.o
                0x0000000008004908                OSTaskCreateExt
 .text.OSTaskDel
                0x0000000008004a3c      0x1f8 build/os_task.o
                0x0000000008004a3c                OSTaskDel
 .text.OSTaskNameSet
                0x0000000008004c34       0xd4 build/os_task.o
                0x0000000008004c34                OSTaskNameSet
 .text.OSTaskStkChk
                0x0000000008004d08       0xdc build/os_task.o
                0x0000000008004d08                OSTaskStkChk
 .text.OSTaskSuspend
                0x0000000008004de4      0x110 build/os_task.o
                0x0000000008004de4                OSTaskSuspend
 .text.OS_TaskReturn
                0x0000000008004ef4       0x1c build/os_task.o
                0x0000000008004ef4                OS_TaskReturn
 .text.OS_TaskStkClr
                0x0000000008004f10       0x46 build/os_task.o
                0x0000000008004f10                OS_TaskStkClr
 *fill*         0x0000000008004f56        0x2 
 .text.OS_FlagInit
                0x0000000008004f58       0x84 build/os_flag.o
                0x0000000008004f58                OS_FlagInit
 .text.OS_FlagUnlink
                0x0000000008004fdc       0x5e build/os_flag.o
                0x0000000008004fdc                OS_FlagUnlink
 *fill*         0x000000000800503a        0x2 
 .text.OSTmrSignal
                0x000000000800503c       0x24 build/os_tmr.o
                0x000000000800503c                OSTmrSignal
 .text.OSTmr_Init
                0x0000000008005060      0x118 build/os_tmr.o
                0x0000000008005060                OSTmr_Init
 .text.OSTmr_InitTask
                0x0000000008005178       0x4c build/os_tmr.o
 .text.OSTmr_Link
                0x00000000080051c4       0xd8 build/os_tmr.o
 .text.OSTmr_Unlink
                0x000000000800529c       0xa8 build/os_tmr.o
 .text.OSTmr_Task
                0x0000000008005344       0xd4 build/os_tmr.o
 .text.OS_MemInit
                0x0000000008005418       0x80 build/os_mem.o
                0x0000000008005418                OS_MemInit
 .text.App_TaskCreateHook
                0x0000000008005498       0x14 build/app_hooks.o
                0x0000000008005498                App_TaskCreateHook
 .text.App_TaskDelHook
                0x00000000080054ac       0x14 build/app_hooks.o
                0x00000000080054ac                App_TaskDelHook
 .text.App_TaskIdleHook
                0x00000000080054c0        0xe build/app_hooks.o
                0x00000000080054c0                App_TaskIdleHook
 .text.App_TaskStatHook
                0x00000000080054ce        0xe build/app_hooks.o
                0x00000000080054ce                App_TaskStatHook
 .text.App_TaskReturnHook
                0x00000000080054dc       0x14 build/app_hooks.o
                0x00000000080054dc                App_TaskReturnHook
 .text.App_TaskSwHook
                0x00000000080054f0        0xe build/app_hooks.o
                0x00000000080054f0                App_TaskSwHook
 .text.App_TCBInitHook
                0x00000000080054fe       0x14 build/app_hooks.o
                0x00000000080054fe                App_TCBInitHook
 .text.App_TimeTickHook
                0x0000000008005512        0xe build/app_hooks.o
                0x0000000008005512                App_TimeTickHook
 .text.OSDebugInit
                0x0000000008005520      0x1dc build/os_dbg_r.o
                0x0000000008005520                OSDebugInit
 .text.OSInitHookBegin
                0x00000000080056fc       0x80 build/os_cpu_c.o
                0x00000000080056fc                OSInitHookBegin
 .text.OSInitHookEnd
                0x000000000800577c        0xe build/os_cpu_c.o
                0x000000000800577c                OSInitHookEnd
 .text.OSTaskCreateHook
                0x000000000800578a       0x16 build/os_cpu_c.o
                0x000000000800578a                OSTaskCreateHook
 .text.OSTaskDelHook
                0x00000000080057a0       0x16 build/os_cpu_c.o
                0x00000000080057a0                OSTaskDelHook
 .text.OSTaskIdleHook
                0x00000000080057b6        0xc build/os_cpu_c.o
                0x00000000080057b6                OSTaskIdleHook
 .text.OSTaskReturnHook
                0x00000000080057c2       0x16 build/os_cpu_c.o
                0x00000000080057c2                OSTaskReturnHook
 .text.OSTaskStatHook
                0x00000000080057d8        0xc build/os_cpu_c.o
                0x00000000080057d8                OSTaskStatHook
 .text.OSTaskStkInit
                0x00000000080057e4      0x320 build/os_cpu_c.o
                0x00000000080057e4                OSTaskStkInit
 .text.OSTaskSwHook
                0x0000000008005b04       0x38 build/os_cpu_c.o
                0x0000000008005b04                OSTaskSwHook
 .text.OSTCBInitHook
                0x0000000008005b3c       0x16 build/os_cpu_c.o
                0x0000000008005b3c                OSTCBInitHook
 *fill*         0x0000000008005b52        0x2 
 .text.OSTimeTickHook
                0x0000000008005b54       0x30 build/os_cpu_c.o
                0x0000000008005b54                OSTimeTickHook
 .text.SysTick_Handler
                0x0000000008005b84       0x28 build/os_cpu_c.o
                0x0000000008005b84                SysTick_Handler
 .text._DoInit  0x0000000008005bac       0xb4 build/SEGGER_RTT.o
 .text.SEGGER_RTT_ReadNoLock
                0x0000000008005c60      0x10c build/SEGGER_RTT.o
                0x0000000008005c60                SEGGER_RTT_ReadNoLock
 .text.SEGGER_RTT_AllocUpBuffer
                0x0000000008005d6c      0x108 build/SEGGER_RTT.o
                0x0000000008005d6c                SEGGER_RTT_AllocUpBuffer
 .text.SEGGER_RTT_ConfigDownBuffer
                0x0000000008005e74       0x98 build/SEGGER_RTT.o
                0x0000000008005e74                SEGGER_RTT_ConfigDownBuffer
 .text._cbSendTaskList
                0x0000000008005f0c       0x94 build/SEGGER_SYSVIEW_uCOSII.o
 .text._cbGetTime
                0x0000000008005fa0       0x2a build/SEGGER_SYSVIEW_uCOSII.o
 *fill*         0x0000000008005fca        0x2 
 .text.SYSVIEW_TaskReady
                0x0000000008005fcc       0x28 build/SEGGER_SYSVIEW_uCOSII.o
                0x0000000008005fcc                SYSVIEW_TaskReady
 .text.SYSVIEW_TaskSwitchedIn
                0x0000000008005ff4       0x30 build/SEGGER_SYSVIEW_uCOSII.o
                0x0000000008005ff4                SYSVIEW_TaskSwitchedIn
 .text.SYSVIEW_TaskSuspend
                0x0000000008006024       0x2c build/SEGGER_SYSVIEW_uCOSII.o
                0x0000000008006024                SYSVIEW_TaskSuspend
 .text.SYSVIEW_AddTask
                0x0000000008006050       0xcc build/SEGGER_SYSVIEW_uCOSII.o
                0x0000000008006050                SYSVIEW_AddTask
 .text.SYSVIEW_UpdateTask
                0x000000000800611c       0xe0 build/SEGGER_SYSVIEW_uCOSII.o
                0x000000000800611c                SYSVIEW_UpdateTask
 .text.SYSVIEW_SendTaskInfo
                0x00000000080061fc       0x42 build/SEGGER_SYSVIEW_uCOSII.o
                0x00000000080061fc                SYSVIEW_SendTaskInfo
 *fill*         0x000000000800623e        0x2 
 .text.SYSVIEW_UpdateResource
                0x0000000008006240       0x90 build/SEGGER_SYSVIEW_uCOSII.o
                0x0000000008006240                SYSVIEW_UpdateResource
 .text.SYSVIEW_RecordU32Register
                0x00000000080062d0       0x90 build/SEGGER_SYSVIEW_uCOSII.o
                0x00000000080062d0                SYSVIEW_RecordU32Register
 .text.SYSVIEW_SendResourceList
                0x0000000008006360       0x80 build/SEGGER_SYSVIEW_uCOSII.o
                0x0000000008006360                SYSVIEW_SendResourceList
 .text._cbSendSystemDesc
                0x00000000080063e0       0x20 build/SEGGER_SYSVIEW_Config_uCOSII.o
 .text.SEGGER_SYSVIEW_Conf
                0x0000000008006400       0x2c build/SEGGER_SYSVIEW_Config_uCOSII.o
                0x0000000008006400                SEGGER_SYSVIEW_Conf
 .text._EncodeStr
                0x000000000800642c       0x60 build/SEGGER_SYSVIEW.o
 .text._PreparePacket
                0x000000000800648c       0x18 build/SEGGER_SYSVIEW.o
 .text._HandleIncomingPacket
                0x00000000080064a4       0xe0 build/SEGGER_SYSVIEW.o
 .text._TrySendOverflowPacket
                0x0000000008006584       0xe4 build/SEGGER_SYSVIEW.o
 .text._SendPacket
                0x0000000008006668      0x2dc build/SEGGER_SYSVIEW.o
 .text.SEGGER_SYSVIEW_Init
                0x0000000008006944       0x88 build/SEGGER_SYSVIEW.o
                0x0000000008006944                SEGGER_SYSVIEW_Init
 .text.SEGGER_SYSVIEW_SetRAMBase
                0x00000000080069cc       0x20 build/SEGGER_SYSVIEW.o
                0x00000000080069cc                SEGGER_SYSVIEW_SetRAMBase
 .text.SEGGER_SYSVIEW_RecordVoid
                0x00000000080069ec       0x3c build/SEGGER_SYSVIEW.o
                0x00000000080069ec                SEGGER_SYSVIEW_RecordVoid
 .text.SEGGER_SYSVIEW_RecordU32
                0x0000000008006a28       0x78 build/SEGGER_SYSVIEW.o
                0x0000000008006a28                SEGGER_SYSVIEW_RecordU32
 .text.SEGGER_SYSVIEW_RecordU32x2
                0x0000000008006aa0       0xb4 build/SEGGER_SYSVIEW.o
                0x0000000008006aa0                SEGGER_SYSVIEW_RecordU32x2
 .text.SEGGER_SYSVIEW_Start
                0x0000000008006b54      0x174 build/SEGGER_SYSVIEW.o
                0x0000000008006b54                SEGGER_SYSVIEW_Start
 .text.SEGGER_SYSVIEW_Stop
                0x0000000008006cc8       0x4c build/SEGGER_SYSVIEW.o
                0x0000000008006cc8                SEGGER_SYSVIEW_Stop
 .text.SEGGER_SYSVIEW_GetSysDesc
                0x0000000008006d14      0x134 build/SEGGER_SYSVIEW.o
                0x0000000008006d14                SEGGER_SYSVIEW_GetSysDesc
 .text.SEGGER_SYSVIEW_SendTaskInfo
                0x0000000008006e48      0x1c8 build/SEGGER_SYSVIEW.o
                0x0000000008006e48                SEGGER_SYSVIEW_SendTaskInfo
 .text.SEGGER_SYSVIEW_SendTaskList
                0x0000000008007010       0x28 build/SEGGER_SYSVIEW.o
                0x0000000008007010                SEGGER_SYSVIEW_SendTaskList
 .text.SEGGER_SYSVIEW_SendSysDesc
                0x0000000008007038       0x48 build/SEGGER_SYSVIEW.o
                0x0000000008007038                SEGGER_SYSVIEW_SendSysDesc
 .text.SEGGER_SYSVIEW_RecordSystime
                0x0000000008007080       0x64 build/SEGGER_SYSVIEW.o
                0x0000000008007080                SEGGER_SYSVIEW_RecordSystime
 .text.SEGGER_SYSVIEW_RecordEnterISR
                0x00000000080070e4       0x84 build/SEGGER_SYSVIEW.o
                0x00000000080070e4                SEGGER_SYSVIEW_RecordEnterISR
 .text.SEGGER_SYSVIEW_RecordExitISR
                0x0000000008007168       0x38 build/SEGGER_SYSVIEW.o
                0x0000000008007168                SEGGER_SYSVIEW_RecordExitISR
 .text.SEGGER_SYSVIEW_RecordExitISRToScheduler
                0x00000000080071a0       0x38 build/SEGGER_SYSVIEW.o
                0x00000000080071a0                SEGGER_SYSVIEW_RecordExitISRToScheduler
 .text.SEGGER_SYSVIEW_RecordEndCallU32
                0x00000000080071d8       0xb0 build/SEGGER_SYSVIEW.o
                0x00000000080071d8                SEGGER_SYSVIEW_RecordEndCallU32
 .text.SEGGER_SYSVIEW_OnIdle
                0x0000000008007288       0x38 build/SEGGER_SYSVIEW.o
                0x0000000008007288                SEGGER_SYSVIEW_OnIdle
 .text.SEGGER_SYSVIEW_OnTaskCreate
                0x00000000080072c0       0x84 build/SEGGER_SYSVIEW.o
                0x00000000080072c0                SEGGER_SYSVIEW_OnTaskCreate
 .text.SEGGER_SYSVIEW_OnTaskStartExec
                0x0000000008007344       0x84 build/SEGGER_SYSVIEW.o
                0x0000000008007344                SEGGER_SYSVIEW_OnTaskStartExec
 .text.SEGGER_SYSVIEW_OnTaskStartReady
                0x00000000080073c8       0x84 build/SEGGER_SYSVIEW.o
                0x00000000080073c8                SEGGER_SYSVIEW_OnTaskStartReady
 .text.SEGGER_SYSVIEW_OnTaskStopReady
                0x000000000800744c       0xc0 build/SEGGER_SYSVIEW.o
                0x000000000800744c                SEGGER_SYSVIEW_OnTaskStopReady
 .text.SEGGER_SYSVIEW_NameResource
                0x000000000800750c       0x90 build/SEGGER_SYSVIEW.o
                0x000000000800750c                SEGGER_SYSVIEW_NameResource
 .text.SEGGER_SYSVIEW_ShrinkId
                0x000000000800759c       0x20 build/SEGGER_SYSVIEW.o
                0x000000000800759c                SEGGER_SYSVIEW_ShrinkId
 .text.SEGGER_SYSVIEW_SendModule
                0x00000000080075bc      0x114 build/SEGGER_SYSVIEW.o
                0x00000000080075bc                SEGGER_SYSVIEW_SendModule
 .text.SEGGER_SYSVIEW_SendModuleDescription
                0x00000000080076d0       0x3c build/SEGGER_SYSVIEW.o
                0x00000000080076d0                SEGGER_SYSVIEW_SendModuleDescription
 .text.SEGGER_SYSVIEW_SendNumModules
                0x000000000800770c       0x7c build/SEGGER_SYSVIEW.o
                0x000000000800770c                SEGGER_SYSVIEW_SendNumModules
 .text.SEGGER_SYSVIEW_Warn
                0x0000000008007788       0xb8 build/SEGGER_SYSVIEW.o
                0x0000000008007788                SEGGER_SYSVIEW_Warn
 .text.Reset_Handler
                0x0000000008007840       0x50 build/startup_stm32f401xe.o
                0x0000000008007840                Reset_Handler
 .text.Default_Handler
                0x0000000008007890        0x2 build/startup_stm32f401xe.o
                0x0000000008007890                DMA1_Stream3_IRQHandler
                0x0000000008007890                EXTI2_IRQHandler
                0x0000000008007890                SPI4_IRQHandler
                0x0000000008007890                TIM1_CC_IRQHandler
                0x0000000008007890                DMA2_Stream5_IRQHandler
                0x0000000008007890                DMA1_Stream5_IRQHandler
                0x0000000008007890                PVD_IRQHandler
                0x0000000008007890                SDIO_IRQHandler
                0x0000000008007890                TAMP_STAMP_IRQHandler
                0x0000000008007890                EXTI3_IRQHandler
                0x0000000008007890                TIM1_UP_TIM10_IRQHandler
                0x0000000008007890                I2C3_ER_IRQHandler
                0x0000000008007890                EXTI0_IRQHandler
                0x0000000008007890                I2C2_EV_IRQHandler
                0x0000000008007890                DMA1_Stream2_IRQHandler
                0x0000000008007890                FPU_IRQHandler
                0x0000000008007890                DMA2_Stream2_IRQHandler
                0x0000000008007890                SPI1_IRQHandler
                0x0000000008007890                TIM1_BRK_TIM9_IRQHandler
                0x0000000008007890                DMA2_Stream3_IRQHandler
                0x0000000008007890                USART6_IRQHandler
                0x0000000008007890                DMA2_Stream0_IRQHandler
                0x0000000008007890                TIM4_IRQHandler
                0x0000000008007890                I2C1_EV_IRQHandler
                0x0000000008007890                DMA1_Stream6_IRQHandler
                0x0000000008007890                DMA1_Stream1_IRQHandler
                0x0000000008007890                TIM3_IRQHandler
                0x0000000008007890                RCC_IRQHandler
                0x0000000008007890                Default_Handler
                0x0000000008007890                EXTI15_10_IRQHandler
                0x0000000008007890                ADC_IRQHandler
                0x0000000008007890                DMA1_Stream7_IRQHandler
                0x0000000008007890                TIM5_IRQHandler
                0x0000000008007890                DMA2_Stream7_IRQHandler
                0x0000000008007890                I2C3_EV_IRQHandler
                0x0000000008007890                EXTI9_5_IRQHandler
                0x0000000008007890                RTC_WKUP_IRQHandler
                0x0000000008007890                SPI2_IRQHandler
                0x0000000008007890                DMA1_Stream0_IRQHandler
                0x0000000008007890                EXTI4_IRQHandler
                0x0000000008007890                WWDG_IRQHandler
                0x0000000008007890                OTG_FS_WKUP_IRQHandler
                0x0000000008007890                TIM1_TRG_COM_TIM11_IRQHandler
                0x0000000008007890                EXTI1_IRQHandler
                0x0000000008007890                USART2_IRQHandler
                0x0000000008007890                I2C2_ER_IRQHandler
                0x0000000008007890                DMA2_Stream1_IRQHandler
                0x0000000008007890                FLASH_IRQHandler
                0x0000000008007890                DMA2_Stream4_IRQHandler
                0x0000000008007890                USART1_IRQHandler
                0x0000000008007890                OTG_FS_IRQHandler
                0x0000000008007890                SPI3_IRQHandler
                0x0000000008007890                DMA1_Stream4_IRQHandler
                0x0000000008007890                I2C1_ER_IRQHandler
                0x0000000008007890                DMA2_Stream6_IRQHandler
                0x0000000008007890                RTC_Alarm_IRQHandler
 *fill*         0x0000000008007892        0x2 
 .text.__libc_init_array
                0x0000000008007894       0x48 /Applications/ARM/bin/../lib/gcc/arm-none-eabi/10.3.1/../../../../arm-none-eabi/lib/thumb/v7e-m+fp/hard/libc_nano.a(lib_a-init.o)
                0x0000000008007894                __libc_init_array
 .text.memcpy   0x00000000080078dc       0x1c /Applications/ARM/bin/../lib/gcc/arm-none-eabi/10.3.1/../../../../arm-none-eabi/lib/thumb/v7e-m+fp/hard/libc_nano.a(lib_a-memcpy-stub.o)
                0x00000000080078dc                memcpy
 .text.memset   0x00000000080078f8       0x10 /Applications/ARM/bin/../lib/gcc/arm-none-eabi/10.3.1/../../../../arm-none-eabi/lib/thumb/v7e-m+fp/hard/libc_nano.a(lib_a-memset.o)
                0x00000000080078f8                memset
 *(.glue_7)
 .glue_7        0x0000000008007908        0x0 linker stubs
 *(.glue_7t)
 .glue_7t       0x0000000008007908        0x0 linker stubs
 *(.eh_frame)
 .eh_frame      0x0000000008007908        0x0 /Applications/ARM/bin/../lib/gcc/arm-none-eabi/10.3.1/thumb/v7e-m+fp/hard/crtbegin.o
 *(.init)
 .init          0x0000000008007908        0x4 /Applications/ARM/bin/../lib/gcc/arm-none-eabi/10.3.1/thumb/v7e-m+fp/hard/crti.o
                0x0000000008007908                _init
 .init          0x000000000800790c        0x8 /Applications/ARM/bin/../lib/gcc/arm-none-eabi/10.3.1/thumb/v7e-m+fp/hard/crtn.o
 *(.fini)
 .fini          0x0000000008007914        0x4 /Applications/ARM/bin/../lib/gcc/arm-none-eabi/10.3.1/thumb/v7e-m+fp/hard/crti.o
                0x0000000008007914                _fini
 .fini          0x0000000008007918        0x8 /Applications/ARM/bin/../lib/gcc/arm-none-eabi/10.3.1/thumb/v7e-m+fp/hard/crtn.o
                0x0000000008007920                . = ALIGN (0x4)
                0x0000000008007920                _etext = .

.vfp11_veneer   0x0000000008007920        0x0
 .vfp11_veneer  0x0000000008007920        0x0 linker stubs

.v4_bx          0x0000000008007920        0x0
 .v4_bx         0x0000000008007920        0x0 linker stubs

.iplt           0x0000000008007920        0x0
 .iplt          0x0000000008007920        0x0 /Applications/ARM/bin/../lib/gcc/arm-none-eabi/10.3.1/thumb/v7e-m+fp/hard/crtbegin.o

.rodata         0x0000000008007920      0xf08
                0x0000000008007920                . = ALIGN (0x4)
 *(.rodata)
 .rodata        0x0000000008007920        0xd build/main.o
 *fill*         0x000000000800792d        0x3 
 .rodata        0x0000000008007930        0x2 build/os_sem.o
 *fill*         0x0000000008007932        0x2 
 .rodata        0x0000000008007934       0x22 build/os_core.o
 *fill*         0x0000000008007956        0x2 
 .rodata        0x0000000008007958        0x2 build/os_task.o
 *fill*         0x000000000800795a        0x2 
 .rodata        0x000000000800795c        0x2 build/os_flag.o
 *fill*         0x000000000800795e        0x2 
 .rodata        0x0000000008007960       0x39 build/os_tmr.o
 *fill*         0x0000000008007999        0x3 
 .rodata        0x000000000800799c        0xe build/os_mem.o
 *fill*         0x00000000080079aa        0x2 
 .rodata        0x00000000080079ac        0x9 build/SEGGER_RTT.o
 *fill*         0x00000000080079b5        0x3 
 .rodata        0x00000000080079b8       0xa3 build/SEGGER_SYSVIEW_uCOSII.o
 *fill*         0x0000000008007a5b        0x1 
 .rodata        0x0000000008007a5c       0x3d build/SEGGER_SYSVIEW_Config_uCOSII.o
 *fill*         0x0000000008007a99        0x3 
 .rodata        0x0000000008007a9c       0x10 build/SEGGER_SYSVIEW.o
 *(.rodata*)
 .rodata.OLED_F08x16
                0x0000000008007aac      0x5f0 build/OLED.o
                0x0000000008007aac                OLED_F08x16
 .rodata.OLED2_F08x16
                0x000000000800809c      0x5f0 build/OLED2.o
                0x000000000800809c                OLED2_F08x16
 .rodata.OSUnMapTbl
                0x000000000800868c      0x100 build/os_core.o
                0x000000000800868c                OSUnMapTbl
 .rodata.OSDebugEn
                0x000000000800878c        0x2 build/os_dbg_r.o
                0x000000000800878c                OSDebugEn
 *fill*         0x000000000800878e        0x2 
 .rodata.OSEndiannessTest
                0x0000000008008790        0x4 build/os_dbg_r.o
                0x0000000008008790                OSEndiannessTest
 .rodata.OSEventEn
                0x0000000008008794        0x2 build/os_dbg_r.o
                0x0000000008008794                OSEventEn
 .rodata.OSEventMax
                0x0000000008008796        0x2 build/os_dbg_r.o
                0x0000000008008796                OSEventMax
 .rodata.OSEventNameEn
                0x0000000008008798        0x2 build/os_dbg_r.o
                0x0000000008008798                OSEventNameEn
 .rodata.OSEventSize
                0x000000000800879a        0x2 build/os_dbg_r.o
                0x000000000800879a                OSEventSize
 .rodata.OSEventTblSize
                0x000000000800879c        0x2 build/os_dbg_r.o
                0x000000000800879c                OSEventTblSize
 .rodata.OSEventMultiEn
                0x000000000800879e        0x2 build/os_dbg_r.o
                0x000000000800879e                OSEventMultiEn
 .rodata.OSFlagEn
                0x00000000080087a0        0x2 build/os_dbg_r.o
                0x00000000080087a0                OSFlagEn
 .rodata.OSFlagGrpSize
                0x00000000080087a2        0x2 build/os_dbg_r.o
                0x00000000080087a2                OSFlagGrpSize
 .rodata.OSFlagNodeSize
                0x00000000080087a4        0x2 build/os_dbg_r.o
                0x00000000080087a4                OSFlagNodeSize
 .rodata.OSFlagWidth
                0x00000000080087a6        0x2 build/os_dbg_r.o
                0x00000000080087a6                OSFlagWidth
 .rodata.OSFlagMax
                0x00000000080087a8        0x2 build/os_dbg_r.o
                0x00000000080087a8                OSFlagMax
 .rodata.OSFlagNameEn
                0x00000000080087aa        0x2 build/os_dbg_r.o
                0x00000000080087aa                OSFlagNameEn
 .rodata.OSLowestPrio
                0x00000000080087ac        0x2 build/os_dbg_r.o
                0x00000000080087ac                OSLowestPrio
 .rodata.OSMboxEn
                0x00000000080087ae        0x2 build/os_dbg_r.o
                0x00000000080087ae                OSMboxEn
 .rodata.OSMemEn
                0x00000000080087b0        0x2 build/os_dbg_r.o
                0x00000000080087b0                OSMemEn
 .rodata.OSMemMax
                0x00000000080087b2        0x2 build/os_dbg_r.o
                0x00000000080087b2                OSMemMax
 .rodata.OSMemNameEn
                0x00000000080087b4        0x2 build/os_dbg_r.o
                0x00000000080087b4                OSMemNameEn
 .rodata.OSMemSize
                0x00000000080087b6        0x2 build/os_dbg_r.o
                0x00000000080087b6                OSMemSize
 .rodata.OSMemTblSize
                0x00000000080087b8        0x2 build/os_dbg_r.o
                0x00000000080087b8                OSMemTblSize
 .rodata.OSMutexEn
                0x00000000080087ba        0x2 build/os_dbg_r.o
                0x00000000080087ba                OSMutexEn
 .rodata.OSPtrSize
                0x00000000080087bc        0x2 build/os_dbg_r.o
                0x00000000080087bc                OSPtrSize
 .rodata.OSQEn  0x00000000080087be        0x2 build/os_dbg_r.o
                0x00000000080087be                OSQEn
 .rodata.OSQMax
                0x00000000080087c0        0x2 build/os_dbg_r.o
                0x00000000080087c0                OSQMax
 .rodata.OSQSize
                0x00000000080087c2        0x2 build/os_dbg_r.o
                0x00000000080087c2                OSQSize
 .rodata.OSRdyTblSize
                0x00000000080087c4        0x2 build/os_dbg_r.o
                0x00000000080087c4                OSRdyTblSize
 .rodata.OSSemEn
                0x00000000080087c6        0x2 build/os_dbg_r.o
                0x00000000080087c6                OSSemEn
 .rodata.OSStkWidth
                0x00000000080087c8        0x2 build/os_dbg_r.o
                0x00000000080087c8                OSStkWidth
 .rodata.OSTaskCreateEn
                0x00000000080087ca        0x2 build/os_dbg_r.o
                0x00000000080087ca                OSTaskCreateEn
 .rodata.OSTaskCreateExtEn
                0x00000000080087cc        0x2 build/os_dbg_r.o
                0x00000000080087cc                OSTaskCreateExtEn
 .rodata.OSTaskDelEn
                0x00000000080087ce        0x2 build/os_dbg_r.o
                0x00000000080087ce                OSTaskDelEn
 .rodata.OSTaskIdleStkSize
                0x00000000080087d0        0x2 build/os_dbg_r.o
                0x00000000080087d0                OSTaskIdleStkSize
 .rodata.OSTaskProfileEn
                0x00000000080087d2        0x2 build/os_dbg_r.o
                0x00000000080087d2                OSTaskProfileEn
 .rodata.OSTaskMax
                0x00000000080087d4        0x2 build/os_dbg_r.o
                0x00000000080087d4                OSTaskMax
 .rodata.OSTaskNameEn
                0x00000000080087d6        0x2 build/os_dbg_r.o
                0x00000000080087d6                OSTaskNameEn
 .rodata.OSTaskStatEn
                0x00000000080087d8        0x2 build/os_dbg_r.o
                0x00000000080087d8                OSTaskStatEn
 .rodata.OSTaskStatStkSize
                0x00000000080087da        0x2 build/os_dbg_r.o
                0x00000000080087da                OSTaskStatStkSize
 .rodata.OSTaskStatStkChkEn
                0x00000000080087dc        0x2 build/os_dbg_r.o
                0x00000000080087dc                OSTaskStatStkChkEn
 .rodata.OSTaskSwHookEn
                0x00000000080087de        0x2 build/os_dbg_r.o
                0x00000000080087de                OSTaskSwHookEn
 .rodata.OSTCBPrioTblMax
                0x00000000080087e0        0x2 build/os_dbg_r.o
                0x00000000080087e0                OSTCBPrioTblMax
 .rodata.OSTCBSize
                0x00000000080087e2        0x2 build/os_dbg_r.o
                0x00000000080087e2                OSTCBSize
 .rodata.OSTicksPerSec
                0x00000000080087e4        0x2 build/os_dbg_r.o
                0x00000000080087e4                OSTicksPerSec
 .rodata.OSTimeTickHookEn
                0x00000000080087e6        0x2 build/os_dbg_r.o
                0x00000000080087e6                OSTimeTickHookEn
 .rodata.OSVersionNbr
                0x00000000080087e8        0x2 build/os_dbg_r.o
                0x00000000080087e8                OSVersionNbr
 .rodata.OSTmrEn
                0x00000000080087ea        0x2 build/os_dbg_r.o
                0x00000000080087ea                OSTmrEn
 .rodata.OSTmrCfgMax
                0x00000000080087ec        0x2 build/os_dbg_r.o
                0x00000000080087ec                OSTmrCfgMax
 .rodata.OSTmrCfgNameEn
                0x00000000080087ee        0x2 build/os_dbg_r.o
                0x00000000080087ee                OSTmrCfgNameEn
 .rodata.OSTmrCfgWheelSize
                0x00000000080087f0        0x2 build/os_dbg_r.o
                0x00000000080087f0                OSTmrCfgWheelSize
 .rodata.OSTmrCfgTicksPerSec
                0x00000000080087f2        0x2 build/os_dbg_r.o
                0x00000000080087f2                OSTmrCfgTicksPerSec
 .rodata.OSTmrSize
                0x00000000080087f4        0x2 build/os_dbg_r.o
                0x00000000080087f4                OSTmrSize
 .rodata.OSTmrTblSize
                0x00000000080087f6        0x2 build/os_dbg_r.o
                0x00000000080087f6                OSTmrTblSize
 .rodata.OSTmrWheelSize
                0x00000000080087f8        0x2 build/os_dbg_r.o
                0x00000000080087f8                OSTmrWheelSize
 .rodata.OSTmrWheelTblSize
                0x00000000080087fa        0x2 build/os_dbg_r.o
                0x00000000080087fa                OSTmrWheelTblSize
 .rodata.OSDataSize
                0x00000000080087fc        0x2 build/os_dbg_r.o
                0x00000000080087fc                OSDataSize
 *fill*         0x00000000080087fe        0x2 
 .rodata._aInitStr.0
                0x0000000008008800       0x11 build/SEGGER_RTT.o
 *fill*         0x0000000008008811        0x3 
 .rodata.SYSVIEW_X_OS_TraceAPI
                0x0000000008008814        0x8 build/SEGGER_SYSVIEW_uCOSII.o
                0x0000000008008814                SYSVIEW_X_OS_TraceAPI
 .rodata._abSync
                0x000000000800881c        0xa build/SEGGER_SYSVIEW.o
                0x0000000008008828                . = ALIGN (0x4)
 *fill*         0x0000000008008826        0x2 

.rel.dyn        0x0000000008008828        0x0
 .rel.iplt      0x0000000008008828        0x0 /Applications/ARM/bin/../lib/gcc/arm-none-eabi/10.3.1/thumb/v7e-m+fp/hard/crtbegin.o

.ARM.extab
 *(.ARM.extab* .gnu.linkonce.armextab.*)

.ARM            0x0000000008008828        0x0
                0x0000000008008828                __exidx_start = .
 *(.ARM.exidx*)
                0x0000000008008828                __exidx_end = .

.preinit_array  0x0000000008008828        0x0
                0x0000000008008828                PROVIDE (__preinit_array_start = .)
 *(.preinit_array*)
                0x0000000008008828                PROVIDE (__preinit_array_end = .)

.init_array     0x0000000008008828        0x4
                0x0000000008008828                PROVIDE (__init_array_start = .)
 *(SORT_BY_NAME(.init_array.*))
 *(.init_array*)
 .init_array    0x0000000008008828        0x4 /Applications/ARM/bin/../lib/gcc/arm-none-eabi/10.3.1/thumb/v7e-m+fp/hard/crtbegin.o
                0x000000000800882c                PROVIDE (__init_array_end = .)

.fini_array     0x000000000800882c        0x4
                [!provide]                        PROVIDE (__fini_array_start = .)
 *(SORT_BY_NAME(.fini_array.*))
 *(.fini_array*)
 .fini_array    0x000000000800882c        0x4 /Applications/ARM/bin/../lib/gcc/arm-none-eabi/10.3.1/thumb/v7e-m+fp/hard/crtbegin.o
                [!provide]                        PROVIDE (__fini_array_end = .)
                0x0000000008008830                _sidata = LOADADDR (.data)

.data           0x0000000020000000       0x30 load address 0x0000000008008830
                0x0000000020000000                . = ALIGN (0x4)
                0x0000000020000000                _sdata = .
 *(.data)
 *(.data*)
 .data.GY86DataList
                0x0000000020000000       0x18 build/GY86.o
                0x0000000020000000                GY86DataList
 .data.Original_Data_List
                0x0000000020000018        0x4 build/GY86.o
                0x0000000020000018                Original_Data_List
 .data.SystemCoreClock
                0x000000002000001c        0x4 build/system_stm32f4xx.o
                0x000000002000001c                SystemCoreClock
 .data.APBAHBPrescTable
                0x0000000020000020       0x10 build/stm32f4xx_rcc.o
                0x0000000020000030                . = ALIGN (0x4)
                0x0000000020000030                _edata = .

.igot.plt       0x0000000020000030        0x0 load address 0x0000000008008860
 .igot.plt      0x0000000020000030        0x0 /Applications/ARM/bin/../lib/gcc/arm-none-eabi/10.3.1/thumb/v7e-m+fp/hard/crtbegin.o
                0x0000000020000030                . = ALIGN (0x4)

.bss            0x0000000020000030     0x2c18 load address 0x0000000008008860
                0x0000000020000030                _sbss = .
                0x0000000020000030                __bss_start__ = _sbss
 *(.bss)
 .bss           0x0000000020000030       0x1c /Applications/ARM/bin/../lib/gcc/arm-none-eabi/10.3.1/thumb/v7e-m+fp/hard/crtbegin.o
 *(.bss*)
 .bss.SENS_T1   0x000000002000004c        0x2 build/GY86.o
                0x000000002000004c                SENS_T1
 .bss.OFF_T1    0x000000002000004e        0x2 build/GY86.o
                0x000000002000004e                OFF_T1
 .bss.TCS       0x0000000020000050        0x8 build/GY86.o
                0x0000000020000050                TCS
 .bss.TCO       0x0000000020000058        0x8 build/GY86.o
                0x0000000020000058                TCO
 .bss.T_REF     0x0000000020000060        0x2 build/GY86.o
                0x0000000020000060                T_REF
 *fill*         0x0000000020000062        0x6 
 .bss.TEMPSENS  0x0000000020000068        0x8 build/GY86.o
                0x0000000020000068                TEMPSENS
 .bss.D1_Pressur
                0x0000000020000070        0x4 build/GY86.o
                0x0000000020000070                D1_Pressur
 .bss.D2_Temperature
                0x0000000020000074        0x4 build/GY86.o
                0x0000000020000074                D2_Temperature
 .bss.dT        0x0000000020000078        0x4 build/GY86.o
                0x0000000020000078                dT
 .bss.TEMP_100times
                0x000000002000007c        0x4 build/GY86.o
                0x000000002000007c                TEMP_100times
 .bss.OFF       0x0000000020000080        0x8 build/GY86.o
                0x0000000020000080                OFF
 .bss.SENS      0x0000000020000088        0x8 build/GY86.o
                0x0000000020000088                SENS
 .bss.P_100times
                0x0000000020000090        0x4 build/GY86.o
                0x0000000020000090                P_100times
 .bss.CH2       0x0000000020000094       0x12 build/Receiver2.o
                0x0000000020000094                CH2
 .bss.i2        0x00000000200000a6        0x2 build/Receiver2.o
                0x00000000200000a6                i2
 .bss.okay2     0x00000000200000a8        0x2 build/Receiver2.o
                0x00000000200000a8                okay2
 *fill*         0x00000000200000aa        0x2 
 .bss.TMP_TASK_STK
                0x00000000200000ac      0x100 build/main.o
                0x00000000200000ac                TMP_TASK_STK
 .bss.RCC_Clocks
                0x00000000200001ac       0x10 build/main.o
                0x00000000200001ac                RCC_Clocks
 .bss.OSCtxSwCtr
                0x00000000200001bc        0x4 build/os_core.o
                0x00000000200001bc                OSCtxSwCtr
 .bss.OSEventFreeList
                0x00000000200001c0        0x4 build/os_core.o
                0x00000000200001c0                OSEventFreeList
 .bss.OSEventTbl
                0x00000000200001c4       0xf0 build/os_core.o
                0x00000000200001c4                OSEventTbl
 .bss.OSFlagTbl
                0x00000000200002b4       0x50 build/os_core.o
                0x00000000200002b4                OSFlagTbl
 .bss.OSFlagFreeList
                0x0000000020000304        0x4 build/os_core.o
                0x0000000020000304                OSFlagFreeList
 .bss.OSCPUUsage
                0x0000000020000308        0x1 build/os_core.o
                0x0000000020000308                OSCPUUsage
 *fill*         0x0000000020000309        0x3 
 .bss.OSIdleCtrMax
                0x000000002000030c        0x4 build/os_core.o
                0x000000002000030c                OSIdleCtrMax
 .bss.OSIdleCtrRun
                0x0000000020000310        0x4 build/os_core.o
                0x0000000020000310                OSIdleCtrRun
 .bss.OSStatRdy
                0x0000000020000314        0x1 build/os_core.o
                0x0000000020000314                OSStatRdy
 *fill*         0x0000000020000315        0x3 
 .bss.OSTaskStatStk
                0x0000000020000318      0x200 build/os_core.o
                0x0000000020000318                OSTaskStatStk
 .bss.OSIntNesting
                0x0000000020000518        0x1 build/os_core.o
                0x0000000020000518                OSIntNesting
 .bss.OSLockNesting
                0x0000000020000519        0x1 build/os_core.o
                0x0000000020000519                OSLockNesting
 .bss.OSPrioCur
                0x000000002000051a        0x1 build/os_core.o
                0x000000002000051a                OSPrioCur
 .bss.OSPrioHighRdy
                0x000000002000051b        0x1 build/os_core.o
                0x000000002000051b                OSPrioHighRdy
 .bss.OSRdyGrp  0x000000002000051c        0x1 build/os_core.o
                0x000000002000051c                OSRdyGrp
 *fill*         0x000000002000051d        0x3 
 .bss.OSRdyTbl  0x0000000020000520        0x8 build/os_core.o
                0x0000000020000520                OSRdyTbl
 .bss.OSRunning
                0x0000000020000528        0x1 build/os_core.o
                0x0000000020000528                OSRunning
 .bss.OSTaskCtr
                0x0000000020000529        0x1 build/os_core.o
                0x0000000020000529                OSTaskCtr
 *fill*         0x000000002000052a        0x2 
 .bss.OSIdleCtr
                0x000000002000052c        0x4 build/os_core.o
                0x000000002000052c                OSIdleCtr
 .bss.OSTaskIdleStk
                0x0000000020000530      0x200 build/os_core.o
                0x0000000020000530                OSTaskIdleStk
 .bss.OSTCBCur  0x0000000020000730        0x4 build/os_core.o
                0x0000000020000730                OSTCBCur
 .bss.OSTCBFreeList
                0x0000000020000734        0x4 build/os_core.o
                0x0000000020000734                OSTCBFreeList
 .bss.OSTCBHighRdy
                0x0000000020000738        0x4 build/os_core.o
                0x0000000020000738                OSTCBHighRdy
 .bss.OSTCBList
                0x000000002000073c        0x4 build/os_core.o
                0x000000002000073c                OSTCBList
 .bss.OSTCBPrioTbl
                0x0000000020000740      0x100 build/os_core.o
                0x0000000020000740                OSTCBPrioTbl
 .bss.OSTCBTbl  0x0000000020000840      0x7e8 build/os_core.o
                0x0000000020000840                OSTCBTbl
 .bss.OSTickStepState
                0x0000000020001028        0x1 build/os_core.o
                0x0000000020001028                OSTickStepState
 *fill*         0x0000000020001029        0x3 
 .bss.OSMemFreeList
                0x000000002000102c        0x4 build/os_core.o
                0x000000002000102c                OSMemFreeList
 .bss.OSMemTbl  0x0000000020001030       0x78 build/os_core.o
                0x0000000020001030                OSMemTbl
 .bss.OSQFreeList
                0x00000000200010a8        0x4 build/os_core.o
                0x00000000200010a8                OSQFreeList
 .bss.OSQTbl    0x00000000200010ac       0x60 build/os_core.o
                0x00000000200010ac                OSQTbl
 .bss.OSTaskRegNextAvailID
                0x000000002000110c        0x1 build/os_core.o
                0x000000002000110c                OSTaskRegNextAvailID
 *fill*         0x000000002000110d        0x3 
 .bss.OSTime    0x0000000020001110        0x4 build/os_core.o
                0x0000000020001110                OSTime
 .bss.OSTmrFree
                0x0000000020001114        0x2 build/os_core.o
                0x0000000020001114                OSTmrFree
 .bss.OSTmrUsed
                0x0000000020001116        0x2 build/os_core.o
                0x0000000020001116                OSTmrUsed
 .bss.OSTmrTime
                0x0000000020001118        0x4 build/os_core.o
                0x0000000020001118                OSTmrTime
 .bss.OSTmrSem  0x000000002000111c        0x4 build/os_core.o
                0x000000002000111c                OSTmrSem
 .bss.OSTmrSemSignal
                0x0000000020001120        0x4 build/os_core.o
                0x0000000020001120                OSTmrSemSignal
 .bss.OSTmrTbl  0x0000000020001124      0x280 build/os_core.o
                0x0000000020001124                OSTmrTbl
 .bss.OSTmrFreeList
                0x00000000200013a4        0x4 build/os_core.o
                0x00000000200013a4                OSTmrFreeList
 .bss.OSTmrTaskStk
                0x00000000200013a8      0x200 build/os_core.o
                0x00000000200013a8                OSTmrTaskStk
 .bss.OSTmrWheelTbl
                0x00000000200015a8       0x38 build/os_core.o
                0x00000000200015a8                OSTmrWheelTbl
 .bss.OS_CPU_ExceptStk
                0x00000000200015e0      0x400 build/os_cpu_c.o
                0x00000000200015e0                OS_CPU_ExceptStk
 .bss.OS_CPU_ExceptStkBase
                0x00000000200019e0        0x4 build/os_cpu_c.o
                0x00000000200019e0                OS_CPU_ExceptStkBase
 .bss.OSTmrCtr  0x00000000200019e4        0x2 build/os_cpu_c.o
 *fill*         0x00000000200019e6        0x2 
 .bss.OS_KA_BASEPRI_Boundary
                0x00000000200019e8        0x4 build/os_cpu_c.o
                0x00000000200019e8                OS_KA_BASEPRI_Boundary
 .bss._SEGGER_RTT
                0x00000000200019ec       0xa8 build/SEGGER_RTT.o
                0x00000000200019ec                _SEGGER_RTT
 .bss._acUpBuffer
                0x0000000020001a94      0x400 build/SEGGER_RTT.o
 .bss._acDownBuffer
                0x0000000020001e94       0x10 build/SEGGER_RTT.o
 .bss._aTasks   0x0000000020001ea4      0x280 build/SEGGER_SYSVIEW_uCOSII.o
 .bss._NumTasks
                0x0000000020002124        0x4 build/SEGGER_SYSVIEW_uCOSII.o
 .bss._aResources
                0x0000000020002128      0x600 build/SEGGER_SYSVIEW_uCOSII.o
 .bss._NumResources
                0x0000000020002728        0x4 build/SEGGER_SYSVIEW_uCOSII.o
 .bss._UpBuffer
                0x000000002000272c      0x400 build/SEGGER_SYSVIEW.o
 .bss._DownBuffer
                0x0000000020002b2c        0x8 build/SEGGER_SYSVIEW.o
 .bss._SYSVIEW_Globals
                0x0000000020002b34       0x28 build/SEGGER_SYSVIEW.o
 .bss._pFirstModule
                0x0000000020002b5c        0x4 build/SEGGER_SYSVIEW.o
 .bss._NumModules
                0x0000000020002b60        0x1 build/SEGGER_SYSVIEW.o
 *fill*         0x0000000020002b61        0x3 
 .bss._aPacket  0x0000000020002b64       0xe3 build/SEGGER_SYSVIEW.o
 *(COMMON)
                0x0000000020002c48                . = ALIGN (0x4)
 *fill*         0x0000000020002c47        0x1 
                0x0000000020002c48                _ebss = .
                0x0000000020002c48                __bss_end__ = _ebss

._user_heap_stack
                0x0000000020002c48      0x600 load address 0x0000000008008860
                0x0000000020002c48                . = ALIGN (0x8)
                0x0000000020002c48                PROVIDE (end = .)
                [!provide]                        PROVIDE (_end = .)
                0x0000000020002e48                . = (. + _Min_Heap_Size)
 *fill*         0x0000000020002c48      0x200 
                0x0000000020003248                . = (. + _Min_Stack_Size)
 *fill*         0x0000000020002e48      0x400 
                0x0000000020003248                . = ALIGN (0x8)

/DISCARD/
 libc.a(*)
 libm.a(*)
 libgcc.a(*)

.ARM.attributes
                0x0000000000000000       0x30
 *(.ARM.attributes)
 .ARM.attributes
                0x0000000000000000       0x1e /Applications/ARM/bin/../lib/gcc/arm-none-eabi/10.3.1/thumb/v7e-m+fp/hard/crti.o
 .ARM.attributes
                0x000000000000001e       0x34 /Applications/ARM/bin/../lib/gcc/arm-none-eabi/10.3.1/thumb/v7e-m+fp/hard/crtbegin.o
 .ARM.attributes
                0x0000000000000052       0x34 build/OLED.o
 .ARM.attributes
                0x0000000000000086       0x34 build/ATKBLE01.o
 .ARM.attributes
                0x00000000000000ba       0x34 build/GY86.o
 .ARM.attributes
                0x00000000000000ee       0x34 build/MyIIC.o
 .ARM.attributes
                0x0000000000000122       0x34 build/LD2.o
 .ARM.attributes
                0x0000000000000156       0x34 build/PWM.o
 .ARM.attributes
                0x000000000000018a       0x34 build/OLED2.o
 .ARM.attributes
                0x00000000000001be       0x34 build/Receiver2.o
 .ARM.attributes
                0x00000000000001f2       0x34 build/system_stm32f4xx.o
 .ARM.attributes
                0x0000000000000226       0x34 build/stm32f4xx_rcc.o
 .ARM.attributes
                0x000000000000025a       0x34 build/stm32f4xx_tim.o
 .ARM.attributes
                0x000000000000028e       0x34 build/stm32f4xx_usart.o
 .ARM.attributes
                0x00000000000002c2       0x34 build/stm32f4xx_gpio.o
 .ARM.attributes
                0x00000000000002f6       0x34 build/Delay.o
 .ARM.attributes
                0x000000000000032a       0x34 build/main.o
 .ARM.attributes
                0x000000000000035e       0x34 build/stm32f4xx_it.o
 .ARM.attributes
                0x0000000000000392       0x34 build/os_sem.o
 .ARM.attributes
                0x00000000000003c6       0x34 build/os_q.o
 .ARM.attributes
                0x00000000000003fa       0x34 build/os_time.o
 .ARM.attributes
                0x000000000000042e       0x34 build/os_core.o
 .ARM.attributes
                0x0000000000000462       0x34 build/os_task.o
 .ARM.attributes
                0x0000000000000496       0x34 build/os_flag.o
 .ARM.attributes
                0x00000000000004ca       0x34 build/os_tmr.o
 .ARM.attributes
                0x00000000000004fe       0x34 build/os_mem.o
 .ARM.attributes
                0x0000000000000532       0x34 build/app_hooks.o
 .ARM.attributes
                0x0000000000000566       0x34 build/os_dbg_r.o
 .ARM.attributes
                0x000000000000059a       0x34 build/os_cpu_c.o
 .ARM.attributes
                0x00000000000005ce       0x34 build/SEGGER_RTT.o
 .ARM.attributes
                0x0000000000000602       0x34 build/SEGGER_SYSVIEW_uCOSII.o
 .ARM.attributes
                0x0000000000000636       0x34 build/SEGGER_SYSVIEW_Config_uCOSII.o
 .ARM.attributes
                0x000000000000066a       0x34 build/SEGGER_SYSVIEW.o
 .ARM.attributes
                0x000000000000069e       0x21 build/startup_stm32f401xe.o
 .ARM.attributes
                0x00000000000006bf       0x20 build/os_cpu_a.o
 .ARM.attributes
                0x00000000000006df       0x20 build/SEGGER_RTT_ASM_ARMv7M.o
 .ARM.attributes
                0x00000000000006ff       0x34 /Applications/ARM/bin/../lib/gcc/arm-none-eabi/10.3.1/../../../../arm-none-eabi/lib/thumb/v7e-m+fp/hard/libc_nano.a(lib_a-init.o)
 .ARM.attributes
                0x0000000000000733       0x34 /Applications/ARM/bin/../lib/gcc/arm-none-eabi/10.3.1/../../../../arm-none-eabi/lib/thumb/v7e-m+fp/hard/libc_nano.a(lib_a-memcpy-stub.o)
 .ARM.attributes
                0x0000000000000767       0x34 /Applications/ARM/bin/../lib/gcc/arm-none-eabi/10.3.1/../../../../arm-none-eabi/lib/thumb/v7e-m+fp/hard/libc_nano.a(lib_a-memset.o)
 .ARM.attributes
                0x000000000000079b       0x1e /Applications/ARM/bin/../lib/gcc/arm-none-eabi/10.3.1/thumb/v7e-m+fp/hard/libgcc.a(_arm_addsubdf3.o)
 .ARM.attributes
                0x00000000000007b9       0x1e /Applications/ARM/bin/../lib/gcc/arm-none-eabi/10.3.1/thumb/v7e-m+fp/hard/libgcc.a(_arm_muldivdf3.o)
 .ARM.attributes
                0x00000000000007d7       0x1e /Applications/ARM/bin/../lib/gcc/arm-none-eabi/10.3.1/thumb/v7e-m+fp/hard/libgcc.a(_arm_fixdfsi.o)
 .ARM.attributes
                0x00000000000007f5       0x34 /Applications/ARM/bin/../lib/gcc/arm-none-eabi/10.3.1/thumb/v7e-m+fp/hard/libgcc.a(_fixdfdi.o)
 .ARM.attributes
                0x0000000000000829       0x34 /Applications/ARM/bin/../lib/gcc/arm-none-eabi/10.3.1/thumb/v7e-m+fp/hard/libgcc.a(_fixunsdfdi.o)
 .ARM.attributes
                0x000000000000085d       0x1e /Applications/ARM/bin/../lib/gcc/arm-none-eabi/10.3.1/thumb/v7e-m+fp/hard/libgcc.a(_arm_cmpdf2.o)
 .ARM.attributes
                0x000000000000087b       0x1e /Applications/ARM/bin/../lib/gcc/arm-none-eabi/10.3.1/thumb/v7e-m+fp/hard/libgcc.a(_arm_fixunsdfsi.o)
 .ARM.attributes
                0x0000000000000899       0x1e /Applications/ARM/bin/../lib/gcc/arm-none-eabi/10.3.1/thumb/v7e-m+fp/hard/crtn.o
OUTPUT(build/HeiGuan.elf elf32-littlearm)
LOAD linker stubs
LOAD /Applications/ARM/bin/../lib/gcc/arm-none-eabi/10.3.1/../../../../arm-none-eabi/lib/thumb/v7e-m+fp/hard/libc.a
LOAD /Applications/ARM/bin/../lib/gcc/arm-none-eabi/10.3.1/../../../../arm-none-eabi/lib/thumb/v7e-m+fp/hard/libm.a
LOAD /Applications/ARM/bin/../lib/gcc/arm-none-eabi/10.3.1/thumb/v7e-m+fp/hard/libgcc.a

.debug_info     0x0000000000000000    0x15b4d
 .debug_info    0x0000000000000000      0x796 build/OLED.o
 .debug_info    0x0000000000000796      0xfef build/ATKBLE01.o
 .debug_info    0x0000000000001785      0x536 build/GY86.o
 .debug_info    0x0000000000001cbb      0x4c3 build/MyIIC.o
 .debug_info    0x000000000000217e      0x36a build/LD2.o
 .debug_info    0x00000000000024e8      0x6d1 build/PWM.o
 .debug_info    0x0000000000002bb9      0x796 build/OLED2.o
 .debug_info    0x000000000000334f      0x9fc build/Receiver2.o
 .debug_info    0x0000000000003d4b      0x5c7 build/system_stm32f4xx.o
 .debug_info    0x0000000000004312      0xf30 build/stm32f4xx_rcc.o
 .debug_info    0x0000000000005242     0x2036 build/stm32f4xx_tim.o
 .debug_info    0x0000000000007278      0xaff build/stm32f4xx_usart.o
 .debug_info    0x0000000000007d77      0x69c build/stm32f4xx_gpio.o
 .debug_info    0x0000000000008413      0x133 build/Delay.o
 .debug_info    0x0000000000008546      0x852 build/main.o
 .debug_info    0x0000000000008d98      0x12d build/stm32f4xx_it.o
 .debug_info    0x0000000000008ec5      0x7bd build/os_sem.o
 .debug_info    0x0000000000009682      0xa61 build/os_q.o
 .debug_info    0x000000000000a0e3      0x615 build/os_time.o
 .debug_info    0x000000000000a6f8     0x14be build/os_core.o
 .debug_info    0x000000000000bbb6      0xc98 build/os_task.o
 .debug_info    0x000000000000c84e      0xb55 build/os_flag.o
 .debug_info    0x000000000000d3a3      0xb30 build/os_tmr.o
 .debug_info    0x000000000000ded3      0x4c2 build/os_mem.o
 .debug_info    0x000000000000e395      0x51a build/app_hooks.o
 .debug_info    0x000000000000e8af      0x6a0 build/os_dbg_r.o
 .debug_info    0x000000000000ef4f      0x73e build/os_cpu_c.o
 .debug_info    0x000000000000f68d     0x1671 build/SEGGER_RTT.o
 .debug_info    0x0000000000010cfe      0xa5a build/SEGGER_SYSVIEW_uCOSII.o
 .debug_info    0x0000000000011758      0x13a build/SEGGER_SYSVIEW_Config_uCOSII.o
 .debug_info    0x0000000000011892     0x424d build/SEGGER_SYSVIEW.o
 .debug_info    0x0000000000015adf       0x22 build/startup_stm32f401xe.o
 .debug_info    0x0000000000015b01       0x26 build/os_cpu_a.o
 .debug_info    0x0000000000015b27       0x26 build/SEGGER_RTT_ASM_ARMv7M.o

.debug_abbrev   0x0000000000000000     0x321f
 .debug_abbrev  0x0000000000000000      0x1c9 build/OLED.o
 .debug_abbrev  0x00000000000001c9      0x296 build/ATKBLE01.o
 .debug_abbrev  0x000000000000045f      0x1a0 build/GY86.o
 .debug_abbrev  0x00000000000005ff      0x18d build/MyIIC.o
 .debug_abbrev  0x000000000000078c      0x168 build/LD2.o
 .debug_abbrev  0x00000000000008f4      0x151 build/PWM.o
 .debug_abbrev  0x0000000000000a45      0x1c9 build/OLED2.o
 .debug_abbrev  0x0000000000000c0e      0x14b build/Receiver2.o
 .debug_abbrev  0x0000000000000d59      0x128 build/system_stm32f4xx.o
 .debug_abbrev  0x0000000000000e81      0x1d5 build/stm32f4xx_rcc.o
 .debug_abbrev  0x0000000000001056      0x19e build/stm32f4xx_tim.o
 .debug_abbrev  0x00000000000011f4      0x184 build/stm32f4xx_usart.o
 .debug_abbrev  0x0000000000001378      0x1c2 build/stm32f4xx_gpio.o
 .debug_abbrev  0x000000000000153a       0xc9 build/Delay.o
 .debug_abbrev  0x0000000000001603      0x1ea build/main.o
 .debug_abbrev  0x00000000000017ed       0x46 build/stm32f4xx_it.o
 .debug_abbrev  0x0000000000001833      0x19d build/os_sem.o
 .debug_abbrev  0x00000000000019d0      0x19d build/os_q.o
 .debug_abbrev  0x0000000000001b6d      0x162 build/os_time.o
 .debug_abbrev  0x0000000000001ccf      0x2a2 build/os_core.o
 .debug_abbrev  0x0000000000001f71      0x1d2 build/os_task.o
 .debug_abbrev  0x0000000000002143      0x1cd build/os_flag.o
 .debug_abbrev  0x0000000000002310      0x1ec build/os_tmr.o
 .debug_abbrev  0x00000000000024fc      0x17b build/os_mem.o
 .debug_abbrev  0x0000000000002677       0xef build/app_hooks.o
 .debug_abbrev  0x0000000000002766       0xfd build/os_dbg_r.o
 .debug_abbrev  0x0000000000002863      0x1f3 build/os_cpu_c.o
 .debug_abbrev  0x0000000000002a56      0x208 build/SEGGER_RTT.o
 .debug_abbrev  0x0000000000002c5e      0x1df build/SEGGER_SYSVIEW_uCOSII.o
 .debug_abbrev  0x0000000000002e3d       0xc0 build/SEGGER_SYSVIEW_Config_uCOSII.o
 .debug_abbrev  0x0000000000002efd      0x2e8 build/SEGGER_SYSVIEW.o
 .debug_abbrev  0x00000000000031e5       0x12 build/startup_stm32f401xe.o
 .debug_abbrev  0x00000000000031f7       0x14 build/os_cpu_a.o
 .debug_abbrev  0x000000000000320b       0x14 build/SEGGER_RTT_ASM_ARMv7M.o

.debug_loc      0x0000000000000000     0xb002
 .debug_loc     0x0000000000000000      0x4c4 build/OLED.o
 .debug_loc     0x00000000000004c4      0x2b2 build/ATKBLE01.o
 .debug_loc     0x0000000000000776      0x332 build/GY86.o
 .debug_loc     0x0000000000000aa8      0x328 build/MyIIC.o
 .debug_loc     0x0000000000000dd0       0xf8 build/LD2.o
 .debug_loc     0x0000000000000ec8      0x11c build/PWM.o
 .debug_loc     0x0000000000000fe4      0x4c4 build/OLED2.o
 .debug_loc     0x00000000000014a8       0xa0 build/Receiver2.o
 .debug_loc     0x0000000000001548       0xa0 build/system_stm32f4xx.o
 .debug_loc     0x00000000000015e8     0x10ec build/stm32f4xx_rcc.o
 .debug_loc     0x00000000000026d4     0x20bc build/stm32f4xx_tim.o
 .debug_loc     0x0000000000004790      0xa54 build/stm32f4xx_usart.o
 .debug_loc     0x00000000000051e4      0x4fc build/stm32f4xx_gpio.o
 .debug_loc     0x00000000000056e0       0xd8 build/Delay.o
 .debug_loc     0x00000000000057b8      0x110 build/main.o
 .debug_loc     0x00000000000058c8      0x17c build/stm32f4xx_it.o
 .debug_loc     0x0000000000005a44      0x280 build/os_sem.o
 .debug_loc     0x0000000000005cc4      0x370 build/os_q.o
 .debug_loc     0x0000000000006034      0x190 build/os_time.o
 .debug_loc     0x00000000000061c4      0xa40 build/os_core.o
 .debug_loc     0x0000000000006c04      0x4ea build/os_task.o
 .debug_loc     0x00000000000070ee      0x41e build/os_flag.o
 .debug_loc     0x000000000000750c      0x4c8 build/os_tmr.o
 .debug_loc     0x00000000000079d4      0x230 build/os_mem.o
 .debug_loc     0x0000000000007c04      0x280 build/app_hooks.o
 .debug_loc     0x0000000000007e84       0x5c build/os_dbg_r.o
 .debug_loc     0x0000000000007ee0      0x3e8 build/os_cpu_c.o
 .debug_loc     0x00000000000082c8      0xb58 build/SEGGER_RTT.o
 .debug_loc     0x0000000000008e20      0x414 build/SEGGER_SYSVIEW_uCOSII.o
 .debug_loc     0x0000000000009234       0x58 build/SEGGER_SYSVIEW_Config_uCOSII.o
 .debug_loc     0x000000000000928c     0x1d76 build/SEGGER_SYSVIEW.o

.debug_aranges  0x0000000000000000     0x1458
 .debug_aranges
                0x0000000000000000       0x98 build/OLED.o
 .debug_aranges
                0x0000000000000098       0x58 build/ATKBLE01.o
 .debug_aranges
                0x00000000000000f0       0x78 build/GY86.o
 .debug_aranges
                0x0000000000000168       0x70 build/MyIIC.o
 .debug_aranges
                0x00000000000001d8       0x38 build/LD2.o
 .debug_aranges
                0x0000000000000210       0x38 build/PWM.o
 .debug_aranges
                0x0000000000000248       0x98 build/OLED2.o
 .debug_aranges
                0x00000000000002e0       0x28 build/Receiver2.o
 .debug_aranges
                0x0000000000000308       0x28 build/system_stm32f4xx.o
 .debug_aranges
                0x0000000000000330      0x198 build/stm32f4xx_rcc.o
 .debug_aranges
                0x00000000000004c8      0x2f8 build/stm32f4xx_tim.o
 .debug_aranges
                0x00000000000007c0      0x100 build/stm32f4xx_usart.o
 .debug_aranges
                0x00000000000008c0       0x88 build/stm32f4xx_gpio.o
 .debug_aranges
                0x0000000000000948       0x30 build/Delay.o
 .debug_aranges
                0x0000000000000978       0x38 build/main.o
 .debug_aranges
                0x00000000000009b0       0x50 build/stm32f4xx_it.o
 .debug_aranges
                0x0000000000000a00       0x58 build/os_sem.o
 .debug_aranges
                0x0000000000000a58       0x70 build/os_q.o
 .debug_aranges
                0x0000000000000ac8       0x40 build/os_time.o
 .debug_aranges
                0x0000000000000b08      0x128 build/os_core.o
 .debug_aranges
                0x0000000000000c30       0x98 build/os_task.o
 .debug_aranges
                0x0000000000000cc8       0x80 build/os_flag.o
 .debug_aranges
                0x0000000000000d48       0x90 build/os_tmr.o
 .debug_aranges
                0x0000000000000dd8       0x50 build/os_mem.o
 .debug_aranges
                0x0000000000000e28       0x58 build/app_hooks.o
 .debug_aranges
                0x0000000000000e80       0x20 build/os_dbg_r.o
 .debug_aranges
                0x0000000000000ea0       0x88 build/os_cpu_c.o
 .debug_aranges
                0x0000000000000f28      0x138 build/SEGGER_RTT.o
 .debug_aranges
                0x0000000000001060       0x80 build/SEGGER_SYSVIEW_uCOSII.o
 .debug_aranges
                0x00000000000010e0       0x28 build/SEGGER_SYSVIEW_Config_uCOSII.o
 .debug_aranges
                0x0000000000001108      0x2e8 build/SEGGER_SYSVIEW.o
 .debug_aranges
                0x00000000000013f0       0x28 build/startup_stm32f401xe.o
 .debug_aranges
                0x0000000000001418       0x20 build/os_cpu_a.o
 .debug_aranges
                0x0000000000001438       0x20 build/SEGGER_RTT_ASM_ARMv7M.o

.debug_ranges   0x0000000000000000     0x1220
 .debug_ranges  0x0000000000000000       0x88 build/OLED.o
 .debug_ranges  0x0000000000000088       0x48 build/ATKBLE01.o
 .debug_ranges  0x00000000000000d0       0x68 build/GY86.o
 .debug_ranges  0x0000000000000138       0x60 build/MyIIC.o
 .debug_ranges  0x0000000000000198       0x28 build/LD2.o
 .debug_ranges  0x00000000000001c0       0x28 build/PWM.o
 .debug_ranges  0x00000000000001e8       0x88 build/OLED2.o
 .debug_ranges  0x0000000000000270       0x18 build/Receiver2.o
 .debug_ranges  0x0000000000000288       0x18 build/system_stm32f4xx.o
 .debug_ranges  0x00000000000002a0      0x188 build/stm32f4xx_rcc.o
 .debug_ranges  0x0000000000000428      0x2e8 build/stm32f4xx_tim.o
 .debug_ranges  0x0000000000000710       0xf0 build/stm32f4xx_usart.o
 .debug_ranges  0x0000000000000800       0x78 build/stm32f4xx_gpio.o
 .debug_ranges  0x0000000000000878       0x20 build/Delay.o
 .debug_ranges  0x0000000000000898       0x28 build/main.o
 .debug_ranges  0x00000000000008c0       0x40 build/stm32f4xx_it.o
 .debug_ranges  0x0000000000000900       0x48 build/os_sem.o
 .debug_ranges  0x0000000000000948       0x60 build/os_q.o
 .debug_ranges  0x00000000000009a8       0x30 build/os_time.o
 .debug_ranges  0x00000000000009d8      0x118 build/os_core.o
 .debug_ranges  0x0000000000000af0       0x88 build/os_task.o
 .debug_ranges  0x0000000000000b78       0x70 build/os_flag.o
 .debug_ranges  0x0000000000000be8       0x80 build/os_tmr.o
 .debug_ranges  0x0000000000000c68       0x40 build/os_mem.o
 .debug_ranges  0x0000000000000ca8       0x48 build/app_hooks.o
 .debug_ranges  0x0000000000000cf0       0x10 build/os_dbg_r.o
 .debug_ranges  0x0000000000000d00       0x78 build/os_cpu_c.o
 .debug_ranges  0x0000000000000d78      0x128 build/SEGGER_RTT.o
 .debug_ranges  0x0000000000000ea0       0x70 build/SEGGER_SYSVIEW_uCOSII.o
 .debug_ranges  0x0000000000000f10       0x18 build/SEGGER_SYSVIEW_Config_uCOSII.o
 .debug_ranges  0x0000000000000f28      0x2d8 build/SEGGER_SYSVIEW.o
 .debug_ranges  0x0000000000001200       0x20 build/startup_stm32f401xe.o

.debug_line     0x0000000000000000     0xa3e9
 .debug_line    0x0000000000000000      0x4c4 build/OLED.o
 .debug_line    0x00000000000004c4      0x34b build/ATKBLE01.o
 .debug_line    0x000000000000080f      0x445 build/GY86.o
 .debug_line    0x0000000000000c54      0x27e build/MyIIC.o
 .debug_line    0x0000000000000ed2      0x150 build/LD2.o
 .debug_line    0x0000000000001022      0x1bb build/PWM.o
 .debug_line    0x00000000000011dd      0x4b3 build/OLED2.o
 .debug_line    0x0000000000001690      0x179 build/Receiver2.o
 .debug_line    0x0000000000001809      0x18f build/system_stm32f4xx.o
 .debug_line    0x0000000000001998      0x8ea build/stm32f4xx_rcc.o
 .debug_line    0x0000000000002282     0x100a build/stm32f4xx_tim.o
 .debug_line    0x000000000000328c      0x63d build/stm32f4xx_usart.o
 .debug_line    0x00000000000038c9      0x409 build/stm32f4xx_gpio.o
 .debug_line    0x0000000000003cd2      0x14e build/Delay.o
 .debug_line    0x0000000000003e20      0x2d3 build/main.o
 .debug_line    0x00000000000040f3       0xd1 build/stm32f4xx_it.o
 .debug_line    0x00000000000041c4      0x3bb build/os_sem.o
 .debug_line    0x000000000000457f      0x5fe build/os_q.o
 .debug_line    0x0000000000004b7d      0x1f0 build/os_time.o
 .debug_line    0x0000000000004d6d      0xb63 build/os_core.o
 .debug_line    0x00000000000058d0      0x780 build/os_task.o
 .debug_line    0x0000000000006050      0x715 build/os_flag.o
 .debug_line    0x0000000000006765      0x5e8 build/os_tmr.o
 .debug_line    0x0000000000006d4d      0x2f3 build/os_mem.o
 .debug_line    0x0000000000007040      0x109 build/app_hooks.o
 .debug_line    0x0000000000007149       0xb0 build/os_dbg_r.o
 .debug_line    0x00000000000071f9      0x27b build/os_cpu_c.o
 .debug_line    0x0000000000007474      0xa16 build/SEGGER_RTT.o
 .debug_line    0x0000000000007e8a      0x338 build/SEGGER_SYSVIEW_uCOSII.o
 .debug_line    0x00000000000081c2      0x12d build/SEGGER_SYSVIEW_Config_uCOSII.o
 .debug_line    0x00000000000082ef     0x1f25 build/SEGGER_SYSVIEW.o
 .debug_line    0x000000000000a214       0x7b build/startup_stm32f401xe.o
 .debug_line    0x000000000000a28f       0xcb build/os_cpu_a.o
 .debug_line    0x000000000000a35a       0x8f build/SEGGER_RTT_ASM_ARMv7M.o

.debug_str      0x0000000000000000     0x5552
 .debug_str     0x0000000000000000      0x449 build/OLED.o
                                        0x4d0 (size before relaxing)
 .debug_str     0x0000000000000449      0x51e build/ATKBLE01.o
                                        0x8c3 (size before relaxing)
 .debug_str     0x0000000000000967      0x1dd build/GY86.o
                                        0x3c8 (size before relaxing)
 .debug_str     0x0000000000000b44       0xb5 build/MyIIC.o
                                        0x418 (size before relaxing)
 .debug_str     0x0000000000000bf9       0x7e build/LD2.o
                                        0x3b7 (size before relaxing)
 .debug_str     0x0000000000000c77      0x216 build/PWM.o
                                        0x5b6 (size before relaxing)
 .debug_str     0x0000000000000e8d      0x119 build/OLED2.o
                                        0x4e2 (size before relaxing)
 .debug_str     0x0000000000000fa6      0x192 build/Receiver2.o
                                        0x44e (size before relaxing)
 .debug_str     0x0000000000001138       0x74 build/system_stm32f4xx.o
                                        0x388 (size before relaxing)
 .debug_str     0x00000000000011ac      0x5fb build/stm32f4xx_rcc.o
                                        0x920 (size before relaxing)
 .debug_str     0x00000000000017a7      0x9cf build/stm32f4xx_tim.o
                                        0xde4 (size before relaxing)
 .debug_str     0x0000000000002176      0x382 build/stm32f4xx_usart.o
                                        0x6a3 (size before relaxing)
 .debug_str     0x00000000000024f8      0x153 build/stm32f4xx_gpio.o
                                        0x4ad (size before relaxing)
 .debug_str     0x000000000000264b       0x54 build/Delay.o
                                        0x1e3 (size before relaxing)
 .debug_str     0x000000000000269f      0x413 build/main.o
                                        0x747 (size before relaxing)
 .debug_str     0x0000000000002ab2       0x87 build/stm32f4xx_it.o
                                        0x210 (size before relaxing)
 .debug_str     0x0000000000002b39      0x39b build/os_sem.o
                                        0x52b (size before relaxing)
 .debug_str     0x0000000000002ed4      0x112 build/os_q.o
                                        0x5aa (size before relaxing)
 .debug_str     0x0000000000002fe6       0x95 build/os_time.o
                                        0x4d6 (size before relaxing)
 .debug_str     0x000000000000307b      0x5b0 build/os_core.o
                                        0xac7 (size before relaxing)
 .debug_str     0x000000000000362b      0x153 build/os_task.o
                                        0x680 (size before relaxing)
 .debug_str     0x000000000000377e      0x125 build/os_flag.o
                                        0x627 (size before relaxing)
 .debug_str     0x00000000000038a3      0x117 build/os_tmr.o
                                        0x690 (size before relaxing)
 .debug_str     0x00000000000039ba       0xdd build/os_mem.o
                                        0x307 (size before relaxing)
 .debug_str     0x0000000000003a97       0xa4 build/app_hooks.o
                                        0x4aa (size before relaxing)
 .debug_str     0x0000000000003b3b      0x300 build/os_dbg_r.o
                                        0x587 (size before relaxing)
 .debug_str     0x0000000000003e3b      0x166 build/os_cpu_c.o