Archive member included to satisfy reference by file (symbol)

/Applications/ARM/bin/../lib/gcc/arm-none-eabi/10.3.1/../../../../arm-none-eabi/lib/thumb/v7e-m+fp/hard/libc_nano.a(lib_a-exit.o)
                              /Applications/ARM/bin/../lib/gcc/arm-none-eabi/10.3.1/../../../../arm-none-eabi/lib/thumb/v7e-m+fp/hard/crt0.o (exit)
/Applications/ARM/bin/../lib/gcc/arm-none-eabi/10.3.1/../../../../arm-none-eabi/lib/thumb/v7e-m+fp/hard/libc_nano.a(lib_a-impure.o)
                              /Applications/ARM/bin/../lib/gcc/arm-none-eabi/10.3.1/../../../../arm-none-eabi/lib/thumb/v7e-m+fp/hard/libc_nano.a(lib_a-exit.o) (_global_impure_ptr)
/Applications/ARM/bin/../lib/gcc/arm-none-eabi/10.3.1/../../../../arm-none-eabi/lib/thumb/v7e-m+fp/hard/libc_nano.a(lib_a-init.o)
                              /Applications/ARM/bin/../lib/gcc/arm-none-eabi/10.3.1/../../../../arm-none-eabi/lib/thumb/v7e-m+fp/hard/crt0.o (__libc_init_array)
/Applications/ARM/bin/../lib/gcc/arm-none-eabi/10.3.1/../../../../arm-none-eabi/lib/thumb/v7e-m+fp/hard/libc_nano.a(lib_a-memset.o)
                              /Applications/ARM/bin/../lib/gcc/arm-none-eabi/10.3.1/../../../../arm-none-eabi/lib/thumb/v7e-m+fp/hard/crt0.o (memset)
/Applications/ARM/bin/../lib/gcc/arm-none-eabi/10.3.1/../../../../arm-none-eabi/lib/thumb/v7e-m+fp/hard/libc_nano.a(lib_a-vsprintf.o)
                              build/ATKBLE01.o (vsprintf)
/Applications/ARM/bin/../lib/gcc/arm-none-eabi/10.3.1/../../../../arm-none-eabi/lib/thumb/v7e-m+fp/hard/libc_nano.a(lib_a-nano-svfprintf.o)
                              /Applications/ARM/bin/../lib/gcc/arm-none-eabi/10.3.1/../../../../arm-none-eabi/lib/thumb/v7e-m+fp/hard/libc_nano.a(lib_a-vsprintf.o) (_svfprintf_r)
/Applications/ARM/bin/../lib/gcc/arm-none-eabi/10.3.1/../../../../arm-none-eabi/lib/thumb/v7e-m+fp/hard/libc_nano.a(lib_a-nano-vfprintf_i.o)
                              /Applications/ARM/bin/../lib/gcc/arm-none-eabi/10.3.1/../../../../arm-none-eabi/lib/thumb/v7e-m+fp/hard/libc_nano.a(lib_a-nano-svfprintf.o) (_printf_i)
/Applications/ARM/bin/../lib/gcc/arm-none-eabi/10.3.1/../../../../arm-none-eabi/lib/thumb/v7e-m+fp/hard/libc_nano.a(lib_a-memchr.o)
                              /Applications/ARM/bin/../lib/gcc/arm-none-eabi/10.3.1/../../../../arm-none-eabi/lib/thumb/v7e-m+fp/hard/libc_nano.a(lib_a-nano-svfprintf.o) (memchr)
/Applications/ARM/bin/../lib/gcc/arm-none-eabi/10.3.1/../../../../arm-none-eabi/lib/thumb/v7e-m+fp/hard/libc_nano.a(lib_a-memcpy-stub.o)
                              /Applications/ARM/bin/../lib/gcc/arm-none-eabi/10.3.1/../../../../arm-none-eabi/lib/thumb/v7e-m+fp/hard/libc_nano.a(lib_a-nano-svfprintf.o) (memcpy)
/Applications/ARM/bin/../lib/gcc/arm-none-eabi/10.3.1/../../../../arm-none-eabi/lib/thumb/v7e-m+fp/hard/libc_nano.a(lib_a-memmove.o)
                              /Applications/ARM/bin/../lib/gcc/arm-none-eabi/10.3.1/../../../../arm-none-eabi/lib/thumb/v7e-m+fp/hard/libc_nano.a(lib_a-nano-svfprintf.o) (memmove)
/Applications/ARM/bin/../lib/gcc/arm-none-eabi/10.3.1/../../../../arm-none-eabi/lib/thumb/v7e-m+fp/hard/libc_nano.a(lib_a-nano-freer.o)
                              /Applications/ARM/bin/../lib/gcc/arm-none-eabi/10.3.1/../../../../arm-none-eabi/lib/thumb/v7e-m+fp/hard/libc_nano.a(lib_a-nano-svfprintf.o) (_free_r)
/Applications/ARM/bin/../lib/gcc/arm-none-eabi/10.3.1/../../../../arm-none-eabi/lib/thumb/v7e-m+fp/hard/libc_nano.a(lib_a-nano-mallocr.o)
                              /Applications/ARM/bin/../lib/gcc/arm-none-eabi/10.3.1/../../../../arm-none-eabi/lib/thumb/v7e-m+fp/hard/libc_nano.a(lib_a-nano-svfprintf.o) (_malloc_r)
/Applications/ARM/bin/../lib/gcc/arm-none-eabi/10.3.1/../../../../arm-none-eabi/lib/thumb/v7e-m+fp/hard/libc_nano.a(lib_a-nano-reallocr.o)
                              /Applications/ARM/bin/../lib/gcc/arm-none-eabi/10.3.1/../../../../arm-none-eabi/lib/thumb/v7e-m+fp/hard/libc_nano.a(lib_a-nano-svfprintf.o) (_realloc_r)
/Applications/ARM/bin/../lib/gcc/arm-none-eabi/10.3.1/../../../../arm-none-eabi/lib/thumb/v7e-m+fp/hard/libc_nano.a(lib_a-sbrkr.o)
                              /Applications/ARM/bin/../lib/gcc/arm-none-eabi/10.3.1/../../../../arm-none-eabi/lib/thumb/v7e-m+fp/hard/libc_nano.a(lib_a-nano-mallocr.o) (_sbrk_r)
/Applications/ARM/bin/../lib/gcc/arm-none-eabi/10.3.1/../../../../arm-none-eabi/lib/thumb/v7e-m+fp/hard/libc_nano.a(lib_a-mlock.o)
                              /Applications/ARM/bin/../lib/gcc/arm-none-eabi/10.3.1/../../../../arm-none-eabi/lib/thumb/v7e-m+fp/hard/libc_nano.a(lib_a-nano-freer.o) (__malloc_lock)
/Applications/ARM/bin/../lib/gcc/arm-none-eabi/10.3.1/../../../../arm-none-eabi/lib/thumb/v7e-m+fp/hard/libc_nano.a(lib_a-nano-msizer.o)
                              /Applications/ARM/bin/../lib/gcc/arm-none-eabi/10.3.1/../../../../arm-none-eabi/lib/thumb/v7e-m+fp/hard/libc_nano.a(lib_a-nano-reallocr.o) (_malloc_usable_size_r)
[...]
Memory Configuration

Name             Origin             Length             Attributes
RAM              0x0000000020000000 0x0000000000018000 xrw
FLASH            0x0000000008000000 0x0000000000080000 xr
*default*        0x0000000000000000 0xffffffffffffffff

Linker script and memory map

LOAD /Applications/ARM/bin/../lib/gcc/arm-none-eabi/10.3.1/thumb/v7e-m+fp/hard/crti.o
LOAD /Applications/ARM/bin/../lib/gcc/arm-none-eabi/10.3.1/thumb/v7e-m+fp/hard/crtbegin.o
LOAD /Applications/ARM/bin/../lib/gcc/arm-none-eabi/10.3.1/../../../../arm-none-eabi/lib/thumb/v7e-m+fp/hard/crt0.o
LOAD build/OLED.o
LOAD build/ATKBLE01.o
LOAD build/GY86.o
LOAD build/MyIIC.o
LOAD build/LD2.o
LOAD build/PWM.o
LOAD build/OLED2.o
LOAD build/Receiver2.o
LOAD build/system_stm32f4xx.o
LOAD build/stm32f4xx_dma2d.o
LOAD build/stm32f4xx_spdifrx.o
LOAD build/stm32f4xx_i2c.o
LOAD build/stm32f4xx_hash_sha1.o
LOAD build/stm32f4xx_cryp_des.o
LOAD build/stm32f4xx_cryp_aes.o
LOAD build/stm32f4xx_fmpi2c.o
LOAD build/stm32f4xx_dfsdm.o
LOAD build/stm32f4xx_wwdg.o
LOAD build/stm32f4xx_rcc.o
LOAD build/stm32f4xx_exti.o
LOAD build/stm32f4xx_tim.o
LOAD build/stm32f4xx_hash_md5.o
LOAD build/stm32f4xx_iwdg.o
LOAD build/stm32f4xx_spi.o
LOAD build/stm32f4xx_rtc.o
LOAD build/stm32f4xx_usart.o
LOAD build/stm32f4xx_gpio.o
LOAD build/stm32f4xx_rng.o
LOAD build/stm32f4xx_lptim.o
LOAD build/stm32f4xx_can.o
LOAD build/stm32f4xx_sdio.o
LOAD build/stm32f4xx_cryp_tdes.o
LOAD build/stm32f4xx_dsi.o
LOAD build/stm32f4xx_crc.o
LOAD build/stm32f4xx_flash_ramfunc.o
LOAD build/stm32f4xx_dbgmcu.o
LOAD build/stm32f4xx_qspi.o
LOAD build/stm32f4xx_pwr.o
LOAD build/stm32f4xx_syscfg.o
LOAD build/stm32f4xx_hash.o
LOAD build/stm32f4xx_dcmi.o
LOAD build/misc.o
LOAD build/stm32f4xx_cec.o
LOAD build/stm32f4xx_cryp.o
LOAD build/stm32f4xx_ltdc.o
LOAD build/stm32f4xx_dac.o
LOAD build/stm32f4xx_sai.o
LOAD build/stm32f4xx_flash.o
LOAD build/stm32f4xx_dma.o
LOAD build/stm32f4xx_adc.o
LOAD build/Delay.o
LOAD build/main.o
LOAD build/stm32f4xx_it.o
LOAD build/os_sem.o
LOAD build/os_mbox.o
LOAD build/os_q.o
LOAD build/os_mutex.o
LOAD build/os_time.o
LOAD build/os_core.o
LOAD build/os_task.o
LOAD build/os_flag.o
LOAD build/os_tmr.o
LOAD build/os_mem.o
LOAD build/app_hooks.o
LOAD build/os_dbg_r.o
LOAD build/os_cpu_c.o
LOAD build/startup_stm32f401xe.o
LOAD build/os_cpu_a.o
LOAD /Applications/ARM/bin/../lib/gcc/arm-none-eabi/10.3.1/../../../../arm-none-eabi/lib/thumb/v7e-m+fp/hard/libc_nano.a
LOAD /Applications/ARM/bin/../lib/gcc/arm-none-eabi/10.3.1/../../../../arm-none-eabi/lib/thumb/v7e-m+fp/hard/libm.a
LOAD /Applications/ARM/bin/../lib/gcc/arm-none-eabi/10.3.1/../../../../arm-none-eabi/lib/thumb/v7e-m+fp/hard/libnosys.a
START GROUP
LOAD /Applications/ARM/bin/../lib/gcc/arm-none-eabi/10.3.1/thumb/v7e-m+fp/hard/libgcc.a
LOAD /Applications/ARM/bin/../lib/gcc/arm-none-eabi/10.3.1/../../../../arm-none-eabi/lib/thumb/v7e-m+fp/hard/libc_nano.a
END GROUP
START GROUP
LOAD /Applications/ARM/bin/../lib/gcc/arm-none-eabi/10.3.1/thumb/v7e-m+fp/hard/libgcc.a
LOAD /Applications/ARM/bin/../lib/gcc/arm-none-eabi/10.3.1/../../../../arm-none-eabi/lib/thumb/v7e-m+fp/hard/libc_nano.a
END GROUP
LOAD /Applications/ARM/bin/../lib/gcc/arm-none-eabi/10.3.1/thumb/v7e-m+fp/hard/crtend.o
LOAD /Applications/ARM/bin/../lib/gcc/arm-none-eabi/10.3.1/thumb/v7e-m+fp/hard/crtn.o
                0x0000000020018000                _estack = (ORIGIN (RAM) + LENGTH (RAM))
                0x0000000000000200                _Min_Heap_Size = 0x200
                0x0000000000000400                _Min_Stack_Size = 0x400

.isr_vector     0x0000000008000000      0x194
                0x0000000008000000                . = ALIGN (0x4)
 *(.isr_vector)
 .isr_vector    0x0000000008000000      0x194 build/startup_stm32f401xe.o
                0x0000000008000000                g_pfnVectors
                0x0000000008000194                . = ALIGN (0x4)

.text           0x0000000008000194      0x868
                0x0000000008000194                . = ALIGN (0x4)
 *(.text)
 .text          0x0000000008000194       0x40 /Applications/ARM/bin/../lib/gcc/arm-none-eabi/10.3.1/thumb/v7e-m+fp/hard/crtbegin.o
 *(.text*)
 .text.LD2_init
                0x00000000080001d4       0x34 build/LD2.o
                0x00000000080001d4                LD2_init
 .text.LD2_ON   0x0000000008000208       0x14 build/LD2.o
                0x0000000008000208                LD2_ON
 .text.LD2_OFF  0x000000000800021c       0x14 build/LD2.o
                0x000000000800021c                LD2_OFF
 .text.TIM2_IRQHandler
                0x0000000008000230       0x9c build/Receiver2.o
                0x0000000008000230                TIM2_IRQHandler
 .text.SystemInit
                0x00000000080002cc       0x24 build/system_stm32f4xx.o
                0x00000000080002cc                SystemInit
 .text.RCC_GetClocksFreq
                0x00000000080002f0      0x15c build/stm32f4xx_rcc.o
                0x00000000080002f0                RCC_GetClocksFreq
 .text.RCC_AHB1PeriphClockCmd
                0x000000000800044c       0x40 build/stm32f4xx_rcc.o
                0x000000000800044c                RCC_AHB1PeriphClockCmd
 .text.GPIO_Init
                0x000000000800048c      0x11e build/stm32f4xx_gpio.o
                0x000000000800048c                GPIO_Init
 .text.GPIO_SetBits
                0x00000000080005aa       0x1e build/stm32f4xx_gpio.o
                0x00000000080005aa                GPIO_SetBits
 .text.GPIO_ResetBits
                0x00000000080005c8       0x20 build/stm32f4xx_gpio.o
                0x00000000080005c8                GPIO_ResetBits
 .text.Delay_ms
                0x00000000080005e8      0x154 build/Delay.o
                0x00000000080005e8                Delay_ms
 .text.NVIC_SetPriority
                0x000000000800073c       0x54 build/main.o
 .text.SysTick_Config
                0x0000000008000790       0x44 build/main.o
 .text.main     0x00000000080007d4       0xc8 build/main.o
                0x00000000080007d4                main
 .text.Delay    0x000000000800089c       0x2c build/main.o
 .text.TimingDelay_Decrement
                0x00000000080008c8       0x24 build/main.o
                0x00000000080008c8                TimingDelay_Decrement
 .text.NMI_Handler
                0x00000000080008ec        0xe build/stm32f4xx_it.o
                0x00000000080008ec                NMI_Handler
 .text.HardFault_Handler
                0x00000000080008fa        0x6 build/stm32f4xx_it.o
                0x00000000080008fa                HardFault_Handler
 .text.MemManage_Handler
                0x0000000008000900        0x6 build/stm32f4xx_it.o
                0x0000000008000900                MemManage_Handler
 .text.BusFault_Handler
                0x0000000008000906        0x6 build/stm32f4xx_it.o
                0x0000000008000906                BusFault_Handler
 .text.UsageFault_Handler
                0x000000000800090c        0x6 build/stm32f4xx_it.o
                0x000000000800090c                UsageFault_Handler
 .text.SVC_Handler
                0x0000000008000912        0xe build/stm32f4xx_it.o
                0x0000000008000912                SVC_Handler
 .text.DebugMon_Handler
                0x0000000008000920        0xe build/stm32f4xx_it.o
                0x0000000008000920                DebugMon_Handler
 .text.PendSV_Handler
                0x000000000800092e        0xe build/stm32f4xx_it.o
                0x000000000800092e                PendSV_Handler
 .text.SysTick_Handler
                0x000000000800093c        0xc build/stm32f4xx_it.o
                0x000000000800093c                SysTick_Handler
 .text.Reset_Handler
                0x0000000008000948       0x50 build/startup_stm32f401xe.o
                0x0000000008000948                Reset_Handler
 .text.Default_Handler
                0x0000000008000998        0x2 build/startup_stm32f401xe.o
                0x0000000008000998                DMA1_Stream3_IRQHandler
                0x0000000008000998                EXTI2_IRQHandler
                0x0000000008000998                SPI4_IRQHandler
                0x0000000008000998                TIM1_CC_IRQHandler
                0x0000000008000998                DMA2_Stream5_IRQHandler
                0x0000000008000998                DMA1_Stream5_IRQHandler
                0x0000000008000998                PVD_IRQHandler
                0x0000000008000998                SDIO_IRQHandler
                0x0000000008000998                TAMP_STAMP_IRQHandler
                0x0000000008000998                EXTI3_IRQHandler
                0x0000000008000998                TIM1_UP_TIM10_IRQHandler
                0x0000000008000998                I2C3_ER_IRQHandler
                0x0000000008000998                EXTI0_IRQHandler
                0x0000000008000998                I2C2_EV_IRQHandler
                0x0000000008000998                DMA1_Stream2_IRQHandler
                0x0000000008000998                FPU_IRQHandler
                0x0000000008000998                DMA2_Stream2_IRQHandler
                0x0000000008000998                SPI1_IRQHandler
                0x0000000008000998                TIM1_BRK_TIM9_IRQHandler
                0x0000000008000998                DMA2_Stream3_IRQHandler
                0x0000000008000998                USART6_IRQHandler
                0x0000000008000998                DMA2_Stream0_IRQHandler
                0x0000000008000998                TIM4_IRQHandler
                0x0000000008000998                I2C1_EV_IRQHandler
                0x0000000008000998                DMA1_Stream6_IRQHandler
                0x0000000008000998                DMA1_Stream1_IRQHandler
                0x0000000008000998                TIM3_IRQHandler
                0x0000000008000998                RCC_IRQHandler
                0x0000000008000998                Default_Handler
                0x0000000008000998                EXTI15_10_IRQHandler
                0x0000000008000998                ADC_IRQHandler
                0x0000000008000998                DMA1_Stream7_IRQHandler
                0x0000000008000998                TIM5_IRQHandler
                0x0000000008000998                DMA2_Stream7_IRQHandler
                0x0000000008000998                I2C3_EV_IRQHandler
                0x0000000008000998                EXTI9_5_IRQHandler
                0x0000000008000998                RTC_WKUP_IRQHandler
                0x0000000008000998                SPI2_IRQHandler
                0x0000000008000998                DMA1_Stream0_IRQHandler
                0x0000000008000998                EXTI4_IRQHandler
                0x0000000008000998                WWDG_IRQHandler
                0x0000000008000998                OTG_FS_WKUP_IRQHandler
                0x0000000008000998                TIM1_TRG_COM_TIM11_IRQHandler
                0x0000000008000998                EXTI1_IRQHandler
                0x0000000008000998                USART2_IRQHandler
                0x0000000008000998                I2C2_ER_IRQHandler
                0x0000000008000998                DMA2_Stream1_IRQHandler
                0x0000000008000998                FLASH_IRQHandler
                0x0000000008000998                DMA2_Stream4_IRQHandler
                0x0000000008000998                USART1_IRQHandler
                0x0000000008000998                OTG_FS_IRQHandler
                0x0000000008000998                SPI3_IRQHandler
                0x0000000008000998                DMA1_Stream4_IRQHandler
                0x0000000008000998                I2C1_ER_IRQHandler
                0x0000000008000998                DMA2_Stream6_IRQHandler
                0x0000000008000998                RTC_Alarm_IRQHandler
 *fill*         0x000000000800099a        0x2 
 .text.__libc_init_array
                0x000000000800099c       0x48 /Applications/ARM/bin/../lib/gcc/arm-none-eabi/10.3.1/../../../../arm-none-eabi/lib/thumb/v7e-m+fp/hard/libc_nano.a(lib_a-init.o)
                0x000000000800099c                __libc_init_array
 *(.glue_7)
 .glue_7        0x00000000080009e4        0x0 linker stubs
 *(.glue_7t)
 .glue_7t       0x00000000080009e4        0x0 linker stubs
 *(.eh_frame)
 .eh_frame      0x00000000080009e4        0x0 /Applications/ARM/bin/../lib/gcc/arm-none-eabi/10.3.1/thumb/v7e-m+fp/hard/crtbegin.o
 *(.init)
 .init          0x00000000080009e4        0x4 /Applications/ARM/bin/../lib/gcc/arm-none-eabi/10.3.1/thumb/v7e-m+fp/hard/crti.o
                0x00000000080009e4                _init
 .init          0x00000000080009e8        0x8 /Applications/ARM/bin/../lib/gcc/arm-none-eabi/10.3.1/thumb/v7e-m+fp/hard/crtn.o
 *(.fini)
 .fini          0x00000000080009f0        0x4 /Applications/ARM/bin/../lib/gcc/arm-none-eabi/10.3.1/thumb/v7e-m+fp/hard/crti.o
                0x00000000080009f0                _fini
 .fini          0x00000000080009f4        0x8 /Applications/ARM/bin/../lib/gcc/arm-none-eabi/10.3.1/thumb/v7e-m+fp/hard/crtn.o
                0x00000000080009fc                . = ALIGN (0x4)
                0x00000000080009fc                _etext = .

.vfp11_veneer   0x00000000080009fc        0x0
 .vfp11_veneer  0x00000000080009fc        0x0 linker stubs

.v4_bx          0x00000000080009fc        0x0
 .v4_bx         0x00000000080009fc        0x0 linker stubs

.iplt           0x00000000080009fc        0x0
 .iplt          0x00000000080009fc        0x0 /Applications/ARM/bin/../lib/gcc/arm-none-eabi/10.3.1/thumb/v7e-m+fp/hard/crtbegin.o

.rel.dyn        0x00000000080009fc        0x0
 .rel.iplt      0x00000000080009fc        0x0 /Applications/ARM/bin/../lib/gcc/arm-none-eabi/10.3.1/thumb/v7e-m+fp/hard/crtbegin.o

.rodata         0x00000000080009fc        0x0
                0x00000000080009fc                . = ALIGN (0x4)
 *(.rodata)
 *(.rodata*)
                0x00000000080009fc                . = ALIGN (0x4)

.ARM.extab
 *(.ARM.extab* .gnu.linkonce.armextab.*)

.ARM            0x00000000080009fc        0x0
                0x00000000080009fc                __exidx_start = .
 *(.ARM.exidx*)
                0x00000000080009fc                __exidx_end = .

.preinit_array  0x00000000080009fc        0x0
                0x00000000080009fc                PROVIDE (__preinit_array_start = .)
 *(.preinit_array*)
                0x00000000080009fc                PROVIDE (__preinit_array_end = .)

.init_array     0x00000000080009fc        0x4
                0x00000000080009fc                PROVIDE (__init_array_start = .)
 *(SORT_BY_NAME(.init_array.*))
 *(.init_array*)
 .init_array    0x00000000080009fc        0x4 /Applications/ARM/bin/../lib/gcc/arm-none-eabi/10.3.1/thumb/v7e-m+fp/hard/crtbegin.o
                0x0000000008000a00                PROVIDE (__init_array_end = .)

.fini_array     0x0000000008000a00        0x4
                [!provide]                        PROVIDE (__fini_array_start = .)
 *(SORT_BY_NAME(.fini_array.*))
 *(.fini_array*)
 .fini_array    0x0000000008000a00        0x4 /Applications/ARM/bin/../lib/gcc/arm-none-eabi/10.3.1/thumb/v7e-m+fp/hard/crtbegin.o
                [!provide]                        PROVIDE (__fini_array_end = .)
                0x0000000008000a04                _sidata = LOADADDR (.data)

.data           0x0000000020000000       0x10 load address 0x0000000008000a04
                0x0000000020000000                . = ALIGN (0x4)
                0x0000000020000000                _sdata = .
 *(.data)
 *(.data*)
 .data.APBAHBPrescTable
                0x0000000020000000       0x10 build/stm32f4xx_rcc.o
                0x0000000020000010                . = ALIGN (0x4)
                0x0000000020000010                _edata = .

.igot.plt       0x0000000020000010        0x0 load address 0x0000000008000a14
 .igot.plt      0x0000000020000010        0x0 /Applications/ARM/bin/../lib/gcc/arm-none-eabi/10.3.1/thumb/v7e-m+fp/hard/crtbegin.o
                0x0000000020000010                . = ALIGN (0x4)

.bss            0x0000000020000010       0x48 load address 0x0000000008000a14
                0x0000000020000010                _sbss = .
                0x0000000020000010                __bss_start__ = _sbss
 *(.bss)
 .bss           0x0000000020000010       0x1c /Applications/ARM/bin/../lib/gcc/arm-none-eabi/10.3.1/thumb/v7e-m+fp/hard/crtbegin.o
 *(.bss*)
 .bss.CH2       0x000000002000002c       0x12 build/Receiver2.o
                0x000000002000002c                CH2
 .bss.i2        0x000000002000003e        0x2 build/Receiver2.o
                0x000000002000003e                i2
 .bss.okay2     0x0000000020000040        0x2 build/Receiver2.o
                0x0000000020000040                okay2
 *fill*         0x0000000020000042        0x2 
 .bss.uwTimingDelay
                0x0000000020000044        0x4 build/main.o
 .bss.RCC_Clocks
                0x0000000020000048       0x10 build/main.o
                0x0000000020000048                RCC_Clocks
 *(COMMON)
                0x0000000020000058                . = ALIGN (0x4)
                0x0000000020000058                _ebss = .
                0x0000000020000058                __bss_end__ = _ebss

._user_heap_stack
                0x0000000020000058      0x600 load address 0x0000000008000a14
                0x0000000020000058                . = ALIGN (0x8)
                0x0000000020000058                PROVIDE (end = .)
                [!provide]                        PROVIDE (_end = .)
                0x0000000020000258                . = (. + _Min_Heap_Size)
 *fill*         0x0000000020000058      0x200 
                0x0000000020000658                . = (. + _Min_Stack_Size)
 *fill*         0x0000000020000258      0x400 
                0x0000000020000658                . = ALIGN (0x8)

/DISCARD/
 libc.a(*)
 libm.a(*)
 libgcc.a(*)

.ARM.attributes
                0x0000000000000000       0x30
 *(.ARM.attributes)
 .ARM.attributes
                0x0000000000000000       0x1e /Applications/ARM/bin/../lib/gcc/arm-none-eabi/10.3.1/thumb/v7e-m+fp/hard/crti.o
 .ARM.attributes
                0x000000000000001e       0x34 /Applications/ARM/bin/../lib/gcc/arm-none-eabi/10.3.1/thumb/v7e-m+fp/hard/crtbegin.o
 .ARM.attributes
                0x0000000000000052       0x34 build/LD2.o
 .ARM.attributes
                0x0000000000000086       0x34 build/Receiver2.o
 .ARM.attributes
                0x00000000000000ba       0x34 build/system_stm32f4xx.o
 .ARM.attributes
                0x00000000000000ee       0x34 build/stm32f4xx_rcc.o
 .ARM.attributes
                0x0000000000000122       0x34 build/stm32f4xx_gpio.o
 .ARM.attributes
                0x0000000000000156       0x34 build/Delay.o
 .ARM.attributes
                0x000000000000018a       0x34 build/main.o
 .ARM.attributes
                0x00000000000001be       0x34 build/stm32f4xx_it.o
 .ARM.attributes
                0x00000000000001f2       0x21 build/startup_stm32f401xe.o
 .ARM.attributes
                0x0000000000000213       0x34 /Applications/ARM/bin/../lib/gcc/arm-none-eabi/10.3.1/../../../../arm-none-eabi/lib/thumb/v7e-m+fp/hard/libc_nano.a(lib_a-init.o)
 .ARM.attributes
                0x0000000000000247       0x1e /Applications/ARM/bin/../lib/gcc/arm-none-eabi/10.3.1/thumb/v7e-m+fp/hard/crtn.o
OUTPUT(build/HeiGuan.elf elf32-littlearm)
LOAD linker stubs
LOAD /Applications/ARM/bin/../lib/gcc/arm-none-eabi/10.3.1/../../../../arm-none-eabi/lib/thumb/v7e-m+fp/hard/libc.a
LOAD /Applications/ARM/bin/../lib/gcc/arm-none-eabi/10.3.1/../../../../arm-none-eabi/lib/thumb/v7e-m+fp/hard/libm.a
LOAD /Applications/ARM/bin/../lib/gcc/arm-none-eabi/10.3.1/thumb/v7e-m+fp/hard/libgcc.a

.debug_info     0x0000000000000000     0x35b0
 .debug_info    0x0000000000000000      0x331 build/LD2.o
 .debug_info    0x0000000000000331      0x9fc build/Receiver2.o
 .debug_info    0x0000000000000d2d      0x5c7 build/system_stm32f4xx.o
 .debug_info    0x00000000000012f4      0xf30 build/stm32f4xx_rcc.o
 .debug_info    0x0000000000002224      0x69c build/stm32f4xx_gpio.o
 .debug_info    0x00000000000028c0      0x220 build/Delay.o
 .debug_info    0x0000000000002ae0      0x961 build/main.o
 .debug_info    0x0000000000003441      0x14d build/stm32f4xx_it.o
 .debug_info    0x000000000000358e       0x22 build/startup_stm32f401xe.o

.debug_abbrev   0x0000000000000000      0xad8
 .debug_abbrev  0x0000000000000000      0x155 build/LD2.o
 .debug_abbrev  0x0000000000000155      0x14b build/Receiver2.o
 .debug_abbrev  0x00000000000002a0      0x128 build/system_stm32f4xx.o
 .debug_abbrev  0x00000000000003c8      0x1d5 build/stm32f4xx_rcc.o
 .debug_abbrev  0x000000000000059d      0x1c2 build/stm32f4xx_gpio.o
 .debug_abbrev  0x000000000000075f      0x11b build/Delay.o
 .debug_abbrev  0x000000000000087a      0x1ec build/main.o
 .debug_abbrev  0x0000000000000a66       0x60 build/stm32f4xx_it.o
 .debug_abbrev  0x0000000000000ac6       0x12 build/startup_stm32f401xe.o

.debug_loc      0x0000000000000000     0x1c80
 .debug_loc     0x0000000000000000       0xf8 build/LD2.o
 .debug_loc     0x00000000000000f8       0xa0 build/Receiver2.o
 .debug_loc     0x0000000000000198       0xa0 build/system_stm32f4xx.o
 .debug_loc     0x0000000000000238     0x10ec build/stm32f4xx_rcc.o
 .debug_loc     0x0000000000001324      0x4fc build/stm32f4xx_gpio.o
 .debug_loc     0x0000000000001820       0xf0 build/Delay.o
 .debug_loc     0x0000000000001910      0x184 build/main.o
 .debug_loc     0x0000000000001a94      0x1ec build/stm32f4xx_it.o

.debug_aranges  0x0000000000000000      0x3a0
 .debug_aranges
                0x0000000000000000       0x38 build/LD2.o
 .debug_aranges
                0x0000000000000038       0x28 build/Receiver2.o
 .debug_aranges
                0x0000000000000060       0x28 build/system_stm32f4xx.o
 .debug_aranges
                0x0000000000000088      0x198 build/stm32f4xx_rcc.o
 .debug_aranges
                0x0000000000000220       0x88 build/stm32f4xx_gpio.o
 .debug_aranges
                0x00000000000002a8       0x30 build/Delay.o
 .debug_aranges
                0x00000000000002d8       0x40 build/main.o
 .debug_aranges
                0x0000000000000318       0x60 build/stm32f4xx_it.o
 .debug_aranges
                0x0000000000000378       0x28 build/startup_stm32f401xe.o

.debug_ranges   0x0000000000000000      0x318
 .debug_ranges  0x0000000000000000       0x28 build/LD2.o
 .debug_ranges  0x0000000000000028       0x18 build/Receiver2.o
 .debug_ranges  0x0000000000000040       0x18 build/system_stm32f4xx.o
 .debug_ranges  0x0000000000000058      0x188 build/stm32f4xx_rcc.o
 .debug_ranges  0x00000000000001e0       0x78 build/stm32f4xx_gpio.o
 .debug_ranges  0x0000000000000258       0x20 build/Delay.o
 .debug_ranges  0x0000000000000278       0x30 build/main.o
 .debug_ranges  0x00000000000002a8       0x50 build/stm32f4xx_it.o
 .debug_ranges  0x00000000000002f8       0x20 build/startup_stm32f401xe.o

.debug_line     0x0000000000000000     0x172a
 .debug_line    0x0000000000000000      0x150 build/LD2.o
 .debug_line    0x0000000000000150      0x179 build/Receiver2.o
 .debug_line    0x00000000000002c9      0x18f build/system_stm32f4xx.o
 .debug_line    0x0000000000000458      0x8ea build/stm32f4xx_rcc.o
 .debug_line    0x0000000000000d42      0x409 build/stm32f4xx_gpio.o
 .debug_line    0x000000000000114b      0x240 build/Delay.o
 .debug_line    0x000000000000138b      0x22d build/main.o
 .debug_line    0x00000000000015b8       0xfc build/stm32f4xx_it.o
 .debug_line    0x00000000000016b4       0x76 build/startup_stm32f401xe.o

.debug_str      0x0000000000000000     0x12c7
 .debug_str     0x0000000000000000      0x332 build/LD2.o
                                        0x381 (size before relaxing)
 .debug_str     0x0000000000000332      0x27c build/Receiver2.o
                                        0x44e (size before relaxing)
 .debug_str     0x00000000000005ae       0x74 build/system_stm32f4xx.o
                                        0x388 (size before relaxing)
 .debug_str     0x0000000000000622      0x5fb build/stm32f4xx_rcc.o
                                        0x920 (size before relaxing)
 .debug_str     0x0000000000000c1d      0x174 build/stm32f4xx_gpio.o
                                        0x4ad (size before relaxing)
 .debug_str     0x0000000000000d91       0x54 build/Delay.o
                                        0x239 (size before relaxing)
 .debug_str     0x0000000000000de5      0x418 build/main.o
                                        0x8ab (size before relaxing)
 .debug_str     0x00000000000011fd       0xa6 build/stm32f4xx_it.o
                                        0x222 (size before relaxing)
 .debug_str     0x00000000000012a3       0x24 build/startup_stm32f401xe.o
                                         0x62 (size before relaxing)

.comment        0x0000000000000000       0x49
 .comment       0x0000000000000000       0x49 build/LD2.o
                                         0x4a (size before relaxing)
 .comment       0x0000000000000049       0x4a build/Receiver2.o
 .comment       0x0000000000000049       0x4a build/system_stm32f4xx.o
 .comment       0x0000000000000049       0x4a build/stm32f4xx_rcc.o
 .comment       0x0000000000000049       0x4a build/stm32f4xx_gpio.o
 .comment       0x0000000000000049       0x4a build/Delay.o
 .comment       0x0000000000000049       0x4a build/main.o
 .comment       0x0000000000000049       0x4a build/stm32f4xx_it.o

.debug_frame    0x0000000000000000      0xd70
 .debug_frame   0x0000000000000000       0x90 build/LD2.o
 .debug_frame   0x0000000000000090       0x58 build/Receiver2.o
 .debug_frame   0x00000000000000e8       0x58 build/system_stm32f4xx.o
 .debug_frame   0x0000000000000140      0x774 build/stm32f4xx_rcc.o
 .debug_frame   0x00000000000008b4      0x23c build/stm32f4xx_gpio.o
 .debug_frame   0x0000000000000af0       0x84 build/Delay.o
 .debug_frame   0x0000000000000b74       0xc4 build/main.o
 .debug_frame   0x0000000000000c38      0x10c build/stm32f4xx_it.o
 .debug_frame   0x0000000000000d44       0x2c /Applications/ARM/bin/../lib/gcc/arm-none-eabi/10.3.1/../../../../arm-none-eabi/lib/thumb/v7e-m+fp/hard/libc_nano.a(lib_a-init.o)

Cross Reference Table

Symbol                                            File
ADC_AnalogWatchdogCmd                             build/stm32f4xx_adc.o
ADC_AnalogWatchdogSingleChannelConfig             build/stm32f4xx_adc.o
ADC_AnalogWatchdogThresholdsConfig                build/stm32f4xx_adc.o
ADC_AutoInjectedConvCmd                           build/stm32f4xx_adc.o
ADC_ClearFlag                                     build/stm32f4xx_adc.o
ADC_ClearITPendingBit                             build/stm32f4xx_adc.o
ADC_Cmd                                           build/stm32f4xx_adc.o
ADC_CommonInit                                    build/stm32f4xx_adc.o
ADC_CommonStructInit                              build/stm32f4xx_adc.o
ADC_ContinuousModeCmd                             build/stm32f4xx_adc.o
ADC_DMACmd                                        build/stm32f4xx_adc.o
ADC_DMARequestAfterLastTransferCmd                build/stm32f4xx_adc.o
ADC_DeInit                                        build/stm32f4xx_adc.o
ADC_DiscModeChannelCountConfig                    build/stm32f4xx_adc.o
ADC_DiscModeCmd                                   build/stm32f4xx_adc.o
ADC_EOCOnEachRegularChannelCmd                    build/stm32f4xx_adc.o
ADC_ExternalTrigInjectedConvConfig                build/stm32f4xx_adc.o
ADC_ExternalTrigInjectedConvEdgeConfig            build/stm32f4xx_adc.o
ADC_GetConversionValue                            build/stm32f4xx_adc.o
ADC_GetFlagStatus                                 build/stm32f4xx_adc.o
ADC_GetITStatus                                   build/stm32f4xx_adc.o
ADC_GetInjectedConversionValue                    build/stm32f4xx_adc.o
ADC_GetMultiModeConversionValue                   build/stm32f4xx_adc.o
ADC_GetSoftwareStartConvStatus                    build/stm32f4xx_adc.o
ADC_GetSoftwareStartInjectedConvCmdStatus         build/stm32f4xx_adc.o
ADC_IRQHandler                                    build/startup_stm32f401xe.o
ADC_ITConfig                                      build/stm32f4xx_adc.o
ADC_Init                                          build/stm32f4xx_adc.o
ADC_InjectedChannelConfig                         build/stm32f4xx_adc.o
ADC_InjectedDiscModeCmd                           build/stm32f4xx_adc.o
ADC_InjectedSequencerLengthConfig                 build/stm32f4xx_adc.o
ADC_MultiModeDMARequestAfterLastTransferCmd       build/stm32f4xx_adc.o
ADC_RegularChannelConfig                          build/stm32f4xx_adc.o
ADC_SetInjectedOffset                             build/stm32f4xx_adc.o
ADC_SoftwareStartConv                             build/stm32f4xx_adc.o
ADC_SoftwareStartInjectedConv                     build/stm32f4xx_adc.o
ADC_StructInit                                    build/stm32f4xx_adc.o
ADC_TempSensorVrefintCmd                          build/stm32f4xx_adc.o
ADC_VBATCmd                                       build/stm32f4xx_adc.o
AHBPrescTable                                     build/system_stm32f4xx.o
APBPrescTable                                     build/system_stm32f4xx.o
App_TCBInitHook                                   build/app_hooks.o
                                                  build/os_cpu_c.o
App_TaskCreateHook                                build/app_hooks.o
                                                  build/os_cpu_c.o
App_TaskDelHook                                   build/app_hooks.o
                                                  build/os_cpu_c.o
App_TaskIdleHook                                  build/app_hooks.o
                                                  build/os_cpu_c.o
App_TaskReturnHook                                build/app_hooks.o
                                                  build/os_cpu_c.o
App_TaskStatHook                                  build/app_hooks.o
                                                  build/os_cpu_c.o
App_TaskSwHook                                    build/app_hooks.o
                                                  build/os_cpu_c.o
App_TimeTickHook                                  build/app_hooks.o
                                                  build/os_cpu_c.o
BLE_Init                                          build/ATKBLE01.o
BLE_Pow                                           build/ATKBLE01.o
BLE_Printf                                        build/ATKBLE01.o
BLE_SendArray                                     build/ATKBLE01.o
BLE_SendNumber                                    build/ATKBLE01.o
BLE_SendString                                    build/ATKBLE01.o
BusFault_Handler                                  build/stm32f4xx_it.o
CAN_CancelTransmit                                build/stm32f4xx_can.o
CAN_ClearFlag                                     build/stm32f4xx_can.o
CAN_ClearITPendingBit                             build/stm32f4xx_can.o
CAN_DBGFreeze                                     build/stm32f4xx_can.o
CAN_DeInit                                        build/stm32f4xx_can.o
CAN_FIFORelease                                   build/stm32f4xx_can.o
CAN_FilterInit                                    build/stm32f4xx_can.o
CAN_GetFlagStatus                                 build/stm32f4xx_can.o
CAN_GetITStatus                                   build/stm32f4xx_can.o
CAN_GetLSBTransmitErrorCounter                    build/stm32f4xx_can.o
CAN_GetLastErrorCode                              build/stm32f4xx_can.o
CAN_GetReceiveErrorCounter                        build/stm32f4xx_can.o
CAN_ITConfig                                      build/stm32f4xx_can.o
CAN_Init                                          build/stm32f4xx_can.o
CAN_MessagePending                                build/stm32f4xx_can.o
CAN_OperatingModeRequest                          build/stm32f4xx_can.o
CAN_Receive                                       build/stm32f4xx_can.o
CAN_SlaveStartBank                                build/stm32f4xx_can.o
CAN_Sleep                                         build/stm32f4xx_can.o
CAN_StructInit                                    build/stm32f4xx_can.o
CAN_TTComModeCmd                                  build/stm32f4xx_can.o
CAN_Transmit                                      build/stm32f4xx_can.o
CAN_TransmitStatus                                build/stm32f4xx_can.o
CAN_WakeUp                                        build/stm32f4xx_can.o
CH2                                               build/Receiver2.o
CRC_CalcBlockCRC                                  build/stm32f4xx_crc.o
CRC_CalcCRC                                       build/stm32f4xx_crc.o
CRC_GetCRC                                        build/stm32f4xx_crc.o
CRC_GetIDRegister                                 build/stm32f4xx_crc.o
CRC_ResetDR                                       build/stm32f4xx_crc.o
CRC_SetIDRegister                                 build/stm32f4xx_crc.o
CRYP_AES_CBC                                      build/stm32f4xx_cryp_aes.o
CRYP_AES_CCM                                      build/stm32f4xx_cryp_aes.o
CRYP_AES_CTR                                      build/stm32f4xx_cryp_aes.o
CRYP_AES_ECB                                      build/stm32f4xx_cryp_aes.o
CRYP_AES_GCM                                      build/stm32f4xx_cryp_aes.o
CRYP_Cmd                                          build/stm32f4xx_cryp.o
                                                  build/stm32f4xx_cryp_tdes.o
                                                  build/stm32f4xx_cryp_aes.o
                                                  build/stm32f4xx_cryp_des.o
CRYP_DES_CBC                                      build/stm32f4xx_cryp_des.o
CRYP_DES_ECB                                      build/stm32f4xx_cryp_des.o
CRYP_DMACmd                                       build/stm32f4xx_cryp.o
CRYP_DataIn                                       build/stm32f4xx_cryp.o
                                                  build/stm32f4xx_cryp_tdes.o
                                                  build/stm32f4xx_cryp_aes.o
                                                  build/stm32f4xx_cryp_des.o
CRYP_DataOut                                      build/stm32f4xx_cryp.o
                                                  build/stm32f4xx_cryp_tdes.o
                                                  build/stm32f4xx_cryp_aes.o
                                                  build/stm32f4xx_cryp_des.o
CRYP_DeInit                                       build/stm32f4xx_cryp.o
CRYP_FIFOFlush                                    build/stm32f4xx_cryp.o
                                                  build/stm32f4xx_cryp_tdes.o
                                                  build/stm32f4xx_cryp_aes.o
                                                  build/stm32f4xx_cryp_des.o
CRYP_GetCmdStatus                                 build/stm32f4xx_cryp.o
                                                  build/stm32f4xx_cryp_tdes.o
                                                  build/stm32f4xx_cryp_aes.o
                                                  build/stm32f4xx_cryp_des.o
CRYP_GetFlagStatus                                build/stm32f4xx_cryp.o
                                                  build/stm32f4xx_cryp_tdes.o
                                                  build/stm32f4xx_cryp_aes.o
                                                  build/stm32f4xx_cryp_des.o
CRYP_GetITStatus                                  build/stm32f4xx_cryp.o
CRYP_ITConfig                                     build/stm32f4xx_cryp.o
CRYP_IVInit                                       build/stm32f4xx_cryp.o
                                                  build/stm32f4xx_cryp_tdes.o
                                                  build/stm32f4xx_cryp_aes.o
                                                  build/stm32f4xx_cryp_des.o
CRYP_IVStructInit                                 build/stm32f4xx_cryp.o
CRYP_Init                                         build/stm32f4xx_cryp.o
                                                  build/stm32f4xx_cryp_tdes.o
                                                  build/stm32f4xx_cryp_aes.o
                                                  build/stm32f4xx_cryp_des.o
CRYP_KeyInit                                      build/stm32f4xx_cryp.o
                                                  build/stm32f4xx_cryp_tdes.o
                                                  build/stm32f4xx_cryp_aes.o
                                                  build/stm32f4xx_cryp_des.o
CRYP_KeyStructInit                                build/stm32f4xx_cryp.o
                                                  build/stm32f4xx_cryp_tdes.o
                                                  build/stm32f4xx_cryp_aes.o
                                                  build/stm32f4xx_cryp_des.o
CRYP_PhaseConfig                                  build/stm32f4xx_cryp.o
                                                  build/stm32f4xx_cryp_aes.o
CRYP_RestoreContext                               build/stm32f4xx_cryp.o
CRYP_SaveContext                                  build/stm32f4xx_cryp.o
CRYP_StructInit                                   build/stm32f4xx_cryp.o
CRYP_TDES_CBC                                     build/stm32f4xx_cryp_tdes.o
CRYP_TDES_ECB                                     build/stm32f4xx_cryp_tdes.o
D1_Pressur                                        build/GY86.o
D2_Temperature                                    build/GY86.o
DAC_ClearFlag                                     build/stm32f4xx_dac.o
DAC_ClearITPendingBit                             build/stm32f4xx_dac.o
DAC_Cmd                                           build/stm32f4xx_dac.o
DAC_DMACmd                                        build/stm32f4xx_dac.o
DAC_DeInit                                        build/stm32f4xx_dac.o
DAC_DualSoftwareTriggerCmd                        build/stm32f4xx_dac.o
DAC_GetDataOutputValue                            build/stm32f4xx_dac.o
DAC_GetFlagStatus                                 build/stm32f4xx_dac.o
DAC_GetITStatus                                   build/stm32f4xx_dac.o
DAC_ITConfig                                      build/stm32f4xx_dac.o
DAC_Init                                          build/stm32f4xx_dac.o
DAC_SetChannel1Data                               build/stm32f4xx_dac.o
DAC_SetChannel2Data                               build/stm32f4xx_dac.o
DAC_SetDualChannelData                            build/stm32f4xx_dac.o
DAC_SoftwareTriggerCmd                            build/stm32f4xx_dac.o
DAC_StructInit                                    build/stm32f4xx_dac.o
DAC_WaveGenerationCmd                             build/stm32f4xx_dac.o
DBGMCU_APB1PeriphConfig                           build/stm32f4xx_dbgmcu.o
DBGMCU_APB2PeriphConfig                           build/stm32f4xx_dbgmcu.o
DBGMCU_Config                                     build/stm32f4xx_dbgmcu.o
DBGMCU_GetDEVID                                   build/stm32f4xx_dbgmcu.o
DBGMCU_GetREVID                                   build/stm32f4xx_dbgmcu.o
DCMI_CROPCmd                                      build/stm32f4xx_dcmi.o
DCMI_CROPConfig                                   build/stm32f4xx_dcmi.o
DCMI_CaptureCmd                                   build/stm32f4xx_dcmi.o
DCMI_ClearFlag                                    build/stm32f4xx_dcmi.o
DCMI_ClearITPendingBit                            build/stm32f4xx_dcmi.o
DCMI_Cmd                                          build/stm32f4xx_dcmi.o
DCMI_DeInit                                       build/stm32f4xx_dcmi.o
DCMI_GetFlagStatus                                build/stm32f4xx_dcmi.o
DCMI_GetITStatus                                  build/stm32f4xx_dcmi.o
DCMI_ITConfig                                     build/stm32f4xx_dcmi.o
DCMI_Init                                         build/stm32f4xx_dcmi.o
DCMI_JPEGCmd                                      build/stm32f4xx_dcmi.o
DCMI_ReadData                                     build/stm32f4xx_dcmi.o
DCMI_SetEmbeddedSynchroCodes                      build/stm32f4xx_dcmi.o
DCMI_StructInit                                   build/stm32f4xx_dcmi.o
DMA1_Stream0_IRQHandler                           build/startup_stm32f401xe.o
DMA1_Stream1_IRQHandler                           build/startup_stm32f401xe.o
DMA1_Stream2_IRQHandler                           build/startup_stm32f401xe.o
DMA1_Stream3_IRQHandler                           build/startup_stm32f401xe.o
DMA1_Stream4_IRQHandler                           build/startup_stm32f401xe.o
DMA1_Stream5_IRQHandler                           build/startup_stm32f401xe.o
DMA1_Stream6_IRQHandler                           build/startup_stm32f401xe.o
DMA1_Stream7_IRQHandler                           build/startup_stm32f401xe.o
DMA2D_AbortTransfer                               build/stm32f4xx_dma2d.o
DMA2D_BGConfig                                    build/stm32f4xx_dma2d.o
DMA2D_BGStart                                     build/stm32f4xx_dma2d.o
DMA2D_BG_StructInit                               build/stm32f4xx_dma2d.o
DMA2D_ClearFlag                                   build/stm32f4xx_dma2d.o
DMA2D_ClearITPendingBit                           build/stm32f4xx_dma2d.o
DMA2D_DeInit                                      build/stm32f4xx_dma2d.o
DMA2D_DeadTimeConfig                              build/stm32f4xx_dma2d.o
DMA2D_FGConfig                                    build/stm32f4xx_dma2d.o
DMA2D_FGStart                                     build/stm32f4xx_dma2d.o
DMA2D_FG_StructInit                               build/stm32f4xx_dma2d.o
DMA2D_GetFlagStatus                               build/stm32f4xx_dma2d.o
DMA2D_GetITStatus                                 build/stm32f4xx_dma2d.o
DMA2D_ITConfig                                    build/stm32f4xx_dma2d.o
DMA2D_Init                                        build/stm32f4xx_dma2d.o
DMA2D_LineWatermarkConfig                         build/stm32f4xx_dma2d.o
DMA2D_StartTransfer                               build/stm32f4xx_dma2d.o
DMA2D_StructInit                                  build/stm32f4xx_dma2d.o
DMA2D_Suspend                                     build/stm32f4xx_dma2d.o
DMA2_Stream0_IRQHandler                           build/startup_stm32f401xe.o
DMA2_Stream1_IRQHandler                           build/startup_stm32f401xe.o
DMA2_Stream2_IRQHandler                           build/startup_stm32f401xe.o
DMA2_Stream3_IRQHandler                           build/startup_stm32f401xe.o
DMA2_Stream4_IRQHandler                           build/startup_stm32f401xe.o
DMA2_Stream5_IRQHandler                           build/startup_stm32f401xe.o
DMA2_Stream6_IRQHandler                           build/startup_stm32f401xe.o
DMA2_Stream7_IRQHandler                           build/startup_stm32f401xe.o
DMA_ClearFlag                                     build/stm32f4xx_dma.o
DMA_ClearITPendingBit                             build/stm32f4xx_dma.o
DMA_Cmd                                           build/stm32f4xx_dma.o
DMA_DeInit                                        build/stm32f4xx_dma.o
DMA_DoubleBufferModeCmd                           build/stm32f4xx_dma.o
DMA_DoubleBufferModeConfig                        build/stm32f4xx_dma.o
DMA_FlowControllerConfig                          build/stm32f4xx_dma.o
DMA_GetCmdStatus                                  build/stm32f4xx_dma.o
DMA_GetCurrDataCounter                            build/stm32f4xx_dma.o
DMA_GetCurrentMemoryTarget                        build/stm32f4xx_dma.o
DMA_GetFIFOStatus                                 build/stm32f4xx_dma.o
DMA_GetFlagStatus                                 build/stm32f4xx_dma.o
DMA_GetITStatus                                   build/stm32f4xx_dma.o
DMA_ITConfig                                      build/stm32f4xx_dma.o
DMA_Init                                          build/stm32f4xx_dma.o
DMA_MemoryTargetConfig                            build/stm32f4xx_dma.o
DMA_PeriphIncOffsetSizeConfig                     build/stm32f4xx_dma.o
DMA_SetCurrDataCounter                            build/stm32f4xx_dma.o
DMA_StructInit                                    build/stm32f4xx_dma.o
DebugMon_Handler                                  build/stm32f4xx_it.o
Default_Handler                                   build/startup_stm32f401xe.o
Delay_ms                                          build/Delay.o
                                                  build/main.o
                                                  build/LD2.o
                                                  build/GY86.o
Delay_s                                           build/Delay.o
Delay_us                                          build/Delay.o
                                                  build/MyIIC.o
EXTI0_IRQHandler                                  build/startup_stm32f401xe.o
EXTI15_10_IRQHandler                              build/startup_stm32f401xe.o
EXTI1_IRQHandler                                  build/startup_stm32f401xe.o
EXTI2_IRQHandler                                  build/startup_stm32f401xe.o
EXTI3_IRQHandler                                  build/startup_stm32f401xe.o
EXTI4_IRQHandler                                  build/startup_stm32f401xe.o
EXTI9_5_IRQHandler                                build/startup_stm32f401xe.o
EXTI_ClearFlag                                    build/stm32f4xx_exti.o
EXTI_ClearITPendingBit                            build/stm32f4xx_exti.o
EXTI_DeInit                                       build/stm32f4xx_exti.o
EXTI_GenerateSWInterrupt                          build/stm32f4xx_exti.o
EXTI_GetFlagStatus                                build/stm32f4xx_exti.o
EXTI_GetITStatus                                  build/stm32f4xx_exti.o
EXTI_Init                                         build/stm32f4xx_exti.o
EXTI_StructInit                                   build/stm32f4xx_exti.o
FLASH_ClearFlag                                   build/stm32f4xx_flash.o
FLASH_DataCacheCmd                                build/stm32f4xx_flash.o
FLASH_DataCacheReset                              build/stm32f4xx_flash.o
FLASH_EraseAllBank1Sectors                        build/stm32f4xx_flash.o
FLASH_EraseAllBank2Sectors                        build/stm32f4xx_flash.o
FLASH_EraseAllSectors                             build/stm32f4xx_flash.o
FLASH_EraseSector                                 build/stm32f4xx_flash.o
FLASH_FlashInterfaceCmd                           build/stm32f4xx_flash_ramfunc.o
FLASH_FlashSleepModeCmd                           build/stm32f4xx_flash_ramfunc.o
FLASH_GetFlagStatus                               build/stm32f4xx_flash.o
FLASH_GetStatus                                   build/stm32f4xx_flash.o
FLASH_IRQHandler                                  build/startup_stm32f401xe.o
FLASH_ITConfig                                    build/stm32f4xx_flash.o
FLASH_InstructionCacheCmd                         build/stm32f4xx_flash.o
FLASH_InstructionCacheReset                       build/stm32f4xx_flash.o
FLASH_Lock                                        build/stm32f4xx_flash.o
FLASH_OB_BORConfig                                build/stm32f4xx_flash.o
FLASH_OB_BootConfig                               build/stm32f4xx_flash.o
FLASH_OB_GetBOR                                   build/stm32f4xx_flash.o
FLASH_OB_GetPCROP                                 build/stm32f4xx_flash.o
FLASH_OB_GetPCROP1                                build/stm32f4xx_flash.o
FLASH_OB_GetRDP                                   build/stm32f4xx_flash.o
FLASH_OB_GetUser                                  build/stm32f4xx_flash.o
FLASH_OB_GetWRP                                   build/stm32f4xx_flash.o
FLASH_OB_GetWRP1                                  build/stm32f4xx_flash.o
FLASH_OB_Launch                                   build/stm32f4xx_flash.o
FLASH_OB_Lock                                     build/stm32f4xx_flash.o
FLASH_OB_PCROP1Config                             build/stm32f4xx_flash.o
FLASH_OB_PCROPConfig                              build/stm32f4xx_flash.o
FLASH_OB_PCROPSelectionConfig                     build/stm32f4xx_flash.o
FLASH_OB_RDPConfig                                build/stm32f4xx_flash.o
FLASH_OB_Unlock                                   build/stm32f4xx_flash.o
FLASH_OB_UserConfig                               build/stm32f4xx_flash.o
FLASH_OB_WRP1Config                               build/stm32f4xx_flash.o
FLASH_OB_WRPConfig                                build/stm32f4xx_flash.o
FLASH_PrefetchBufferCmd                           build/stm32f4xx_flash.o
FLASH_ProgramByte                                 build/stm32f4xx_flash.o
FLASH_ProgramDoubleWord                           build/stm32f4xx_flash.o
FLASH_ProgramHalfWord                             build/stm32f4xx_flash.o
FLASH_ProgramWord                                 build/stm32f4xx_flash.o
FLASH_SetLatency                                  build/stm32f4xx_flash.o
FLASH_Unlock                                      build/stm32f4xx_flash.o
FLASH_WaitForLastOperation                        build/stm32f4xx_flash.o
FPU_IRQHandler                                    build/startup_stm32f401xe.o
GPIO_DeInit                                       build/stm32f4xx_gpio.o
GPIO_Init                                         build/stm32f4xx_gpio.o
                                                  build/main.o
                                                  build/OLED2.o
                                                  build/PWM.o
                                                  build/LD2.o
                                                  build/MyIIC.o
                                                  build/ATKBLE01.o
                                                  build/OLED.o
GPIO_PinAFConfig                                  build/stm32f4xx_gpio.o
                                                  build/PWM.o
                                                  build/ATKBLE01.o
GPIO_PinLockConfig                                build/stm32f4xx_gpio.o
GPIO_ReadInputData                                build/stm32f4xx_gpio.o
GPIO_ReadInputDataBit                             build/stm32f4xx_gpio.o
                                                  build/MyIIC.o
GPIO_ReadOutputData                               build/stm32f4xx_gpio.o
GPIO_ReadOutputDataBit                            build/stm32f4xx_gpio.o
GPIO_ResetBits                                    build/stm32f4xx_gpio.o
                                                  build/main.o
                                                  build/LD2.o
                                                  build/OLED.o
GPIO_SetBits                                      build/stm32f4xx_gpio.o
                                                  build/main.o
                                                  build/LD2.o
                                                  build/MyIIC.o
                                                  build/ATKBLE01.o
                                                  build/OLED.o
GPIO_StructInit                                   build/stm32f4xx_gpio.o
GPIO_ToggleBits                                   build/stm32f4xx_gpio.o
GPIO_Write                                        build/stm32f4xx_gpio.o
GPIO_WriteBit                                     build/stm32f4xx_gpio.o
                                                  build/OLED2.o
                                                  build/MyIIC.o
                                                  build/OLED.o
GY86DataList                                      build/GY86.o
GY86_GetData                                      build/GY86.o
GY86_ReadRegister                                 build/GY86.o
GY86_WriteRegister                                build/GY86.o
GY86_init                                         build/GY86.o
HASH_AutoStartDigest                              build/stm32f4xx_hash.o
HASH_ClearFlag                                    build/stm32f4xx_hash.o
HASH_ClearITPendingBit                            build/stm32f4xx_hash.o
HASH_DMACmd                                       build/stm32f4xx_hash.o
HASH_DataIn                                       build/stm32f4xx_hash.o
                                                  build/stm32f4xx_hash_md5.o
                                                  build/stm32f4xx_hash_sha1.o
HASH_DeInit                                       build/stm32f4xx_hash.o
                                                  build/stm32f4xx_hash_md5.o
                                                  build/stm32f4xx_hash_sha1.o
HASH_GetDigest                                    build/stm32f4xx_hash.o
                                                  build/stm32f4xx_hash_md5.o
                                                  build/stm32f4xx_hash_sha1.o
HASH_GetFlagStatus                                build/stm32f4xx_hash.o
                                                  build/stm32f4xx_hash_md5.o
                                                  build/stm32f4xx_hash_sha1.o
HASH_GetITStatus                                  build/stm32f4xx_hash.o
HASH_GetInFIFOWordsNbr                            build/stm32f4xx_hash.o
HASH_ITConfig                                     build/stm32f4xx_hash.o
HASH_Init                                         build/stm32f4xx_hash.o
                                                  build/stm32f4xx_hash_md5.o
                                                  build/stm32f4xx_hash_sha1.o
HASH_MD5                                          build/stm32f4xx_hash_md5.o
HASH_Reset                                        build/stm32f4xx_hash.o
HASH_RestoreContext                               build/stm32f4xx_hash.o
HASH_SHA1                                         build/stm32f4xx_hash_sha1.o
HASH_SaveContext                                  build/stm32f4xx_hash.o
HASH_SetLastWordValidBitsNbr                      build/stm32f4xx_hash.o
                                                  build/stm32f4xx_hash_md5.o
                                                  build/stm32f4xx_hash_sha1.o
HASH_StartDigest                                  build/stm32f4xx_hash.o
                                                  build/stm32f4xx_hash_md5.o
                                                  build/stm32f4xx_hash_sha1.o
HASH_StructInit                                   build/stm32f4xx_hash.o
HMAC_MD5                                          build/stm32f4xx_hash_md5.o
HMAC_SHA1                                         build/stm32f4xx_hash_sha1.o
HMC5883L_init                                     build/GY86.o
HardFault_Handler                                 build/stm32f4xx_it.o
I2C1_ER_IRQHandler                                build/startup_stm32f401xe.o
I2C1_EV_IRQHandler                                build/startup_stm32f401xe.o
I2C2_ER_IRQHandler                                build/startup_stm32f401xe.o
I2C2_EV_IRQHandler                                build/startup_stm32f401xe.o
I2C3_ER_IRQHandler                                build/startup_stm32f401xe.o
I2C3_EV_IRQHandler                                build/startup_stm32f401xe.o
I2C_ARPCmd                                        build/stm32f4xx_i2c.o
I2C_AcknowledgeConfig                             build/stm32f4xx_i2c.o
I2C_AnalogFilterCmd                               build/stm32f4xx_i2c.o
I2C_CalculatePEC                                  build/stm32f4xx_i2c.o
I2C_CheckEvent                                    build/stm32f4xx_i2c.o
I2C_ClearFlag                                     build/stm32f4xx_i2c.o
I2C_ClearITPendingBit                             build/stm32f4xx_i2c.o
I2C_Cmd                                           build/stm32f4xx_i2c.o
I2C_DMACmd                                        build/stm32f4xx_i2c.o
I2C_DMALastTransferCmd                            build/stm32f4xx_i2c.o
I2C_DeInit                                        build/stm32f4xx_i2c.o
I2C_DigitalFilterConfig                           build/stm32f4xx_i2c.o
I2C_DualAddressCmd                                build/stm32f4xx_i2c.o
I2C_FastModeDutyCycleConfig                       build/stm32f4xx_i2c.o
I2C_GeneralCallCmd                                build/stm32f4xx_i2c.o
I2C_GenerateSTART                                 build/stm32f4xx_i2c.o
I2C_GenerateSTOP                                  build/stm32f4xx_i2c.o
I2C_GetFlagStatus                                 build/stm32f4xx_i2c.o
I2C_GetITStatus                                   build/stm32f4xx_i2c.o
I2C_GetLastEvent                                  build/stm32f4xx_i2c.o
I2C_GetPEC                                        build/stm32f4xx_i2c.o
I2C_ITConfig                                      build/stm32f4xx_i2c.o
I2C_Init                                          build/stm32f4xx_i2c.o
I2C_NACKPositionConfig                            build/stm32f4xx_i2c.o
I2C_OwnAddress2Config                             build/stm32f4xx_i2c.o
I2C_PECPositionConfig                             build/stm32f4xx_i2c.o
I2C_ReadRegister                                  build/stm32f4xx_i2c.o
I2C_ReceiveData                                   build/stm32f4xx_i2c.o
I2C_SMBusAlertConfig                              build/stm32f4xx_i2c.o
I2C_Send7bitAddress                               build/stm32f4xx_i2c.o
I2C_SendData                                      build/stm32f4xx_i2c.o
I2C_SoftwareResetCmd                              build/stm32f4xx_i2c.o
I2C_StretchClockCmd                               build/stm32f4xx_i2c.o
I2C_StructInit                                    build/stm32f4xx_i2c.o
I2C_TransmitPEC                                   build/stm32f4xx_i2c.o
I2S_Cmd                                           build/stm32f4xx_spi.o
I2S_FullDuplexConfig                              build/stm32f4xx_spi.o
I2S_Init                                          build/stm32f4xx_spi.o
I2S_StructInit                                    build/stm32f4xx_spi.o
IWDG_Enable                                       build/stm32f4xx_iwdg.o
IWDG_GetFlagStatus                                build/stm32f4xx_iwdg.o
IWDG_ReloadCounter                                build/stm32f4xx_iwdg.o
IWDG_SetPrescaler                                 build/stm32f4xx_iwdg.o
IWDG_SetReload                                    build/stm32f4xx_iwdg.o
IWDG_WriteAccessCmd                               build/stm32f4xx_iwdg.o
LD2_OFF                                           build/LD2.o
                                                  build/main.o
LD2_ON                                            build/LD2.o
                                                  build/main.o
LD2_Toggle                                        build/LD2.o
LD2_init                                          build/LD2.o
                                                  build/main.o
LTDC_CLUTCmd                                      build/stm32f4xx_ltdc.o
LTDC_CLUTInit                                     build/stm32f4xx_ltdc.o
LTDC_CLUTStructInit                               build/stm32f4xx_ltdc.o
LTDC_ClearFlag                                    build/stm32f4xx_ltdc.o
LTDC_ClearITPendingBit                            build/stm32f4xx_ltdc.o
LTDC_Cmd                                          build/stm32f4xx_ltdc.o
LTDC_ColorKeyingConfig                            build/stm32f4xx_ltdc.o
LTDC_ColorKeyingStructInit                        build/stm32f4xx_ltdc.o
LTDC_DeInit                                       build/stm32f4xx_ltdc.o
LTDC_DitherCmd                                    build/stm32f4xx_ltdc.o
LTDC_GetCDStatus                                  build/stm32f4xx_ltdc.o
LTDC_GetFlagStatus                                build/stm32f4xx_ltdc.o
LTDC_GetITStatus                                  build/stm32f4xx_ltdc.o
LTDC_GetPosStatus                                 build/stm32f4xx_ltdc.o
LTDC_GetRGBWidth                                  build/stm32f4xx_ltdc.o
LTDC_ITConfig                                     build/stm32f4xx_ltdc.o
LTDC_Init                                         build/stm32f4xx_ltdc.o
LTDC_LIPConfig                                    build/stm32f4xx_ltdc.o
LTDC_LayerAddress                                 build/stm32f4xx_ltdc.o
LTDC_LayerAlpha                                   build/stm32f4xx_ltdc.o
LTDC_LayerCmd                                     build/stm32f4xx_ltdc.o
LTDC_LayerInit                                    build/stm32f4xx_ltdc.o
LTDC_LayerPixelFormat                             build/stm32f4xx_ltdc.o
LTDC_LayerPosition                                build/stm32f4xx_ltdc.o
LTDC_LayerSize                                    build/stm32f4xx_ltdc.o
LTDC_LayerStructInit                              build/stm32f4xx_ltdc.o
LTDC_PosStructInit                                build/stm32f4xx_ltdc.o
LTDC_RGBStructInit                                build/stm32f4xx_ltdc.o
LTDC_ReloadConfig                                 build/stm32f4xx_ltdc.o
LTDC_StructInit                                   build/stm32f4xx_ltdc.o
MPU6050_init                                      build/GY86.o
MS5611_GetPressure                                build/GY86.o
MS5611_GetTemperature                             build/GY86.o
MS5611_ReadADC                                    build/GY86.o
MS5611_ReadC_x                                    build/GY86.o
MS5611_SendCommand                                build/GY86.o
MS5611_init                                       build/GY86.o
MemManage_Handler                                 build/stm32f4xx_it.o
Motor_Init                                        build/PWM.o
Motor_SetSpeed_All                                build/PWM.o
MyIIC_Init                                        build/MyIIC.o
                                                  build/GY86.o
MyIIC_R_SCL                                       build/MyIIC.o
MyIIC_R_SDA                                       build/MyIIC.o
MyIIC_ReceiveACK                                  build/MyIIC.o
                                                  build/GY86.o
MyIIC_ReceiveByte                                 build/MyIIC.o
                                                  build/GY86.o
MyIIC_SendACK                                     build/MyIIC.o
                                                  build/GY86.o
MyIIC_SendByte                                    build/MyIIC.o
                                                  build/GY86.o
MyIIC_Start                                       build/MyIIC.o
                                                  build/GY86.o
MyIIC_Stop                                        build/MyIIC.o
                                                  build/GY86.o
MyIIC_W_SCL                                       build/MyIIC.o
MyIIC_W_SDA                                       build/MyIIC.o
NMI_Handler                                       build/stm32f4xx_it.o
NVIC_Init                                         build/misc.o
NVIC_PriorityGroupConfig                          build/misc.o
NVIC_SetVectorTable                               build/misc.o
NVIC_SystemLPConfig                               build/misc.o
OFF                                               build/GY86.o
OFF_T1                                            build/GY86.o
OLED2_Clear                                       build/OLED2.o
OLED2_F08x16                                      build/OLED2.o
OLED2_I2C_Init                                    build/OLED2.o
OLED2_I2C_SendByte                                build/OLED2.o
OLED2_I2C_Start                                   build/OLED2.o
OLED2_I2C_Stop                                    build/OLED2.o
OLED2_Init                                        build/OLED2.o
OLED2_Pow                                         build/OLED2.o
OLED2_SetCursor                                   build/OLED2.o
OLED2_ShowBinNum                                  build/OLED2.o
OLED2_ShowChar                                    build/OLED2.o
OLED2_ShowHexNum                                  build/OLED2.o
OLED2_ShowNum                                     build/OLED2.o
OLED2_ShowSignedNum                               build/OLED2.o
OLED2_ShowString                                  build/OLED2.o
OLED2_WriteCommand                                build/OLED2.o
OLED2_WriteData                                   build/OLED2.o
OLED_Clear                                        build/OLED.o
OLED_F08x16                                       build/OLED.o
OLED_I2C_Init                                     build/OLED.o
OLED_I2C_SendByte                                 build/OLED.o
OLED_I2C_Start                                    build/OLED.o
OLED_I2C_Stop                                     build/OLED.o
OLED_Init                                         build/OLED.o
OLED_Pow                                          build/OLED.o
OLED_SetCursor                                    build/OLED.o
OLED_ShowBinNum                                   build/OLED.o
OLED_ShowChar                                     build/OLED.o
OLED_ShowHexNum                                   build/OLED.o
OLED_ShowNum                                      build/OLED.o
OLED_ShowSignedNum                                build/OLED.o
OLED_ShowString                                   build/OLED.o
OLED_WriteCommand                                 build/OLED.o
OLED_WriteData                                    build/OLED.o
OSCPUUsage                                        build/os_core.o
OSCtxSw                                           build/os_cpu_a.o
                                                  build/os_core.o
OSCtxSwCtr                                        build/os_core.o
OSDataSize                                        build/os_dbg_r.o
OSDebugEn                                         build/os_dbg_r.o
OSDebugInit                                       build/os_dbg_r.o
                                                  build/os_core.o
OSEndiannessTest                                  build/os_dbg_r.o
OSEventEn                                         build/os_dbg_r.o
OSEventFreeList                                   build/os_core.o
                                                  build/os_mutex.o
                                                  build/os_q.o
                                                  build/os_mbox.o
                                                  build/os_sem.o
OSEventMax                                        build/os_dbg_r.o
OSEventMultiEn                                    build/os_dbg_r.o
OSEventNameEn                                     build/os_dbg_r.o
OSEventNameGet                                    build/os_core.o
OSEventNameSet                                    build/os_core.o
                                                  build/os_tmr.o
OSEventPendMulti                                  build/os_core.o
OSEventSize                                       build/os_dbg_r.o
OSEventTbl                                        build/os_core.o
OSEventTblSize                                    build/os_dbg_r.o
OSFlagAccept                                      build/os_flag.o
OSFlagCreate                                      build/os_flag.o
OSFlagDel                                         build/os_flag.o
OSFlagEn                                          build/os_dbg_r.o
OSFlagFreeList                                    build/os_core.o
                                                  build/os_flag.o
OSFlagGrpSize                                     build/os_dbg_r.o
OSFlagMax                                         build/os_dbg_r.o
OSFlagNameEn                                      build/os_dbg_r.o
OSFlagNameGet                                     build/os_flag.o
OSFlagNameSet                                     build/os_flag.o
OSFlagNodeSize                                    build/os_dbg_r.o
OSFlagPend                                        build/os_flag.o
OSFlagPendGetFlagsRdy                             build/os_flag.o
OSFlagPost                                        build/os_flag.o
OSFlagQuery                                       build/os_flag.o
OSFlagTbl                                         build/os_core.o
                                                  build/os_flag.o
OSFlagWidth                                       build/os_dbg_r.o
OSIdleCtr                                         build/os_core.o
OSIdleCtrMax                                      build/os_core.o
OSIdleCtrRun                                      build/os_core.o
OSInit                                            build/os_core.o
OSInitHookBegin                                   build/os_cpu_c.o
                                                  build/os_core.o
OSInitHookEnd                                     build/os_cpu_c.o
                                                  build/os_core.o
OSIntCtxSw                                        build/os_cpu_a.o
                                                  build/os_core.o
OSIntEnter                                        build/os_core.o
                                                  build/os_cpu_c.o
OSIntExit                                         build/os_core.o
                                                  build/os_cpu_c.o
OSIntNesting                                      build/os_core.o
                                                  build/os_mem.o
                                                  build/os_tmr.o
                                                  build/os_flag.o
                                                  build/os_task.o
                                                  build/os_time.o
                                                  build/os_mutex.o
                                                  build/os_q.o
                                                  build/os_mbox.o
                                                  build/os_sem.o
OSLockNesting                                     build/os_core.o
                                                  build/os_flag.o
                                                  build/os_task.o
                                                  build/os_time.o
                                                  build/os_mutex.o
                                                  build/os_q.o
                                                  build/os_mbox.o
                                                  build/os_sem.o
OSLowestPrio                                      build/os_dbg_r.o
OSMboxAccept                                      build/os_mbox.o
OSMboxCreate                                      build/os_mbox.o
OSMboxDel                                         build/os_mbox.o
OSMboxEn                                          build/os_dbg_r.o
OSMboxPend                                        build/os_mbox.o
OSMboxPendAbort                                   build/os_mbox.o
OSMboxPost                                        build/os_mbox.o
OSMboxPostOpt                                     build/os_mbox.o
OSMboxQuery                                       build/os_mbox.o
OSMemCreate                                       build/os_mem.o
OSMemEn                                           build/os_dbg_r.o
OSMemFreeList                                     build/os_core.o
                                                  build/os_mem.o
OSMemGet                                          build/os_mem.o
OSMemMax                                          build/os_dbg_r.o
OSMemNameEn                                       build/os_dbg_r.o
OSMemNameGet                                      build/os_mem.o
OSMemNameSet                                      build/os_mem.o
OSMemPut                                          build/os_mem.o
OSMemQuery                                        build/os_mem.o
OSMemSize                                         build/os_dbg_r.o
OSMemTbl                                          build/os_core.o
                                                  build/os_mem.o
OSMemTblSize                                      build/os_dbg_r.o
OSMutexAccept                                     build/os_mutex.o
OSMutexCreate                                     build/os_mutex.o
OSMutexDel                                        build/os_mutex.o
OSMutexEn                                         build/os_dbg_r.o
OSMutexPend                                       build/os_mutex.o
OSMutexPost                                       build/os_mutex.o
OSMutexQuery                                      build/os_mutex.o
OSPrioCur                                         build/os_core.o
                                                  build/os_cpu_a.o
                                                  build/os_mutex.o
OSPrioHighRdy                                     build/os_core.o
                                                  build/os_cpu_a.o
OSPtrSize                                         build/os_dbg_r.o
OSQAccept                                         build/os_q.o
OSQCreate                                         build/os_q.o
OSQDel                                            build/os_q.o
OSQEn                                             build/os_dbg_r.o
OSQFlush                                          build/os_q.o
OSQFreeList                                       build/os_core.o
                                                  build/os_q.o
OSQMax                                            build/os_dbg_r.o
OSQPend                                           build/os_q.o
OSQPendAbort                                      build/os_q.o
OSQPost                                           build/os_q.o
OSQPostFront                                      build/os_q.o
OSQPostOpt                                        build/os_q.o
OSQQuery                                          build/os_q.o
OSQSize                                           build/os_dbg_r.o
OSQTbl                                            build/os_core.o
                                                  build/os_q.o
OSRdyGrp                                          build/os_core.o
                                                  build/os_flag.o
                                                  build/os_task.o
                                                  build/os_time.o
                                                  build/os_mutex.o
OSRdyTbl                                          build/os_core.o
                                                  build/os_flag.o
                                                  build/os_task.o
                                                  build/os_time.o
                                                  build/os_mutex.o
OSRdyTblSize                                      build/os_dbg_r.o
OSRunning                                         build/os_core.o
                                                  build/os_cpu_a.o
                                                  build/os_task.o
OSSchedLock                                       build/os_core.o
                                                  build/os_tmr.o
OSSchedUnlock                                     build/os_core.o
                                                  build/os_tmr.o
OSSemAccept                                       build/os_sem.o
OSSemCreate                                       build/os_sem.o
                                                  build/os_tmr.o
OSSemDel                                          build/os_sem.o
OSSemEn                                           build/os_dbg_r.o
OSSemPend                                         build/os_sem.o
                                                  build/os_tmr.o
OSSemPendAbort                                    build/os_sem.o
OSSemPost                                         build/os_sem.o
                                                  build/os_tmr.o
OSSemQuery                                        build/os_sem.o
OSSemSet                                          build/os_sem.o
OSStart                                           build/os_core.o
OSStartHighRdy                                    build/os_cpu_a.o
                                                  build/os_core.o
OSStatInit                                        build/os_core.o
OSStatRdy                                         build/os_core.o
OSStkWidth                                        build/os_dbg_r.o
OSTCBCur                                          build/os_core.o
                                                  build/os_cpu_a.o
                                                  build/os_cpu_c.o
                                                  build/os_flag.o
                                                  build/os_task.o
                                                  build/os_time.o
                                                  build/os_mutex.o
                                                  build/os_q.o
                                                  build/os_mbox.o
                                                  build/os_sem.o
OSTCBFreeList                                     build/os_core.o
                                                  build/os_task.o
OSTCBHighRdy                                      build/os_core.o
                                                  build/os_cpu_a.o
                                                  build/os_cpu_c.o
OSTCBInitHook                                     build/os_cpu_c.o
                                                  build/os_core.o
OSTCBList                                         build/os_core.o
                                                  build/os_task.o
OSTCBPrioTbl                                      build/os_core.o
                                                  build/os_task.o
                                                  build/os_time.o
                                                  build/os_mutex.o
OSTCBPrioTblMax                                   build/os_dbg_r.o
OSTCBSize                                         build/os_dbg_r.o
OSTCBTbl                                          build/os_core.o
OSTaskChangePrio                                  build/os_task.o
OSTaskCreate                                      build/os_task.o
OSTaskCreateEn                                    build/os_dbg_r.o
OSTaskCreateExt                                   build/os_task.o
                                                  build/os_tmr.o
                                                  build/os_core.o
OSTaskCreateExtEn                                 build/os_dbg_r.o
OSTaskCreateHook                                  build/os_cpu_c.o
                                                  build/os_core.o
OSTaskCtr                                         build/os_core.o
                                                  build/os_task.o
OSTaskDel                                         build/os_task.o
OSTaskDelEn                                       build/os_dbg_r.o
OSTaskDelHook                                     build/os_cpu_c.o
                                                  build/os_task.o
OSTaskDelReq                                      build/os_task.o
OSTaskIdleHook                                    build/os_cpu_c.o
                                                  build/os_core.o
OSTaskIdleStk                                     build/os_core.o
OSTaskIdleStkSize                                 build/os_dbg_r.o
OSTaskMax                                         build/os_dbg_r.o
OSTaskNameEn                                      build/os_dbg_r.o
OSTaskNameGet                                     build/os_task.o
OSTaskNameSet                                     build/os_task.o
                                                  build/os_tmr.o
                                                  build/os_core.o
OSTaskProfileEn                                   build/os_dbg_r.o
OSTaskQuery                                       build/os_task.o
OSTaskRegGet                                      build/os_task.o
OSTaskRegGetID                                    build/os_task.o
OSTaskRegNextAvailID                              build/os_core.o
                                                  build/os_task.o
OSTaskRegSet                                      build/os_task.o
OSTaskRegTblSize                                  build/os_dbg_r.o
OSTaskResume                                      build/os_task.o
OSTaskReturnHook                                  build/os_cpu_c.o
                                                  build/os_task.o
OSTaskStatEn                                      build/os_dbg_r.o
OSTaskStatHook                                    build/os_cpu_c.o
                                                  build/os_core.o
OSTaskStatStk                                     build/os_core.o
OSTaskStatStkChkEn                                build/os_dbg_r.o
OSTaskStatStkSize                                 build/os_dbg_r.o
OSTaskStkChk                                      build/os_task.o
                                                  build/os_core.o
OSTaskStkInit                                     build/os_cpu_c.o
                                                  build/os_task.o
OSTaskSuspend                                     build/os_task.o
                                                  build/os_core.o
OSTaskSwHook                                      build/os_cpu_c.o
                                                  build/os_cpu_a.o
OSTaskSwHookEn                                    build/os_dbg_r.o
OSTickStepState                                   build/os_core.o
OSTicksPerSec                                     build/os_dbg_r.o
OSTime                                            build/os_core.o
                                                  build/os_time.o
OSTimeDly                                         build/os_time.o
                                                  build/os_core.o
OSTimeDlyHMSM                                     build/os_time.o
OSTimeDlyResume                                   build/os_time.o
OSTimeGet                                         build/os_time.o
OSTimeSet                                         build/os_time.o
OSTimeTick                                        build/os_core.o
                                                  build/os_cpu_c.o
OSTimeTickHook                                    build/os_cpu_c.o
                                                  build/os_core.o
OSTimeTickHookEn                                  build/os_dbg_r.o
OSTmrCfgMax                                       build/os_dbg_r.o
OSTmrCfgNameEn                                    build/os_dbg_r.o
OSTmrCfgTicksPerSec                               build/os_dbg_r.o
OSTmrCfgWheelSize                                 build/os_dbg_r.o
OSTmrCreate                                       build/os_tmr.o
OSTmrDel                                          build/os_tmr.o
OSTmrEn                                           build/os_dbg_r.o
OSTmrFree                                         build/os_core.o
                                                  build/os_tmr.o
OSTmrFreeList                                     build/os_core.o
                                                  build/os_tmr.o
OSTmrNameGet                                      build/os_tmr.o
OSTmrRemainGet                                    build/os_tmr.o
OSTmrSem                                          build/os_core.o
                                                  build/os_tmr.o
OSTmrSemSignal                                    build/os_core.o
                                                  build/os_tmr.o
OSTmrSignal                                       build/os_tmr.o
                                                  build/os_cpu_c.o
OSTmrSize                                         build/os_dbg_r.o
OSTmrStart                                        build/os_tmr.o
OSTmrStateGet                                     build/os_tmr.o
OSTmrStop                                         build/os_tmr.o
OSTmrTaskStk                                      build/os_core.o
                                                  build/os_tmr.o
OSTmrTbl                                          build/os_core.o
                                                  build/os_dbg_r.o
                                                  build/os_tmr.o
OSTmrTblSize                                      build/os_dbg_r.o
OSTmrTime                                         build/os_core.o
                                                  build/os_tmr.o
OSTmrUsed                                         build/os_core.o
                                                  build/os_tmr.o
OSTmrWheelSize                                    build/os_dbg_r.o
OSTmrWheelTbl                                     build/os_core.o
                                                  build/os_dbg_r.o
                                                  build/os_tmr.o
OSTmrWheelTblSize                                 build/os_dbg_r.o
OSTmr_Init                                        build/os_tmr.o
                                                  build/os_core.o
OSUnMapTbl                                        build/os_core.o
OSVersion                                         build/os_core.o
OSVersionNbr                                      build/os_dbg_r.o
OS_CPU_ExceptStk                                  build/os_cpu_c.o
OS_CPU_ExceptStkBase                              build/os_cpu_c.o
                                                  build/os_cpu_a.o
OS_CPU_FP_Reg_Pop                                 build/os_cpu_a.o
                                                  build/os_cpu_c.o
OS_CPU_FP_Reg_Push                                build/os_cpu_a.o
                                                  build/os_cpu_c.o
OS_CPU_PendSVHandler                              build/os_cpu_a.o
OS_CPU_SR_Restore                                 build/os_cpu_a.o
                                                  build/os_cpu_c.o
                                                  build/os_mem.o
                                                  build/os_flag.o
                                                  build/os_task.o
                                                  build/os_core.o
                                                  build/os_time.o
                                                  build/os_mutex.o
                                                  build/os_q.o
                                                  build/os_mbox.o
                                                  build/os_sem.o
OS_CPU_SR_Save                                    build/os_cpu_a.o
                                                  build/os_cpu_c.o
                                                  build/os_mem.o
                                                  build/os_flag.o
                                                  build/os_task.o
                                                  build/os_core.o
                                                  build/os_time.o
                                                  build/os_mutex.o
                                                  build/os_q.o
                                                  build/os_mbox.o
                                                  build/os_sem.o
OS_CPU_SysTickHandler                             build/os_cpu_c.o
OS_CPU_SysTickInit                                build/os_cpu_c.o
OS_CPU_SysTickInitFreq                            build/os_cpu_c.o
OS_Dummy                                          build/os_core.o
                                                  build/os_task.o
OS_EventTaskRdy                                   build/os_core.o
                                                  build/os_mutex.o
                                                  build/os_q.o
                                                  build/os_mbox.o
                                                  build/os_sem.o
OS_EventTaskRemove                                build/os_core.o
                                                  build/os_task.o
                                                  build/os_mutex.o
                                                  build/os_q.o
                                                  build/os_mbox.o
                                                  build/os_sem.o
OS_EventTaskRemoveMulti                           build/os_core.o
                                                  build/os_task.o
OS_EventTaskWait                                  build/os_core.o
                                                  build/os_mutex.o
                                                  build/os_q.o
                                                  build/os_mbox.o
                                                  build/os_sem.o
OS_EventTaskWaitMulti                             build/os_core.o
OS_EventWaitListInit                              build/os_core.o
                                                  build/os_mutex.o
                                                  build/os_q.o
                                                  build/os_mbox.o
                                                  build/os_sem.o
OS_FlagInit                                       build/os_flag.o
                                                  build/os_core.o
OS_FlagUnlink                                     build/os_flag.o
                                                  build/os_task.o
OS_KA_BASEPRI_Boundary                            build/os_cpu_c.o
                                                  build/os_cpu_a.o
OS_MemClr                                         build/os_core.o
                                                  build/os_mem.o
                                                  build/os_tmr.o
                                                  build/os_flag.o
                                                  build/os_q.o
OS_MemCopy                                        build/os_core.o
                                                  build/os_task.o
OS_MemInit                                        build/os_mem.o
                                                  build/os_core.o
OS_QInit                                          build/os_q.o
                                                  build/os_core.o
OS_Sched                                          build/os_core.o
                                                  build/os_flag.o
                                                  build/os_task.o
                                                  build/os_time.o
                                                  build/os_mutex.o
                                                  build/os_q.o
                                                  build/os_mbox.o
                                                  build/os_sem.o
OS_StrLen                                         build/os_core.o
                                                  build/os_mem.o
                                                  build/os_tmr.o
                                                  build/os_flag.o
                                                  build/os_task.o
OS_TCBInit                                        build/os_core.o
                                                  build/os_task.o
OS_TLS_TblSize                                    build/os_dbg_r.o
OS_TaskIdle                                       build/os_core.o
OS_TaskReturn                                     build/os_task.o
                                                  build/os_cpu_c.o
OS_TaskStat                                       build/os_core.o
OS_TaskStatStkChk                                 build/os_core.o
OS_TaskStkClr                                     build/os_task.o
OTG_FS_IRQHandler                                 build/startup_stm32f401xe.o
OTG_FS_WKUP_IRQHandler                            build/startup_stm32f401xe.o
Original_Data_List                                build/GY86.o
PVD_IRQHandler                                    build/startup_stm32f401xe.o
PWM_Init                                          build/PWM.o
PWM_SetCompareAll                                 build/PWM.o
PWR_BackupAccessCmd                               build/stm32f4xx_pwr.o
PWR_BackupRegulatorCmd                            build/stm32f4xx_pwr.o
PWR_ClearFlag                                     build/stm32f4xx_pwr.o
PWR_DeInit                                        build/stm32f4xx_pwr.o
PWR_EnterSTANDBYMode                              build/stm32f4xx_pwr.o
PWR_EnterSTOPMode                                 build/stm32f4xx_pwr.o
PWR_EnterUnderDriveSTOPMode                       build/stm32f4xx_pwr.o
PWR_FlashPowerDownCmd                             build/stm32f4xx_pwr.o
PWR_GetFlagStatus                                 build/stm32f4xx_pwr.o
PWR_LowRegulatorLowVoltageCmd                     build/stm32f4xx_pwr.o
PWR_MainRegulatorLowVoltageCmd                    build/stm32f4xx_pwr.o
PWR_MainRegulatorModeConfig                       build/stm32f4xx_pwr.o
PWR_OverDriveCmd                                  build/stm32f4xx_pwr.o
PWR_OverDriveSWCmd                                build/stm32f4xx_pwr.o
PWR_PVDCmd                                        build/stm32f4xx_pwr.o
PWR_PVDLevelConfig                                build/stm32f4xx_pwr.o
PWR_UnderDriveCmd                                 build/stm32f4xx_pwr.o
PWR_WakeUpPinCmd                                  build/stm32f4xx_pwr.o
P_100times                                        build/GY86.o
PendSV_Handler                                    build/stm32f4xx_it.o
RCC_AHB1PeriphClockCmd                            build/stm32f4xx_rcc.o
                                                  build/main.o
                                                  build/OLED2.o
                                                  build/PWM.o
                                                  build/LD2.o
                                                  build/MyIIC.o
                                                  build/ATKBLE01.o
                                                  build/OLED.o
RCC_AHB1PeriphClockLPModeCmd                      build/stm32f4xx_rcc.o
RCC_AHB1PeriphResetCmd                            build/stm32f4xx_rcc.o
                                                  build/stm32f4xx_gpio.o
                                                  build/stm32f4xx_dma2d.o
RCC_AHB2PeriphClockCmd                            build/stm32f4xx_rcc.o
RCC_AHB2PeriphClockLPModeCmd                      build/stm32f4xx_rcc.o
RCC_AHB2PeriphResetCmd                            build/stm32f4xx_rcc.o