ARM GAS  /var/folders/yl/_q9l42k90g1g4mdhbs226msm0000gn/T//ccwFCXIE.s 			page 1


   1              		.cpu cortex-m4
   2              		.arch armv7e-m
   3              		.fpu fpv4-sp-d16
   4              		.eabi_attribute 27, 1
   5              		.eabi_attribute 28, 1
   6              		.eabi_attribute 20, 1
   7              		.eabi_attribute 21, 1
   8              		.eabi_attribute 23, 3
   9              		.eabi_attribute 24, 1
  10              		.eabi_attribute 25, 1
  11              		.eabi_attribute 26, 1
  12              		.eabi_attribute 30, 6
  13              		.eabi_attribute 34, 1
  14              		.eabi_attribute 18, 4
  15              		.file	"os_mem.c"
  16              		.text
  17              	.Ltext0:
  18              		.cfi_sections	.debug_frame
  19              		.section	.rodata
  20              		.align	2
  21              	.LC0:
  22 0000 4D656D20 		.ascii	"Mem Block\000"
  22      426C6F63 
  22      6B00
  23              		.section	.text.OSMemCreate,"ax",%progbits
  24              		.align	1
  25              		.global	OSMemCreate
  26              		.syntax unified
  27              		.thumb
  28              		.thumb_func
  30              	OSMemCreate:
  31              	.LFB3:
  32              		.file 1 "./ucOSII/Core/os_mem.c"
   1:./ucOSII/Core/os_mem.c **** /*
   2:./ucOSII/Core/os_mem.c **** ***************************************************************************************************
   3:./ucOSII/Core/os_mem.c **** *                                              uC/OS-II
   4:./ucOSII/Core/os_mem.c **** *                                        The Real-Time Kernel
   5:./ucOSII/Core/os_mem.c **** *
   6:./ucOSII/Core/os_mem.c **** *                    Copyright 1992-2021 Silicon Laboratories Inc. www.silabs.com
   7:./ucOSII/Core/os_mem.c **** *
   8:./ucOSII/Core/os_mem.c **** *                                 SPDX-License-Identifier: APACHE-2.0
   9:./ucOSII/Core/os_mem.c **** *
  10:./ucOSII/Core/os_mem.c **** *               This software is subject to an open source license and is distributed by
  11:./ucOSII/Core/os_mem.c **** *                Silicon Laboratories Inc. pursuant to the terms of the Apache License,
  12:./ucOSII/Core/os_mem.c **** *                    Version 2.0 available at www.apache.org/licenses/LICENSE-2.0.
  13:./ucOSII/Core/os_mem.c **** *
  14:./ucOSII/Core/os_mem.c **** ***************************************************************************************************
  15:./ucOSII/Core/os_mem.c **** */
  16:./ucOSII/Core/os_mem.c **** 
  17:./ucOSII/Core/os_mem.c **** 
  18:./ucOSII/Core/os_mem.c **** /*
  19:./ucOSII/Core/os_mem.c **** ***************************************************************************************************
  20:./ucOSII/Core/os_mem.c **** *
  21:./ucOSII/Core/os_mem.c **** *                                           MEMORY MANAGEMENT
  22:./ucOSII/Core/os_mem.c **** *
  23:./ucOSII/Core/os_mem.c **** * Filename : os_mem.c
  24:./ucOSII/Core/os_mem.c **** * Version  : V2.93.01
ARM GAS  /var/folders/yl/_q9l42k90g1g4mdhbs226msm0000gn/T//ccwFCXIE.s 			page 2


  25:./ucOSII/Core/os_mem.c **** ***************************************************************************************************
  26:./ucOSII/Core/os_mem.c **** */
  27:./ucOSII/Core/os_mem.c **** 
  28:./ucOSII/Core/os_mem.c **** #ifndef  OS_MEM_C
  29:./ucOSII/Core/os_mem.c **** #define  OS_MEM_C
  30:./ucOSII/Core/os_mem.c **** 
  31:./ucOSII/Core/os_mem.c **** #define  MICRIUM_SOURCE
  32:./ucOSII/Core/os_mem.c **** 
  33:./ucOSII/Core/os_mem.c **** #ifndef  OS_MASTER_FILE
  34:./ucOSII/Core/os_mem.c **** #include <ucos_ii.h>
  35:./ucOSII/Core/os_mem.c **** #endif
  36:./ucOSII/Core/os_mem.c **** 
  37:./ucOSII/Core/os_mem.c **** #if (OS_MEM_EN > 0u) && (OS_MAX_MEM_PART > 0u)
  38:./ucOSII/Core/os_mem.c **** /*
  39:./ucOSII/Core/os_mem.c **** ***************************************************************************************************
  40:./ucOSII/Core/os_mem.c **** *                                      CREATE A MEMORY PARTITION
  41:./ucOSII/Core/os_mem.c **** *
  42:./ucOSII/Core/os_mem.c **** * Description : Create a fixed-sized memory partition that will be managed by uC/OS-II.
  43:./ucOSII/Core/os_mem.c **** *
  44:./ucOSII/Core/os_mem.c **** * Arguments   : addr     is the starting address of the memory partition
  45:./ucOSII/Core/os_mem.c **** *
  46:./ucOSII/Core/os_mem.c **** *               nblks    is the number of memory blocks to create from the partition.
  47:./ucOSII/Core/os_mem.c **** *
  48:./ucOSII/Core/os_mem.c **** *               blksize  is the size (in bytes) of each block in the memory partition.
  49:./ucOSII/Core/os_mem.c **** *
  50:./ucOSII/Core/os_mem.c **** *               perr     is a pointer to a variable containing an error message which will be set b
  51:./ucOSII/Core/os_mem.c **** *                        this function to either:
  52:./ucOSII/Core/os_mem.c **** *
  53:./ucOSII/Core/os_mem.c **** *                        OS_ERR_NONE                     if the memory partition has been created c
  54:./ucOSII/Core/os_mem.c **** *                        OS_ERR_ILLEGAL_CREATE_RUN_TIME  if you tried to create a memory partition 
  55:./ucOSII/Core/os_mem.c **** *                                                        safety critical operation started.
  56:./ucOSII/Core/os_mem.c **** *                        OS_ERR_MEM_INVALID_ADDR         if you are specifying an invalid address f
  57:./ucOSII/Core/os_mem.c **** *                                                        storage of the partition or, the block doe
  58:./ucOSII/Core/os_mem.c **** *                                                        on a pointer boundary
  59:./ucOSII/Core/os_mem.c **** *                        OS_ERR_MEM_INVALID_PART         no free partitions available
  60:./ucOSII/Core/os_mem.c **** *                        OS_ERR_MEM_INVALID_BLKS         user specified an invalid number of blocks
  61:./ucOSII/Core/os_mem.c **** *                        OS_ERR_MEM_INVALID_SIZE         user specified an invalid block size
  62:./ucOSII/Core/os_mem.c **** *                                                          - must be greater than the size of a poi
  63:./ucOSII/Core/os_mem.c **** *                                                          - must be able to hold an integral numbe
  64:./ucOSII/Core/os_mem.c **** * Returns    : != (OS_MEM *)0  is the partition was created
  65:./ucOSII/Core/os_mem.c **** *              == (OS_MEM *)0  if the partition was not created because of invalid arguments or, no
  66:./ucOSII/Core/os_mem.c **** *                              free partition is available.
  67:./ucOSII/Core/os_mem.c **** ***************************************************************************************************
  68:./ucOSII/Core/os_mem.c **** */
  69:./ucOSII/Core/os_mem.c **** 
  70:./ucOSII/Core/os_mem.c **** OS_MEM  *OSMemCreate (void   *addr,
  71:./ucOSII/Core/os_mem.c ****                       INT32U  nblks,
  72:./ucOSII/Core/os_mem.c ****                       INT32U  blksize,
  73:./ucOSII/Core/os_mem.c ****                       INT8U  *perr)
  74:./ucOSII/Core/os_mem.c **** {
  33              		.loc 1 74 1
  34              		.cfi_startproc
  35              		@ args = 0, pretend = 0, frame = 40
  36              		@ frame_needed = 1, uses_anonymous_args = 0
  37 0000 80B5     		push	{r7, lr}
  38              	.LCFI0:
  39              		.cfi_def_cfa_offset 8
ARM GAS  /var/folders/yl/_q9l42k90g1g4mdhbs226msm0000gn/T//ccwFCXIE.s 			page 3


  40              		.cfi_offset 7, -8
  41              		.cfi_offset 14, -4
  42 0002 8AB0     		sub	sp, sp, #40
  43              	.LCFI1:
  44              		.cfi_def_cfa_offset 48
  45 0004 00AF     		add	r7, sp, #0
  46              	.LCFI2:
  47              		.cfi_def_cfa_register 7
  48 0006 F860     		str	r0, [r7, #12]
  49 0008 B960     		str	r1, [r7, #8]
  50 000a 7A60     		str	r2, [r7, #4]
  51 000c 3B60     		str	r3, [r7]
  75:./ucOSII/Core/os_mem.c ****     OS_MEM    *pmem;
  76:./ucOSII/Core/os_mem.c ****     INT8U     *pblk;
  77:./ucOSII/Core/os_mem.c ****     void     **plink;
  78:./ucOSII/Core/os_mem.c ****     INT32U     loops;
  79:./ucOSII/Core/os_mem.c ****     INT32U     i;
  80:./ucOSII/Core/os_mem.c **** #if OS_CRITICAL_METHOD == 3u                          /* Allocate storage for CPU status register  
  81:./ucOSII/Core/os_mem.c ****     OS_CPU_SR  cpu_sr = 0u;
  52              		.loc 1 81 16
  53 000e 0023     		movs	r3, #0
  54 0010 BB61     		str	r3, [r7, #24]
  82:./ucOSII/Core/os_mem.c **** #endif
  83:./ucOSII/Core/os_mem.c **** 
  84:./ucOSII/Core/os_mem.c **** 
  85:./ucOSII/Core/os_mem.c **** 
  86:./ucOSII/Core/os_mem.c **** #ifdef OS_SAFETY_CRITICAL
  87:./ucOSII/Core/os_mem.c ****     if (perr == (INT8U *)0) {
  88:./ucOSII/Core/os_mem.c ****         OS_SAFETY_CRITICAL_EXCEPTION();
  89:./ucOSII/Core/os_mem.c ****         return ((OS_MEM *)0);
  90:./ucOSII/Core/os_mem.c ****     }
  91:./ucOSII/Core/os_mem.c **** #endif
  92:./ucOSII/Core/os_mem.c **** 
  93:./ucOSII/Core/os_mem.c **** #ifdef OS_SAFETY_CRITICAL_IEC61508
  94:./ucOSII/Core/os_mem.c ****     if (OSSafetyCriticalStartFlag == OS_TRUE) {
  95:./ucOSII/Core/os_mem.c ****         OS_SAFETY_CRITICAL_EXCEPTION();
  96:./ucOSII/Core/os_mem.c ****         *perr = OS_ERR_ILLEGAL_CREATE_RUN_TIME;
  97:./ucOSII/Core/os_mem.c ****         return ((OS_MEM *)0);
  98:./ucOSII/Core/os_mem.c ****     }
  99:./ucOSII/Core/os_mem.c **** #endif
 100:./ucOSII/Core/os_mem.c **** 
 101:./ucOSII/Core/os_mem.c **** #if OS_ARG_CHK_EN > 0u
 102:./ucOSII/Core/os_mem.c ****     if (addr == (void *)0) {                          /* Must pass a valid address for the memory p
  55              		.loc 1 102 8
  56 0012 FB68     		ldr	r3, [r7, #12]
  57 0014 002B     		cmp	r3, #0
  58 0016 04D1     		bne	.L2
 103:./ucOSII/Core/os_mem.c ****         *perr = OS_ERR_MEM_INVALID_ADDR;
  59              		.loc 1 103 15
  60 0018 3B68     		ldr	r3, [r7]
  61 001a 6222     		movs	r2, #98
  62 001c 1A70     		strb	r2, [r3]
 104:./ucOSII/Core/os_mem.c ****         return ((OS_MEM *)0);
  63              		.loc 1 104 16
  64 001e 0023     		movs	r3, #0
  65 0020 6AE0     		b	.L3
  66              	.L2:
ARM GAS  /var/folders/yl/_q9l42k90g1g4mdhbs226msm0000gn/T//ccwFCXIE.s 			page 4


 105:./ucOSII/Core/os_mem.c ****     }
 106:./ucOSII/Core/os_mem.c ****     if (((INT32U)addr & (sizeof(void *) - 1u)) != 0u){  /* Must be pointer size aligned            
  67              		.loc 1 106 10
  68 0022 FB68     		ldr	r3, [r7, #12]
  69              		.loc 1 106 23
  70 0024 03F00303 		and	r3, r3, #3
  71              		.loc 1 106 8
  72 0028 002B     		cmp	r3, #0
  73 002a 04D0     		beq	.L4
 107:./ucOSII/Core/os_mem.c ****         *perr = OS_ERR_MEM_INVALID_ADDR;
  74              		.loc 1 107 15
  75 002c 3B68     		ldr	r3, [r7]
  76 002e 6222     		movs	r2, #98
  77 0030 1A70     		strb	r2, [r3]
 108:./ucOSII/Core/os_mem.c ****         return ((OS_MEM *)0);
  78              		.loc 1 108 16
  79 0032 0023     		movs	r3, #0
  80 0034 60E0     		b	.L3
  81              	.L4:
 109:./ucOSII/Core/os_mem.c ****     }
 110:./ucOSII/Core/os_mem.c ****     if (nblks < 2u) {                                 /* Must have at least 2 blocks per partition 
  82              		.loc 1 110 8
  83 0036 BB68     		ldr	r3, [r7, #8]
  84 0038 012B     		cmp	r3, #1
  85 003a 04D8     		bhi	.L5
 111:./ucOSII/Core/os_mem.c ****         *perr = OS_ERR_MEM_INVALID_BLKS;
  86              		.loc 1 111 15
  87 003c 3B68     		ldr	r3, [r7]
  88 003e 5B22     		movs	r2, #91
  89 0040 1A70     		strb	r2, [r3]
 112:./ucOSII/Core/os_mem.c ****         return ((OS_MEM *)0);
  90              		.loc 1 112 16
  91 0042 0023     		movs	r3, #0
  92 0044 58E0     		b	.L3
  93              	.L5:
 113:./ucOSII/Core/os_mem.c ****     }
 114:./ucOSII/Core/os_mem.c ****     if (blksize < sizeof(void *)) {                   /* Must contain space for at least a pointer 
  94              		.loc 1 114 8
  95 0046 7B68     		ldr	r3, [r7, #4]
  96 0048 032B     		cmp	r3, #3
  97 004a 04D8     		bhi	.L6
 115:./ucOSII/Core/os_mem.c ****         *perr = OS_ERR_MEM_INVALID_SIZE;
  98              		.loc 1 115 15
  99 004c 3B68     		ldr	r3, [r7]
 100 004e 5C22     		movs	r2, #92
 101 0050 1A70     		strb	r2, [r3]
 116:./ucOSII/Core/os_mem.c ****         return ((OS_MEM *)0);
 102              		.loc 1 116 16
 103 0052 0023     		movs	r3, #0
 104 0054 50E0     		b	.L3
 105              	.L6:
 117:./ucOSII/Core/os_mem.c ****     }
 118:./ucOSII/Core/os_mem.c **** #endif
 119:./ucOSII/Core/os_mem.c ****     OS_ENTER_CRITICAL();
 106              		.loc 1 119 5
 107 0056 4020     		movs	r0, #64
 108 0058 FFF7FEFF 		bl	OS_CPU_SR_Save
ARM GAS  /var/folders/yl/_q9l42k90g1g4mdhbs226msm0000gn/T//ccwFCXIE.s 			page 5


 109 005c B861     		str	r0, [r7, #24]
 120:./ucOSII/Core/os_mem.c ****     pmem = OSMemFreeList;                             /* Get next free memory partition            
 110              		.loc 1 120 10
 111 005e 284B     		ldr	r3, .L11
 112 0060 1B68     		ldr	r3, [r3]
 113 0062 7B61     		str	r3, [r7, #20]
 121:./ucOSII/Core/os_mem.c ****     if (OSMemFreeList != (OS_MEM *)0) {               /* See if pool of free partitions was empty  
 114              		.loc 1 121 23
 115 0064 264B     		ldr	r3, .L11
 116 0066 1B68     		ldr	r3, [r3]
 117              		.loc 1 121 8
 118 0068 002B     		cmp	r3, #0
 119 006a 04D0     		beq	.L7
 122:./ucOSII/Core/os_mem.c ****         OSMemFreeList = (OS_MEM *)OSMemFreeList->OSMemFreeList;
 120              		.loc 1 122 48
 121 006c 244B     		ldr	r3, .L11
 122 006e 1B68     		ldr	r3, [r3]
 123 0070 5B68     		ldr	r3, [r3, #4]
 124              		.loc 1 122 23
 125 0072 234A     		ldr	r2, .L11
 126 0074 1360     		str	r3, [r2]
 127              	.L7:
 123:./ucOSII/Core/os_mem.c ****     }
 124:./ucOSII/Core/os_mem.c ****     OS_EXIT_CRITICAL();
 128              		.loc 1 124 5
 129 0076 B869     		ldr	r0, [r7, #24]
 130 0078 FFF7FEFF 		bl	OS_CPU_SR_Restore
 125:./ucOSII/Core/os_mem.c ****     if (pmem == (OS_MEM *)0) {                        /* See if we have a memory partition         
 131              		.loc 1 125 8
 132 007c 7B69     		ldr	r3, [r7, #20]
 133 007e 002B     		cmp	r3, #0
 134 0080 04D1     		bne	.L8
 126:./ucOSII/Core/os_mem.c ****         *perr = OS_ERR_MEM_INVALID_PART;
 135              		.loc 1 126 15
 136 0082 3B68     		ldr	r3, [r7]
 137 0084 5A22     		movs	r2, #90
 138 0086 1A70     		strb	r2, [r3]
 127:./ucOSII/Core/os_mem.c ****         return ((OS_MEM *)0);
 139              		.loc 1 127 16
 140 0088 0023     		movs	r3, #0
 141 008a 35E0     		b	.L3
 142              	.L8:
 128:./ucOSII/Core/os_mem.c ****     }
 129:./ucOSII/Core/os_mem.c ****     plink = (void **)addr;                            /* Create linked list of free memory blocks  
 143              		.loc 1 129 11
 144 008c FB68     		ldr	r3, [r7, #12]
 145 008e 3B62     		str	r3, [r7, #32]
 130:./ucOSII/Core/os_mem.c ****     pblk  = (INT8U *)addr;
 146              		.loc 1 130 11
 147 0090 FB68     		ldr	r3, [r7, #12]
 148 0092 7B62     		str	r3, [r7, #36]
 131:./ucOSII/Core/os_mem.c ****     loops  = nblks - 1u;
 149              		.loc 1 131 12
 150 0094 BB68     		ldr	r3, [r7, #8]
 151 0096 013B     		subs	r3, r3, #1
 152 0098 3B61     		str	r3, [r7, #16]
 132:./ucOSII/Core/os_mem.c ****     for (i = 0u; i < loops; i++) {
ARM GAS  /var/folders/yl/_q9l42k90g1g4mdhbs226msm0000gn/T//ccwFCXIE.s 			page 6


 153              		.loc 1 132 12
 154 009a 0023     		movs	r3, #0
 155 009c FB61     		str	r3, [r7, #28]
 156              		.loc 1 132 5
 157 009e 0BE0     		b	.L9
 158              	.L10:
 133:./ucOSII/Core/os_mem.c ****         pblk +=  blksize;                             /* Point to the FOLLOWING block              
 159              		.loc 1 133 14 discriminator 3
 160 00a0 7A6A     		ldr	r2, [r7, #36]
 161 00a2 7B68     		ldr	r3, [r7, #4]
 162 00a4 1344     		add	r3, r3, r2
 163 00a6 7B62     		str	r3, [r7, #36]
 134:./ucOSII/Core/os_mem.c ****        *plink = (void  *)pblk;                        /* Save pointer to NEXT block in CURRENT bloc
 164              		.loc 1 134 15 discriminator 3
 165 00a8 3B6A     		ldr	r3, [r7, #32]
 166 00aa 7A6A     		ldr	r2, [r7, #36]
 167 00ac 1A60     		str	r2, [r3]
 135:./ucOSII/Core/os_mem.c ****         plink = (void **)pblk;                        /* Position to  NEXT      block              
 168              		.loc 1 135 15 discriminator 3
 169 00ae 7B6A     		ldr	r3, [r7, #36]
 170 00b0 3B62     		str	r3, [r7, #32]
 132:./ucOSII/Core/os_mem.c ****         pblk +=  blksize;                             /* Point to the FOLLOWING block              
 171              		.loc 1 132 30 discriminator 3
 172 00b2 FB69     		ldr	r3, [r7, #28]
 173 00b4 0133     		adds	r3, r3, #1
 174 00b6 FB61     		str	r3, [r7, #28]
 175              	.L9:
 132:./ucOSII/Core/os_mem.c ****         pblk +=  blksize;                             /* Point to the FOLLOWING block              
 176              		.loc 1 132 5 discriminator 1
 177 00b8 FA69     		ldr	r2, [r7, #28]
 178 00ba 3B69     		ldr	r3, [r7, #16]
 179 00bc 9A42     		cmp	r2, r3
 180 00be EFD3     		bcc	.L10
 136:./ucOSII/Core/os_mem.c ****     }
 137:./ucOSII/Core/os_mem.c ****     *plink              = (void *)0;                  /* Last memory block points to NULL          
 181              		.loc 1 137 25
 182 00c0 3B6A     		ldr	r3, [r7, #32]
 183 00c2 0022     		movs	r2, #0
 184 00c4 1A60     		str	r2, [r3]
 138:./ucOSII/Core/os_mem.c ****     pmem->OSMemAddr     = addr;                       /* Store start address of memory partition   
 185              		.loc 1 138 25
 186 00c6 7B69     		ldr	r3, [r7, #20]
 187 00c8 FA68     		ldr	r2, [r7, #12]
 188 00ca 1A60     		str	r2, [r3]
 139:./ucOSII/Core/os_mem.c ****     pmem->OSMemFreeList = addr;                       /* Initialize pointer to pool of free blocks 
 189              		.loc 1 139 25
 190 00cc 7B69     		ldr	r3, [r7, #20]
 191 00ce FA68     		ldr	r2, [r7, #12]
 192 00d0 5A60     		str	r2, [r3, #4]
 140:./ucOSII/Core/os_mem.c ****     pmem->OSMemNFree    = nblks;                      /* Store number of free blocks in MCB        
 193              		.loc 1 140 25
 194 00d2 7B69     		ldr	r3, [r7, #20]
 195 00d4 BA68     		ldr	r2, [r7, #8]
 196 00d6 1A61     		str	r2, [r3, #16]
 141:./ucOSII/Core/os_mem.c ****     pmem->OSMemNBlks    = nblks;
 197              		.loc 1 141 25
 198 00d8 7B69     		ldr	r3, [r7, #20]
ARM GAS  /var/folders/yl/_q9l42k90g1g4mdhbs226msm0000gn/T//ccwFCXIE.s 			page 7


 199 00da BA68     		ldr	r2, [r7, #8]
 200 00dc DA60     		str	r2, [r3, #12]
 142:./ucOSII/Core/os_mem.c ****     pmem->OSMemBlkSize  = blksize;                    /* Store block size of each memory blocks    
 201              		.loc 1 142 25
 202 00de 7B69     		ldr	r3, [r7, #20]
 203 00e0 7A68     		ldr	r2, [r7, #4]
 204 00e2 9A60     		str	r2, [r3, #8]
 143:./ucOSII/Core/os_mem.c **** 
 144:./ucOSII/Core/os_mem.c ****     OS_TRACE_MEM_CREATE(pmem);
 205              		.loc 1 144 5
 206 00e4 7B69     		ldr	r3, [r7, #20]
 207 00e6 074A     		ldr	r2, .L11+4
 208 00e8 1946     		mov	r1, r3
 209 00ea 3C20     		movs	r0, #60
 210 00ec FFF7FEFF 		bl	SYSVIEW_RecordU32Register
 145:./ucOSII/Core/os_mem.c **** 
 146:./ucOSII/Core/os_mem.c ****     *perr               = OS_ERR_NONE;
 211              		.loc 1 146 25
 212 00f0 3B68     		ldr	r3, [r7]
 213 00f2 0022     		movs	r2, #0
 214 00f4 1A70     		strb	r2, [r3]
 147:./ucOSII/Core/os_mem.c ****     return (pmem);
 215              		.loc 1 147 12
 216 00f6 7B69     		ldr	r3, [r7, #20]
 217              	.L3:
 148:./ucOSII/Core/os_mem.c **** }
 218              		.loc 1 148 1
 219 00f8 1846     		mov	r0, r3
 220 00fa 2837     		adds	r7, r7, #40
 221              	.LCFI3:
 222              		.cfi_def_cfa_offset 8
 223 00fc BD46     		mov	sp, r7
 224              	.LCFI4:
 225              		.cfi_def_cfa_register 13
 226              		@ sp needed
 227 00fe 80BD     		pop	{r7, pc}
 228              	.L12:
 229              		.align	2
 230              	.L11:
 231 0100 00000000 		.word	OSMemFreeList
 232 0104 00000000 		.word	.LC0
 233              		.cfi_endproc
 234              	.LFE3:
 236              		.section	.text.OSMemGet,"ax",%progbits
 237              		.align	1
 238              		.global	OSMemGet
 239              		.syntax unified
 240              		.thumb
 241              		.thumb_func
 243              	OSMemGet:
 244              	.LFB4:
 149:./ucOSII/Core/os_mem.c **** 
 150:./ucOSII/Core/os_mem.c **** 
 151:./ucOSII/Core/os_mem.c **** /*
 152:./ucOSII/Core/os_mem.c **** ***************************************************************************************************
 153:./ucOSII/Core/os_mem.c **** *                                         GET A MEMORY BLOCK
 154:./ucOSII/Core/os_mem.c **** *
ARM GAS  /var/folders/yl/_q9l42k90g1g4mdhbs226msm0000gn/T//ccwFCXIE.s 			page 8


 155:./ucOSII/Core/os_mem.c **** * Description : Get a memory block from a partition
 156:./ucOSII/Core/os_mem.c **** *
 157:./ucOSII/Core/os_mem.c **** * Arguments   : pmem    is a pointer to the memory partition control block
 158:./ucOSII/Core/os_mem.c **** *
 159:./ucOSII/Core/os_mem.c **** *               perr    is a pointer to a variable containing an error message which will be set by
 160:./ucOSII/Core/os_mem.c **** *                       function to either:
 161:./ucOSII/Core/os_mem.c **** *
 162:./ucOSII/Core/os_mem.c **** *                       OS_ERR_NONE             if the memory partition has been created correctly.
 163:./ucOSII/Core/os_mem.c **** *                       OS_ERR_MEM_NO_FREE_BLKS if there are no more free memory blocks to allocate
 164:./ucOSII/Core/os_mem.c **** *                       OS_ERR_MEM_INVALID_PMEM if you passed a NULL pointer for 'pmem'
 165:./ucOSII/Core/os_mem.c **** *
 166:./ucOSII/Core/os_mem.c **** * Returns     : A pointer to a memory block if no error is detected
 167:./ucOSII/Core/os_mem.c **** *               A pointer to NULL if an error is detected
 168:./ucOSII/Core/os_mem.c **** ***************************************************************************************************
 169:./ucOSII/Core/os_mem.c **** */
 170:./ucOSII/Core/os_mem.c **** 
 171:./ucOSII/Core/os_mem.c **** void  *OSMemGet (OS_MEM  *pmem,
 172:./ucOSII/Core/os_mem.c ****                  INT8U   *perr)
 173:./ucOSII/Core/os_mem.c **** {
 245              		.loc 1 173 1
 246              		.cfi_startproc
 247              		@ args = 0, pretend = 0, frame = 16
 248              		@ frame_needed = 1, uses_anonymous_args = 0
 249 0000 80B5     		push	{r7, lr}
 250              	.LCFI5:
 251              		.cfi_def_cfa_offset 8
 252              		.cfi_offset 7, -8
 253              		.cfi_offset 14, -4
 254 0002 84B0     		sub	sp, sp, #16
 255              	.LCFI6:
 256              		.cfi_def_cfa_offset 24
 257 0004 00AF     		add	r7, sp, #0
 258              	.LCFI7:
 259              		.cfi_def_cfa_register 7
 260 0006 7860     		str	r0, [r7, #4]
 261 0008 3960     		str	r1, [r7]
 174:./ucOSII/Core/os_mem.c ****     void      *pblk;
 175:./ucOSII/Core/os_mem.c **** #if OS_CRITICAL_METHOD == 3u                          /* Allocate storage for CPU status register  
 176:./ucOSII/Core/os_mem.c ****     OS_CPU_SR  cpu_sr = 0u;
 262              		.loc 1 176 16
 263 000a 0023     		movs	r3, #0
 264 000c FB60     		str	r3, [r7, #12]
 177:./ucOSII/Core/os_mem.c **** #endif
 178:./ucOSII/Core/os_mem.c **** 
 179:./ucOSII/Core/os_mem.c **** 
 180:./ucOSII/Core/os_mem.c **** #ifdef OS_SAFETY_CRITICAL
 181:./ucOSII/Core/os_mem.c ****     if (perr == (INT8U *)0) {
 182:./ucOSII/Core/os_mem.c ****         OS_SAFETY_CRITICAL_EXCEPTION();
 183:./ucOSII/Core/os_mem.c ****         return ((void *)0);
 184:./ucOSII/Core/os_mem.c ****     }
 185:./ucOSII/Core/os_mem.c **** #endif
 186:./ucOSII/Core/os_mem.c **** 
 187:./ucOSII/Core/os_mem.c **** #if OS_ARG_CHK_EN > 0u
 188:./ucOSII/Core/os_mem.c ****     if (pmem == (OS_MEM *)0) {                        /* Must point to a valid memory partition    
 265              		.loc 1 188 8
 266 000e 7B68     		ldr	r3, [r7, #4]
 267 0010 002B     		cmp	r3, #0
ARM GAS  /var/folders/yl/_q9l42k90g1g4mdhbs226msm0000gn/T//ccwFCXIE.s 			page 9


 268 0012 04D1     		bne	.L14
 189:./ucOSII/Core/os_mem.c ****         *perr = OS_ERR_MEM_INVALID_PMEM;
 269              		.loc 1 189 15
 270 0014 3B68     		ldr	r3, [r7]
 271 0016 6022     		movs	r2, #96
 272 0018 1A70     		strb	r2, [r3]
 190:./ucOSII/Core/os_mem.c ****         return ((void *)0);
 273              		.loc 1 190 16
 274 001a 0023     		movs	r3, #0
 275 001c 37E0     		b	.L15
 276              	.L14:
 191:./ucOSII/Core/os_mem.c ****     }
 192:./ucOSII/Core/os_mem.c **** #endif
 193:./ucOSII/Core/os_mem.c **** 
 194:./ucOSII/Core/os_mem.c ****     OS_TRACE_MEM_GET_ENTER(pmem);
 277              		.loc 1 194 5
 278 001e 7B68     		ldr	r3, [r7, #4]
 279 0020 1846     		mov	r0, r3
 280 0022 FFF7FEFF 		bl	SEGGER_SYSVIEW_ShrinkId
 281 0026 0346     		mov	r3, r0
 282 0028 1946     		mov	r1, r3
 283 002a 3E20     		movs	r0, #62
 284 002c FFF7FEFF 		bl	SEGGER_SYSVIEW_RecordU32
 195:./ucOSII/Core/os_mem.c **** 
 196:./ucOSII/Core/os_mem.c ****     OS_ENTER_CRITICAL();
 285              		.loc 1 196 5
 286 0030 4020     		movs	r0, #64
 287 0032 FFF7FEFF 		bl	OS_CPU_SR_Save
 288 0036 F860     		str	r0, [r7, #12]
 197:./ucOSII/Core/os_mem.c ****     if (pmem->OSMemNFree > 0u) {                      /* See if there are any free memory blocks   
 289              		.loc 1 197 13
 290 0038 7B68     		ldr	r3, [r7, #4]
 291 003a 1B69     		ldr	r3, [r3, #16]
 292              		.loc 1 197 8
 293 003c 002B     		cmp	r3, #0
 294 003e 19D0     		beq	.L16
 198:./ucOSII/Core/os_mem.c ****         pblk                = pmem->OSMemFreeList;    /* Yes, point to next free memory block      
 295              		.loc 1 198 29
 296 0040 7B68     		ldr	r3, [r7, #4]
 297 0042 5B68     		ldr	r3, [r3, #4]
 298 0044 BB60     		str	r3, [r7, #8]
 199:./ucOSII/Core/os_mem.c ****         pmem->OSMemFreeList = *(void **)pblk;         /*      Adjust pointer to new free list      
 299              		.loc 1 199 31
 300 0046 BB68     		ldr	r3, [r7, #8]
 301 0048 1A68     		ldr	r2, [r3]
 302              		.loc 1 199 29
 303 004a 7B68     		ldr	r3, [r7, #4]
 304 004c 5A60     		str	r2, [r3, #4]
 200:./ucOSII/Core/os_mem.c ****         pmem->OSMemNFree--;                           /*      One less memory block in this partiti
 305              		.loc 1 200 13
 306 004e 7B68     		ldr	r3, [r7, #4]
 307 0050 1B69     		ldr	r3, [r3, #16]
 308              		.loc 1 200 25
 309 0052 5A1E     		subs	r2, r3, #1
 310 0054 7B68     		ldr	r3, [r7, #4]
 311 0056 1A61     		str	r2, [r3, #16]
 201:./ucOSII/Core/os_mem.c ****         OS_EXIT_CRITICAL();
ARM GAS  /var/folders/yl/_q9l42k90g1g4mdhbs226msm0000gn/T//ccwFCXIE.s 			page 10


 312              		.loc 1 201 9
 313 0058 F868     		ldr	r0, [r7, #12]
 314 005a FFF7FEFF 		bl	OS_CPU_SR_Restore
 202:./ucOSII/Core/os_mem.c ****         *perr = OS_ERR_NONE;                          /*      No error                             
 315              		.loc 1 202 15
 316 005e 3B68     		ldr	r3, [r7]
 317 0060 0022     		movs	r2, #0
 318 0062 1A70     		strb	r2, [r3]
 203:./ucOSII/Core/os_mem.c ****         OS_TRACE_MEM_GET_EXIT(*perr);
 319              		.loc 1 203 9
 320 0064 3B68     		ldr	r3, [r7]
 321 0066 1B78     		ldrb	r3, [r3]	@ zero_extendqisi2
 322 0068 1946     		mov	r1, r3
 323 006a 3E20     		movs	r0, #62
 324 006c FFF7FEFF 		bl	SEGGER_SYSVIEW_RecordEndCallU32
 204:./ucOSII/Core/os_mem.c ****         return (pblk);                                /*      Return memory block to caller        
 325              		.loc 1 204 16
 326 0070 BB68     		ldr	r3, [r7, #8]
 327 0072 0CE0     		b	.L15
 328              	.L16:
 205:./ucOSII/Core/os_mem.c ****     }
 206:./ucOSII/Core/os_mem.c ****     OS_EXIT_CRITICAL();
 329              		.loc 1 206 5
 330 0074 F868     		ldr	r0, [r7, #12]
 331 0076 FFF7FEFF 		bl	OS_CPU_SR_Restore
 207:./ucOSII/Core/os_mem.c ****     *perr = OS_ERR_MEM_NO_FREE_BLKS;                  /* No,  Notify caller of empty memory partiti
 332              		.loc 1 207 11
 333 007a 3B68     		ldr	r3, [r7]
 334 007c 5D22     		movs	r2, #93
 335 007e 1A70     		strb	r2, [r3]
 208:./ucOSII/Core/os_mem.c ****     OS_TRACE_MEM_GET_EXIT(*perr);
 336              		.loc 1 208 5
 337 0080 3B68     		ldr	r3, [r7]
 338 0082 1B78     		ldrb	r3, [r3]	@ zero_extendqisi2
 339 0084 1946     		mov	r1, r3
 340 0086 3E20     		movs	r0, #62
 341 0088 FFF7FEFF 		bl	SEGGER_SYSVIEW_RecordEndCallU32
 209:./ucOSII/Core/os_mem.c ****     return ((void *)0);                               /*      Return NULL pointer to caller        
 342              		.loc 1 209 12
 343 008c 0023     		movs	r3, #0
 344              	.L15:
 210:./ucOSII/Core/os_mem.c **** }
 345              		.loc 1 210 1
 346 008e 1846     		mov	r0, r3
 347 0090 1037     		adds	r7, r7, #16
 348              	.LCFI8:
 349              		.cfi_def_cfa_offset 8
 350 0092 BD46     		mov	sp, r7
 351              	.LCFI9:
 352              		.cfi_def_cfa_register 13
 353              		@ sp needed
 354 0094 80BD     		pop	{r7, pc}
 355              		.cfi_endproc
 356              	.LFE4:
 358              		.section	.text.OSMemNameGet,"ax",%progbits
 359              		.align	1
 360              		.global	OSMemNameGet
ARM GAS  /var/folders/yl/_q9l42k90g1g4mdhbs226msm0000gn/T//ccwFCXIE.s 			page 11


 361              		.syntax unified
 362              		.thumb
 363              		.thumb_func
 365              	OSMemNameGet:
 366              	.LFB5:
 211:./ucOSII/Core/os_mem.c **** 
 212:./ucOSII/Core/os_mem.c **** 
 213:./ucOSII/Core/os_mem.c **** /*
 214:./ucOSII/Core/os_mem.c **** ***************************************************************************************************
 215:./ucOSII/Core/os_mem.c **** *                                 GET THE NAME OF A MEMORY PARTITION
 216:./ucOSII/Core/os_mem.c **** *
 217:./ucOSII/Core/os_mem.c **** * Description: This function is used to obtain the name assigned to a memory partition.
 218:./ucOSII/Core/os_mem.c **** *
 219:./ucOSII/Core/os_mem.c **** * Arguments  : pmem      is a pointer to the memory partition
 220:./ucOSII/Core/os_mem.c **** *
 221:./ucOSII/Core/os_mem.c **** *              pname     is a pointer to a pointer to an ASCII string that will receive the name of
 222:./ucOSII/Core/os_mem.c **** *
 223:./ucOSII/Core/os_mem.c **** *              perr      is a pointer to an error code that can contain one of the following values
 224:./ucOSII/Core/os_mem.c **** *
 225:./ucOSII/Core/os_mem.c **** *                        OS_ERR_NONE                if the name was copied to 'pname'
 226:./ucOSII/Core/os_mem.c **** *                        OS_ERR_MEM_INVALID_PMEM    if you passed a NULL pointer for 'pmem'
 227:./ucOSII/Core/os_mem.c **** *                        OS_ERR_PNAME_NULL          You passed a NULL pointer for 'pname'
 228:./ucOSII/Core/os_mem.c **** *                        OS_ERR_NAME_GET_ISR        You called this function from an ISR
 229:./ucOSII/Core/os_mem.c **** *
 230:./ucOSII/Core/os_mem.c **** * Returns    : The length of the string or 0 if 'pmem' is a NULL pointer.
 231:./ucOSII/Core/os_mem.c **** ***************************************************************************************************
 232:./ucOSII/Core/os_mem.c **** */
 233:./ucOSII/Core/os_mem.c **** 
 234:./ucOSII/Core/os_mem.c **** #if OS_MEM_NAME_EN > 0u
 235:./ucOSII/Core/os_mem.c **** INT8U  OSMemNameGet (OS_MEM   *pmem,
 236:./ucOSII/Core/os_mem.c ****                      INT8U   **pname,
 237:./ucOSII/Core/os_mem.c ****                      INT8U    *perr)
 238:./ucOSII/Core/os_mem.c **** {
 367              		.loc 1 238 1
 368              		.cfi_startproc
 369              		@ args = 0, pretend = 0, frame = 24
 370              		@ frame_needed = 1, uses_anonymous_args = 0
 371 0000 80B5     		push	{r7, lr}
 372              	.LCFI10:
 373              		.cfi_def_cfa_offset 8
 374              		.cfi_offset 7, -8
 375              		.cfi_offset 14, -4
 376 0002 86B0     		sub	sp, sp, #24
 377              	.LCFI11:
 378              		.cfi_def_cfa_offset 32
 379 0004 00AF     		add	r7, sp, #0
 380              	.LCFI12:
 381              		.cfi_def_cfa_register 7
 382 0006 F860     		str	r0, [r7, #12]
 383 0008 B960     		str	r1, [r7, #8]
 384 000a 7A60     		str	r2, [r7, #4]
 239:./ucOSII/Core/os_mem.c ****     INT8U      len;
 240:./ucOSII/Core/os_mem.c **** #if OS_CRITICAL_METHOD == 3u                     /* Allocate storage for CPU status register       
 241:./ucOSII/Core/os_mem.c ****     OS_CPU_SR  cpu_sr = 0u;
 385              		.loc 1 241 16
 386 000c 0023     		movs	r3, #0
 387 000e 7B61     		str	r3, [r7, #20]
ARM GAS  /var/folders/yl/_q9l42k90g1g4mdhbs226msm0000gn/T//ccwFCXIE.s 			page 12


 242:./ucOSII/Core/os_mem.c **** #endif
 243:./ucOSII/Core/os_mem.c **** 
 244:./ucOSII/Core/os_mem.c **** 
 245:./ucOSII/Core/os_mem.c **** 
 246:./ucOSII/Core/os_mem.c **** #ifdef OS_SAFETY_CRITICAL
 247:./ucOSII/Core/os_mem.c ****     if (perr == (INT8U *)0) {
 248:./ucOSII/Core/os_mem.c ****         OS_SAFETY_CRITICAL_EXCEPTION();
 249:./ucOSII/Core/os_mem.c ****         return (0u);
 250:./ucOSII/Core/os_mem.c ****     }
 251:./ucOSII/Core/os_mem.c **** #endif
 252:./ucOSII/Core/os_mem.c **** 
 253:./ucOSII/Core/os_mem.c **** #if OS_ARG_CHK_EN > 0u
 254:./ucOSII/Core/os_mem.c ****     if (pmem == (OS_MEM *)0) {                   /* Is 'pmem' a NULL pointer?                      
 388              		.loc 1 254 8
 389 0010 FB68     		ldr	r3, [r7, #12]
 390 0012 002B     		cmp	r3, #0
 391 0014 04D1     		bne	.L18
 255:./ucOSII/Core/os_mem.c ****         *perr = OS_ERR_MEM_INVALID_PMEM;
 392              		.loc 1 255 15
 393 0016 7B68     		ldr	r3, [r7, #4]
 394 0018 6022     		movs	r2, #96
 395 001a 1A70     		strb	r2, [r3]
 256:./ucOSII/Core/os_mem.c ****         return (0u);
 396              		.loc 1 256 16
 397 001c 0023     		movs	r3, #0
 398 001e 26E0     		b	.L19
 399              	.L18:
 257:./ucOSII/Core/os_mem.c ****     }
 258:./ucOSII/Core/os_mem.c ****     if (pname == (INT8U **)0) {                  /* Is 'pname' a NULL pointer?                     
 400              		.loc 1 258 8
 401 0020 BB68     		ldr	r3, [r7, #8]
 402 0022 002B     		cmp	r3, #0
 403 0024 04D1     		bne	.L20
 259:./ucOSII/Core/os_mem.c ****         *perr = OS_ERR_PNAME_NULL;
 404              		.loc 1 259 15
 405 0026 7B68     		ldr	r3, [r7, #4]
 406 0028 0C22     		movs	r2, #12
 407 002a 1A70     		strb	r2, [r3]
 260:./ucOSII/Core/os_mem.c ****         return (0u);
 408              		.loc 1 260 16
 409 002c 0023     		movs	r3, #0
 410 002e 1EE0     		b	.L19
 411              	.L20:
 261:./ucOSII/Core/os_mem.c ****     }
 262:./ucOSII/Core/os_mem.c **** #endif
 263:./ucOSII/Core/os_mem.c ****     if (OSIntNesting > 0u) {                     /* See if trying to call from an ISR              
 412              		.loc 1 263 22
 413 0030 114B     		ldr	r3, .L22
 414 0032 1B78     		ldrb	r3, [r3]	@ zero_extendqisi2
 415              		.loc 1 263 8
 416 0034 002B     		cmp	r3, #0
 417 0036 04D0     		beq	.L21
 264:./ucOSII/Core/os_mem.c ****         *perr = OS_ERR_NAME_GET_ISR;
 418              		.loc 1 264 15
 419 0038 7B68     		ldr	r3, [r7, #4]
 420 003a 1122     		movs	r2, #17
 421 003c 1A70     		strb	r2, [r3]
ARM GAS  /var/folders/yl/_q9l42k90g1g4mdhbs226msm0000gn/T//ccwFCXIE.s 			page 13


 265:./ucOSII/Core/os_mem.c ****         return (0u);
 422              		.loc 1 265 16
 423 003e 0023     		movs	r3, #0
 424 0040 15E0     		b	.L19
 425              	.L21:
 266:./ucOSII/Core/os_mem.c ****     }
 267:./ucOSII/Core/os_mem.c ****     OS_ENTER_CRITICAL();
 426              		.loc 1 267 5
 427 0042 4020     		movs	r0, #64
 428 0044 FFF7FEFF 		bl	OS_CPU_SR_Save
 429 0048 7861     		str	r0, [r7, #20]
 268:./ucOSII/Core/os_mem.c ****     *pname = pmem->OSMemName;
 430              		.loc 1 268 18
 431 004a FB68     		ldr	r3, [r7, #12]
 432 004c 5A69     		ldr	r2, [r3, #20]
 433              		.loc 1 268 12
 434 004e BB68     		ldr	r3, [r7, #8]
 435 0050 1A60     		str	r2, [r3]
 269:./ucOSII/Core/os_mem.c ****     len    = OS_StrLen(*pname);
 436              		.loc 1 269 14
 437 0052 BB68     		ldr	r3, [r7, #8]
 438 0054 1B68     		ldr	r3, [r3]
 439 0056 1846     		mov	r0, r3
 440 0058 FFF7FEFF 		bl	OS_StrLen
 441 005c 0346     		mov	r3, r0
 442 005e FB74     		strb	r3, [r7, #19]
 270:./ucOSII/Core/os_mem.c ****     OS_EXIT_CRITICAL();
 443              		.loc 1 270 5
 444 0060 7869     		ldr	r0, [r7, #20]
 445 0062 FFF7FEFF 		bl	OS_CPU_SR_Restore
 271:./ucOSII/Core/os_mem.c ****     *perr  = OS_ERR_NONE;
 446              		.loc 1 271 12
 447 0066 7B68     		ldr	r3, [r7, #4]
 448 0068 0022     		movs	r2, #0
 449 006a 1A70     		strb	r2, [r3]
 272:./ucOSII/Core/os_mem.c ****     return (len);
 450              		.loc 1 272 12
 451 006c FB7C     		ldrb	r3, [r7, #19]	@ zero_extendqisi2
 452              	.L19:
 273:./ucOSII/Core/os_mem.c **** }
 453              		.loc 1 273 1
 454 006e 1846     		mov	r0, r3
 455 0070 1837     		adds	r7, r7, #24
 456              	.LCFI13:
 457              		.cfi_def_cfa_offset 8
 458 0072 BD46     		mov	sp, r7
 459              	.LCFI14:
 460              		.cfi_def_cfa_register 13
 461              		@ sp needed
 462 0074 80BD     		pop	{r7, pc}
 463              	.L23:
 464 0076 00BF     		.align	2
 465              	.L22:
 466 0078 00000000 		.word	OSIntNesting
 467              		.cfi_endproc
 468              	.LFE5:
 470              		.section	.text.OSMemNameSet,"ax",%progbits
ARM GAS  /var/folders/yl/_q9l42k90g1g4mdhbs226msm0000gn/T//ccwFCXIE.s 			page 14


 471              		.align	1
 472              		.global	OSMemNameSet
 473              		.syntax unified
 474              		.thumb
 475              		.thumb_func
 477              	OSMemNameSet:
 478              	.LFB6:
 274:./ucOSII/Core/os_mem.c **** #endif
 275:./ucOSII/Core/os_mem.c **** 
 276:./ucOSII/Core/os_mem.c **** 
 277:./ucOSII/Core/os_mem.c **** /*
 278:./ucOSII/Core/os_mem.c **** ***************************************************************************************************
 279:./ucOSII/Core/os_mem.c **** *                                 ASSIGN A NAME TO A MEMORY PARTITION
 280:./ucOSII/Core/os_mem.c **** *
 281:./ucOSII/Core/os_mem.c **** * Description: This function assigns a name to a memory partition.
 282:./ucOSII/Core/os_mem.c **** *
 283:./ucOSII/Core/os_mem.c **** * Arguments  : pmem      is a pointer to the memory partition
 284:./ucOSII/Core/os_mem.c **** *
 285:./ucOSII/Core/os_mem.c **** *              pname     is a pointer to an ASCII string that contains the name of the memory parti
 286:./ucOSII/Core/os_mem.c **** *
 287:./ucOSII/Core/os_mem.c **** *              perr      is a pointer to an error code that can contain one of the following values
 288:./ucOSII/Core/os_mem.c **** *
 289:./ucOSII/Core/os_mem.c **** *                        OS_ERR_NONE                if the name was copied to 'pname'
 290:./ucOSII/Core/os_mem.c **** *                        OS_ERR_MEM_INVALID_PMEM    if you passed a NULL pointer for 'pmem'
 291:./ucOSII/Core/os_mem.c **** *                        OS_ERR_PNAME_NULL          You passed a NULL pointer for 'pname'
 292:./ucOSII/Core/os_mem.c **** *                        OS_ERR_MEM_NAME_TOO_LONG   if the name doesn't fit in the storage area
 293:./ucOSII/Core/os_mem.c **** *                        OS_ERR_NAME_SET_ISR        if you called this function from an ISR
 294:./ucOSII/Core/os_mem.c **** *
 295:./ucOSII/Core/os_mem.c **** * Returns    : None
 296:./ucOSII/Core/os_mem.c **** ***************************************************************************************************
 297:./ucOSII/Core/os_mem.c **** */
 298:./ucOSII/Core/os_mem.c **** 
 299:./ucOSII/Core/os_mem.c **** #if OS_MEM_NAME_EN > 0u
 300:./ucOSII/Core/os_mem.c **** void  OSMemNameSet (OS_MEM  *pmem,
 301:./ucOSII/Core/os_mem.c ****                     INT8U   *pname,
 302:./ucOSII/Core/os_mem.c ****                     INT8U   *perr)
 303:./ucOSII/Core/os_mem.c **** {
 479              		.loc 1 303 1
 480              		.cfi_startproc
 481              		@ args = 0, pretend = 0, frame = 24
 482              		@ frame_needed = 1, uses_anonymous_args = 0
 483 0000 80B5     		push	{r7, lr}
 484              	.LCFI15:
 485              		.cfi_def_cfa_offset 8
 486              		.cfi_offset 7, -8
 487              		.cfi_offset 14, -4
 488 0002 86B0     		sub	sp, sp, #24
 489              	.LCFI16:
 490              		.cfi_def_cfa_offset 32
 491 0004 00AF     		add	r7, sp, #0
 492              	.LCFI17:
 493              		.cfi_def_cfa_register 7
 494 0006 F860     		str	r0, [r7, #12]
 495 0008 B960     		str	r1, [r7, #8]
 496 000a 7A60     		str	r2, [r7, #4]
 304:./ucOSII/Core/os_mem.c **** #if OS_CRITICAL_METHOD == 3u                     /* Allocate storage for CPU status register       
 305:./ucOSII/Core/os_mem.c ****     OS_CPU_SR  cpu_sr = 0u;
ARM GAS  /var/folders/yl/_q9l42k90g1g4mdhbs226msm0000gn/T//ccwFCXIE.s 			page 15


 497              		.loc 1 305 16
 498 000c 0023     		movs	r3, #0
 499 000e 7B61     		str	r3, [r7, #20]
 306:./ucOSII/Core/os_mem.c **** #endif
 307:./ucOSII/Core/os_mem.c **** 
 308:./ucOSII/Core/os_mem.c **** 
 309:./ucOSII/Core/os_mem.c **** 
 310:./ucOSII/Core/os_mem.c **** #ifdef OS_SAFETY_CRITICAL
 311:./ucOSII/Core/os_mem.c ****     if (perr == (INT8U *)0) {
 312:./ucOSII/Core/os_mem.c ****         OS_SAFETY_CRITICAL_EXCEPTION();
 313:./ucOSII/Core/os_mem.c ****         return;
 314:./ucOSII/Core/os_mem.c ****     }
 315:./ucOSII/Core/os_mem.c **** #endif
 316:./ucOSII/Core/os_mem.c **** 
 317:./ucOSII/Core/os_mem.c **** #if OS_ARG_CHK_EN > 0u
 318:./ucOSII/Core/os_mem.c ****     if (pmem == (OS_MEM *)0) {                   /* Is 'pmem' a NULL pointer?                      
 500              		.loc 1 318 8
 501 0010 FB68     		ldr	r3, [r7, #12]
 502 0012 002B     		cmp	r3, #0
 503 0014 03D1     		bne	.L25
 319:./ucOSII/Core/os_mem.c ****         *perr = OS_ERR_MEM_INVALID_PMEM;
 504              		.loc 1 319 15
 505 0016 7B68     		ldr	r3, [r7, #4]
 506 0018 6022     		movs	r2, #96
 507 001a 1A70     		strb	r2, [r3]
 320:./ucOSII/Core/os_mem.c ****         return;
 508              		.loc 1 320 9
 509 001c 26E0     		b	.L24
 510              	.L25:
 321:./ucOSII/Core/os_mem.c ****     }
 322:./ucOSII/Core/os_mem.c ****     if (pname == (INT8U *)0) {                   /* Is 'pname' a NULL pointer?                     
 511              		.loc 1 322 8
 512 001e BB68     		ldr	r3, [r7, #8]
 513 0020 002B     		cmp	r3, #0
 514 0022 03D1     		bne	.L27
 323:./ucOSII/Core/os_mem.c ****         *perr = OS_ERR_PNAME_NULL;
 515              		.loc 1 323 15
 516 0024 7B68     		ldr	r3, [r7, #4]
 517 0026 0C22     		movs	r2, #12
 518 0028 1A70     		strb	r2, [r3]
 324:./ucOSII/Core/os_mem.c ****         return;
 519              		.loc 1 324 9
 520 002a 1FE0     		b	.L24
 521              	.L27:
 325:./ucOSII/Core/os_mem.c ****     }
 326:./ucOSII/Core/os_mem.c **** #endif
 327:./ucOSII/Core/os_mem.c ****     if (OSIntNesting > 0u) {                     /* See if trying to call from an ISR              
 522              		.loc 1 327 22
 523 002c 114B     		ldr	r3, .L30
 524 002e 1B78     		ldrb	r3, [r3]	@ zero_extendqisi2
 525              		.loc 1 327 8
 526 0030 002B     		cmp	r3, #0
 527 0032 03D0     		beq	.L28
 328:./ucOSII/Core/os_mem.c ****         *perr = OS_ERR_NAME_SET_ISR;
 528              		.loc 1 328 15
 529 0034 7B68     		ldr	r3, [r7, #4]
 530 0036 1222     		movs	r2, #18
ARM GAS  /var/folders/yl/_q9l42k90g1g4mdhbs226msm0000gn/T//ccwFCXIE.s 			page 16


 531 0038 1A70     		strb	r2, [r3]
 329:./ucOSII/Core/os_mem.c ****         return;
 532              		.loc 1 329 9
 533 003a 17E0     		b	.L24
 534              	.L28:
 330:./ucOSII/Core/os_mem.c ****     }
 331:./ucOSII/Core/os_mem.c ****     OS_ENTER_CRITICAL();
 535              		.loc 1 331 5
 536 003c 4020     		movs	r0, #64
 537 003e FFF7FEFF 		bl	OS_CPU_SR_Save
 538 0042 7861     		str	r0, [r7, #20]
 332:./ucOSII/Core/os_mem.c ****     pmem->OSMemName = pname;
 539              		.loc 1 332 21
 540 0044 FB68     		ldr	r3, [r7, #12]
 541 0046 BA68     		ldr	r2, [r7, #8]
 542 0048 5A61     		str	r2, [r3, #20]
 333:./ucOSII/Core/os_mem.c ****     OS_EXIT_CRITICAL();
 543              		.loc 1 333 5
 544 004a 7869     		ldr	r0, [r7, #20]
 545 004c FFF7FEFF 		bl	OS_CPU_SR_Restore
 334:./ucOSII/Core/os_mem.c ****     OS_TRACE_EVENT_NAME_SET(pmem, pname);
 546              		.loc 1 334 5
 547 0050 FB68     		ldr	r3, [r7, #12]
 548 0052 002B     		cmp	r3, #0
 549 0054 07D0     		beq	.L29
 550              		.loc 1 334 5 is_stmt 0 discriminator 1
 551 0056 BB68     		ldr	r3, [r7, #8]
 552 0058 002B     		cmp	r3, #0
 553 005a 04D0     		beq	.L29
 554              		.loc 1 334 5 discriminator 2
 555 005c FB68     		ldr	r3, [r7, #12]
 556 005e B968     		ldr	r1, [r7, #8]
 557 0060 1846     		mov	r0, r3
 558 0062 FFF7FEFF 		bl	SYSVIEW_UpdateResource
 559              	.L29:
 335:./ucOSII/Core/os_mem.c ****     *perr           = OS_ERR_NONE;
 560              		.loc 1 335 21 is_stmt 1
 561 0066 7B68     		ldr	r3, [r7, #4]
 562 0068 0022     		movs	r2, #0
 563 006a 1A70     		strb	r2, [r3]
 564              	.L24:
 336:./ucOSII/Core/os_mem.c **** }
 565              		.loc 1 336 1
 566 006c 1837     		adds	r7, r7, #24
 567              	.LCFI18:
 568              		.cfi_def_cfa_offset 8
 569 006e BD46     		mov	sp, r7
 570              	.LCFI19:
 571              		.cfi_def_cfa_register 13
 572              		@ sp needed
 573 0070 80BD     		pop	{r7, pc}
 574              	.L31:
 575 0072 00BF     		.align	2
 576              	.L30:
 577 0074 00000000 		.word	OSIntNesting
 578              		.cfi_endproc
 579              	.LFE6:
ARM GAS  /var/folders/yl/_q9l42k90g1g4mdhbs226msm0000gn/T//ccwFCXIE.s 			page 17


 581              		.section	.text.OSMemPut,"ax",%progbits
 582              		.align	1
 583              		.global	OSMemPut
 584              		.syntax unified
 585              		.thumb
 586              		.thumb_func
 588              	OSMemPut:
 589              	.LFB7:
 337:./ucOSII/Core/os_mem.c **** #endif
 338:./ucOSII/Core/os_mem.c **** 
 339:./ucOSII/Core/os_mem.c **** 
 340:./ucOSII/Core/os_mem.c **** /*
 341:./ucOSII/Core/os_mem.c **** ***************************************************************************************************
 342:./ucOSII/Core/os_mem.c **** *                                       RELEASE A MEMORY BLOCK
 343:./ucOSII/Core/os_mem.c **** *
 344:./ucOSII/Core/os_mem.c **** * Description : Returns a memory block to a partition
 345:./ucOSII/Core/os_mem.c **** *
 346:./ucOSII/Core/os_mem.c **** * Arguments   : pmem    is a pointer to the memory partition control block
 347:./ucOSII/Core/os_mem.c **** *
 348:./ucOSII/Core/os_mem.c **** *               pblk    is a pointer to the memory block being released.
 349:./ucOSII/Core/os_mem.c **** *
 350:./ucOSII/Core/os_mem.c **** * Returns     : OS_ERR_NONE              if the memory block was inserted into the partition
 351:./ucOSII/Core/os_mem.c **** *               OS_ERR_MEM_FULL          if you are returning a memory block to an already FULL mem
 352:./ucOSII/Core/os_mem.c **** *                                        partition (You freed more blocks than you allocated!)
 353:./ucOSII/Core/os_mem.c **** *               OS_ERR_MEM_INVALID_PMEM  if you passed a NULL pointer for 'pmem'
 354:./ucOSII/Core/os_mem.c **** *               OS_ERR_MEM_INVALID_PBLK  if you passed a NULL pointer for the block to release.
 355:./ucOSII/Core/os_mem.c **** ***************************************************************************************************
 356:./ucOSII/Core/os_mem.c **** */
 357:./ucOSII/Core/os_mem.c **** 
 358:./ucOSII/Core/os_mem.c **** INT8U  OSMemPut (OS_MEM  *pmem,
 359:./ucOSII/Core/os_mem.c ****                  void    *pblk)
 360:./ucOSII/Core/os_mem.c **** {
 590              		.loc 1 360 1
 591              		.cfi_startproc
 592              		@ args = 0, pretend = 0, frame = 16
 593              		@ frame_needed = 1, uses_anonymous_args = 0
 594 0000 80B5     		push	{r7, lr}
 595              	.LCFI20:
 596              		.cfi_def_cfa_offset 8
 597              		.cfi_offset 7, -8
 598              		.cfi_offset 14, -4
 599 0002 84B0     		sub	sp, sp, #16
 600              	.LCFI21:
 601              		.cfi_def_cfa_offset 24
 602 0004 00AF     		add	r7, sp, #0
 603              	.LCFI22:
 604              		.cfi_def_cfa_register 7
 605 0006 7860     		str	r0, [r7, #4]
 606 0008 3960     		str	r1, [r7]
 361:./ucOSII/Core/os_mem.c **** #if OS_CRITICAL_METHOD == 3u                     /* Allocate storage for CPU status register       
 362:./ucOSII/Core/os_mem.c ****     OS_CPU_SR  cpu_sr = 0u;
 607              		.loc 1 362 16
 608 000a 0023     		movs	r3, #0
 609 000c FB60     		str	r3, [r7, #12]
 363:./ucOSII/Core/os_mem.c **** #endif
 364:./ucOSII/Core/os_mem.c **** 
 365:./ucOSII/Core/os_mem.c **** 
ARM GAS  /var/folders/yl/_q9l42k90g1g4mdhbs226msm0000gn/T//ccwFCXIE.s 			page 18


 366:./ucOSII/Core/os_mem.c **** #if OS_ARG_CHK_EN > 0u
 367:./ucOSII/Core/os_mem.c ****     if (pmem == (OS_MEM *)0) {                   /* Must point to a valid memory partition         
 610              		.loc 1 367 8
 611 000e 7B68     		ldr	r3, [r7, #4]
 612 0010 002B     		cmp	r3, #0
 613 0012 01D1     		bne	.L33
 368:./ucOSII/Core/os_mem.c ****         return (OS_ERR_MEM_INVALID_PMEM);
 614              		.loc 1 368 16
 615 0014 6023     		movs	r3, #96
 616 0016 35E0     		b	.L34
 617              	.L33:
 369:./ucOSII/Core/os_mem.c ****     }
 370:./ucOSII/Core/os_mem.c ****     if (pblk == (void *)0) {                     /* Must release a valid block                     
 618              		.loc 1 370 8
 619 0018 3B68     		ldr	r3, [r7]
 620 001a 002B     		cmp	r3, #0
 621 001c 01D1     		bne	.L35
 371:./ucOSII/Core/os_mem.c ****         return (OS_ERR_MEM_INVALID_PBLK);
 622              		.loc 1 371 16
 623 001e 5F23     		movs	r3, #95
 624 0020 30E0     		b	.L34
 625              	.L35:
 372:./ucOSII/Core/os_mem.c ****     }
 373:./ucOSII/Core/os_mem.c **** #endif
 374:./ucOSII/Core/os_mem.c **** 
 375:./ucOSII/Core/os_mem.c ****     OS_TRACE_MEM_PUT_ENTER(pmem, pblk);
 626              		.loc 1 375 5
 627 0022 7B68     		ldr	r3, [r7, #4]
 628 0024 1846     		mov	r0, r3
 629 0026 FFF7FEFF 		bl	SEGGER_SYSVIEW_ShrinkId
 630 002a 0146     		mov	r1, r0
 631 002c 3B68     		ldr	r3, [r7]
 632 002e 1A46     		mov	r2, r3
 633 0030 3D20     		movs	r0, #61
 634 0032 FFF7FEFF 		bl	SEGGER_SYSVIEW_RecordU32x2
 376:./ucOSII/Core/os_mem.c **** 
 377:./ucOSII/Core/os_mem.c ****     OS_ENTER_CRITICAL();
 635              		.loc 1 377 5
 636 0036 4020     		movs	r0, #64
 637 0038 FFF7FEFF 		bl	OS_CPU_SR_Save
 638 003c F860     		str	r0, [r7, #12]
 378:./ucOSII/Core/os_mem.c ****     if (pmem->OSMemNFree >= pmem->OSMemNBlks) {  /* Make sure all blocks not already returned      
 639              		.loc 1 378 13
 640 003e 7B68     		ldr	r3, [r7, #4]
 641 0040 1A69     		ldr	r2, [r3, #16]
 642              		.loc 1 378 33
 643 0042 7B68     		ldr	r3, [r7, #4]
 644 0044 DB68     		ldr	r3, [r3, #12]
 645              		.loc 1 378 8
 646 0046 9A42     		cmp	r2, r3
 647 0048 08D3     		bcc	.L36
 379:./ucOSII/Core/os_mem.c ****         OS_EXIT_CRITICAL();
 648              		.loc 1 379 9
 649 004a F868     		ldr	r0, [r7, #12]
 650 004c FFF7FEFF 		bl	OS_CPU_SR_Restore
 380:./ucOSII/Core/os_mem.c ****         OS_TRACE_MEM_PUT_EXIT(OS_ERR_MEM_FULL);
 651              		.loc 1 380 9
ARM GAS  /var/folders/yl/_q9l42k90g1g4mdhbs226msm0000gn/T//ccwFCXIE.s 			page 19


 652 0050 5E21     		movs	r1, #94
 653 0052 3D20     		movs	r0, #61
 654 0054 FFF7FEFF 		bl	SEGGER_SYSVIEW_RecordEndCallU32
 381:./ucOSII/Core/os_mem.c ****         return (OS_ERR_MEM_FULL);
 655              		.loc 1 381 16
 656 0058 5E23     		movs	r3, #94
 657 005a 13E0     		b	.L34
 658              	.L36:
 382:./ucOSII/Core/os_mem.c ****     }
 383:./ucOSII/Core/os_mem.c ****     *(void **)pblk      = pmem->OSMemFreeList;   /* Insert released block into free block list     
 659              		.loc 1 383 31
 660 005c 7B68     		ldr	r3, [r7, #4]
 661 005e 5A68     		ldr	r2, [r3, #4]
 662              		.loc 1 383 25
 663 0060 3B68     		ldr	r3, [r7]
 664 0062 1A60     		str	r2, [r3]
 384:./ucOSII/Core/os_mem.c ****     pmem->OSMemFreeList = pblk;
 665              		.loc 1 384 25
 666 0064 7B68     		ldr	r3, [r7, #4]
 667 0066 3A68     		ldr	r2, [r7]
 668 0068 5A60     		str	r2, [r3, #4]
 385:./ucOSII/Core/os_mem.c ****     pmem->OSMemNFree++;                          /* One more memory block in this partition        
 669              		.loc 1 385 9
 670 006a 7B68     		ldr	r3, [r7, #4]
 671 006c 1B69     		ldr	r3, [r3, #16]
 672              		.loc 1 385 21
 673 006e 5A1C     		adds	r2, r3, #1
 674 0070 7B68     		ldr	r3, [r7, #4]
 675 0072 1A61     		str	r2, [r3, #16]
 386:./ucOSII/Core/os_mem.c ****     OS_EXIT_CRITICAL();
 676              		.loc 1 386 5
 677 0074 F868     		ldr	r0, [r7, #12]
 678 0076 FFF7FEFF 		bl	OS_CPU_SR_Restore
 387:./ucOSII/Core/os_mem.c ****     OS_TRACE_MEM_PUT_EXIT(OS_ERR_NONE);
 679              		.loc 1 387 5
 680 007a 0021     		movs	r1, #0
 681 007c 3D20     		movs	r0, #61
 682 007e FFF7FEFF 		bl	SEGGER_SYSVIEW_RecordEndCallU32
 388:./ucOSII/Core/os_mem.c ****     return (OS_ERR_NONE);                        /* Notify caller that memory block was released   
 683              		.loc 1 388 12
 684 0082 0023     		movs	r3, #0
 685              	.L34:
 389:./ucOSII/Core/os_mem.c **** }
 686              		.loc 1 389 1
 687 0084 1846     		mov	r0, r3
 688 0086 1037     		adds	r7, r7, #16
 689              	.LCFI23:
 690              		.cfi_def_cfa_offset 8
 691 0088 BD46     		mov	sp, r7
 692              	.LCFI24:
 693              		.cfi_def_cfa_register 13
 694              		@ sp needed
 695 008a 80BD     		pop	{r7, pc}
 696              		.cfi_endproc
 697              	.LFE7:
 699              		.section	.text.OSMemQuery,"ax",%progbits
 700              		.align	1
ARM GAS  /var/folders/yl/_q9l42k90g1g4mdhbs226msm0000gn/T//ccwFCXIE.s 			page 20


 701              		.global	OSMemQuery
 702              		.syntax unified
 703              		.thumb
 704              		.thumb_func
 706              	OSMemQuery:
 707              	.LFB8:
 390:./ucOSII/Core/os_mem.c **** 
 391:./ucOSII/Core/os_mem.c **** 
 392:./ucOSII/Core/os_mem.c **** /*
 393:./ucOSII/Core/os_mem.c **** ***************************************************************************************************
 394:./ucOSII/Core/os_mem.c **** *                                       QUERY MEMORY PARTITION
 395:./ucOSII/Core/os_mem.c **** *
 396:./ucOSII/Core/os_mem.c **** * Description : This function is used to determine the number of free memory blocks and the number 
 397:./ucOSII/Core/os_mem.c **** *               used memory blocks from a memory partition.
 398:./ucOSII/Core/os_mem.c **** *
 399:./ucOSII/Core/os_mem.c **** * Arguments   : pmem        is a pointer to the memory partition control block
 400:./ucOSII/Core/os_mem.c **** *
 401:./ucOSII/Core/os_mem.c **** *               p_mem_data  is a pointer to a structure that will contain information about the mem
 402:./ucOSII/Core/os_mem.c **** *                           partition.
 403:./ucOSII/Core/os_mem.c **** *
 404:./ucOSII/Core/os_mem.c **** * Returns     : OS_ERR_NONE               if no errors were found.
 405:./ucOSII/Core/os_mem.c **** *               OS_ERR_MEM_INVALID_PMEM   if you passed a NULL pointer for 'pmem'
 406:./ucOSII/Core/os_mem.c **** *               OS_ERR_MEM_INVALID_PDATA  if you passed a NULL pointer to the data recipient.
 407:./ucOSII/Core/os_mem.c **** ***************************************************************************************************
 408:./ucOSII/Core/os_mem.c **** */
 409:./ucOSII/Core/os_mem.c **** 
 410:./ucOSII/Core/os_mem.c **** #if OS_MEM_QUERY_EN > 0u
 411:./ucOSII/Core/os_mem.c **** INT8U  OSMemQuery (OS_MEM       *pmem,
 412:./ucOSII/Core/os_mem.c ****                    OS_MEM_DATA  *p_mem_data)
 413:./ucOSII/Core/os_mem.c **** {
 708              		.loc 1 413 1
 709              		.cfi_startproc
 710              		@ args = 0, pretend = 0, frame = 16
 711              		@ frame_needed = 1, uses_anonymous_args = 0
 712 0000 80B5     		push	{r7, lr}
 713              	.LCFI25:
 714              		.cfi_def_cfa_offset 8
 715              		.cfi_offset 7, -8
 716              		.cfi_offset 14, -4
 717 0002 84B0     		sub	sp, sp, #16
 718              	.LCFI26:
 719              		.cfi_def_cfa_offset 24
 720 0004 00AF     		add	r7, sp, #0
 721              	.LCFI27:
 722              		.cfi_def_cfa_register 7
 723 0006 7860     		str	r0, [r7, #4]
 724 0008 3960     		str	r1, [r7]
 414:./ucOSII/Core/os_mem.c **** #if OS_CRITICAL_METHOD == 3u                     /* Allocate storage for CPU status register       
 415:./ucOSII/Core/os_mem.c ****     OS_CPU_SR  cpu_sr = 0u;
 725              		.loc 1 415 16
 726 000a 0023     		movs	r3, #0
 727 000c FB60     		str	r3, [r7, #12]
 416:./ucOSII/Core/os_mem.c **** #endif
 417:./ucOSII/Core/os_mem.c **** 
 418:./ucOSII/Core/os_mem.c **** 
 419:./ucOSII/Core/os_mem.c **** 
 420:./ucOSII/Core/os_mem.c **** #if OS_ARG_CHK_EN > 0u
ARM GAS  /var/folders/yl/_q9l42k90g1g4mdhbs226msm0000gn/T//ccwFCXIE.s 			page 21


 421:./ucOSII/Core/os_mem.c ****     if (pmem == (OS_MEM *)0) {                   /* Must point to a valid memory partition         
 728              		.loc 1 421 8
 729 000e 7B68     		ldr	r3, [r7, #4]
 730 0010 002B     		cmp	r3, #0
 731 0012 01D1     		bne	.L38
 422:./ucOSII/Core/os_mem.c ****         return (OS_ERR_MEM_INVALID_PMEM);
 732              		.loc 1 422 16
 733 0014 6023     		movs	r3, #96
 734 0016 27E0     		b	.L39
 735              	.L38:
 423:./ucOSII/Core/os_mem.c ****     }
 424:./ucOSII/Core/os_mem.c ****     if (p_mem_data == (OS_MEM_DATA *)0) {        /* Must release a valid storage area for the data 
 736              		.loc 1 424 8
 737 0018 3B68     		ldr	r3, [r7]
 738 001a 002B     		cmp	r3, #0
 739 001c 01D1     		bne	.L40
 425:./ucOSII/Core/os_mem.c ****         return (OS_ERR_MEM_INVALID_PDATA);
 740              		.loc 1 425 16
 741 001e 6123     		movs	r3, #97
 742 0020 22E0     		b	.L39
 743              	.L40:
 426:./ucOSII/Core/os_mem.c ****     }
 427:./ucOSII/Core/os_mem.c **** #endif
 428:./ucOSII/Core/os_mem.c ****     OS_ENTER_CRITICAL();
 744              		.loc 1 428 5
 745 0022 4020     		movs	r0, #64
 746 0024 FFF7FEFF 		bl	OS_CPU_SR_Save
 747 0028 F860     		str	r0, [r7, #12]
 429:./ucOSII/Core/os_mem.c ****     p_mem_data->OSAddr     = pmem->OSMemAddr;
 748              		.loc 1 429 34
 749 002a 7B68     		ldr	r3, [r7, #4]
 750 002c 1A68     		ldr	r2, [r3]
 751              		.loc 1 429 28
 752 002e 3B68     		ldr	r3, [r7]
 753 0030 1A60     		str	r2, [r3]
 430:./ucOSII/Core/os_mem.c ****     p_mem_data->OSFreeList = pmem->OSMemFreeList;
 754              		.loc 1 430 34
 755 0032 7B68     		ldr	r3, [r7, #4]
 756 0034 5A68     		ldr	r2, [r3, #4]
 757              		.loc 1 430 28
 758 0036 3B68     		ldr	r3, [r7]
 759 0038 5A60     		str	r2, [r3, #4]
 431:./ucOSII/Core/os_mem.c ****     p_mem_data->OSBlkSize  = pmem->OSMemBlkSize;
 760              		.loc 1 431 34
 761 003a 7B68     		ldr	r3, [r7, #4]
 762 003c 9A68     		ldr	r2, [r3, #8]
 763              		.loc 1 431 28
 764 003e 3B68     		ldr	r3, [r7]
 765 0040 9A60     		str	r2, [r3, #8]
 432:./ucOSII/Core/os_mem.c ****     p_mem_data->OSNBlks    = pmem->OSMemNBlks;
 766              		.loc 1 432 34
 767 0042 7B68     		ldr	r3, [r7, #4]
 768 0044 DA68     		ldr	r2, [r3, #12]
 769              		.loc 1 432 28
 770 0046 3B68     		ldr	r3, [r7]
 771 0048 DA60     		str	r2, [r3, #12]
 433:./ucOSII/Core/os_mem.c ****     p_mem_data->OSNFree    = pmem->OSMemNFree;
ARM GAS  /var/folders/yl/_q9l42k90g1g4mdhbs226msm0000gn/T//ccwFCXIE.s 			page 22


 772              		.loc 1 433 34
 773 004a 7B68     		ldr	r3, [r7, #4]
 774 004c 1A69     		ldr	r2, [r3, #16]
 775              		.loc 1 433 28
 776 004e 3B68     		ldr	r3, [r7]
 777 0050 1A61     		str	r2, [r3, #16]
 434:./ucOSII/Core/os_mem.c ****     OS_EXIT_CRITICAL();
 778              		.loc 1 434 5
 779 0052 F868     		ldr	r0, [r7, #12]
 780 0054 FFF7FEFF 		bl	OS_CPU_SR_Restore
 435:./ucOSII/Core/os_mem.c ****     p_mem_data->OSNUsed    = p_mem_data->OSNBlks - p_mem_data->OSNFree;
 781              		.loc 1 435 40
 782 0058 3B68     		ldr	r3, [r7]
 783 005a DA68     		ldr	r2, [r3, #12]
 784              		.loc 1 435 62
 785 005c 3B68     		ldr	r3, [r7]
 786 005e 1B69     		ldr	r3, [r3, #16]
 787              		.loc 1 435 50
 788 0060 D21A     		subs	r2, r2, r3
 789              		.loc 1 435 28
 790 0062 3B68     		ldr	r3, [r7]
 791 0064 5A61     		str	r2, [r3, #20]
 436:./ucOSII/Core/os_mem.c ****     return (OS_ERR_NONE);
 792              		.loc 1 436 12
 793 0066 0023     		movs	r3, #0
 794              	.L39:
 437:./ucOSII/Core/os_mem.c **** }
 795              		.loc 1 437 1
 796 0068 1846     		mov	r0, r3
 797 006a 1037     		adds	r7, r7, #16
 798              	.LCFI28:
 799              		.cfi_def_cfa_offset 8
 800 006c BD46     		mov	sp, r7
 801              	.LCFI29:
 802              		.cfi_def_cfa_register 13
 803              		@ sp needed
 804 006e 80BD     		pop	{r7, pc}
 805              		.cfi_endproc
 806              	.LFE8:
 808              		.section	.rodata
 809 000a 0000     		.align	2
 810              	.LC1:
 811 000c 3F00     		.ascii	"?\000"
 812              		.section	.text.OS_MemInit,"ax",%progbits
 813              		.align	1
 814              		.global	OS_MemInit
 815              		.syntax unified
 816              		.thumb
 817              		.thumb_func
 819              	OS_MemInit:
 820              	.LFB9:
 438:./ucOSII/Core/os_mem.c **** #endif                                           /* OS_MEM_QUERY_EN                                
 439:./ucOSII/Core/os_mem.c **** 
 440:./ucOSII/Core/os_mem.c **** 
 441:./ucOSII/Core/os_mem.c **** /*
 442:./ucOSII/Core/os_mem.c **** ***************************************************************************************************
 443:./ucOSII/Core/os_mem.c **** *                                 INITIALIZE MEMORY PARTITION MANAGER
ARM GAS  /var/folders/yl/_q9l42k90g1g4mdhbs226msm0000gn/T//ccwFCXIE.s 			page 23


 444:./ucOSII/Core/os_mem.c **** *
 445:./ucOSII/Core/os_mem.c **** * Description : This function is called by uC/OS-II to initialize the memory partition manager.  Yo
 446:./ucOSII/Core/os_mem.c **** *               application MUST NOT call this function.
 447:./ucOSII/Core/os_mem.c **** *
 448:./ucOSII/Core/os_mem.c **** * Arguments   : none
 449:./ucOSII/Core/os_mem.c **** *
 450:./ucOSII/Core/os_mem.c **** * Returns     : none
 451:./ucOSII/Core/os_mem.c **** *
 452:./ucOSII/Core/os_mem.c **** * Note(s)    : This function is INTERNAL to uC/OS-II and your application should not call it.
 453:./ucOSII/Core/os_mem.c **** ***************************************************************************************************
 454:./ucOSII/Core/os_mem.c **** */
 455:./ucOSII/Core/os_mem.c **** 
 456:./ucOSII/Core/os_mem.c **** void  OS_MemInit (void)
 457:./ucOSII/Core/os_mem.c **** {
 821              		.loc 1 457 1
 822              		.cfi_startproc
 823              		@ args = 0, pretend = 0, frame = 8
 824              		@ frame_needed = 1, uses_anonymous_args = 0
 825 0000 80B5     		push	{r7, lr}
 826              	.LCFI30:
 827              		.cfi_def_cfa_offset 8
 828              		.cfi_offset 7, -8
 829              		.cfi_offset 14, -4
 830 0002 82B0     		sub	sp, sp, #8
 831              	.LCFI31:
 832              		.cfi_def_cfa_offset 16
 833 0004 00AF     		add	r7, sp, #0
 834              	.LCFI32:
 835              		.cfi_def_cfa_register 7
 458:./ucOSII/Core/os_mem.c **** #if OS_MAX_MEM_PART == 1u
 459:./ucOSII/Core/os_mem.c ****     OS_MemClr((INT8U *)&OSMemTbl[0], sizeof(OSMemTbl));   /* Clear the memory partition table      
 460:./ucOSII/Core/os_mem.c ****     OSMemFreeList               = (OS_MEM *)&OSMemTbl[0]; /* Point to beginning of free list       
 461:./ucOSII/Core/os_mem.c **** #if OS_MEM_NAME_EN > 0u
 462:./ucOSII/Core/os_mem.c ****     OSMemFreeList->OSMemName    = (INT8U *)"?";           /* Unknown name                          
 463:./ucOSII/Core/os_mem.c **** #endif
 464:./ucOSII/Core/os_mem.c **** #endif
 465:./ucOSII/Core/os_mem.c **** 
 466:./ucOSII/Core/os_mem.c **** #if OS_MAX_MEM_PART >= 2u
 467:./ucOSII/Core/os_mem.c ****     OS_MEM  *pmem;
 468:./ucOSII/Core/os_mem.c ****     INT16U   i;
 469:./ucOSII/Core/os_mem.c **** 
 470:./ucOSII/Core/os_mem.c **** 
 471:./ucOSII/Core/os_mem.c ****     OS_MemClr((INT8U *)&OSMemTbl[0], sizeof(OSMemTbl));   /* Clear the memory partition table      
 836              		.loc 1 471 5
 837 0006 7821     		movs	r1, #120
 838 0008 1A48     		ldr	r0, .L44
 839 000a FFF7FEFF 		bl	OS_MemClr
 472:./ucOSII/Core/os_mem.c ****     for (i = 0u; i < (OS_MAX_MEM_PART - 1u); i++) {       /* Init. list of free memory partitions  
 840              		.loc 1 472 12
 841 000e 0023     		movs	r3, #0
 842 0010 FB80     		strh	r3, [r7, #6]	@ movhi
 843              		.loc 1 472 5
 844 0012 17E0     		b	.L42
 845              	.L43:
 473:./ucOSII/Core/os_mem.c ****         pmem                = &OSMemTbl[i];               /* Point to memory control block (MCB)   
 846              		.loc 1 473 40 discriminator 3
 847 0014 FA88     		ldrh	r2, [r7, #6]
ARM GAS  /var/folders/yl/_q9l42k90g1g4mdhbs226msm0000gn/T//ccwFCXIE.s 			page 24


 848              		.loc 1 473 29 discriminator 3
 849 0016 1346     		mov	r3, r2
 850 0018 5B00     		lsls	r3, r3, #1
 851 001a 1344     		add	r3, r3, r2
 852 001c DB00     		lsls	r3, r3, #3
 853 001e 154A     		ldr	r2, .L44
 854 0020 1344     		add	r3, r3, r2
 855 0022 3B60     		str	r3, [r7]
 474:./ucOSII/Core/os_mem.c ****         pmem->OSMemFreeList = (void *)&OSMemTbl[i + 1u];  /* Chain list of free partitions         
 856              		.loc 1 474 51 discriminator 3
 857 0024 FB88     		ldrh	r3, [r7, #6]
 858 0026 5A1C     		adds	r2, r3, #1
 859              		.loc 1 474 39 discriminator 3
 860 0028 1346     		mov	r3, r2
 861 002a 5B00     		lsls	r3, r3, #1
 862 002c 1344     		add	r3, r3, r2
 863 002e DB00     		lsls	r3, r3, #3
 864 0030 104A     		ldr	r2, .L44
 865 0032 1A44     		add	r2, r2, r3
 866              		.loc 1 474 29 discriminator 3
 867 0034 3B68     		ldr	r3, [r7]
 868 0036 5A60     		str	r2, [r3, #4]
 475:./ucOSII/Core/os_mem.c **** #if OS_MEM_NAME_EN > 0u
 476:./ucOSII/Core/os_mem.c ****         pmem->OSMemName  = (INT8U *)(void *)"?";
 869              		.loc 1 476 26 discriminator 3
 870 0038 3B68     		ldr	r3, [r7]
 871 003a 0F4A     		ldr	r2, .L44+4
 872 003c 5A61     		str	r2, [r3, #20]
 472:./ucOSII/Core/os_mem.c ****         pmem                = &OSMemTbl[i];               /* Point to memory control block (MCB)   
 873              		.loc 1 472 47 discriminator 3
 874 003e FB88     		ldrh	r3, [r7, #6]
 875 0040 0133     		adds	r3, r3, #1
 876 0042 FB80     		strh	r3, [r7, #6]	@ movhi
 877              	.L42:
 472:./ucOSII/Core/os_mem.c ****         pmem                = &OSMemTbl[i];               /* Point to memory control block (MCB)   
 878              		.loc 1 472 5 discriminator 1
 879 0044 FB88     		ldrh	r3, [r7, #6]
 880 0046 032B     		cmp	r3, #3
 881 0048 E4D9     		bls	.L43
 477:./ucOSII/Core/os_mem.c **** #endif
 478:./ucOSII/Core/os_mem.c ****     }
 479:./ucOSII/Core/os_mem.c ****     pmem                = &OSMemTbl[i];
 882              		.loc 1 479 36
 883 004a FA88     		ldrh	r2, [r7, #6]
 884              		.loc 1 479 25
 885 004c 1346     		mov	r3, r2
 886 004e 5B00     		lsls	r3, r3, #1
 887 0050 1344     		add	r3, r3, r2
 888 0052 DB00     		lsls	r3, r3, #3
 889 0054 074A     		ldr	r2, .L44
 890 0056 1344     		add	r3, r3, r2
 891 0058 3B60     		str	r3, [r7]
 480:./ucOSII/Core/os_mem.c ****     pmem->OSMemFreeList = (void *)0;                      /* Initialize last node                  
 892              		.loc 1 480 25
 893 005a 3B68     		ldr	r3, [r7]
 894 005c 0022     		movs	r2, #0
 895 005e 5A60     		str	r2, [r3, #4]
ARM GAS  /var/folders/yl/_q9l42k90g1g4mdhbs226msm0000gn/T//ccwFCXIE.s 			page 25


 481:./ucOSII/Core/os_mem.c **** #if OS_MEM_NAME_EN > 0u
 482:./ucOSII/Core/os_mem.c ****     pmem->OSMemName = (INT8U *)(void *)"?";
 896              		.loc 1 482 21
 897 0060 3B68     		ldr	r3, [r7]
 898 0062 054A     		ldr	r2, .L44+4
 899 0064 5A61     		str	r2, [r3, #20]
 483:./ucOSII/Core/os_mem.c **** #endif
 484:./ucOSII/Core/os_mem.c **** 
 485:./ucOSII/Core/os_mem.c ****     OSMemFreeList   = &OSMemTbl[0];                       /* Point to beginning of free list       
 900              		.loc 1 485 21
 901 0066 054B     		ldr	r3, .L44+8
 902 0068 024A     		ldr	r2, .L44
 903 006a 1A60     		str	r2, [r3]
 486:./ucOSII/Core/os_mem.c **** #endif
 487:./ucOSII/Core/os_mem.c **** }
 904              		.loc 1 487 1
 905 006c 00BF     		nop
 906 006e 0837     		adds	r7, r7, #8
 907              	.LCFI33:
 908              		.cfi_def_cfa_offset 8
 909 0070 BD46     		mov	sp, r7
 910              	.LCFI34:
 911              		.cfi_def_cfa_register 13
 912              		@ sp needed
 913 0072 80BD     		pop	{r7, pc}
 914              	.L45:
 915              		.align	2
 916              	.L44:
 917 0074 00000000 		.word	OSMemTbl
 918 0078 0C000000 		.word	.LC1
 919 007c 00000000 		.word	OSMemFreeList
 920              		.cfi_endproc
 921              	.LFE9:
 923              		.text
 924              	.Letext0:
 925              		.file 2 "./ucOSII/Port/os_cpu.h"
 926              		.file 3 "./ucOSII/Core/ucos_ii.h"
ARM GAS  /var/folders/yl/_q9l42k90g1g4mdhbs226msm0000gn/T//ccwFCXIE.s 			page 26


DEFINED SYMBOLS
                            *ABS*:0000000000000000 os_mem.c
/var/folders/yl/_q9l42k90g1g4mdhbs226msm0000gn/T//ccwFCXIE.s:20     .rodata:0000000000000000 $d
/var/folders/yl/_q9l42k90g1g4mdhbs226msm0000gn/T//ccwFCXIE.s:24     .text.OSMemCreate:0000000000000000 $t
/var/folders/yl/_q9l42k90g1g4mdhbs226msm0000gn/T//ccwFCXIE.s:30     .text.OSMemCreate:0000000000000000 OSMemCreate
/var/folders/yl/_q9l42k90g1g4mdhbs226msm0000gn/T//ccwFCXIE.s:231    .text.OSMemCreate:0000000000000100 $d
/var/folders/yl/_q9l42k90g1g4mdhbs226msm0000gn/T//ccwFCXIE.s:237    .text.OSMemGet:0000000000000000 $t
/var/folders/yl/_q9l42k90g1g4mdhbs226msm0000gn/T//ccwFCXIE.s:243    .text.OSMemGet:0000000000000000 OSMemGet
/var/folders/yl/_q9l42k90g1g4mdhbs226msm0000gn/T//ccwFCXIE.s:359    .text.OSMemNameGet:0000000000000000 $t
/var/folders/yl/_q9l42k90g1g4mdhbs226msm0000gn/T//ccwFCXIE.s:365    .text.OSMemNameGet:0000000000000000 OSMemNameGet
/var/folders/yl/_q9l42k90g1g4mdhbs226msm0000gn/T//ccwFCXIE.s:466    .text.OSMemNameGet:0000000000000078 $d
/var/folders/yl/_q9l42k90g1g4mdhbs226msm0000gn/T//ccwFCXIE.s:471    .text.OSMemNameSet:0000000000000000 $t
/var/folders/yl/_q9l42k90g1g4mdhbs226msm0000gn/T//ccwFCXIE.s:477    .text.OSMemNameSet:0000000000000000 OSMemNameSet
/var/folders/yl/_q9l42k90g1g4mdhbs226msm0000gn/T//ccwFCXIE.s:577    .text.OSMemNameSet:0000000000000074 $d
/var/folders/yl/_q9l42k90g1g4mdhbs226msm0000gn/T//ccwFCXIE.s:582    .text.OSMemPut:0000000000000000 $t
/var/folders/yl/_q9l42k90g1g4mdhbs226msm0000gn/T//ccwFCXIE.s:588    .text.OSMemPut:0000000000000000 OSMemPut
/var/folders/yl/_q9l42k90g1g4mdhbs226msm0000gn/T//ccwFCXIE.s:700    .text.OSMemQuery:0000000000000000 $t
/var/folders/yl/_q9l42k90g1g4mdhbs226msm0000gn/T//ccwFCXIE.s:706    .text.OSMemQuery:0000000000000000 OSMemQuery
/var/folders/yl/_q9l42k90g1g4mdhbs226msm0000gn/T//ccwFCXIE.s:813    .text.OS_MemInit:0000000000000000 $t
/var/folders/yl/_q9l42k90g1g4mdhbs226msm0000gn/T//ccwFCXIE.s:819    .text.OS_MemInit:0000000000000000 OS_MemInit
/var/folders/yl/_q9l42k90g1g4mdhbs226msm0000gn/T//ccwFCXIE.s:917    .text.OS_MemInit:0000000000000074 $d

UNDEFINED SYMBOLS
OS_CPU_SR_Save
OS_CPU_SR_Restore
SYSVIEW_RecordU32Register
OSMemFreeList
SEGGER_SYSVIEW_ShrinkId
SEGGER_SYSVIEW_RecordU32
SEGGER_SYSVIEW_RecordEndCallU32
OS_StrLen
OSIntNesting
SYSVIEW_UpdateResource
SEGGER_SYSVIEW_RecordU32x2
OS_MemClr
OSMemTbl
