ARM GAS  /var/folders/yl/_q9l42k90g1g4mdhbs226msm0000gn/T//ccaQRxAD.s 			page 1


   1              		.cpu cortex-m4
   2              		.arch armv7e-m
   3              		.fpu fpv4-sp-d16
   4              		.eabi_attribute 27, 1
   5              		.eabi_attribute 28, 1
   6              		.eabi_attribute 20, 1
   7              		.eabi_attribute 21, 1
   8              		.eabi_attribute 23, 3
   9              		.eabi_attribute 24, 1
  10              		.eabi_attribute 25, 1
  11              		.eabi_attribute 26, 1
  12              		.eabi_attribute 30, 6
  13              		.eabi_attribute 34, 1
  14              		.eabi_attribute 18, 4
  15              		.file	"os_time.c"
  16              		.text
  17              	.Ltext0:
  18              		.cfi_sections	.debug_frame
  19              		.section	.text.OSTimeDly,"ax",%progbits
  20              		.align	1
  21              		.global	OSTimeDly
  22              		.syntax unified
  23              		.thumb
  24              		.thumb_func
  26              	OSTimeDly:
  27              	.LFB3:
  28              		.file 1 "./ucOSII/Core/os_time.c"
   1:./ucOSII/Core/os_time.c **** /*
   2:./ucOSII/Core/os_time.c **** ***************************************************************************************************
   3:./ucOSII/Core/os_time.c **** *                                              uC/OS-II
   4:./ucOSII/Core/os_time.c **** *                                        The Real-Time Kernel
   5:./ucOSII/Core/os_time.c **** *
   6:./ucOSII/Core/os_time.c **** *                    Copyright 1992-2021 Silicon Laboratories Inc. www.silabs.com
   7:./ucOSII/Core/os_time.c **** *
   8:./ucOSII/Core/os_time.c **** *                                 SPDX-License-Identifier: APACHE-2.0
   9:./ucOSII/Core/os_time.c **** *
  10:./ucOSII/Core/os_time.c **** *               This software is subject to an open source license and is distributed by
  11:./ucOSII/Core/os_time.c **** *                Silicon Laboratories Inc. pursuant to the terms of the Apache License,
  12:./ucOSII/Core/os_time.c **** *                    Version 2.0 available at www.apache.org/licenses/LICENSE-2.0.
  13:./ucOSII/Core/os_time.c **** *
  14:./ucOSII/Core/os_time.c **** ***************************************************************************************************
  15:./ucOSII/Core/os_time.c **** */
  16:./ucOSII/Core/os_time.c **** 
  17:./ucOSII/Core/os_time.c **** 
  18:./ucOSII/Core/os_time.c **** /*
  19:./ucOSII/Core/os_time.c **** ***************************************************************************************************
  20:./ucOSII/Core/os_time.c **** *
  21:./ucOSII/Core/os_time.c **** *                                            TIME MANAGEMENT
  22:./ucOSII/Core/os_time.c **** *
  23:./ucOSII/Core/os_time.c **** * Filename : os_time.c
  24:./ucOSII/Core/os_time.c **** * Version  : V2.93.01
  25:./ucOSII/Core/os_time.c **** ***************************************************************************************************
  26:./ucOSII/Core/os_time.c **** */
  27:./ucOSII/Core/os_time.c **** 
  28:./ucOSII/Core/os_time.c **** #ifndef  OS_TIME_C
  29:./ucOSII/Core/os_time.c **** #define  OS_TIME_C
  30:./ucOSII/Core/os_time.c **** 
ARM GAS  /var/folders/yl/_q9l42k90g1g4mdhbs226msm0000gn/T//ccaQRxAD.s 			page 2


  31:./ucOSII/Core/os_time.c **** #define  MICRIUM_SOURCE
  32:./ucOSII/Core/os_time.c **** 
  33:./ucOSII/Core/os_time.c **** #ifndef  OS_MASTER_FILE
  34:./ucOSII/Core/os_time.c **** #include <ucos_ii.h>
  35:./ucOSII/Core/os_time.c **** #endif
  36:./ucOSII/Core/os_time.c **** 
  37:./ucOSII/Core/os_time.c **** /*
  38:./ucOSII/Core/os_time.c **** ***************************************************************************************************
  39:./ucOSII/Core/os_time.c **** *                                        DELAY TASK 'n' TICKS
  40:./ucOSII/Core/os_time.c **** *
  41:./ucOSII/Core/os_time.c **** * Description: This function is called to delay execution of the currently running task until the
  42:./ucOSII/Core/os_time.c **** *              specified number of system ticks expires.  This, of course, directly equates to dela
  43:./ucOSII/Core/os_time.c **** *              the current task for some time to expire.  No delay will result If the specified del
  44:./ucOSII/Core/os_time.c **** *              0.  If the specified delay is greater than 0 then, a context switch will result.
  45:./ucOSII/Core/os_time.c **** *
  46:./ucOSII/Core/os_time.c **** * Arguments  : ticks     is the time delay that the task will be suspended in number of clock 'tick
  47:./ucOSII/Core/os_time.c **** *                        Note that by specifying 0, the task will not be delayed.
  48:./ucOSII/Core/os_time.c **** *
  49:./ucOSII/Core/os_time.c **** * Returns    : none
  50:./ucOSII/Core/os_time.c **** ***************************************************************************************************
  51:./ucOSII/Core/os_time.c **** */
  52:./ucOSII/Core/os_time.c **** 
  53:./ucOSII/Core/os_time.c **** void  OSTimeDly (INT32U ticks)
  54:./ucOSII/Core/os_time.c **** {
  29              		.loc 1 54 1
  30              		.cfi_startproc
  31              		@ args = 0, pretend = 0, frame = 16
  32              		@ frame_needed = 1, uses_anonymous_args = 0
  33 0000 80B5     		push	{r7, lr}
  34              	.LCFI0:
  35              		.cfi_def_cfa_offset 8
  36              		.cfi_offset 7, -8
  37              		.cfi_offset 14, -4
  38 0002 84B0     		sub	sp, sp, #16
  39              	.LCFI1:
  40              		.cfi_def_cfa_offset 24
  41 0004 00AF     		add	r7, sp, #0
  42              	.LCFI2:
  43              		.cfi_def_cfa_register 7
  44 0006 7860     		str	r0, [r7, #4]
  55:./ucOSII/Core/os_time.c ****     INT8U      y;
  56:./ucOSII/Core/os_time.c **** #if OS_CRITICAL_METHOD == 3u                     /* Allocate storage for CPU status register       
  57:./ucOSII/Core/os_time.c ****     OS_CPU_SR  cpu_sr = 0u;
  45              		.loc 1 57 16
  46 0008 0023     		movs	r3, #0
  47 000a FB60     		str	r3, [r7, #12]
  58:./ucOSII/Core/os_time.c **** #endif
  59:./ucOSII/Core/os_time.c **** 
  60:./ucOSII/Core/os_time.c **** 
  61:./ucOSII/Core/os_time.c **** 
  62:./ucOSII/Core/os_time.c ****     if (OSIntNesting > 0u) {                     /* See if trying to call from an ISR              
  48              		.loc 1 62 22
  49 000c 234B     		ldr	r3, .L8
  50 000e 1B78     		ldrb	r3, [r3]	@ zero_extendqisi2
  51              		.loc 1 62 8
  52 0010 002B     		cmp	r3, #0
  53 0012 3DD1     		bne	.L6
ARM GAS  /var/folders/yl/_q9l42k90g1g4mdhbs226msm0000gn/T//ccaQRxAD.s 			page 3


  63:./ucOSII/Core/os_time.c ****         return;
  64:./ucOSII/Core/os_time.c ****     }
  65:./ucOSII/Core/os_time.c ****     if (OSLockNesting > 0u) {                    /* See if called with scheduler locked            
  54              		.loc 1 65 23
  55 0014 224B     		ldr	r3, .L8+4
  56 0016 1B78     		ldrb	r3, [r3]	@ zero_extendqisi2
  57              		.loc 1 65 8
  58 0018 002B     		cmp	r3, #0
  59 001a 3BD1     		bne	.L7
  66:./ucOSII/Core/os_time.c ****         return;
  67:./ucOSII/Core/os_time.c ****     }
  68:./ucOSII/Core/os_time.c ****     if (ticks > 0u) {                            /* 0 means no delay!                              
  60              		.loc 1 68 8
  61 001c 7B68     		ldr	r3, [r7, #4]
  62 001e 002B     		cmp	r3, #0
  63 0020 39D0     		beq	.L1
  69:./ucOSII/Core/os_time.c ****         OS_ENTER_CRITICAL();
  64              		.loc 1 69 9
  65 0022 4020     		movs	r0, #64
  66 0024 FFF7FEFF 		bl	OS_CPU_SR_Save
  67 0028 F860     		str	r0, [r7, #12]
  70:./ucOSII/Core/os_time.c ****         y            =  OSTCBCur->OSTCBY;        /* Delay current task                             
  68              		.loc 1 70 33
  69 002a 1E4B     		ldr	r3, .L8+8
  70 002c 1B68     		ldr	r3, [r3]
  71              		.loc 1 70 22
  72 002e 93F83C30 		ldrb	r3, [r3, #60]
  73 0032 FB72     		strb	r3, [r7, #11]
  71:./ucOSII/Core/os_time.c ****         OSRdyTbl[y] &= (OS_PRIO)~OSTCBCur->OSTCBBitX;
  74              		.loc 1 71 21
  75 0034 FB7A     		ldrb	r3, [r7, #11]	@ zero_extendqisi2
  76 0036 1C4A     		ldr	r2, .L8+12
  77 0038 D15C     		ldrb	r1, [r2, r3]	@ zero_extendqisi2
  78              		.loc 1 71 42
  79 003a 1A4B     		ldr	r3, .L8+8
  80 003c 1B68     		ldr	r3, [r3]
  81 003e 93F83D30 		ldrb	r3, [r3, #61]	@ zero_extendqisi2
  82              		.loc 1 71 24
  83 0042 DB43     		mvns	r3, r3
  84 0044 DAB2     		uxtb	r2, r3
  85              		.loc 1 71 21
  86 0046 FB7A     		ldrb	r3, [r7, #11]	@ zero_extendqisi2
  87 0048 0A40     		ands	r2, r2, r1
  88 004a D1B2     		uxtb	r1, r2
  89 004c 164A     		ldr	r2, .L8+12
  90 004e D154     		strb	r1, [r2, r3]
  72:./ucOSII/Core/os_time.c ****         OS_TRACE_TASK_SUSPENDED(OSTCBCur);
  91              		.loc 1 72 9
  92 0050 144B     		ldr	r3, .L8+8
  93 0052 1B68     		ldr	r3, [r3]
  94 0054 1846     		mov	r0, r3
  95 0056 FFF7FEFF 		bl	SYSVIEW_TaskSuspend
  73:./ucOSII/Core/os_time.c ****         if (OSRdyTbl[y] == 0u) {
  96              		.loc 1 73 21
  97 005a FB7A     		ldrb	r3, [r7, #11]	@ zero_extendqisi2
  98 005c 124A     		ldr	r2, .L8+12
  99 005e D35C     		ldrb	r3, [r2, r3]	@ zero_extendqisi2
ARM GAS  /var/folders/yl/_q9l42k90g1g4mdhbs226msm0000gn/T//ccaQRxAD.s 			page 4


 100              		.loc 1 73 12
 101 0060 002B     		cmp	r3, #0
 102 0062 0BD1     		bne	.L5
  74:./ucOSII/Core/os_time.c ****             OSRdyGrp &= (OS_PRIO)~OSTCBCur->OSTCBBitY;
 103              		.loc 1 74 43
 104 0064 0F4B     		ldr	r3, .L8+8
 105 0066 1B68     		ldr	r3, [r3]
 106 0068 93F83E30 		ldrb	r3, [r3, #62]	@ zero_extendqisi2
 107              		.loc 1 74 25
 108 006c DB43     		mvns	r3, r3
 109 006e DAB2     		uxtb	r2, r3
 110              		.loc 1 74 22
 111 0070 0E4B     		ldr	r3, .L8+16
 112 0072 1B78     		ldrb	r3, [r3]	@ zero_extendqisi2
 113 0074 1340     		ands	r3, r3, r2
 114 0076 DAB2     		uxtb	r2, r3
 115 0078 0C4B     		ldr	r3, .L8+16
 116 007a 1A70     		strb	r2, [r3]
 117              	.L5:
  75:./ucOSII/Core/os_time.c ****         }
  76:./ucOSII/Core/os_time.c ****         OSTCBCur->OSTCBDly = ticks;              /* Load ticks in TCB                              
 118              		.loc 1 76 17
 119 007c 094B     		ldr	r3, .L8+8
 120 007e 1B68     		ldr	r3, [r3]
 121              		.loc 1 76 28
 122 0080 7A68     		ldr	r2, [r7, #4]
 123 0082 5A63     		str	r2, [r3, #52]
  77:./ucOSII/Core/os_time.c ****         OS_TRACE_TASK_DLY(ticks);
  78:./ucOSII/Core/os_time.c ****         OS_EXIT_CRITICAL();
 124              		.loc 1 78 9
 125 0084 F868     		ldr	r0, [r7, #12]
 126 0086 FFF7FEFF 		bl	OS_CPU_SR_Restore
  79:./ucOSII/Core/os_time.c ****         OS_Sched();                              /* Find next task to run!                         
 127              		.loc 1 79 9
 128 008a FFF7FEFF 		bl	OS_Sched
 129 008e 02E0     		b	.L1
 130              	.L6:
  63:./ucOSII/Core/os_time.c ****     }
 131              		.loc 1 63 9
 132 0090 00BF     		nop
 133 0092 00E0     		b	.L1
 134              	.L7:
  66:./ucOSII/Core/os_time.c ****     }
 135              		.loc 1 66 9
 136 0094 00BF     		nop
 137              	.L1:
  80:./ucOSII/Core/os_time.c ****     }
  81:./ucOSII/Core/os_time.c **** }
 138              		.loc 1 81 1
 139 0096 1037     		adds	r7, r7, #16
 140              	.LCFI3:
 141              		.cfi_def_cfa_offset 8
 142 0098 BD46     		mov	sp, r7
 143              	.LCFI4:
 144              		.cfi_def_cfa_register 13
 145              		@ sp needed
 146 009a 80BD     		pop	{r7, pc}
ARM GAS  /var/folders/yl/_q9l42k90g1g4mdhbs226msm0000gn/T//ccaQRxAD.s 			page 5


 147              	.L9:
 148              		.align	2
 149              	.L8:
 150 009c 00000000 		.word	OSIntNesting
 151 00a0 00000000 		.word	OSLockNesting
 152 00a4 00000000 		.word	OSTCBCur
 153 00a8 00000000 		.word	OSRdyTbl
 154 00ac 00000000 		.word	OSRdyGrp
 155              		.cfi_endproc
 156              	.LFE3:
 158              		.section	.text.OSTimeDlyHMSM,"ax",%progbits
 159              		.align	1
 160              		.global	OSTimeDlyHMSM
 161              		.syntax unified
 162              		.thumb
 163              		.thumb_func
 165              	OSTimeDlyHMSM:
 166              	.LFB4:
  82:./ucOSII/Core/os_time.c **** 
  83:./ucOSII/Core/os_time.c **** 
  84:./ucOSII/Core/os_time.c **** /*
  85:./ucOSII/Core/os_time.c **** ***************************************************************************************************
  86:./ucOSII/Core/os_time.c **** *                                    DELAY TASK FOR SPECIFIED TIME
  87:./ucOSII/Core/os_time.c **** *
  88:./ucOSII/Core/os_time.c **** * Description: This function is called to delay execution of the currently running task until some 
  89:./ucOSII/Core/os_time.c **** *              expires.  This call allows you to specify the delay time in HOURS, MINUTES, SECONDS 
  90:./ucOSII/Core/os_time.c **** *              MILLISECONDS instead of ticks.
  91:./ucOSII/Core/os_time.c **** *
  92:./ucOSII/Core/os_time.c **** * Arguments  : hours     specifies the number of hours that the task will be delayed (max. is 255)
  93:./ucOSII/Core/os_time.c **** *              minutes   specifies the number of minutes (max. 59)
  94:./ucOSII/Core/os_time.c **** *              seconds   specifies the number of seconds (max. 59)
  95:./ucOSII/Core/os_time.c **** *              ms        specifies the number of milliseconds (max. 999)
  96:./ucOSII/Core/os_time.c **** *
  97:./ucOSII/Core/os_time.c **** * Returns    : OS_ERR_NONE
  98:./ucOSII/Core/os_time.c **** *              OS_ERR_TIME_INVALID_MINUTES
  99:./ucOSII/Core/os_time.c **** *              OS_ERR_TIME_INVALID_SECONDS
 100:./ucOSII/Core/os_time.c **** *              OS_ERR_TIME_INVALID_MS
 101:./ucOSII/Core/os_time.c **** *              OS_ERR_TIME_ZERO_DLY
 102:./ucOSII/Core/os_time.c **** *              OS_ERR_TIME_DLY_ISR
 103:./ucOSII/Core/os_time.c **** *
 104:./ucOSII/Core/os_time.c **** * Note(s)    : The resolution on the milliseconds depends on the tick rate.  For example, you can't
 105:./ucOSII/Core/os_time.c **** *              a 10 mS delay if the ticker interrupts every 100 mS.  In this case, the delay would 
 106:./ucOSII/Core/os_time.c **** *              set to 0.  The actual delay is rounded to the nearest tick.
 107:./ucOSII/Core/os_time.c **** ***************************************************************************************************
 108:./ucOSII/Core/os_time.c **** */
 109:./ucOSII/Core/os_time.c **** 
 110:./ucOSII/Core/os_time.c **** #if OS_TIME_DLY_HMSM_EN > 0u
 111:./ucOSII/Core/os_time.c **** INT8U  OSTimeDlyHMSM (INT8U   hours,
 112:./ucOSII/Core/os_time.c ****                       INT8U   minutes,
 113:./ucOSII/Core/os_time.c ****                       INT8U   seconds,
 114:./ucOSII/Core/os_time.c ****                       INT16U  ms)
 115:./ucOSII/Core/os_time.c **** {
 167              		.loc 1 115 1
 168              		.cfi_startproc
 169              		@ args = 0, pretend = 0, frame = 16
 170              		@ frame_needed = 1, uses_anonymous_args = 0
 171 0000 90B5     		push	{r4, r7, lr}
ARM GAS  /var/folders/yl/_q9l42k90g1g4mdhbs226msm0000gn/T//ccaQRxAD.s 			page 6


 172              	.LCFI5:
 173              		.cfi_def_cfa_offset 12
 174              		.cfi_offset 4, -12
 175              		.cfi_offset 7, -8
 176              		.cfi_offset 14, -4
 177 0002 85B0     		sub	sp, sp, #20
 178              	.LCFI6:
 179              		.cfi_def_cfa_offset 32
 180 0004 00AF     		add	r7, sp, #0
 181              	.LCFI7:
 182              		.cfi_def_cfa_register 7
 183 0006 0446     		mov	r4, r0
 184 0008 0846     		mov	r0, r1
 185 000a 1146     		mov	r1, r2
 186 000c 1A46     		mov	r2, r3
 187 000e 2346     		mov	r3, r4
 188 0010 FB71     		strb	r3, [r7, #7]
 189 0012 0346     		mov	r3, r0
 190 0014 BB71     		strb	r3, [r7, #6]
 191 0016 0B46     		mov	r3, r1
 192 0018 7B71     		strb	r3, [r7, #5]
 193 001a 1346     		mov	r3, r2	@ movhi
 194 001c 7B80     		strh	r3, [r7, #2]	@ movhi
 116:./ucOSII/Core/os_time.c ****     INT32U ticks;
 117:./ucOSII/Core/os_time.c **** 
 118:./ucOSII/Core/os_time.c **** 
 119:./ucOSII/Core/os_time.c ****     if (OSIntNesting > 0u) {                     /* See if trying to call from an ISR              
 195              		.loc 1 119 22
 196 001e 274B     		ldr	r3, .L18
 197 0020 1B78     		ldrb	r3, [r3]	@ zero_extendqisi2
 198              		.loc 1 119 8
 199 0022 002B     		cmp	r3, #0
 200 0024 01D0     		beq	.L11
 120:./ucOSII/Core/os_time.c ****         return (OS_ERR_TIME_DLY_ISR);
 201              		.loc 1 120 16
 202 0026 5523     		movs	r3, #85
 203 0028 43E0     		b	.L12
 204              	.L11:
 121:./ucOSII/Core/os_time.c ****     }
 122:./ucOSII/Core/os_time.c ****     if (OSLockNesting > 0u) {                    /* See if called with scheduler locked            
 205              		.loc 1 122 23
 206 002a 254B     		ldr	r3, .L18+4
 207 002c 1B78     		ldrb	r3, [r3]	@ zero_extendqisi2
 208              		.loc 1 122 8
 209 002e 002B     		cmp	r3, #0
 210 0030 01D0     		beq	.L13
 123:./ucOSII/Core/os_time.c ****         return (OS_ERR_SCHED_LOCKED);
 211              		.loc 1 123 16
 212 0032 3223     		movs	r3, #50
 213 0034 3DE0     		b	.L12
 214              	.L13:
 124:./ucOSII/Core/os_time.c ****     }
 125:./ucOSII/Core/os_time.c **** #if OS_ARG_CHK_EN > 0u
 126:./ucOSII/Core/os_time.c ****     if (hours == 0u) {
 215              		.loc 1 126 8
 216 0036 FB79     		ldrb	r3, [r7, #7]	@ zero_extendqisi2
 217 0038 002B     		cmp	r3, #0
ARM GAS  /var/folders/yl/_q9l42k90g1g4mdhbs226msm0000gn/T//ccaQRxAD.s 			page 7


 218 003a 0AD1     		bne	.L14
 127:./ucOSII/Core/os_time.c ****         if (minutes == 0u) {
 219              		.loc 1 127 12
 220 003c BB79     		ldrb	r3, [r7, #6]	@ zero_extendqisi2
 221 003e 002B     		cmp	r3, #0
 222 0040 07D1     		bne	.L14
 128:./ucOSII/Core/os_time.c ****             if (seconds == 0u) {
 223              		.loc 1 128 16
 224 0042 7B79     		ldrb	r3, [r7, #5]	@ zero_extendqisi2
 225 0044 002B     		cmp	r3, #0
 226 0046 04D1     		bne	.L14
 129:./ucOSII/Core/os_time.c ****                 if (ms == 0u) {
 227              		.loc 1 129 20
 228 0048 7B88     		ldrh	r3, [r7, #2]
 229 004a 002B     		cmp	r3, #0
 230 004c 01D1     		bne	.L14
 130:./ucOSII/Core/os_time.c ****                     return (OS_ERR_TIME_ZERO_DLY);
 231              		.loc 1 130 28
 232 004e 5423     		movs	r3, #84
 233 0050 2FE0     		b	.L12
 234              	.L14:
 131:./ucOSII/Core/os_time.c ****                 }
 132:./ucOSII/Core/os_time.c ****             }
 133:./ucOSII/Core/os_time.c ****         }
 134:./ucOSII/Core/os_time.c ****     }
 135:./ucOSII/Core/os_time.c ****     if (minutes > 59u) {
 235              		.loc 1 135 8
 236 0052 BB79     		ldrb	r3, [r7, #6]	@ zero_extendqisi2
 237 0054 3B2B     		cmp	r3, #59
 238 0056 01D9     		bls	.L15
 136:./ucOSII/Core/os_time.c ****         return (OS_ERR_TIME_INVALID_MINUTES);    /* Validate arguments to be within range          
 239              		.loc 1 136 16
 240 0058 5123     		movs	r3, #81
 241 005a 2AE0     		b	.L12
 242              	.L15:
 137:./ucOSII/Core/os_time.c ****     }
 138:./ucOSII/Core/os_time.c ****     if (seconds > 59u) {
 243              		.loc 1 138 8
 244 005c 7B79     		ldrb	r3, [r7, #5]	@ zero_extendqisi2
 245 005e 3B2B     		cmp	r3, #59
 246 0060 01D9     		bls	.L16
 139:./ucOSII/Core/os_time.c ****         return (OS_ERR_TIME_INVALID_SECONDS);
 247              		.loc 1 139 16
 248 0062 5223     		movs	r3, #82
 249 0064 25E0     		b	.L12
 250              	.L16:
 140:./ucOSII/Core/os_time.c ****     }
 141:./ucOSII/Core/os_time.c ****     if (ms > 999u) {
 251              		.loc 1 141 8
 252 0066 7B88     		ldrh	r3, [r7, #2]
 253 0068 B3F57A7F 		cmp	r3, #1000
 254 006c 01D3     		bcc	.L17
 142:./ucOSII/Core/os_time.c ****         return (OS_ERR_TIME_INVALID_MS);
 255              		.loc 1 142 16
 256 006e 5323     		movs	r3, #83
 257 0070 1FE0     		b	.L12
 258              	.L17:
ARM GAS  /var/folders/yl/_q9l42k90g1g4mdhbs226msm0000gn/T//ccaQRxAD.s 			page 8


 143:./ucOSII/Core/os_time.c ****     }
 144:./ucOSII/Core/os_time.c **** #endif
 145:./ucOSII/Core/os_time.c ****                                                  /* Compute the total number of clock ticks require
 146:./ucOSII/Core/os_time.c ****                                                  /* .. (rounded to the nearest tick)               
 147:./ucOSII/Core/os_time.c ****     ticks = ((INT32U)hours * 3600uL + (INT32U)minutes * 60uL + (INT32U)seconds) * OS_TICKS_PER_SEC
 259              		.loc 1 147 14
 260 0072 FB79     		ldrb	r3, [r7, #7]	@ zero_extendqisi2
 261              		.loc 1 147 28
 262 0074 4FF46162 		mov	r2, #3600
 263 0078 02FB03F1 		mul	r1, r2, r3
 264              		.loc 1 147 39
 265 007c BA79     		ldrb	r2, [r7, #6]	@ zero_extendqisi2
 266              		.loc 1 147 55
 267 007e 1346     		mov	r3, r2
 268 0080 1B01     		lsls	r3, r3, #4
 269 0082 9B1A     		subs	r3, r3, r2
 270 0084 9B00     		lsls	r3, r3, #2
 271              		.loc 1 147 37
 272 0086 CA18     		adds	r2, r1, r3
 273              		.loc 1 147 64
 274 0088 7B79     		ldrb	r3, [r7, #5]	@ zero_extendqisi2
 275              		.loc 1 147 62
 276 008a 1344     		add	r3, r3, r2
 277              		.loc 1 147 81
 278 008c 6422     		movs	r2, #100
 279 008e 03FB02F2 		mul	r2, r3, r2
 148:./ucOSII/Core/os_time.c ****           + OS_TICKS_PER_SEC * ((INT32U)ms + 500uL / OS_TICKS_PER_SEC) / 1000uL;
 280              		.loc 1 148 33
 281 0092 7B88     		ldrh	r3, [r7, #2]
 282              		.loc 1 148 30
 283 0094 6421     		movs	r1, #100
 284 0096 01FB03F3 		mul	r3, r1, r3
 285 009a 03F5FA73 		add	r3, r3, #500
 286              		.loc 1 148 72
 287 009e 0949     		ldr	r1, .L18+8
 288 00a0 A1FB0313 		umull	r1, r3, r1, r3
 289 00a4 9B09     		lsrs	r3, r3, #6
 147:./ucOSII/Core/os_time.c ****           + OS_TICKS_PER_SEC * ((INT32U)ms + 500uL / OS_TICKS_PER_SEC) / 1000uL;
 290              		.loc 1 147 11
 291 00a6 1344     		add	r3, r3, r2
 292 00a8 FB60     		str	r3, [r7, #12]
 149:./ucOSII/Core/os_time.c ****     OSTimeDly(ticks);
 293              		.loc 1 149 5
 294 00aa F868     		ldr	r0, [r7, #12]
 295 00ac FFF7FEFF 		bl	OSTimeDly
 150:./ucOSII/Core/os_time.c ****     return (OS_ERR_NONE);
 296              		.loc 1 150 12
 297 00b0 0023     		movs	r3, #0
 298              	.L12:
 151:./ucOSII/Core/os_time.c **** }
 299              		.loc 1 151 1
 300 00b2 1846     		mov	r0, r3
 301 00b4 1437     		adds	r7, r7, #20
 302              	.LCFI8:
 303              		.cfi_def_cfa_offset 12
 304 00b6 BD46     		mov	sp, r7
 305              	.LCFI9:
ARM GAS  /var/folders/yl/_q9l42k90g1g4mdhbs226msm0000gn/T//ccaQRxAD.s 			page 9


 306              		.cfi_def_cfa_register 13
 307              		@ sp needed
 308 00b8 90BD     		pop	{r4, r7, pc}
 309              	.L19:
 310 00ba 00BF     		.align	2
 311              	.L18:
 312 00bc 00000000 		.word	OSIntNesting
 313 00c0 00000000 		.word	OSLockNesting
 314 00c4 D34D6210 		.word	274877907
 315              		.cfi_endproc
 316              	.LFE4:
 318              		.section	.text.OSTimeDlyResume,"ax",%progbits
 319              		.align	1
 320              		.global	OSTimeDlyResume
 321              		.syntax unified
 322              		.thumb
 323              		.thumb_func
 325              	OSTimeDlyResume:
 326              	.LFB5:
 152:./ucOSII/Core/os_time.c **** #endif
 153:./ucOSII/Core/os_time.c **** 
 154:./ucOSII/Core/os_time.c **** 
 155:./ucOSII/Core/os_time.c **** /*
 156:./ucOSII/Core/os_time.c **** ***************************************************************************************************
 157:./ucOSII/Core/os_time.c **** *                                        RESUME A DELAYED TASK
 158:./ucOSII/Core/os_time.c **** *
 159:./ucOSII/Core/os_time.c **** * Description: This function is used resume a task that has been delayed through a call to either
 160:./ucOSII/Core/os_time.c **** *              OSTimeDly() or OSTimeDlyHMSM().  Note that you can call this function to resume a
 161:./ucOSII/Core/os_time.c **** *              task that is waiting for an event with timeout.  This would make the task look
 162:./ucOSII/Core/os_time.c **** *              like a timeout occurred.
 163:./ucOSII/Core/os_time.c **** *
 164:./ucOSII/Core/os_time.c **** * Arguments  : prio                      specifies the priority of the task to resume
 165:./ucOSII/Core/os_time.c **** *
 166:./ucOSII/Core/os_time.c **** * Returns    : OS_ERR_NONE               Task has been resumed
 167:./ucOSII/Core/os_time.c **** *              OS_ERR_PRIO_INVALID       if the priority you specify is higher that the maximum all
 168:./ucOSII/Core/os_time.c **** *                                        (i.e. >= OS_LOWEST_PRIO)
 169:./ucOSII/Core/os_time.c **** *              OS_ERR_TIME_NOT_DLY       Task is not waiting for time to expire
 170:./ucOSII/Core/os_time.c **** *              OS_ERR_TASK_NOT_EXIST     The desired task has not been created or has been assigned
 171:./ucOSII/Core/os_time.c **** ***************************************************************************************************
 172:./ucOSII/Core/os_time.c **** */
 173:./ucOSII/Core/os_time.c **** 
 174:./ucOSII/Core/os_time.c **** #if OS_TIME_DLY_RESUME_EN > 0u
 175:./ucOSII/Core/os_time.c **** INT8U  OSTimeDlyResume (INT8U prio)
 176:./ucOSII/Core/os_time.c **** {
 327              		.loc 1 176 1
 328              		.cfi_startproc
 329              		@ args = 0, pretend = 0, frame = 16
 330              		@ frame_needed = 1, uses_anonymous_args = 0
 331 0000 80B5     		push	{r7, lr}
 332              	.LCFI10:
 333              		.cfi_def_cfa_offset 8
 334              		.cfi_offset 7, -8
 335              		.cfi_offset 14, -4
 336 0002 84B0     		sub	sp, sp, #16
 337              	.LCFI11:
 338              		.cfi_def_cfa_offset 24
 339 0004 00AF     		add	r7, sp, #0
ARM GAS  /var/folders/yl/_q9l42k90g1g4mdhbs226msm0000gn/T//ccaQRxAD.s 			page 10


 340              	.LCFI12:
 341              		.cfi_def_cfa_register 7
 342 0006 0346     		mov	r3, r0
 343 0008 FB71     		strb	r3, [r7, #7]
 177:./ucOSII/Core/os_time.c ****     OS_TCB    *ptcb;
 178:./ucOSII/Core/os_time.c **** #if OS_CRITICAL_METHOD == 3u                                   /* Storage for CPU status register  
 179:./ucOSII/Core/os_time.c ****     OS_CPU_SR  cpu_sr = 0u;
 344              		.loc 1 179 16
 345 000a 0023     		movs	r3, #0
 346 000c FB60     		str	r3, [r7, #12]
 180:./ucOSII/Core/os_time.c **** #endif
 181:./ucOSII/Core/os_time.c **** 
 182:./ucOSII/Core/os_time.c **** 
 183:./ucOSII/Core/os_time.c **** 
 184:./ucOSII/Core/os_time.c ****     if (prio >= OS_LOWEST_PRIO) {
 347              		.loc 1 184 8
 348 000e FB79     		ldrb	r3, [r7, #7]	@ zero_extendqisi2
 349 0010 3E2B     		cmp	r3, #62
 350 0012 01D9     		bls	.L21
 185:./ucOSII/Core/os_time.c ****         return (OS_ERR_PRIO_INVALID);
 351              		.loc 1 185 16
 352 0014 2A23     		movs	r3, #42
 353 0016 6BE0     		b	.L22
 354              	.L21:
 186:./ucOSII/Core/os_time.c ****     }
 187:./ucOSII/Core/os_time.c ****     OS_ENTER_CRITICAL();
 355              		.loc 1 187 5
 356 0018 4020     		movs	r0, #64
 357 001a FFF7FEFF 		bl	OS_CPU_SR_Save
 358 001e F860     		str	r0, [r7, #12]
 188:./ucOSII/Core/os_time.c ****     ptcb = OSTCBPrioTbl[prio];                                 /* Make sure that task exist        
 359              		.loc 1 188 24
 360 0020 FB79     		ldrb	r3, [r7, #7]	@ zero_extendqisi2
 361              		.loc 1 188 10
 362 0022 354A     		ldr	r2, .L30
 363 0024 52F82330 		ldr	r3, [r2, r3, lsl #2]
 364 0028 BB60     		str	r3, [r7, #8]
 189:./ucOSII/Core/os_time.c ****     if (ptcb == (OS_TCB *)0) {
 365              		.loc 1 189 8
 366 002a BB68     		ldr	r3, [r7, #8]
 367 002c 002B     		cmp	r3, #0
 368 002e 04D1     		bne	.L23
 190:./ucOSII/Core/os_time.c ****         OS_EXIT_CRITICAL();
 369              		.loc 1 190 9
 370 0030 F868     		ldr	r0, [r7, #12]
 371 0032 FFF7FEFF 		bl	OS_CPU_SR_Restore
 191:./ucOSII/Core/os_time.c ****         return (OS_ERR_TASK_NOT_EXIST);                        /* The task does not exist          
 372              		.loc 1 191 16
 373 0036 4323     		movs	r3, #67
 374 0038 5AE0     		b	.L22
 375              	.L23:
 192:./ucOSII/Core/os_time.c ****     }
 193:./ucOSII/Core/os_time.c ****     if (ptcb == OS_TCB_RESERVED) {
 376              		.loc 1 193 8
 377 003a BB68     		ldr	r3, [r7, #8]
 378 003c 012B     		cmp	r3, #1
 379 003e 04D1     		bne	.L24
ARM GAS  /var/folders/yl/_q9l42k90g1g4mdhbs226msm0000gn/T//ccaQRxAD.s 			page 11


 194:./ucOSII/Core/os_time.c ****         OS_EXIT_CRITICAL();
 380              		.loc 1 194 9
 381 0040 F868     		ldr	r0, [r7, #12]
 382 0042 FFF7FEFF 		bl	OS_CPU_SR_Restore
 195:./ucOSII/Core/os_time.c ****         return (OS_ERR_TASK_NOT_EXIST);                        /* The task does not exist          
 383              		.loc 1 195 16
 384 0046 4323     		movs	r3, #67
 385 0048 52E0     		b	.L22
 386              	.L24:
 196:./ucOSII/Core/os_time.c ****     }
 197:./ucOSII/Core/os_time.c ****     if (ptcb->OSTCBDly == 0u) {                                /* See if task is delayed           
 387              		.loc 1 197 13
 388 004a BB68     		ldr	r3, [r7, #8]
 389 004c 5B6B     		ldr	r3, [r3, #52]
 390              		.loc 1 197 8
 391 004e 002B     		cmp	r3, #0
 392 0050 04D1     		bne	.L25
 198:./ucOSII/Core/os_time.c ****         OS_EXIT_CRITICAL();
 393              		.loc 1 198 9
 394 0052 F868     		ldr	r0, [r7, #12]
 395 0054 FFF7FEFF 		bl	OS_CPU_SR_Restore
 199:./ucOSII/Core/os_time.c ****         return (OS_ERR_TIME_NOT_DLY);                          /* Indicate that task was not delaye
 396              		.loc 1 199 16
 397 0058 5023     		movs	r3, #80
 398 005a 49E0     		b	.L22
 399              	.L25:
 200:./ucOSII/Core/os_time.c ****     }
 201:./ucOSII/Core/os_time.c **** 
 202:./ucOSII/Core/os_time.c ****     ptcb->OSTCBDly = 0u;                                       /* Clear the time delay             
 400              		.loc 1 202 20
 401 005c BB68     		ldr	r3, [r7, #8]
 402 005e 0022     		movs	r2, #0
 403 0060 5A63     		str	r2, [r3, #52]
 203:./ucOSII/Core/os_time.c ****     if ((ptcb->OSTCBStat & OS_STAT_PEND_ANY) != OS_STAT_RDY) {
 404              		.loc 1 203 14
 405 0062 BB68     		ldr	r3, [r7, #8]
 406 0064 93F83830 		ldrb	r3, [r3, #56]	@ zero_extendqisi2
 407              		.loc 1 203 26
 408 0068 03F03703 		and	r3, r3, #55
 409              		.loc 1 203 8
 410 006c 002B     		cmp	r3, #0
 411 006e 0DD0     		beq	.L26
 204:./ucOSII/Core/os_time.c ****         ptcb->OSTCBStat     &= ~OS_STAT_PEND_ANY;              /* Yes, Clear status flag           
 412              		.loc 1 204 29
 413 0070 BB68     		ldr	r3, [r7, #8]
 414 0072 93F83830 		ldrb	r3, [r3, #56]	@ zero_extendqisi2
 415 0076 23F03703 		bic	r3, r3, #55
 416 007a DAB2     		uxtb	r2, r3
 417 007c BB68     		ldr	r3, [r7, #8]
 418 007e 83F83820 		strb	r2, [r3, #56]
 205:./ucOSII/Core/os_time.c ****         ptcb->OSTCBStatPend  =  OS_STAT_PEND_TO;               /* Indicate PEND timeout            
 419              		.loc 1 205 30
 420 0082 BB68     		ldr	r3, [r7, #8]
 421 0084 0122     		movs	r2, #1
 422 0086 83F83920 		strb	r2, [r3, #57]
 423 008a 03E0     		b	.L27
 424              	.L26:
ARM GAS  /var/folders/yl/_q9l42k90g1g4mdhbs226msm0000gn/T//ccaQRxAD.s 			page 12


 206:./ucOSII/Core/os_time.c ****     } else {
 207:./ucOSII/Core/os_time.c ****         ptcb->OSTCBStatPend  =  OS_STAT_PEND_OK;
 425              		.loc 1 207 30
 426 008c BB68     		ldr	r3, [r7, #8]
 427 008e 0022     		movs	r2, #0
 428 0090 83F83920 		strb	r2, [r3, #57]
 429              	.L27:
 208:./ucOSII/Core/os_time.c ****     }
 209:./ucOSII/Core/os_time.c ****     if ((ptcb->OSTCBStat & OS_STAT_SUSPEND) == OS_STAT_RDY) {  /* Is task suspended?               
 430              		.loc 1 209 14
 431 0094 BB68     		ldr	r3, [r7, #8]
 432 0096 93F83830 		ldrb	r3, [r3, #56]	@ zero_extendqisi2
 433              		.loc 1 209 26
 434 009a 03F00803 		and	r3, r3, #8
 435              		.loc 1 209 8
 436 009e 002B     		cmp	r3, #0
 437 00a0 22D1     		bne	.L28
 210:./ucOSII/Core/os_time.c ****         OSRdyGrp               |= ptcb->OSTCBBitY;             /* No,  Make ready                  
 438              		.loc 1 210 39
 439 00a2 BB68     		ldr	r3, [r7, #8]
 440 00a4 93F83E20 		ldrb	r2, [r3, #62]	@ zero_extendqisi2
 441              		.loc 1 210 32
 442 00a8 144B     		ldr	r3, .L30+4
 443 00aa 1B78     		ldrb	r3, [r3]	@ zero_extendqisi2
 444 00ac 1343     		orrs	r3, r3, r2
 445 00ae DAB2     		uxtb	r2, r3
 446 00b0 124B     		ldr	r3, .L30+4
 447 00b2 1A70     		strb	r2, [r3]
 211:./ucOSII/Core/os_time.c ****         OSRdyTbl[ptcb->OSTCBY] |= ptcb->OSTCBBitX;
 448              		.loc 1 211 22
 449 00b4 BB68     		ldr	r3, [r7, #8]
 450 00b6 93F83C30 		ldrb	r3, [r3, #60]	@ zero_extendqisi2
 451              		.loc 1 211 32
 452 00ba 1A46     		mov	r2, r3
 453 00bc 104B     		ldr	r3, .L30+8
 454 00be 9A5C     		ldrb	r2, [r3, r2]	@ zero_extendqisi2
 455              		.loc 1 211 39
 456 00c0 BB68     		ldr	r3, [r7, #8]
 457 00c2 93F83D30 		ldrb	r3, [r3, #61]	@ zero_extendqisi2
 458              		.loc 1 211 22
 459 00c6 B968     		ldr	r1, [r7, #8]
 460 00c8 91F83C10 		ldrb	r1, [r1, #60]	@ zero_extendqisi2
 461              		.loc 1 211 32
 462 00cc 1343     		orrs	r3, r3, r2
 463 00ce DAB2     		uxtb	r2, r3
 464 00d0 0B4B     		ldr	r3, .L30+8
 465 00d2 5A54     		strb	r2, [r3, r1]
 212:./ucOSII/Core/os_time.c ****         OS_TRACE_TASK_READY(ptcb);
 466              		.loc 1 212 9
 467 00d4 BB68     		ldr	r3, [r7, #8]
 468 00d6 1846     		mov	r0, r3
 469 00d8 FFF7FEFF 		bl	SYSVIEW_TaskReady
 213:./ucOSII/Core/os_time.c ****         OS_EXIT_CRITICAL();
 470              		.loc 1 213 9
 471 00dc F868     		ldr	r0, [r7, #12]
 472 00de FFF7FEFF 		bl	OS_CPU_SR_Restore
 214:./ucOSII/Core/os_time.c ****         OS_Sched();                                            /* See if this is new highest priori
ARM GAS  /var/folders/yl/_q9l42k90g1g4mdhbs226msm0000gn/T//ccaQRxAD.s 			page 13


 473              		.loc 1 214 9
 474 00e2 FFF7FEFF 		bl	OS_Sched
 475 00e6 02E0     		b	.L29
 476              	.L28:
 215:./ucOSII/Core/os_time.c ****     } else {
 216:./ucOSII/Core/os_time.c ****         OS_EXIT_CRITICAL();                                    /* Task may be suspended            
 477              		.loc 1 216 9
 478 00e8 F868     		ldr	r0, [r7, #12]
 479 00ea FFF7FEFF 		bl	OS_CPU_SR_Restore
 480              	.L29:
 217:./ucOSII/Core/os_time.c ****     }
 218:./ucOSII/Core/os_time.c ****     return (OS_ERR_NONE);
 481              		.loc 1 218 12
 482 00ee 0023     		movs	r3, #0
 483              	.L22:
 219:./ucOSII/Core/os_time.c **** }
 484              		.loc 1 219 1
 485 00f0 1846     		mov	r0, r3
 486 00f2 1037     		adds	r7, r7, #16
 487              	.LCFI13:
 488              		.cfi_def_cfa_offset 8
 489 00f4 BD46     		mov	sp, r7
 490              	.LCFI14:
 491              		.cfi_def_cfa_register 13
 492              		@ sp needed
 493 00f6 80BD     		pop	{r7, pc}
 494              	.L31:
 495              		.align	2
 496              	.L30:
 497 00f8 00000000 		.word	OSTCBPrioTbl
 498 00fc 00000000 		.word	OSRdyGrp
 499 0100 00000000 		.word	OSRdyTbl
 500              		.cfi_endproc
 501              	.LFE5:
 503              		.section	.text.OSTimeGet,"ax",%progbits
 504              		.align	1
 505              		.global	OSTimeGet
 506              		.syntax unified
 507              		.thumb
 508              		.thumb_func
 510              	OSTimeGet:
 511              	.LFB6:
 220:./ucOSII/Core/os_time.c **** #endif
 221:./ucOSII/Core/os_time.c **** 
 222:./ucOSII/Core/os_time.c **** 
 223:./ucOSII/Core/os_time.c **** /*
 224:./ucOSII/Core/os_time.c **** ***************************************************************************************************
 225:./ucOSII/Core/os_time.c **** *                                       GET CURRENT SYSTEM TIME
 226:./ucOSII/Core/os_time.c **** *
 227:./ucOSII/Core/os_time.c **** * Description: This function is used by your application to obtain the current value of the 32-bit
 228:./ucOSII/Core/os_time.c **** *              counter which keeps track of the number of clock ticks.
 229:./ucOSII/Core/os_time.c **** *
 230:./ucOSII/Core/os_time.c **** * Arguments  : none
 231:./ucOSII/Core/os_time.c **** *
 232:./ucOSII/Core/os_time.c **** * Returns    : The current value of OSTime
 233:./ucOSII/Core/os_time.c **** ***************************************************************************************************
 234:./ucOSII/Core/os_time.c **** */
ARM GAS  /var/folders/yl/_q9l42k90g1g4mdhbs226msm0000gn/T//ccaQRxAD.s 			page 14


 235:./ucOSII/Core/os_time.c **** 
 236:./ucOSII/Core/os_time.c **** #if OS_TIME_GET_SET_EN > 0u
 237:./ucOSII/Core/os_time.c **** INT32U  OSTimeGet (void)
 238:./ucOSII/Core/os_time.c **** {
 512              		.loc 1 238 1
 513              		.cfi_startproc
 514              		@ args = 0, pretend = 0, frame = 8
 515              		@ frame_needed = 1, uses_anonymous_args = 0
 516 0000 80B5     		push	{r7, lr}
 517              	.LCFI15:
 518              		.cfi_def_cfa_offset 8
 519              		.cfi_offset 7, -8
 520              		.cfi_offset 14, -4
 521 0002 82B0     		sub	sp, sp, #8
 522              	.LCFI16:
 523              		.cfi_def_cfa_offset 16
 524 0004 00AF     		add	r7, sp, #0
 525              	.LCFI17:
 526              		.cfi_def_cfa_register 7
 239:./ucOSII/Core/os_time.c ****     INT32U     ticks;
 240:./ucOSII/Core/os_time.c **** #if OS_CRITICAL_METHOD == 3u                     /* Allocate storage for CPU status register       
 241:./ucOSII/Core/os_time.c ****     OS_CPU_SR  cpu_sr = 0u;
 527              		.loc 1 241 16
 528 0006 0023     		movs	r3, #0
 529 0008 7B60     		str	r3, [r7, #4]
 242:./ucOSII/Core/os_time.c **** #endif
 243:./ucOSII/Core/os_time.c **** 
 244:./ucOSII/Core/os_time.c **** 
 245:./ucOSII/Core/os_time.c **** 
 246:./ucOSII/Core/os_time.c ****     OS_ENTER_CRITICAL();
 530              		.loc 1 246 5
 531 000a 4020     		movs	r0, #64
 532 000c FFF7FEFF 		bl	OS_CPU_SR_Save
 533 0010 7860     		str	r0, [r7, #4]
 247:./ucOSII/Core/os_time.c ****     ticks = OSTime;
 534              		.loc 1 247 11
 535 0012 054B     		ldr	r3, .L34
 536 0014 1B68     		ldr	r3, [r3]
 537 0016 3B60     		str	r3, [r7]
 248:./ucOSII/Core/os_time.c ****     OS_EXIT_CRITICAL();
 538              		.loc 1 248 5
 539 0018 7868     		ldr	r0, [r7, #4]
 540 001a FFF7FEFF 		bl	OS_CPU_SR_Restore
 249:./ucOSII/Core/os_time.c ****     return (ticks);
 541              		.loc 1 249 12
 542 001e 3B68     		ldr	r3, [r7]
 250:./ucOSII/Core/os_time.c **** }
 543              		.loc 1 250 1
 544 0020 1846     		mov	r0, r3
 545 0022 0837     		adds	r7, r7, #8
 546              	.LCFI18:
 547              		.cfi_def_cfa_offset 8
 548 0024 BD46     		mov	sp, r7
 549              	.LCFI19:
 550              		.cfi_def_cfa_register 13
 551              		@ sp needed
 552 0026 80BD     		pop	{r7, pc}
ARM GAS  /var/folders/yl/_q9l42k90g1g4mdhbs226msm0000gn/T//ccaQRxAD.s 			page 15


 553              	.L35:
 554              		.align	2
 555              	.L34:
 556 0028 00000000 		.word	OSTime
 557              		.cfi_endproc
 558              	.LFE6:
 560              		.section	.text.OSTimeSet,"ax",%progbits
 561              		.align	1
 562              		.global	OSTimeSet
 563              		.syntax unified
 564              		.thumb
 565              		.thumb_func
 567              	OSTimeSet:
 568              	.LFB7:
 251:./ucOSII/Core/os_time.c **** #endif
 252:./ucOSII/Core/os_time.c **** 
 253:./ucOSII/Core/os_time.c **** 
 254:./ucOSII/Core/os_time.c **** /*
 255:./ucOSII/Core/os_time.c **** ***************************************************************************************************
 256:./ucOSII/Core/os_time.c **** *                                          SET SYSTEM CLOCK
 257:./ucOSII/Core/os_time.c **** *
 258:./ucOSII/Core/os_time.c **** * Description: This function sets the 32-bit counter which keeps track of the number of clock ticks
 259:./ucOSII/Core/os_time.c **** *
 260:./ucOSII/Core/os_time.c **** * Arguments  : ticks      specifies the new value that OSTime needs to take.
 261:./ucOSII/Core/os_time.c **** *
 262:./ucOSII/Core/os_time.c **** * Returns    : none
 263:./ucOSII/Core/os_time.c **** ***************************************************************************************************
 264:./ucOSII/Core/os_time.c **** */
 265:./ucOSII/Core/os_time.c **** 
 266:./ucOSII/Core/os_time.c **** #if OS_TIME_GET_SET_EN > 0u
 267:./ucOSII/Core/os_time.c **** void  OSTimeSet (INT32U ticks)
 268:./ucOSII/Core/os_time.c **** {
 569              		.loc 1 268 1
 570              		.cfi_startproc
 571              		@ args = 0, pretend = 0, frame = 16
 572              		@ frame_needed = 1, uses_anonymous_args = 0
 573 0000 80B5     		push	{r7, lr}
 574              	.LCFI20:
 575              		.cfi_def_cfa_offset 8
 576              		.cfi_offset 7, -8
 577              		.cfi_offset 14, -4
 578 0002 84B0     		sub	sp, sp, #16
 579              	.LCFI21:
 580              		.cfi_def_cfa_offset 24
 581 0004 00AF     		add	r7, sp, #0
 582              	.LCFI22:
 583              		.cfi_def_cfa_register 7
 584 0006 7860     		str	r0, [r7, #4]
 269:./ucOSII/Core/os_time.c **** #if OS_CRITICAL_METHOD == 3u                     /* Allocate storage for CPU status register       
 270:./ucOSII/Core/os_time.c ****     OS_CPU_SR  cpu_sr = 0u;
 585              		.loc 1 270 16
 586 0008 0023     		movs	r3, #0
 587 000a FB60     		str	r3, [r7, #12]
 271:./ucOSII/Core/os_time.c **** #endif
 272:./ucOSII/Core/os_time.c **** 
 273:./ucOSII/Core/os_time.c **** 
 274:./ucOSII/Core/os_time.c **** 
ARM GAS  /var/folders/yl/_q9l42k90g1g4mdhbs226msm0000gn/T//ccaQRxAD.s 			page 16


 275:./ucOSII/Core/os_time.c ****     OS_ENTER_CRITICAL();
 588              		.loc 1 275 5
 589 000c 4020     		movs	r0, #64
 590 000e FFF7FEFF 		bl	OS_CPU_SR_Save
 591 0012 F860     		str	r0, [r7, #12]
 276:./ucOSII/Core/os_time.c ****     OSTime = ticks;
 592              		.loc 1 276 12
 593 0014 044A     		ldr	r2, .L37
 594 0016 7B68     		ldr	r3, [r7, #4]
 595 0018 1360     		str	r3, [r2]
 277:./ucOSII/Core/os_time.c ****     OS_EXIT_CRITICAL();
 596              		.loc 1 277 5
 597 001a F868     		ldr	r0, [r7, #12]
 598 001c FFF7FEFF 		bl	OS_CPU_SR_Restore
 278:./ucOSII/Core/os_time.c **** }
 599              		.loc 1 278 1
 600 0020 00BF     		nop
 601 0022 1037     		adds	r7, r7, #16
 602              	.LCFI23:
 603              		.cfi_def_cfa_offset 8
 604 0024 BD46     		mov	sp, r7
 605              	.LCFI24:
 606              		.cfi_def_cfa_register 13
 607              		@ sp needed
 608 0026 80BD     		pop	{r7, pc}
 609              	.L38:
 610              		.align	2
 611              	.L37:
 612 0028 00000000 		.word	OSTime
 613              		.cfi_endproc
 614              	.LFE7:
 616              		.text
 617              	.Letext0:
 618              		.file 2 "./ucOSII/Port/os_cpu.h"
 619              		.file 3 "./ucOSII/Core/ucos_ii.h"
ARM GAS  /var/folders/yl/_q9l42k90g1g4mdhbs226msm0000gn/T//ccaQRxAD.s 			page 17


DEFINED SYMBOLS
                            *ABS*:0000000000000000 os_time.c
/var/folders/yl/_q9l42k90g1g4mdhbs226msm0000gn/T//ccaQRxAD.s:20     .text.OSTimeDly:0000000000000000 $t
/var/folders/yl/_q9l42k90g1g4mdhbs226msm0000gn/T//ccaQRxAD.s:26     .text.OSTimeDly:0000000000000000 OSTimeDly
/var/folders/yl/_q9l42k90g1g4mdhbs226msm0000gn/T//ccaQRxAD.s:150    .text.OSTimeDly:000000000000009c $d
/var/folders/yl/_q9l42k90g1g4mdhbs226msm0000gn/T//ccaQRxAD.s:159    .text.OSTimeDlyHMSM:0000000000000000 $t
/var/folders/yl/_q9l42k90g1g4mdhbs226msm0000gn/T//ccaQRxAD.s:165    .text.OSTimeDlyHMSM:0000000000000000 OSTimeDlyHMSM
/var/folders/yl/_q9l42k90g1g4mdhbs226msm0000gn/T//ccaQRxAD.s:312    .text.OSTimeDlyHMSM:00000000000000bc $d
/var/folders/yl/_q9l42k90g1g4mdhbs226msm0000gn/T//ccaQRxAD.s:319    .text.OSTimeDlyResume:0000000000000000 $t
/var/folders/yl/_q9l42k90g1g4mdhbs226msm0000gn/T//ccaQRxAD.s:325    .text.OSTimeDlyResume:0000000000000000 OSTimeDlyResume
/var/folders/yl/_q9l42k90g1g4mdhbs226msm0000gn/T//ccaQRxAD.s:497    .text.OSTimeDlyResume:00000000000000f8 $d
/var/folders/yl/_q9l42k90g1g4mdhbs226msm0000gn/T//ccaQRxAD.s:504    .text.OSTimeGet:0000000000000000 $t
/var/folders/yl/_q9l42k90g1g4mdhbs226msm0000gn/T//ccaQRxAD.s:510    .text.OSTimeGet:0000000000000000 OSTimeGet
/var/folders/yl/_q9l42k90g1g4mdhbs226msm0000gn/T//ccaQRxAD.s:556    .text.OSTimeGet:0000000000000028 $d
/var/folders/yl/_q9l42k90g1g4mdhbs226msm0000gn/T//ccaQRxAD.s:561    .text.OSTimeSet:0000000000000000 $t
/var/folders/yl/_q9l42k90g1g4mdhbs226msm0000gn/T//ccaQRxAD.s:567    .text.OSTimeSet:0000000000000000 OSTimeSet
/var/folders/yl/_q9l42k90g1g4mdhbs226msm0000gn/T//ccaQRxAD.s:612    .text.OSTimeSet:0000000000000028 $d

UNDEFINED SYMBOLS
OS_CPU_SR_Save
SYSVIEW_TaskSuspend
OS_CPU_SR_Restore
OS_Sched
OSIntNesting
OSLockNesting
OSTCBCur
OSRdyTbl
OSRdyGrp
SYSVIEW_TaskReady
OSTCBPrioTbl
OSTime
