ARM GAS  /var/folders/yl/_q9l42k90g1g4mdhbs226msm0000gn/T//ccAaTsbP.s 			page 1


   1              		.cpu cortex-m4
   2              		.arch armv7e-m
   3              		.fpu fpv4-sp-d16
   4              		.eabi_attribute 27, 1
   5              		.eabi_attribute 28, 1
   6              		.eabi_attribute 20, 1
   7              		.eabi_attribute 21, 1
   8              		.eabi_attribute 23, 3
   9              		.eabi_attribute 24, 1
  10              		.eabi_attribute 25, 1
  11              		.eabi_attribute 26, 1
  12              		.eabi_attribute 30, 6
  13              		.eabi_attribute 34, 1
  14              		.eabi_attribute 18, 4
  15              		.file	"SEGGER_SYSVIEW_Config_uCOSII.c"
  16              		.text
  17              	.Ltext0:
  18              		.cfi_sections	.debug_frame
  19              		.section	.rodata
  20              		.align	2
  21              	.LC0:
  22 0000 4E3D4152 		.ascii	"N=ARM Cortex-M Demo,D=Cortex-M Device,O=uCOS-II\000"
  22      4D20436F 
  22      72746578 
  22      2D4D2044 
  22      656D6F2C 
  23              		.align	2
  24              	.LC1:
  25 0030 49233135 		.ascii	"I#15=SysTick\000"
  25      3D537973 
  25      5469636B 
  25      00
  26              		.section	.text._cbSendSystemDesc,"ax",%progbits
  27              		.align	1
  28              		.syntax unified
  29              		.thumb
  30              		.thumb_func
  32              	_cbSendSystemDesc:
  33              	.LFB3:
  34              		.file 1 "./SystemView/SEGGER_SYSVIEW_Config_uCOSII.c"
   1:./SystemView/SEGGER_SYSVIEW_Config_uCOSII.c **** /*********************************************************************
   2:./SystemView/SEGGER_SYSVIEW_Config_uCOSII.c **** *                    SEGGER Microcontroller GmbH                     *
   3:./SystemView/SEGGER_SYSVIEW_Config_uCOSII.c **** *                        The Embedded Experts                        *
   4:./SystemView/SEGGER_SYSVIEW_Config_uCOSII.c **** **********************************************************************
   5:./SystemView/SEGGER_SYSVIEW_Config_uCOSII.c **** *                                                                    *
   6:./SystemView/SEGGER_SYSVIEW_Config_uCOSII.c **** *            (c) 1995 - 2024 SEGGER Microcontroller GmbH             *
   7:./SystemView/SEGGER_SYSVIEW_Config_uCOSII.c **** *                                                                    *
   8:./SystemView/SEGGER_SYSVIEW_Config_uCOSII.c **** *       www.segger.com     Support: support@segger.com               *
   9:./SystemView/SEGGER_SYSVIEW_Config_uCOSII.c **** *                                                                    *
  10:./SystemView/SEGGER_SYSVIEW_Config_uCOSII.c **** **********************************************************************
  11:./SystemView/SEGGER_SYSVIEW_Config_uCOSII.c **** *                                                                    *
  12:./SystemView/SEGGER_SYSVIEW_Config_uCOSII.c **** *       SEGGER SystemView * Real-time application analysis           *
  13:./SystemView/SEGGER_SYSVIEW_Config_uCOSII.c **** *                                                                    *
  14:./SystemView/SEGGER_SYSVIEW_Config_uCOSII.c **** **********************************************************************
  15:./SystemView/SEGGER_SYSVIEW_Config_uCOSII.c **** *                                                                    *
  16:./SystemView/SEGGER_SYSVIEW_Config_uCOSII.c **** * All rights reserved.                                               *
  17:./SystemView/SEGGER_SYSVIEW_Config_uCOSII.c **** *                                                                    *
ARM GAS  /var/folders/yl/_q9l42k90g1g4mdhbs226msm0000gn/T//ccAaTsbP.s 			page 2


  18:./SystemView/SEGGER_SYSVIEW_Config_uCOSII.c **** * SEGGER strongly recommends to not make any changes                 *
  19:./SystemView/SEGGER_SYSVIEW_Config_uCOSII.c **** * to or modify the source code of this software in order to stay     *
  20:./SystemView/SEGGER_SYSVIEW_Config_uCOSII.c **** * compatible with the SystemView and RTT protocol, and J-Link.       *
  21:./SystemView/SEGGER_SYSVIEW_Config_uCOSII.c **** *                                                                    *
  22:./SystemView/SEGGER_SYSVIEW_Config_uCOSII.c **** * Redistribution and use in source and binary forms, with or         *
  23:./SystemView/SEGGER_SYSVIEW_Config_uCOSII.c **** * without modification, are permitted provided that the following    *
  24:./SystemView/SEGGER_SYSVIEW_Config_uCOSII.c **** * condition is met:                                                  *
  25:./SystemView/SEGGER_SYSVIEW_Config_uCOSII.c **** *                                                                    *
  26:./SystemView/SEGGER_SYSVIEW_Config_uCOSII.c **** * o Redistributions of source code must retain the above copyright   *
  27:./SystemView/SEGGER_SYSVIEW_Config_uCOSII.c **** *   notice, this condition and the following disclaimer.             *
  28:./SystemView/SEGGER_SYSVIEW_Config_uCOSII.c **** *                                                                    *
  29:./SystemView/SEGGER_SYSVIEW_Config_uCOSII.c **** * THIS SOFTWARE IS PROVIDED BY THE COPYRIGHT HOLDERS AND             *
  30:./SystemView/SEGGER_SYSVIEW_Config_uCOSII.c **** * CONTRIBUTORS "AS IS" AND ANY EXPRESS OR IMPLIED WARRANTIES,        *
  31:./SystemView/SEGGER_SYSVIEW_Config_uCOSII.c **** * INCLUDING, BUT NOT LIMITED TO, THE IMPLIED WARRANTIES OF           *
  32:./SystemView/SEGGER_SYSVIEW_Config_uCOSII.c **** * MERCHANTABILITY AND FITNESS FOR A PARTICULAR PURPOSE ARE           *
  33:./SystemView/SEGGER_SYSVIEW_Config_uCOSII.c **** * DISCLAIMED. IN NO EVENT SHALL SEGGER Microcontroller BE LIABLE FOR *
  34:./SystemView/SEGGER_SYSVIEW_Config_uCOSII.c **** * ANY DIRECT, INDIRECT, INCIDENTAL, SPECIAL, EXEMPLARY, OR           *
  35:./SystemView/SEGGER_SYSVIEW_Config_uCOSII.c **** * CONSEQUENTIAL DAMAGES (INCLUDING, BUT NOT LIMITED TO, PROCUREMENT  *
  36:./SystemView/SEGGER_SYSVIEW_Config_uCOSII.c **** * OF SUBSTITUTE GOODS OR SERVICES; LOSS OF USE, DATA, OR PROFITS;    *
  37:./SystemView/SEGGER_SYSVIEW_Config_uCOSII.c **** * OR BUSINESS INTERRUPTION) HOWEVER CAUSED AND ON ANY THEORY OF      *
  38:./SystemView/SEGGER_SYSVIEW_Config_uCOSII.c **** * LIABILITY, WHETHER IN CONTRACT, STRICT LIABILITY, OR TORT          *
  39:./SystemView/SEGGER_SYSVIEW_Config_uCOSII.c **** * (INCLUDING NEGLIGENCE OR OTHERWISE) ARISING IN ANY WAY OUT OF THE  *
  40:./SystemView/SEGGER_SYSVIEW_Config_uCOSII.c **** * USE OF THIS SOFTWARE, EVEN IF ADVISED OF THE POSSIBILITY OF SUCH   *
  41:./SystemView/SEGGER_SYSVIEW_Config_uCOSII.c **** * DAMAGE.                                                            *
  42:./SystemView/SEGGER_SYSVIEW_Config_uCOSII.c **** *                                                                    *
  43:./SystemView/SEGGER_SYSVIEW_Config_uCOSII.c **** **********************************************************************
  44:./SystemView/SEGGER_SYSVIEW_Config_uCOSII.c **** *                                                                    *
  45:./SystemView/SEGGER_SYSVIEW_Config_uCOSII.c **** *       SystemView version: 3.54                                    *
  46:./SystemView/SEGGER_SYSVIEW_Config_uCOSII.c **** *                                                                    *
  47:./SystemView/SEGGER_SYSVIEW_Config_uCOSII.c **** **********************************************************************
  48:./SystemView/SEGGER_SYSVIEW_Config_uCOSII.c **** -------------------------- END-OF-HEADER -----------------------------
  49:./SystemView/SEGGER_SYSVIEW_Config_uCOSII.c **** 
  50:./SystemView/SEGGER_SYSVIEW_Config_uCOSII.c **** File    : SEGGER_SYSVIEW_Config_uCOSII.c
  51:./SystemView/SEGGER_SYSVIEW_Config_uCOSII.c **** Purpose : Sample setup configuration of SystemView with Micrium
  52:./SystemView/SEGGER_SYSVIEW_Config_uCOSII.c ****           uC/OS-II.
  53:./SystemView/SEGGER_SYSVIEW_Config_uCOSII.c **** Revision: $Rev: 9599 $
  54:./SystemView/SEGGER_SYSVIEW_Config_uCOSII.c **** */
  55:./SystemView/SEGGER_SYSVIEW_Config_uCOSII.c **** #include "SEGGER_SYSVIEW.h"
  56:./SystemView/SEGGER_SYSVIEW_Config_uCOSII.c **** #include "system_stm32f4xx.h"
  57:./SystemView/SEGGER_SYSVIEW_Config_uCOSII.c **** #include "os.h"
  58:./SystemView/SEGGER_SYSVIEW_Config_uCOSII.c **** // #include "cpu_core.h"
  59:./SystemView/SEGGER_SYSVIEW_Config_uCOSII.c **** 
  60:./SystemView/SEGGER_SYSVIEW_Config_uCOSII.c **** #if (defined(OS_TRACE_EN) && (OS_TRACE_EN > 0u))
  61:./SystemView/SEGGER_SYSVIEW_Config_uCOSII.c **** 
  62:./SystemView/SEGGER_SYSVIEW_Config_uCOSII.c **** extern const SEGGER_SYSVIEW_OS_API SYSVIEW_X_OS_TraceAPI;
  63:./SystemView/SEGGER_SYSVIEW_Config_uCOSII.c **** 
  64:./SystemView/SEGGER_SYSVIEW_Config_uCOSII.c **** // CPU_ERR  local_err;
  65:./SystemView/SEGGER_SYSVIEW_Config_uCOSII.c **** 
  66:./SystemView/SEGGER_SYSVIEW_Config_uCOSII.c **** /*********************************************************************
  67:./SystemView/SEGGER_SYSVIEW_Config_uCOSII.c **** *
  68:./SystemView/SEGGER_SYSVIEW_Config_uCOSII.c **** *       Defines, configurable
  69:./SystemView/SEGGER_SYSVIEW_Config_uCOSII.c **** *
  70:./SystemView/SEGGER_SYSVIEW_Config_uCOSII.c **** **********************************************************************
  71:./SystemView/SEGGER_SYSVIEW_Config_uCOSII.c **** */
  72:./SystemView/SEGGER_SYSVIEW_Config_uCOSII.c **** // The application name to be displayed in SystemViewer
  73:./SystemView/SEGGER_SYSVIEW_Config_uCOSII.c **** #define SYSVIEW_APP_NAME        "ARM Cortex-M Demo"
  74:./SystemView/SEGGER_SYSVIEW_Config_uCOSII.c **** 
ARM GAS  /var/folders/yl/_q9l42k90g1g4mdhbs226msm0000gn/T//ccAaTsbP.s 			page 3


  75:./SystemView/SEGGER_SYSVIEW_Config_uCOSII.c **** // The target device name
  76:./SystemView/SEGGER_SYSVIEW_Config_uCOSII.c **** #define SYSVIEW_DEVICE_NAME     "Cortex-M Device"
  77:./SystemView/SEGGER_SYSVIEW_Config_uCOSII.c **** 
  78:./SystemView/SEGGER_SYSVIEW_Config_uCOSII.c **** 
  79:./SystemView/SEGGER_SYSVIEW_Config_uCOSII.c **** 
  80:./SystemView/SEGGER_SYSVIEW_Config_uCOSII.c **** // Frequency of the timestamp. Must match SEGGER_SYSVIEW_GET_TIMESTAMP in SEGGER_SYSVIEW_Conf.h
  81:./SystemView/SEGGER_SYSVIEW_Config_uCOSII.c **** #define SYSVIEW_TIMESTAMP_FREQ (SystemCoreClock)
  82:./SystemView/SEGGER_SYSVIEW_Config_uCOSII.c **** // #define SYSVIEW_TIMESTAMP_FREQ  (CPU_TS_TmrFreqGet(&local_err))
  83:./SystemView/SEGGER_SYSVIEW_Config_uCOSII.c **** 
  84:./SystemView/SEGGER_SYSVIEW_Config_uCOSII.c **** // System Frequency. SystemcoreClock is used in most CMSIS compatible projects.
  85:./SystemView/SEGGER_SYSVIEW_Config_uCOSII.c **** #define SYSVIEW_CPU_FREQ       (SystemCoreClock)
  86:./SystemView/SEGGER_SYSVIEW_Config_uCOSII.c **** // #define SYSVIEW_CPU_FREQ        (CPU_TS_TmrFreqGet(&local_err))
  87:./SystemView/SEGGER_SYSVIEW_Config_uCOSII.c **** 
  88:./SystemView/SEGGER_SYSVIEW_Config_uCOSII.c **** // The lowest RAM address used for IDs (pointers)
  89:./SystemView/SEGGER_SYSVIEW_Config_uCOSII.c **** #define SYSVIEW_RAM_BASE        (0x20000000)
  90:./SystemView/SEGGER_SYSVIEW_Config_uCOSII.c **** 
  91:./SystemView/SEGGER_SYSVIEW_Config_uCOSII.c **** /*********************************************************************
  92:./SystemView/SEGGER_SYSVIEW_Config_uCOSII.c **** *
  93:./SystemView/SEGGER_SYSVIEW_Config_uCOSII.c **** *       _cbSendSystemDesc()
  94:./SystemView/SEGGER_SYSVIEW_Config_uCOSII.c **** *
  95:./SystemView/SEGGER_SYSVIEW_Config_uCOSII.c **** *  Function description
  96:./SystemView/SEGGER_SYSVIEW_Config_uCOSII.c **** *    Sends SystemView description strings.
  97:./SystemView/SEGGER_SYSVIEW_Config_uCOSII.c **** */
  98:./SystemView/SEGGER_SYSVIEW_Config_uCOSII.c **** static void _cbSendSystemDesc(void) {
  35              		.loc 1 98 37
  36              		.cfi_startproc
  37              		@ args = 0, pretend = 0, frame = 0
  38              		@ frame_needed = 1, uses_anonymous_args = 0
  39 0000 80B5     		push	{r7, lr}
  40              	.LCFI0:
  41              		.cfi_def_cfa_offset 8
  42              		.cfi_offset 7, -8
  43              		.cfi_offset 14, -4
  44 0002 00AF     		add	r7, sp, #0
  45              	.LCFI1:
  46              		.cfi_def_cfa_register 7
  99:./SystemView/SEGGER_SYSVIEW_Config_uCOSII.c ****   SEGGER_SYSVIEW_SendSysDesc("N="SYSVIEW_APP_NAME",D="SYSVIEW_DEVICE_NAME",O=uCOS-II");
  47              		.loc 1 99 3
  48 0004 0448     		ldr	r0, .L2
  49 0006 FFF7FEFF 		bl	SEGGER_SYSVIEW_SendSysDesc
 100:./SystemView/SEGGER_SYSVIEW_Config_uCOSII.c ****   SEGGER_SYSVIEW_SendSysDesc("I#15=SysTick");
  50              		.loc 1 100 3
  51 000a 0448     		ldr	r0, .L2+4
  52 000c FFF7FEFF 		bl	SEGGER_SYSVIEW_SendSysDesc
 101:./SystemView/SEGGER_SYSVIEW_Config_uCOSII.c ****   //
 102:./SystemView/SEGGER_SYSVIEW_Config_uCOSII.c ****   SYSVIEW_SendResourceList();
  53              		.loc 1 102 3
  54 0010 FFF7FEFF 		bl	SYSVIEW_SendResourceList
 103:./SystemView/SEGGER_SYSVIEW_Config_uCOSII.c **** }
  55              		.loc 1 103 1
  56 0014 00BF     		nop
  57 0016 80BD     		pop	{r7, pc}
  58              	.L3:
  59              		.align	2
  60              	.L2:
  61 0018 00000000 		.word	.LC0
  62 001c 30000000 		.word	.LC1
ARM GAS  /var/folders/yl/_q9l42k90g1g4mdhbs226msm0000gn/T//ccAaTsbP.s 			page 4


  63              		.cfi_endproc
  64              	.LFE3:
  66              		.section	.text.SEGGER_SYSVIEW_Conf,"ax",%progbits
  67              		.align	1
  68              		.global	SEGGER_SYSVIEW_Conf
  69              		.syntax unified
  70              		.thumb
  71              		.thumb_func
  73              	SEGGER_SYSVIEW_Conf:
  74              	.LFB4:
 104:./SystemView/SEGGER_SYSVIEW_Config_uCOSII.c **** 
 105:./SystemView/SEGGER_SYSVIEW_Config_uCOSII.c **** /*********************************************************************
 106:./SystemView/SEGGER_SYSVIEW_Config_uCOSII.c **** *
 107:./SystemView/SEGGER_SYSVIEW_Config_uCOSII.c **** *       Global functions
 108:./SystemView/SEGGER_SYSVIEW_Config_uCOSII.c **** *
 109:./SystemView/SEGGER_SYSVIEW_Config_uCOSII.c **** **********************************************************************
 110:./SystemView/SEGGER_SYSVIEW_Config_uCOSII.c **** */
 111:./SystemView/SEGGER_SYSVIEW_Config_uCOSII.c **** void SEGGER_SYSVIEW_Conf(void) {
  75              		.loc 1 111 32
  76              		.cfi_startproc
  77              		@ args = 0, pretend = 0, frame = 0
  78              		@ frame_needed = 1, uses_anonymous_args = 0
  79 0000 80B5     		push	{r7, lr}
  80              	.LCFI2:
  81              		.cfi_def_cfa_offset 8
  82              		.cfi_offset 7, -8
  83              		.cfi_offset 14, -4
  84 0002 00AF     		add	r7, sp, #0
  85              	.LCFI3:
  86              		.cfi_def_cfa_register 7
 112:./SystemView/SEGGER_SYSVIEW_Config_uCOSII.c ****   SEGGER_SYSVIEW_Init(SYSVIEW_TIMESTAMP_FREQ, SYSVIEW_CPU_FREQ,
  87              		.loc 1 112 3
  88 0004 064B     		ldr	r3, .L5
  89 0006 1868     		ldr	r0, [r3]
  90 0008 054B     		ldr	r3, .L5
  91 000a 1968     		ldr	r1, [r3]
  92 000c 054B     		ldr	r3, .L5+4
  93 000e 064A     		ldr	r2, .L5+8
  94 0010 FFF7FEFF 		bl	SEGGER_SYSVIEW_Init
 113:./SystemView/SEGGER_SYSVIEW_Config_uCOSII.c ****                       &SYSVIEW_X_OS_TraceAPI, _cbSendSystemDesc);
 114:./SystemView/SEGGER_SYSVIEW_Config_uCOSII.c ****   SEGGER_SYSVIEW_SetRAMBase(SYSVIEW_RAM_BASE);
  95              		.loc 1 114 3
  96 0014 4FF00050 		mov	r0, #536870912
  97 0018 FFF7FEFF 		bl	SEGGER_SYSVIEW_SetRAMBase
 115:./SystemView/SEGGER_SYSVIEW_Config_uCOSII.c **** }
  98              		.loc 1 115 1
  99 001c 00BF     		nop
 100 001e 80BD     		pop	{r7, pc}
 101              	.L6:
 102              		.align	2
 103              	.L5:
 104 0020 00000000 		.word	SystemCoreClock
 105 0024 00000000 		.word	_cbSendSystemDesc
 106 0028 00000000 		.word	SYSVIEW_X_OS_TraceAPI
 107              		.cfi_endproc
 108              	.LFE4:
 110              		.text
ARM GAS  /var/folders/yl/_q9l42k90g1g4mdhbs226msm0000gn/T//ccAaTsbP.s 			page 5


 111              	.Letext0:
 112              		.file 2 "./SystemView/SEGGER_SYSVIEW.h"
 113              		.file 3 "/Applications/ARM/arm-none-eabi/include/machine/_default_types.h"
 114              		.file 4 "/Applications/ARM/arm-none-eabi/include/sys/_stdint.h"
 115              		.file 5 "./CORE/system_stm32f4xx.h"
ARM GAS  /var/folders/yl/_q9l42k90g1g4mdhbs226msm0000gn/T//ccAaTsbP.s 			page 6


DEFINED SYMBOLS
                            *ABS*:0000000000000000 SEGGER_SYSVIEW_Config_uCOSII.c
/var/folders/yl/_q9l42k90g1g4mdhbs226msm0000gn/T//ccAaTsbP.s:20     .rodata:0000000000000000 $d
/var/folders/yl/_q9l42k90g1g4mdhbs226msm0000gn/T//ccAaTsbP.s:27     .text._cbSendSystemDesc:0000000000000000 $t
/var/folders/yl/_q9l42k90g1g4mdhbs226msm0000gn/T//ccAaTsbP.s:32     .text._cbSendSystemDesc:0000000000000000 _cbSendSystemDesc
/var/folders/yl/_q9l42k90g1g4mdhbs226msm0000gn/T//ccAaTsbP.s:61     .text._cbSendSystemDesc:0000000000000018 $d
/var/folders/yl/_q9l42k90g1g4mdhbs226msm0000gn/T//ccAaTsbP.s:67     .text.SEGGER_SYSVIEW_Conf:0000000000000000 $t
/var/folders/yl/_q9l42k90g1g4mdhbs226msm0000gn/T//ccAaTsbP.s:73     .text.SEGGER_SYSVIEW_Conf:0000000000000000 SEGGER_SYSVIEW_Conf
/var/folders/yl/_q9l42k90g1g4mdhbs226msm0000gn/T//ccAaTsbP.s:104    .text.SEGGER_SYSVIEW_Conf:0000000000000020 $d

UNDEFINED SYMBOLS
SEGGER_SYSVIEW_SendSysDesc
SYSVIEW_SendResourceList
SEGGER_SYSVIEW_Init
SEGGER_SYSVIEW_SetRAMBase
SystemCoreClock
SYSVIEW_X_OS_TraceAPI
