Archive member included to satisfy reference by file (symbol)

/Applications/ARM/bin/../lib/gcc/arm-none-eabi/10.3.1/../../../../arm-none-eabi/lib/thumb/v7e-m+fp/hard/libc_nano.a(lib_a-exit.o)
                              /Applications/ARM/bin/../lib/gcc/arm-none-eabi/10.3.1/../../../../arm-none-eabi/lib/thumb/v7e-m+fp/hard/crt0.o (exit)
/Applications/ARM/bin/../lib/gcc/arm-none-eabi/10.3.1/../../../../arm-none-eabi/lib/thumb/v7e-m+fp/hard/libc_nano.a(lib_a-impure.o)
                              /Applications/ARM/bin/../lib/gcc/arm-none-eabi/10.3.1/../../../../arm-none-eabi/lib/thumb/v7e-m+fp/hard/libc_nano.a(lib_a-exit.o) (_global_impure_ptr)
/Applications/ARM/bin/../lib/gcc/arm-none-eabi/10.3.1/../../../../arm-none-eabi/lib/thumb/v7e-m+fp/hard/libc_nano.a(lib_a-init.o)
                              /Applications/ARM/bin/../lib/gcc/arm-none-eabi/10.3.1/../../../../arm-none-eabi/lib/thumb/v7e-m+fp/hard/crt0.o (__libc_init_array)
/Applications/ARM/bin/../lib/gcc/arm-none-eabi/10.3.1/../../../../arm-none-eabi/lib/thumb/v7e-m+fp/hard/libc_nano.a(lib_a-memcpy-stub.o)
                              build/Parameters.o (memcpy)
/Applications/ARM/bin/../lib/gcc/arm-none-eabi/10.3.1/../../../../arm-none-eabi/lib/thumb/v7e-m+fp/hard/libc_nano.a(lib_a-memset.o)
                              /Applications/ARM/bin/../lib/gcc/arm-none-eabi/10.3.1/../../../../arm-none-eabi/lib/thumb/v7e-m+fp/hard/crt0.o (memset)
/Applications/ARM/bin/../lib/gcc/arm-none-eabi/10.3.1/../../../../arm-none-eabi/lib/thumb/v7e-m+fp/hard/libc_nano.a(lib_a-printf.o)
                              build/GuassNewton.o (printf)
/Applications/ARM/bin/../lib/gcc/arm-none-eabi/10.3.1/../../../../arm-none-eabi/lib/thumb/v7e-m+fp/hard/libc_nano.a(lib_a-puts.o)
                              build/GuassNewton.o (puts)
/Applications/ARM/bin/../lib/gcc/arm-none-eabi/10.3.1/../../../../arm-none-eabi/lib/thumb/v7e-m+fp/hard/libc_nano.a(lib_a-vsprintf.o)
                              build/ATKBLE01.o (vsprintf)
/Applications/ARM/bin/../lib/gcc/arm-none-eabi/10.3.1/../../../../arm-none-eabi/lib/thumb/v7e-m+fp/hard/libc_nano.a(lib_a-wbuf.o)
                              /Applications/ARM/bin/../lib/gcc/arm-none-eabi/10.3.1/../../../../arm-none-eabi/lib/thumb/v7e-m+fp/hard/libc_nano.a(lib_a-puts.o) (__swbuf_r)
/Applications/ARM/bin/../lib/gcc/arm-none-eabi/10.3.1/../../../../arm-none-eabi/lib/thumb/v7e-m+fp/hard/libc_nano.a(lib_a-wsetup.o)
                              /Applications/ARM/bin/../lib/gcc/arm-none-eabi/10.3.1/../../../../arm-none-eabi/lib/thumb/v7e-m+fp/hard/libc_nano.a(lib_a-puts.o) (__swsetup_r)
/Applications/ARM/bin/../lib/gcc/arm-none-eabi/10.3.1/../../../../arm-none-eabi/lib/thumb/v7e-m+fp/hard/libc_nano.a(lib_a-fflush.o)
                              /Applications/ARM/bin/../lib/gcc/arm-none-eabi/10.3.1/../../../../arm-none-eabi/lib/thumb/v7e-m+fp/hard/libc_nano.a(lib_a-wbuf.o) (_fflush_r)
/Applications/ARM/bin/../lib/gcc/arm-none-eabi/10.3.1/../../../../arm-none-eabi/lib/thumb/v7e-m+fp/hard/libc_nano.a(lib_a-findfp.o)
                              /Applications/ARM/bin/../lib/gcc/arm-none-eabi/10.3.1/../../../../arm-none-eabi/lib/thumb/v7e-m+fp/hard/libc_nano.a(lib_a-printf.o) (__sinit)
/Applications/ARM/bin/../lib/gcc/arm-none-eabi/10.3.1/../../../../arm-none-eabi/lib/thumb/v7e-m+fp/hard/libc_nano.a(lib_a-fwalk.o)
                              /Applications/ARM/bin/../lib/gcc/arm-none-eabi/10.3.1/../../../../arm-none-eabi/lib/thumb/v7e-m+fp/hard/libc_nano.a(lib_a-findfp.o) (_fwalk)
/Applications/ARM/bin/../lib/gcc/arm-none-eabi/10.3.1/../../../../arm-none-eabi/lib/thumb/v7e-m+fp/hard/libc_nano.a(lib_a-lock.o)
                              /Applications/ARM/bin/../lib/gcc/arm-none-eabi/10.3.1/../../../../arm-none-eabi/lib/thumb/v7e-m+fp/hard/libc_nano.a(lib_a-findfp.o) (__retarget_lock_init_recursive)
/Applications/ARM/bin/../lib/gcc/arm-none-eabi/10.3.1/../../../../arm-none-eabi/lib/thumb/v7e-m+fp/hard/libc_nano.a(lib_a-makebuf.o)
                              /Applications/ARM/bin/../lib/gcc/arm-none-eabi/10.3.1/../../../../arm-none-eabi/lib/thumb/v7e-m+fp/hard/libc_nano.a(lib_a-wsetup.o) (__smakebuf_r)
/Applications/ARM/bin/../lib/gcc/arm-none-eabi/10.3.1/../../../../arm-none-eabi/lib/thumb/v7e-m+fp/hard/libc_nano.a(lib_a-nano-freer.o)
                              /Applications/ARM/bin/../lib/gcc/arm-none-eabi/10.3.1/../../../../arm-none-eabi/lib/thumb/v7e-m+fp/hard/libc_nano.a(lib_a-wsetup.o) (_free_r)
/Applications/ARM/bin/../lib/gcc/arm-none-eabi/10.3.1/../../../../arm-none-eabi/lib/thumb/v7e-m+fp/hard/libc_nano.a(lib_a-nano-mallocr.o)
                              /Applications/ARM/bin/../lib/gcc/arm-none-eabi/10.3.1/../../../../arm-none-eabi/lib/thumb/v7e-m+fp/hard/libc_nano.a(lib_a-findfp.o) (_malloc_r)
/Applications/ARM/bin/../lib/gcc/arm-none-eabi/10.3.1/../../../../arm-none-eabi/lib/thumb/v7e-m+fp/hard/libc_nano.a(lib_a-nano-svfprintf.o)
[...]
Memory Configuration

Name             Origin             Length             Attributes
RAM              0x0000000020000000 0x0000000000018000 xrw
FLASH            0x0000000008000000 0x0000000000060000 xr
PARAM_STORAGE    0x0000000008060000 0x0000000000020000 r
*default*        0x0000000000000000 0xffffffffffffffff

Linker script and memory map

LOAD /Applications/ARM/bin/../lib/gcc/arm-none-eabi/10.3.1/thumb/v7e-m+fp/hard/crti.o
LOAD /Applications/ARM/bin/../lib/gcc/arm-none-eabi/10.3.1/thumb/v7e-m+fp/hard/crtbegin.o
LOAD /Applications/ARM/bin/../lib/gcc/arm-none-eabi/10.3.1/../../../../arm-none-eabi/lib/thumb/v7e-m+fp/hard/crt0.o
LOAD build/OLED.o
LOAD build/ATKBLE01.o
LOAD build/GY86.o
LOAD build/MyIIC.o
LOAD build/LD2.o
LOAD build/PWM.o
LOAD build/OLED2.o
LOAD build/Receiver2.o
LOAD build/system_stm32f4xx.o
LOAD build/stm32f4xx_dma2d.o
LOAD build/stm32f4xx_spdifrx.o
LOAD build/stm32f4xx_i2c.o
LOAD build/stm32f4xx_hash_sha1.o
LOAD build/stm32f4xx_cryp_des.o
LOAD build/stm32f4xx_cryp_aes.o
LOAD build/stm32f4xx_fmpi2c.o
LOAD build/stm32f4xx_dfsdm.o
LOAD build/stm32f4xx_wwdg.o
LOAD build/stm32f4xx_rcc.o
LOAD build/stm32f4xx_exti.o
LOAD build/stm32f4xx_tim.o
LOAD build/stm32f4xx_hash_md5.o
LOAD build/stm32f4xx_iwdg.o
LOAD build/stm32f4xx_spi.o
LOAD build/stm32f4xx_rtc.o
LOAD build/stm32f4xx_usart.o
LOAD build/stm32f4xx_gpio.o
LOAD build/stm32f4xx_rng.o
LOAD build/stm32f4xx_lptim.o
LOAD build/stm32f4xx_can.o
LOAD build/stm32f4xx_sdio.o
LOAD build/stm32f4xx_cryp_tdes.o
LOAD build/stm32f4xx_dsi.o
LOAD build/stm32f4xx_crc.o
LOAD build/stm32f4xx_flash_ramfunc.o
LOAD build/stm32f4xx_dbgmcu.o
LOAD build/stm32f4xx_qspi.o
LOAD build/stm32f4xx_pwr.o
LOAD build/stm32f4xx_syscfg.o
LOAD build/stm32f4xx_hash.o
LOAD build/stm32f4xx_dcmi.o
LOAD build/misc.o
LOAD build/stm32f4xx_cec.o
LOAD build/stm32f4xx_cryp.o
LOAD build/stm32f4xx_ltdc.o
LOAD build/stm32f4xx_dac.o
LOAD build/stm32f4xx_sai.o
LOAD build/stm32f4xx_flash.o
LOAD build/stm32f4xx_dma.o
LOAD build/stm32f4xx_adc.o
LOAD build/GuassNewton.o
LOAD build/Parameters.o
LOAD build/ANO.o
LOAD build/AHRS.o
LOAD build/PID.o
LOAD build/Delay.o
LOAD build/main.o
LOAD build/stm32f4xx_it.o
LOAD build/startup_stm32f401xe.o
LOAD /Applications/ARM/bin/../lib/gcc/arm-none-eabi/10.3.1/../../../../arm-none-eabi/lib/thumb/v7e-m+fp/hard/libc_nano.a
LOAD /Applications/ARM/bin/../lib/gcc/arm-none-eabi/10.3.1/../../../../arm-none-eabi/lib/thumb/v7e-m+fp/hard/libm.a
LOAD /Applications/ARM/bin/../lib/gcc/arm-none-eabi/10.3.1/../../../../arm-none-eabi/lib/thumb/v7e-m+fp/hard/libnosys.a
START GROUP
LOAD /Applications/ARM/bin/../lib/gcc/arm-none-eabi/10.3.1/thumb/v7e-m+fp/hard/libgcc.a
LOAD /Applications/ARM/bin/../lib/gcc/arm-none-eabi/10.3.1/../../../../arm-none-eabi/lib/thumb/v7e-m+fp/hard/libc_nano.a
END GROUP
START GROUP
LOAD /Applications/ARM/bin/../lib/gcc/arm-none-eabi/10.3.1/thumb/v7e-m+fp/hard/libgcc.a
LOAD /Applications/ARM/bin/../lib/gcc/arm-none-eabi/10.3.1/../../../../arm-none-eabi/lib/thumb/v7e-m+fp/hard/libc_nano.a
END GROUP
LOAD /Applications/ARM/bin/../lib/gcc/arm-none-eabi/10.3.1/thumb/v7e-m+fp/hard/crtend.o
LOAD /Applications/ARM/bin/../lib/gcc/arm-none-eabi/10.3.1/thumb/v7e-m+fp/hard/crtn.o
                0x0000000020018000                _estack = (ORIGIN (RAM) + LENGTH (RAM))
                0x0000000000000200                _Min_Heap_Size = 0x200
                0x0000000000000400                _Min_Stack_Size = 0x400

.isr_vector     0x0000000008000000      0x194
                0x0000000008000000                . = ALIGN (0x4)
 *(.isr_vector)
 .isr_vector    0x0000000008000000      0x194 build/startup_stm32f401xe.o
                0x0000000008000000                g_pfnVectors
                0x0000000008000194                . = ALIGN (0x4)

.text           0x00000000080001a0     0x6e28
                0x00000000080001a0                . = ALIGN (0x4)
 *(.text)
 .text          0x00000000080001a0       0x40 /Applications/ARM/bin/../lib/gcc/arm-none-eabi/10.3.1/thumb/v7e-m+fp/hard/crtbegin.o
 .text          0x00000000080001e0       0xa0 /Applications/ARM/bin/../lib/gcc/arm-none-eabi/10.3.1/../../../../arm-none-eabi/lib/thumb/v7e-m+fp/hard/libc_nano.a(lib_a-memchr.o)
                0x00000000080001e0                memchr
 .text          0x0000000008000280      0x378 /Applications/ARM/bin/../lib/gcc/arm-none-eabi/10.3.1/thumb/v7e-m+fp/hard/libgcc.a(_arm_addsubdf3.o)
                0x0000000008000280                __aeabi_drsub
                0x0000000008000288                __subdf3
                0x0000000008000288                __aeabi_dsub
                0x000000000800028c                __aeabi_dadd
                0x000000000800028c                __adddf3
                0x0000000008000504                __aeabi_ui2d
                0x0000000008000504                __floatunsidf
                0x0000000008000524                __floatsidf
                0x0000000008000524                __aeabi_i2d
                0x0000000008000548                __extendsfdf2
                0x0000000008000548                __aeabi_f2d
                0x000000000800058c                __aeabi_ul2d
                0x000000000800058c                __floatundidf
                0x000000000800059c                __aeabi_l2d
                0x000000000800059c                __floatdidf
 .text          0x00000000080005f8      0x424 /Applications/ARM/bin/../lib/gcc/arm-none-eabi/10.3.1/thumb/v7e-m+fp/hard/libgcc.a(_arm_muldivdf3.o)
                0x00000000080005f8                __aeabi_dmul
                0x00000000080005f8                __muldf3
                0x000000000800084c                __aeabi_ddiv
                0x000000000800084c                __divdf3
 .text          0x0000000008000a1c      0x110 /Applications/ARM/bin/../lib/gcc/arm-none-eabi/10.3.1/thumb/v7e-m+fp/hard/libgcc.a(_arm_cmpdf2.o)
                0x0000000008000a1c                __gedf2
                0x0000000008000a1c                __gtdf2
                0x0000000008000a24                __ledf2
                0x0000000008000a24                __ltdf2
                0x0000000008000a2c                __cmpdf2
                0x0000000008000a2c                __eqdf2
                0x0000000008000a2c                __nedf2
                0x0000000008000aa8                __aeabi_cdrcmple
                0x0000000008000ab8                __aeabi_cdcmple
                0x0000000008000ab8                __aeabi_cdcmpeq
                0x0000000008000ac8                __aeabi_dcmpeq
                0x0000000008000adc                __aeabi_dcmplt
                0x0000000008000af0                __aeabi_dcmple
                0x0000000008000b04                __aeabi_dcmpge
                0x0000000008000b18                __aeabi_dcmpgt
 .text          0x0000000008000b2c       0x2c /Applications/ARM/bin/../lib/gcc/arm-none-eabi/10.3.1/thumb/v7e-m+fp/hard/libgcc.a(_arm_unorddf2.o)
                0x0000000008000b2c                __aeabi_dcmpun
                0x0000000008000b2c                __unorddf2
 .text          0x0000000008000b58       0x50 /Applications/ARM/bin/../lib/gcc/arm-none-eabi/10.3.1/thumb/v7e-m+fp/hard/libgcc.a(_arm_fixdfsi.o)
                0x0000000008000b58                __fixdfsi
                0x0000000008000b58                __aeabi_d2iz
 .text          0x0000000008000ba8       0xa0 /Applications/ARM/bin/../lib/gcc/arm-none-eabi/10.3.1/thumb/v7e-m+fp/hard/libgcc.a(_arm_truncdfsf2.o)
                0x0000000008000ba8                __aeabi_d2f
                0x0000000008000ba8                __truncdfsf2
 .text          0x0000000008000c48       0x30 /Applications/ARM/bin/../lib/gcc/arm-none-eabi/10.3.1/thumb/v7e-m+fp/hard/libgcc.a(_aeabi_uldivmod.o)
                0x0000000008000c48                __aeabi_uldivmod
 .text          0x0000000008000c78       0x30 /Applications/ARM/bin/../lib/gcc/arm-none-eabi/10.3.1/thumb/v7e-m+fp/hard/libgcc.a(_fixdfdi.o)
                0x0000000008000c78                __aeabi_d2lz
                0x0000000008000c78                __fixdfdi
 .text          0x0000000008000ca8       0x3c /Applications/ARM/bin/../lib/gcc/arm-none-eabi/10.3.1/thumb/v7e-m+fp/hard/libgcc.a(_fixunsdfdi.o)
                0x0000000008000ca8                __aeabi_d2ulz
                0x0000000008000ca8                __fixunsdfdi
 .text          0x0000000008000ce4      0x2d0 /Applications/ARM/bin/../lib/gcc/arm-none-eabi/10.3.1/thumb/v7e-m+fp/hard/libgcc.a(_udivmoddi4.o)
                0x0000000008000ce4                __udivmoddi4
 .text          0x0000000008000fb4        0x4 /Applications/ARM/bin/../lib/gcc/arm-none-eabi/10.3.1/thumb/v7e-m+fp/hard/libgcc.a(_dvmd_tls.o)
                0x0000000008000fb4                __aeabi_ldiv0
                0x0000000008000fb4                __aeabi_idiv0
 .text          0x0000000008000fb8       0x40 /Applications/ARM/bin/../lib/gcc/arm-none-eabi/10.3.1/thumb/v7e-m+fp/hard/libgcc.a(_arm_fixunsdfsi.o)
                0x0000000008000fb8                __fixunsdfsi
                0x0000000008000fb8                __aeabi_d2uiz
 *(.text*)
 .text.OLED_I2C_Init
                0x0000000008000ff8       0x7c build/OLED.o
                0x0000000008000ff8                OLED_I2C_Init
 .text.OLED_I2C_Start
                0x0000000008001074       0x34 build/OLED.o
                0x0000000008001074                OLED_I2C_Start
 .text.OLED_I2C_Stop
                0x00000000080010a8       0x28 build/OLED.o
                0x00000000080010a8                OLED_I2C_Stop
 .text.OLED_I2C_SendByte
                0x00000000080010d0       0x50 build/OLED.o
                0x00000000080010d0                OLED_I2C_SendByte
 .text.OLED_WriteCommand
                0x0000000008001120       0x20 build/OLED.o
                0x0000000008001120                OLED_WriteCommand
 .text.OLED_WriteData
                0x0000000008001140       0x20 build/OLED.o
                0x0000000008001140                OLED_WriteData
 .text.OLED_SetCursor
                0x0000000008001160       0x20 build/OLED.o
                0x0000000008001160                OLED_SetCursor
 .text.OLED_Clear
                0x0000000008001180       0x2c build/OLED.o
                0x0000000008001180                OLED_Clear
 .text.OLED_ShowChar
                0x00000000080011ac       0x64 build/OLED.o
                0x00000000080011ac                OLED_ShowChar
 .text.OLED_ShowString
                0x0000000008001210       0x22 build/OLED.o
                0x0000000008001210                OLED_ShowString
 .text.OLED_Pow
                0x0000000008001232       0x14 build/OLED.o
                0x0000000008001232                OLED_Pow
 .text.OLED_Init
                0x0000000008001246       0xae build/OLED.o
                0x0000000008001246                OLED_Init
 .text.OLED_ShowFNum
                0x00000000080012f4       0xdc build/OLED.o
                0x00000000080012f4                OLED_ShowFNum
 .text.BLE_Init
                0x00000000080013d0       0xb4 build/ATKBLE01.o
                0x00000000080013d0                BLE_Init
 .text.GY86_WriteRegister
                0x0000000008001484       0x30 build/GY86.o
                0x0000000008001484                GY86_WriteRegister
 .text.MPU6050_init
                0x00000000080014b4       0x54 build/GY86.o
                0x00000000080014b4                MPU6050_init
 .text.HMC5883L_init
                0x0000000008001508       0x22 build/GY86.o
                0x0000000008001508                HMC5883L_init
 .text.GY86_ReadRegister
                0x000000000800152a       0x42 build/GY86.o
                0x000000000800152a                GY86_ReadRegister
 .text.MS5611_SendCommand
                0x000000000800156c       0x22 build/GY86.o
                0x000000000800156c                MS5611_SendCommand
 .text.MS5611_ReadADC
                0x000000000800158e       0x50 build/GY86.o
                0x000000000800158e                MS5611_ReadADC
 .text.MS5611_ReadC_x
                0x00000000080015de       0x4a build/GY86.o
                0x00000000080015de                MS5611_ReadC_x
 .text.MS5611_init
                0x0000000008001628       0x98 build/GY86.o
                0x0000000008001628                MS5611_init
 .text.GY86_init
                0x00000000080016c0       0x14 build/GY86.o
                0x00000000080016c0                GY86_init
 .text.MS5611_GetTemperature
                0x00000000080016d4       0x58 build/GY86.o
                0x00000000080016d4                MS5611_GetTemperature
 *fill*         0x000000000800172c        0x4 
 .text.MS5611_GetPressure
                0x0000000008001730      0x210 build/GY86.o
                0x0000000008001730                MS5611_GetPressure
 .text.GY86_GetData
                0x0000000008001940      0x260 build/GY86.o
                0x0000000008001940                GY86_GetData
 .text.MyIIC_Init
                0x0000000008001ba0       0x3c build/MyIIC.o
                0x0000000008001ba0                MyIIC_Init
 .text.MyIIC_W_SCL
                0x0000000008001bdc       0x1c build/MyIIC.o
                0x0000000008001bdc                MyIIC_W_SCL
 .text.MyIIC_W_SDA
                0x0000000008001bf8       0x1c build/MyIIC.o
                0x0000000008001bf8                MyIIC_W_SDA
 .text.MyIIC_R_SDA
                0x0000000008001c14       0x20 build/MyIIC.o
                0x0000000008001c14                MyIIC_R_SDA
 .text.MyIIC_Start
                0x0000000008001c34       0x1c build/MyIIC.o
                0x0000000008001c34                MyIIC_Start
 .text.MyIIC_Stop
                0x0000000008001c50       0x16 build/MyIIC.o
                0x0000000008001c50                MyIIC_Stop
 .text.MyIIC_SendByte
                0x0000000008001c66       0x28 build/MyIIC.o
                0x0000000008001c66                MyIIC_SendByte
 .text.MyIIC_ReceiveByte
                0x0000000008001c8e       0x38 build/MyIIC.o
                0x0000000008001c8e                MyIIC_ReceiveByte
 .text.MyIIC_SendACK
                0x0000000008001cc6       0x14 build/MyIIC.o
                0x0000000008001cc6                MyIIC_SendACK
 .text.MyIIC_ReceiveACK
                0x0000000008001cda       0x1e build/MyIIC.o
                0x0000000008001cda                MyIIC_ReceiveACK
 .text.LD2_init
                0x0000000008001cf8       0x34 build/LD2.o
                0x0000000008001cf8                LD2_init
 .text.LD2_ON   0x0000000008001d2c       0x10 build/LD2.o
                0x0000000008001d2c                LD2_ON
 .text.PWM_Init
                0x0000000008001d3c      0x118 build/PWM.o
                0x0000000008001d3c                PWM_Init
 .text.PWM_SetCompareAll
                0x0000000008001e54       0x2c build/PWM.o
                0x0000000008001e54                PWM_SetCompareAll
 .text.Motor_Init
                0x0000000008001e80        0x8 build/PWM.o
                0x0000000008001e80                Motor_Init
 .text.Motor_SetSpeed_All
                0x0000000008001e88       0x1e build/PWM.o
                0x0000000008001e88                Motor_SetSpeed_All
 *fill*         0x0000000008001ea6        0x2 
 .text.OLED2_I2C_Init
                0x0000000008001ea8       0x44 build/OLED2.o
                0x0000000008001ea8                OLED2_I2C_Init
 .text.OLED2_I2C_Start
                0x0000000008001eec       0x34 build/OLED2.o
                0x0000000008001eec                OLED2_I2C_Start
 .text.OLED2_I2C_Stop
                0x0000000008001f20       0x28 build/OLED2.o
                0x0000000008001f20                OLED2_I2C_Stop
 .text.OLED2_I2C_SendByte
                0x0000000008001f48       0x50 build/OLED2.o
                0x0000000008001f48                OLED2_I2C_SendByte
 .text.OLED2_WriteCommand
                0x0000000008001f98       0x20 build/OLED2.o
                0x0000000008001f98                OLED2_WriteCommand
 .text.OLED2_WriteData
                0x0000000008001fb8       0x20 build/OLED2.o
                0x0000000008001fb8                OLED2_WriteData
 .text.OLED2_SetCursor
                0x0000000008001fd8       0x20 build/OLED2.o
                0x0000000008001fd8                OLED2_SetCursor
 .text.OLED2_Clear
                0x0000000008001ff8       0x2c build/OLED2.o
                0x0000000008001ff8                OLED2_Clear
 .text.OLED2_Init
                0x0000000008002024       0xae build/OLED2.o
                0x0000000008002024                OLED2_Init
 *fill*         0x00000000080020d2        0x2 
 .text.REC_Init2
                0x00000000080020d4       0xb8 build/Receiver2.o
                0x00000000080020d4                REC_Init2
 .text.TIM2_IRQHandler
                0x000000000800218c       0x70 build/Receiver2.o
                0x000000000800218c                TIM2_IRQHandler
 .text.SystemInit
                0x00000000080021fc       0x14 build/system_stm32f4xx.o
                0x00000000080021fc                SystemInit
 .text.RCC_GetClocksFreq
                0x0000000008002210       0xb8 build/stm32f4xx_rcc.o
                0x0000000008002210                RCC_GetClocksFreq
 .text.RCC_AHB1PeriphClockCmd
                0x00000000080022c8       0x1c build/stm32f4xx_rcc.o
                0x00000000080022c8                RCC_AHB1PeriphClockCmd
 .text.RCC_APB1PeriphClockCmd
                0x00000000080022e4       0x1c build/stm32f4xx_rcc.o
                0x00000000080022e4                RCC_APB1PeriphClockCmd
 .text.RCC_APB2PeriphClockCmd
                0x0000000008002300       0x1c build/stm32f4xx_rcc.o
                0x0000000008002300                RCC_APB2PeriphClockCmd
 .text.TIM_TimeBaseInit
                0x000000000800231c       0x7c build/stm32f4xx_tim.o
                0x000000000800231c                TIM_TimeBaseInit
 .text.TIM_ARRPreloadConfig
                0x0000000008002398       0x1c build/stm32f4xx_tim.o
                0x0000000008002398                TIM_ARRPreloadConfig
 .text.TIM_Cmd  0x00000000080023b4       0x1c build/stm32f4xx_tim.o
                0x00000000080023b4                TIM_Cmd
 .text.TIM_OC1Init
                0x00000000080023d0       0x78 build/stm32f4xx_tim.o
                0x00000000080023d0                TIM_OC1Init
 .text.TIM_OC2Init
                0x0000000008002448       0x98 build/stm32f4xx_tim.o
                0x0000000008002448                TIM_OC2Init
 .text.TIM_OC3Init
                0x00000000080024e0       0x94 build/stm32f4xx_tim.o
                0x00000000080024e0                TIM_OC3Init
 .text.TIM_OC4Init
                0x0000000008002574       0x80 build/stm32f4xx_tim.o
                0x0000000008002574                TIM_OC4Init
 .text.TIM_SetCompare1
                0x00000000080025f4        0x4 build/stm32f4xx_tim.o
                0x00000000080025f4                TIM_SetCompare1
 .text.TIM_SetCompare2
                0x00000000080025f8        0x4 build/stm32f4xx_tim.o
                0x00000000080025f8                TIM_SetCompare2
 .text.TIM_SetCompare3
                0x00000000080025fc        0x4 build/stm32f4xx_tim.o
                0x00000000080025fc                TIM_SetCompare3
 .text.TIM_SetCompare4
                0x0000000008002600        0x4 build/stm32f4xx_tim.o
                0x0000000008002600                TIM_SetCompare4
 .text.TIM_OC1PreloadConfig
                0x0000000008002604        0xe build/stm32f4xx_tim.o
                0x0000000008002604                TIM_OC1PreloadConfig
 .text.TIM_OC2PreloadConfig
                0x0000000008002612       0x12 build/stm32f4xx_tim.o
                0x0000000008002612                TIM_OC2PreloadConfig
 .text.TIM_OC3PreloadConfig
                0x0000000008002624        0xe build/stm32f4xx_tim.o
                0x0000000008002624                TIM_OC3PreloadConfig
 .text.TIM_OC4PreloadConfig
                0x0000000008002632       0x12 build/stm32f4xx_tim.o
                0x0000000008002632                TIM_OC4PreloadConfig
 .text.USART_Init
                0x0000000008002644       0xcc build/stm32f4xx_usart.o
                0x0000000008002644                USART_Init
 .text.USART_Cmd
                0x0000000008002710       0x1c build/stm32f4xx_usart.o
                0x0000000008002710                USART_Cmd
 .text.USART_SendData
                0x000000000800272c        0x8 build/stm32f4xx_usart.o
                0x000000000800272c                USART_SendData
 .text.USART_GetFlagStatus
                0x0000000008002734        0xe build/stm32f4xx_usart.o
                0x0000000008002734                USART_GetFlagStatus
 .text.GPIO_Init
                0x0000000008002742       0xa6 build/stm32f4xx_gpio.o
                0x0000000008002742                GPIO_Init
 .text.GPIO_ReadInputDataBit
                0x00000000080027e8        0xe build/stm32f4xx_gpio.o
                0x00000000080027e8                GPIO_ReadInputDataBit
 .text.GPIO_SetBits
                0x00000000080027f6        0x4 build/stm32f4xx_gpio.o
                0x00000000080027f6                GPIO_SetBits
 .text.GPIO_ResetBits
                0x00000000080027fa        0x6 build/stm32f4xx_gpio.o
                0x00000000080027fa                GPIO_ResetBits
 .text.GPIO_WriteBit
                0x0000000008002800        0xc build/stm32f4xx_gpio.o
                0x0000000008002800                GPIO_WriteBit
 .text.GPIO_PinAFConfig
                0x000000000800280c       0x34 build/stm32f4xx_gpio.o
                0x000000000800280c                GPIO_PinAFConfig
 .text.FLASH_DataCacheCmd
                0x0000000008002840       0x20 build/stm32f4xx_flash.o
                0x0000000008002840                FLASH_DataCacheCmd
 .text.FLASH_Unlock
                0x0000000008002860       0x20 build/stm32f4xx_flash.o
                0x0000000008002860                FLASH_Unlock
 .text.FLASH_Lock
                0x0000000008002880       0x10 build/stm32f4xx_flash.o
                0x0000000008002880                FLASH_Lock
 .text.FLASH_GetStatus
                0x0000000008002890       0x50 build/stm32f4xx_flash.o
                0x0000000008002890                FLASH_GetStatus
 .text.FLASH_WaitForLastOperation
                0x00000000080028e0       0x30 build/stm32f4xx_flash.o
                0x00000000080028e0                FLASH_WaitForLastOperation
 .text.FLASH_EraseSector
                0x0000000008002910       0x70 build/stm32f4xx_flash.o
                0x0000000008002910                FLASH_EraseSector
 .text.FLASH_ProgramWord
                0x0000000008002980       0x40 build/stm32f4xx_flash.o
                0x0000000008002980                FLASH_ProgramWord
 .text.prepareData
                0x00000000080029c0      0x32c build/GuassNewton.o
                0x00000000080029c0                prepareData
 .text.constrainFloat
                0x0000000008002cec       0x38 build/GuassNewton.o
                0x0000000008002cec                constrainFloat
 .text.gaussElimination
                0x0000000008002d24      0x168 build/GuassNewton.o
                0x0000000008002d24                gaussElimination
 .text.gaussNewton
                0x0000000008002e8c      0x474 build/GuassNewton.o
                0x0000000008002e8c                gaussNewton
 .text.IMU_Calibrate
                0x0000000008003300      0x28c build/GuassNewton.o
                0x0000000008003300                IMU_Calibrate
 .text.LoadParameters
                0x000000000800358c       0x18 build/Parameters.o
                0x000000000800358c                LoadParameters
 .text.StoreParameters
                0x00000000080035a4       0x4c build/Parameters.o
                0x00000000080035a4                StoreParameters
 .text._write   0x00000000080035f0       0x2c build/ANO.o
                0x00000000080035f0                _write
 .text.invSqrt  0x000000000800361c       0x30 build/AHRS.o
 .text.MahonyAHRSupdateIMU
                0x000000000800364c      0x310 build/AHRS.o
                0x000000000800364c                MahonyAHRSupdateIMU
 .text.MahonyAHRSupdate
                0x000000000800395c      0x4ac build/AHRS.o
                0x000000000800395c                MahonyAHRSupdate
 .text.limit    0x0000000008003e08       0x28 build/PID.o
 .text.serialPIDcontrol
                0x0000000008003e30      0x14c build/PID.o
                0x0000000008003e30                serialPIDcontrol
 .text.singlePIDcontrol
                0x0000000008003f7c       0xd8 build/PID.o
                0x0000000008003f7c                singlePIDcontrol
 .text.pidControl
                0x0000000008004054      0x408 build/PID.o
                0x0000000008004054                pidControl
 .text.TIM4_Init
                0x000000000800445c       0x44 build/PID.o
                0x000000000800445c                TIM4_Init
 .text.pidInit  0x00000000080044a0       0x78 build/PID.o
                0x00000000080044a0                pidInit
 .text.Delay_ms
                0x0000000008004518      0x118 build/Delay.o
                0x0000000008004518                Delay_ms
 .text.Delay_us
                0x0000000008004630       0xcc build/Delay.o
                0x0000000008004630                Delay_us
 .text.Delay_s  0x00000000080046fc       0x20 build/Delay.o
                0x00000000080046fc                Delay_s
 .text.toEulerAngles
                0x000000000800471c      0x1d4 build/main.o
                0x000000000800471c                toEulerAngles
 .text.main     0x00000000080048f0      0x938 build/main.o
                0x00000000080048f0                main
 .text.NMI_Handler
                0x0000000008005228        0x2 build/stm32f4xx_it.o
                0x0000000008005228                NMI_Handler
 .text.HardFault_Handler
                0x000000000800522a        0x2 build/stm32f4xx_it.o
                0x000000000800522a                HardFault_Handler
 .text.MemManage_Handler
                0x000000000800522c        0x2 build/stm32f4xx_it.o
                0x000000000800522c                MemManage_Handler
 .text.BusFault_Handler
                0x000000000800522e        0x2 build/stm32f4xx_it.o
                0x000000000800522e                BusFault_Handler
 .text.UsageFault_Handler
                0x0000000008005230        0x2 build/stm32f4xx_it.o
                0x0000000008005230                UsageFault_Handler
 .text.SVC_Handler
                0x0000000008005232        0x2 build/stm32f4xx_it.o
                0x0000000008005232                SVC_Handler
 .text.DebugMon_Handler
                0x0000000008005234        0x2 build/stm32f4xx_it.o
                0x0000000008005234                DebugMon_Handler
 .text.PendSV_Handler
                0x0000000008005236        0x2 build/stm32f4xx_it.o
                0x0000000008005236                PendSV_Handler
 .text.SysTick_Handler
                0x0000000008005238        0x2 build/stm32f4xx_it.o
                0x0000000008005238                SysTick_Handler
 *fill*         0x000000000800523a        0x2 
 .text.Reset_Handler
                0x000000000800523c       0x50 build/startup_stm32f401xe.o
                0x000000000800523c                Reset_Handler
 .text.Default_Handler
                0x000000000800528c        0x2 build/startup_stm32f401xe.o
                0x000000000800528c                DMA1_Stream3_IRQHandler
                0x000000000800528c                EXTI2_IRQHandler
                0x000000000800528c                SPI4_IRQHandler
                0x000000000800528c                TIM1_CC_IRQHandler
                0x000000000800528c                DMA2_Stream5_IRQHandler
                0x000000000800528c                DMA1_Stream5_IRQHandler
                0x000000000800528c                PVD_IRQHandler
                0x000000000800528c                SDIO_IRQHandler
                0x000000000800528c                TAMP_STAMP_IRQHandler
                0x000000000800528c                EXTI3_IRQHandler
                0x000000000800528c                TIM1_UP_TIM10_IRQHandler
                0x000000000800528c                I2C3_ER_IRQHandler
                0x000000000800528c                EXTI0_IRQHandler
                0x000000000800528c                I2C2_EV_IRQHandler
                0x000000000800528c                DMA1_Stream2_IRQHandler
                0x000000000800528c                FPU_IRQHandler
                0x000000000800528c                DMA2_Stream2_IRQHandler
                0x000000000800528c                SPI1_IRQHandler
                0x000000000800528c                TIM1_BRK_TIM9_IRQHandler
                0x000000000800528c                DMA2_Stream3_IRQHandler
                0x000000000800528c                USART6_IRQHandler
                0x000000000800528c                DMA2_Stream0_IRQHandler
                0x000000000800528c                TIM4_IRQHandler
                0x000000000800528c                I2C1_EV_IRQHandler
                0x000000000800528c                DMA1_Stream6_IRQHandler
                0x000000000800528c                DMA1_Stream1_IRQHandler
                0x000000000800528c                TIM3_IRQHandler
                0x000000000800528c                RCC_IRQHandler
                0x000000000800528c                Default_Handler
                0x000000000800528c                EXTI15_10_IRQHandler
                0x000000000800528c                ADC_IRQHandler
                0x000000000800528c                DMA1_Stream7_IRQHandler
                0x000000000800528c                TIM5_IRQHandler
                0x000000000800528c                DMA2_Stream7_IRQHandler
                0x000000000800528c                I2C3_EV_IRQHandler
                0x000000000800528c                EXTI9_5_IRQHandler
                0x000000000800528c                RTC_WKUP_IRQHandler
                0x000000000800528c                SPI2_IRQHandler
                0x000000000800528c                DMA1_Stream0_IRQHandler
                0x000000000800528c                EXTI4_IRQHandler
                0x000000000800528c                WWDG_IRQHandler
                0x000000000800528c                OTG_FS_WKUP_IRQHandler
                0x000000000800528c                TIM1_TRG_COM_TIM11_IRQHandler
                0x000000000800528c                EXTI1_IRQHandler
                0x000000000800528c                USART2_IRQHandler
                0x000000000800528c                I2C2_ER_IRQHandler
                0x000000000800528c                DMA2_Stream1_IRQHandler
                0x000000000800528c                FLASH_IRQHandler
                0x000000000800528c                DMA2_Stream4_IRQHandler
                0x000000000800528c                USART1_IRQHandler
                0x000000000800528c                OTG_FS_IRQHandler
                0x000000000800528c                SPI3_IRQHandler
                0x000000000800528c                DMA1_Stream4_IRQHandler
                0x000000000800528c                I2C1_ER_IRQHandler
                0x000000000800528c                DMA2_Stream6_IRQHandler
                0x000000000800528c                RTC_Alarm_IRQHandler
 *fill*         0x000000000800528e        0x2 
 .text.__libc_init_array
                0x0000000008005290       0x48 /Applications/ARM/bin/../lib/gcc/arm-none-eabi/10.3.1/../../../../arm-none-eabi/lib/thumb/v7e-m+fp/hard/libc_nano.a(lib_a-init.o)
                0x0000000008005290                __libc_init_array
 .text.memcpy   0x00000000080052d8       0x1c /Applications/ARM/bin/../lib/gcc/arm-none-eabi/10.3.1/../../../../arm-none-eabi/lib/thumb/v7e-m+fp/hard/libc_nano.a(lib_a-memcpy-stub.o)
                0x00000000080052d8                memcpy
 .text.memset   0x00000000080052f4       0x10 /Applications/ARM/bin/../lib/gcc/arm-none-eabi/10.3.1/../../../../arm-none-eabi/lib/thumb/v7e-m+fp/hard/libc_nano.a(lib_a-memset.o)
                0x00000000080052f4                memset
 .text.printf   0x0000000008005304       0x30 /Applications/ARM/bin/../lib/gcc/arm-none-eabi/10.3.1/../../../../arm-none-eabi/lib/thumb/v7e-m+fp/hard/libc_nano.a(lib_a-printf.o)
                0x0000000008005304                printf
                0x0000000008005304                iprintf
 .text._puts_r  0x0000000008005334       0xdc /Applications/ARM/bin/../lib/gcc/arm-none-eabi/10.3.1/../../../../arm-none-eabi/lib/thumb/v7e-m+fp/hard/libc_nano.a(lib_a-puts.o)
                0x0000000008005334                _puts_r
 .text.puts     0x0000000008005410       0x10 /Applications/ARM/bin/../lib/gcc/arm-none-eabi/10.3.1/../../../../arm-none-eabi/lib/thumb/v7e-m+fp/hard/libc_nano.a(lib_a-puts.o)
                0x0000000008005410                puts
 .text.__swbuf_r
                0x0000000008005420       0xa4 /Applications/ARM/bin/../lib/gcc/arm-none-eabi/10.3.1/../../../../arm-none-eabi/lib/thumb/v7e-m+fp/hard/libc_nano.a(lib_a-wbuf.o)
                0x0000000008005420                __swbuf_r
 .text.__swsetup_r
                0x00000000080054c4       0xdc /Applications/ARM/bin/../lib/gcc/arm-none-eabi/10.3.1/../../../../arm-none-eabi/lib/thumb/v7e-m+fp/hard/libc_nano.a(lib_a-wsetup.o)
                0x00000000080054c4                __swsetup_r
 .text.__sflush_r
                0x00000000080055a0      0x10c /Applications/ARM/bin/../lib/gcc/arm-none-eabi/10.3.1/../../../../arm-none-eabi/lib/thumb/v7e-m+fp/hard/libc_nano.a(lib_a-fflush.o)
                0x00000000080055a0                __sflush_r
 .text._fflush_r
                0x00000000080056ac       0x78 /Applications/ARM/bin/../lib/gcc/arm-none-eabi/10.3.1/../../../../arm-none-eabi/lib/thumb/v7e-m+fp/hard/libc_nano.a(lib_a-fflush.o)
                0x00000000080056ac                _fflush_r
 .text.std      0x0000000008005724       0x48 /Applications/ARM/bin/../lib/gcc/arm-none-eabi/10.3.1/../../../../arm-none-eabi/lib/thumb/v7e-m+fp/hard/libc_nano.a(lib_a-findfp.o)
 .text._cleanup_r
                0x000000000800576c        0xc /Applications/ARM/bin/../lib/gcc/arm-none-eabi/10.3.1/../../../../arm-none-eabi/lib/thumb/v7e-m+fp/hard/libc_nano.a(lib_a-findfp.o)
                0x000000000800576c                _cleanup_r
 .text.__sfmoreglue
                0x0000000008005778       0x2c /Applications/ARM/bin/../lib/gcc/arm-none-eabi/10.3.1/../../../../arm-none-eabi/lib/thumb/v7e-m+fp/hard/libc_nano.a(lib_a-findfp.o)
                0x0000000008005778                __sfmoreglue
 .text.__sfp_lock_acquire
                0x00000000080057a4        0xc /Applications/ARM/bin/../lib/gcc/arm-none-eabi/10.3.1/../../../../arm-none-eabi/lib/thumb/v7e-m+fp/hard/libc_nano.a(lib_a-findfp.o)
                0x00000000080057a4                __sfp_lock_acquire
 .text.__sfp_lock_release
                0x00000000080057b0        0xc /Applications/ARM/bin/../lib/gcc/arm-none-eabi/10.3.1/../../../../arm-none-eabi/lib/thumb/v7e-m+fp/hard/libc_nano.a(lib_a-findfp.o)
                0x00000000080057b0                __sfp_lock_release
 .text.__sinit_lock_acquire
                0x00000000080057bc        0xc /Applications/ARM/bin/../lib/gcc/arm-none-eabi/10.3.1/../../../../arm-none-eabi/lib/thumb/v7e-m+fp/hard/libc_nano.a(lib_a-findfp.o)
                0x00000000080057bc                __sinit_lock_acquire
 .text.__sinit_lock_release
                0x00000000080057c8        0xc /Applications/ARM/bin/../lib/gcc/arm-none-eabi/10.3.1/../../../../arm-none-eabi/lib/thumb/v7e-m+fp/hard/libc_nano.a(lib_a-findfp.o)
                0x00000000080057c8                __sinit_lock_release
 .text.__sinit  0x00000000080057d4       0x70 /Applications/ARM/bin/../lib/gcc/arm-none-eabi/10.3.1/../../../../arm-none-eabi/lib/thumb/v7e-m+fp/hard/libc_nano.a(lib_a-findfp.o)
                0x00000000080057d4                __sinit
 .text.__sfp    0x0000000008005844       0x8c /Applications/ARM/bin/../lib/gcc/arm-none-eabi/10.3.1/../../../../arm-none-eabi/lib/thumb/v7e-m+fp/hard/libc_nano.a(lib_a-findfp.o)
                0x0000000008005844                __sfp
 .text._fwalk_reent
                0x00000000080058d0       0x3e /Applications/ARM/bin/../lib/gcc/arm-none-eabi/10.3.1/../../../../arm-none-eabi/lib/thumb/v7e-m+fp/hard/libc_nano.a(lib_a-fwalk.o)
                0x00000000080058d0                _fwalk_reent
 .text.__retarget_lock_init_recursive
                0x000000000800590e        0x2 /Applications/ARM/bin/../lib/gcc/arm-none-eabi/10.3.1/../../../../arm-none-eabi/lib/thumb/v7e-m+fp/hard/libc_nano.a(lib_a-lock.o)
                0x000000000800590e                __retarget_lock_init_recursive
 .text.__retarget_lock_acquire_recursive
                0x0000000008005910        0x2 /Applications/ARM/bin/../lib/gcc/arm-none-eabi/10.3.1/../../../../arm-none-eabi/lib/thumb/v7e-m+fp/hard/libc_nano.a(lib_a-lock.o)
                0x0000000008005910                __retarget_lock_acquire_recursive
 .text.__retarget_lock_release_recursive
                0x0000000008005912        0x2 /Applications/ARM/bin/../lib/gcc/arm-none-eabi/10.3.1/../../../../arm-none-eabi/lib/thumb/v7e-m+fp/hard/libc_nano.a(lib_a-lock.o)
                0x0000000008005912                __retarget_lock_release_recursive
 .text.__swhatbuf_r
                0x0000000008005914       0x4a /Applications/ARM/bin/../lib/gcc/arm-none-eabi/10.3.1/../../../../arm-none-eabi/lib/thumb/v7e-m+fp/hard/libc_nano.a(lib_a-makebuf.o)
                0x0000000008005914                __swhatbuf_r
 *fill*         0x000000000800595e        0x2 
 .text.__smakebuf_r
                0x0000000008005960       0x80 /Applications/ARM/bin/../lib/gcc/arm-none-eabi/10.3.1/../../../../arm-none-eabi/lib/thumb/v7e-m+fp/hard/libc_nano.a(lib_a-makebuf.o)
                0x0000000008005960                __smakebuf_r
 .text._free_r  0x00000000080059e0       0x98 /Applications/ARM/bin/../lib/gcc/arm-none-eabi/10.3.1/../../../../arm-none-eabi/lib/thumb/v7e-m+fp/hard/libc_nano.a(lib_a-nano-freer.o)
                0x00000000080059e0                _free_r
 .text.sbrk_aligned
                0x0000000008005a78       0x40 /Applications/ARM/bin/../lib/gcc/arm-none-eabi/10.3.1/../../../../arm-none-eabi/lib/thumb/v7e-m+fp/hard/libc_nano.a(lib_a-nano-mallocr.o)
 .text._malloc_r
                0x0000000008005ab8       0xe8 /Applications/ARM/bin/../lib/gcc/arm-none-eabi/10.3.1/../../../../arm-none-eabi/lib/thumb/v7e-m+fp/hard/libc_nano.a(lib_a-nano-mallocr.o)
                0x0000000008005ab8                _malloc_r
 .text.__sfputc_r
                0x0000000008005ba0       0x2e /Applications/ARM/bin/../lib/gcc/arm-none-eabi/10.3.1/../../../../arm-none-eabi/lib/thumb/v7e-m+fp/hard/libc_nano.a(lib_a-nano-vfprintf.o)
 .text.__sfputs_r
                0x0000000008005bce       0x24 /Applications/ARM/bin/../lib/gcc/arm-none-eabi/10.3.1/../../../../arm-none-eabi/lib/thumb/v7e-m+fp/hard/libc_nano.a(lib_a-nano-vfprintf.o)
                0x0000000008005bce                __sfputs_r
 *fill*         0x0000000008005bf2        0x2 
 .text._vfprintf_r
                0x0000000008005bf4      0x260 /Applications/ARM/bin/../lib/gcc/arm-none-eabi/10.3.1/../../../../arm-none-eabi/lib/thumb/v7e-m+fp/hard/libc_nano.a(lib_a-nano-vfprintf.o)
                0x0000000008005bf4                _vfiprintf_r
                0x0000000008005bf4                _vfprintf_r
 .text._printf_common
                0x0000000008005e54       0xda /Applications/ARM/bin/../lib/gcc/arm-none-eabi/10.3.1/../../../../arm-none-eabi/lib/thumb/v7e-m+fp/hard/libc_nano.a(lib_a-nano-vfprintf_i.o)
                0x0000000008005e54                _printf_common
 *fill*         0x0000000008005f2e        0x2 
 .text._printf_i
                0x0000000008005f30      0x24c /Applications/ARM/bin/../lib/gcc/arm-none-eabi/10.3.1/../../../../arm-none-eabi/lib/thumb/v7e-m+fp/hard/libc_nano.a(lib_a-nano-vfprintf_i.o)
                0x0000000008005f30                _printf_i
 .text._sbrk_r  0x000000000800617c       0x20 /Applications/ARM/bin/../lib/gcc/arm-none-eabi/10.3.1/../../../../arm-none-eabi/lib/thumb/v7e-m+fp/hard/libc_nano.a(lib_a-sbrkr.o)
                0x000000000800617c                _sbrk_r
 .text.__sread  0x000000000800619c       0x22 /Applications/ARM/bin/../lib/gcc/arm-none-eabi/10.3.1/../../../../arm-none-eabi/lib/thumb/v7e-m+fp/hard/libc_nano.a(lib_a-stdio.o)
                0x000000000800619c                __sread
 .text.__swrite
                0x00000000080061be       0x38 /Applications/ARM/bin/../lib/gcc/arm-none-eabi/10.3.1/../../../../arm-none-eabi/lib/thumb/v7e-m+fp/hard/libc_nano.a(lib_a-stdio.o)
                0x00000000080061be                __swrite
 .text.__sseek  0x00000000080061f6       0x24 /Applications/ARM/bin/../lib/gcc/arm-none-eabi/10.3.1/../../../../arm-none-eabi/lib/thumb/v7e-m+fp/hard/libc_nano.a(lib_a-stdio.o)
                0x00000000080061f6                __sseek
 .text.__sclose
                0x000000000800621a        0x8 /Applications/ARM/bin/../lib/gcc/arm-none-eabi/10.3.1/../../../../arm-none-eabi/lib/thumb/v7e-m+fp/hard/libc_nano.a(lib_a-stdio.o)
                0x000000000800621a                __sclose
 *fill*         0x0000000008006222        0x2 
 .text._write_r
                0x0000000008006224       0x24 /Applications/ARM/bin/../lib/gcc/arm-none-eabi/10.3.1/../../../../arm-none-eabi/lib/thumb/v7e-m+fp/hard/libc_nano.a(lib_a-writer.o)
                0x0000000008006224                _write_r
 .text._close_r
                0x0000000008006248       0x20 /Applications/ARM/bin/../lib/gcc/arm-none-eabi/10.3.1/../../../../arm-none-eabi/lib/thumb/v7e-m+fp/hard/libc_nano.a(lib_a-closer.o)
                0x0000000008006248                _close_r
 .text._fstat_r
                0x0000000008006268       0x24 /Applications/ARM/bin/../lib/gcc/arm-none-eabi/10.3.1/../../../../arm-none-eabi/lib/thumb/v7e-m+fp/hard/libc_nano.a(lib_a-fstatr.o)
                0x0000000008006268                _fstat_r
 .text._isatty_r
                0x000000000800628c       0x20 /Applications/ARM/bin/../lib/gcc/arm-none-eabi/10.3.1/../../../../arm-none-eabi/lib/thumb/v7e-m+fp/hard/libc_nano.a(lib_a-isattyr.o)
                0x000000000800628c                _isatty_r
 .text._lseek_r
                0x00000000080062ac       0x24 /Applications/ARM/bin/../lib/gcc/arm-none-eabi/10.3.1/../../../../arm-none-eabi/lib/thumb/v7e-m+fp/hard/libc_nano.a(lib_a-lseekr.o)
                0x00000000080062ac                _lseek_r
 .text.__malloc_lock
                0x00000000080062d0        0xc /Applications/ARM/bin/../lib/gcc/arm-none-eabi/10.3.1/../../../../arm-none-eabi/lib/thumb/v7e-m+fp/hard/libc_nano.a(lib_a-mlock.o)
                0x00000000080062d0                __malloc_lock
 .text.__malloc_unlock
                0x00000000080062dc        0xc /Applications/ARM/bin/../lib/gcc/arm-none-eabi/10.3.1/../../../../arm-none-eabi/lib/thumb/v7e-m+fp/hard/libc_nano.a(lib_a-mlock.o)
                0x00000000080062dc                __malloc_unlock
 .text._read_r  0x00000000080062e8       0x24 /Applications/ARM/bin/../lib/gcc/arm-none-eabi/10.3.1/../../../../arm-none-eabi/lib/thumb/v7e-m+fp/hard/libc_nano.a(lib_a-readr.o)
                0x00000000080062e8                _read_r
 .text.asin     0x000000000800630c       0x68 /Applications/ARM/bin/../lib/gcc/arm-none-eabi/10.3.1/../../../../arm-none-eabi/lib/thumb/v7e-m+fp/hard/libm.a(lib_a-w_asin.o)
                0x000000000800630c                asin
 .text.atan2    0x0000000008006374        0x4 /Applications/ARM/bin/../lib/gcc/arm-none-eabi/10.3.1/../../../../arm-none-eabi/lib/thumb/v7e-m+fp/hard/libm.a(lib_a-w_atan2.o)
                0x0000000008006374                atan2
 .text.sqrt     0x0000000008006378       0x68 /Applications/ARM/bin/../lib/gcc/arm-none-eabi/10.3.1/../../../../arm-none-eabi/lib/thumb/v7e-m+fp/hard/libm.a(lib_a-w_sqrt.o)
                0x0000000008006378                sqrt
 .text.__ieee754_asin
                0x00000000080063e0      0x4a4 /Applications/ARM/bin/../lib/gcc/arm-none-eabi/10.3.1/../../../../arm-none-eabi/lib/thumb/v7e-m+fp/hard/libm.a(lib_a-e_asin.o)
                0x00000000080063e0                __ieee754_asin
 *fill*         0x0000000008006884        0x4 
 .text.__ieee754_atan2
                0x0000000008006888      0x1ac /Applications/ARM/bin/../lib/gcc/arm-none-eabi/10.3.1/../../../../arm-none-eabi/lib/thumb/v7e-m+fp/hard/libm.a(lib_a-e_atan2.o)
                0x0000000008006888                __ieee754_atan2
 .text.__ieee754_sqrt
                0x0000000008006a34      0x198 /Applications/ARM/bin/../lib/gcc/arm-none-eabi/10.3.1/../../../../arm-none-eabi/lib/thumb/v7e-m+fp/hard/libm.a(lib_a-e_sqrt.o)
                0x0000000008006a34                __ieee754_sqrt
 *fill*         0x0000000008006bcc        0x4 
 .text.atan     0x0000000008006bd0      0x340 /Applications/ARM/bin/../lib/gcc/arm-none-eabi/10.3.1/../../../../arm-none-eabi/lib/thumb/v7e-m+fp/hard/libm.a(lib_a-s_atan.o)
                0x0000000008006bd0                atan
 .text.fabs     0x0000000008006f10       0x14 /Applications/ARM/bin/../lib/gcc/arm-none-eabi/10.3.1/../../../../arm-none-eabi/lib/thumb/v7e-m+fp/hard/libm.a(lib_a-s_fabs.o)
                0x0000000008006f10                fabs
 *fill*         0x0000000008006f24        0x4 
 .text.nan      0x0000000008006f28       0x10 /Applications/ARM/bin/../lib/gcc/arm-none-eabi/10.3.1/../../../../arm-none-eabi/lib/thumb/v7e-m+fp/hard/libm.a(lib_a-s_nan.o)
                0x0000000008006f28                nan
 .text._close   0x0000000008006f38       0x10 /Applications/ARM/bin/../lib/gcc/arm-none-eabi/10.3.1/../../../../arm-none-eabi/lib/thumb/v7e-m+fp/hard/libnosys.a(close.o)
                0x0000000008006f38                _close
 .text._fstat   0x0000000008006f48       0x10 /Applications/ARM/bin/../lib/gcc/arm-none-eabi/10.3.1/../../../../arm-none-eabi/lib/thumb/v7e-m+fp/hard/libnosys.a(fstat.o)
                0x0000000008006f48                _fstat
 .text._isatty  0x0000000008006f58       0x10 /Applications/ARM/bin/../lib/gcc/arm-none-eabi/10.3.1/../../../../arm-none-eabi/lib/thumb/v7e-m+fp/hard/libnosys.a(isatty.o)
                0x0000000008006f58                _isatty
 .text._lseek   0x0000000008006f68       0x10 /Applications/ARM/bin/../lib/gcc/arm-none-eabi/10.3.1/../../../../arm-none-eabi/lib/thumb/v7e-m+fp/hard/libnosys.a(lseek.o)
                0x0000000008006f68                _lseek
 .text._read    0x0000000008006f78       0x10 /Applications/ARM/bin/../lib/gcc/arm-none-eabi/10.3.1/../../../../arm-none-eabi/lib/thumb/v7e-m+fp/hard/libnosys.a(read.o)
                0x0000000008006f78                _read
 .text._sbrk    0x0000000008006f88       0x1c /Applications/ARM/bin/../lib/gcc/arm-none-eabi/10.3.1/../../../../arm-none-eabi/lib/thumb/v7e-m+fp/hard/libnosys.a(sbrk.o)
                0x0000000008006f88                _sbrk
 .text.__errno  0x0000000008006fa4        0xc /Applications/ARM/bin/../lib/gcc/arm-none-eabi/10.3.1/../../../../arm-none-eabi/lib/thumb/v7e-m+fp/hard/libc_nano.a(lib_a-errno.o)
                0x0000000008006fa4                __errno
 *(.glue_7)
 .glue_7        0x0000000008006fb0        0x0 linker stubs
 *(.glue_7t)
 .glue_7t       0x0000000008006fb0        0x0 linker stubs
 *(.eh_frame)
 .eh_frame      0x0000000008006fb0        0x0 /Applications/ARM/bin/../lib/gcc/arm-none-eabi/10.3.1/thumb/v7e-m+fp/hard/crtbegin.o
 *(.init)
 .init          0x0000000008006fb0        0x4 /Applications/ARM/bin/../lib/gcc/arm-none-eabi/10.3.1/thumb/v7e-m+fp/hard/crti.o
                0x0000000008006fb0                _init
 .init          0x0000000008006fb4        0x8 /Applications/ARM/bin/../lib/gcc/arm-none-eabi/10.3.1/thumb/v7e-m+fp/hard/crtn.o
 *(.fini)
 .fini          0x0000000008006fbc        0x4 /Applications/ARM/bin/../lib/gcc/arm-none-eabi/10.3.1/thumb/v7e-m+fp/hard/crti.o
                0x0000000008006fbc                _fini
 .fini          0x0000000008006fc0        0x8 /Applications/ARM/bin/../lib/gcc/arm-none-eabi/10.3.1/thumb/v7e-m+fp/hard/crtn.o
                0x0000000008006fc8                . = ALIGN (0x4)
                0x0000000008006fc8                _etext = .

.vfp11_veneer   0x0000000008006fc8        0x0
 .vfp11_veneer  0x0000000008006fc8        0x0 linker stubs

.v4_bx          0x0000000008006fc8        0x0
 .v4_bx         0x0000000008006fc8        0x0 linker stubs

.iplt           0x0000000008006fc8        0x0
 .iplt          0x0000000008006fc8        0x0 /Applications/ARM/bin/../lib/gcc/arm-none-eabi/10.3.1/thumb/v7e-m+fp/hard/crtbegin.o

.param_section  0x0000000008060000       0x60
 *(.param_section*)
 .param_section
                0x0000000008060000       0x60 build/Parameters.o
                0x0000000008060000                flight_params

.rodata         0x0000000008006fc8      0xaa8
                0x0000000008006fc8                . = ALIGN (0x4)
 *(.rodata)
 .rodata        0x0000000008006fc8       0x18 build/GuassNewton.o
 *(.rodata*)
 .rodata.OLED_F08x16
                0x0000000008006fe0      0x5f0 build/OLED.o
                0x0000000008006fe0                OLED_F08x16
 .rodata.prepareData.str1.4
                0x00000000080075d0      0x13d build/GuassNewton.o
 *fill*         0x000000000800770d        0x3 
 .rodata.gaussElimination.str1.4
                0x0000000008007710       0x26 build/GuassNewton.o
 *fill*         0x0000000008007736        0x2 
 .rodata.gaussNewton.str1.4
                0x0000000008007738       0x59 build/GuassNewton.o
 *fill*         0x0000000008007791        0x3 
 .rodata.IMU_Calibrate.str1.4
                0x0000000008007794       0x39 build/GuassNewton.o
 *fill*         0x00000000080077cd        0x3 
 .rodata.RAD_TO_DEGREE
                0x00000000080077d0        0x4 build/AHRS.o
                0x00000000080077d0                RAD_TO_DEGREE
 .rodata.main.str1.4
                0x00000000080077d4      0x18d build/main.o
 *fill*         0x0000000008007961        0x3 
 .rodata._global_impure_ptr
                0x0000000008007964        0x4 /Applications/ARM/bin/../lib/gcc/arm-none-eabi/10.3.1/../../../../arm-none-eabi/lib/thumb/v7e-m+fp/hard/libc_nano.a(lib_a-impure.o)
                0x0000000008007964                _global_impure_ptr
 .rodata.__sf_fake_stderr
                0x0000000008007968       0x20 /Applications/ARM/bin/../lib/gcc/arm-none-eabi/10.3.1/../../../../arm-none-eabi/lib/thumb/v7e-m+fp/hard/libc_nano.a(lib_a-findfp.o)
                0x0000000008007968                __sf_fake_stderr
 .rodata.__sf_fake_stdin
                0x0000000008007988       0x20 /Applications/ARM/bin/../lib/gcc/arm-none-eabi/10.3.1/../../../../arm-none-eabi/lib/thumb/v7e-m+fp/hard/libc_nano.a(lib_a-findfp.o)
                0x0000000008007988                __sf_fake_stdin
 .rodata.__sf_fake_stdout
                0x00000000080079a8       0x20 /Applications/ARM/bin/../lib/gcc/arm-none-eabi/10.3.1/../../../../arm-none-eabi/lib/thumb/v7e-m+fp/hard/libc_nano.a(lib_a-findfp.o)
                0x00000000080079a8                __sf_fake_stdout
 .rodata._vfprintf_r.str1.1
                0x00000000080079c8       0x11 /Applications/ARM/bin/../lib/gcc/arm-none-eabi/10.3.1/../../../../arm-none-eabi/lib/thumb/v7e-m+fp/hard/libc_nano.a(lib_a-nano-vfprintf.o)
 .rodata._printf_i.str1.1
                0x00000000080079d9       0x22 /Applications/ARM/bin/../lib/gcc/arm-none-eabi/10.3.1/../../../../arm-none-eabi/lib/thumb/v7e-m+fp/hard/libc_nano.a(lib_a-nano-vfprintf_i.o)
 .rodata.asin.str1.4
                0x00000000080079fb      0x18d /Applications/ARM/bin/../lib/gcc/arm-none-eabi/10.3.1/../../../../arm-none-eabi/lib/thumb/v7e-m+fp/hard/libm.a(lib_a-w_asin.o)
                                          0x1 (size before relaxing)
 *fill*         0x00000000080079fb        0x5 
 .rodata.CSWTCH.8
                0x0000000008007a00       0x18 /Applications/ARM/bin/../lib/gcc/arm-none-eabi/10.3.1/../../../../arm-none-eabi/lib/thumb/v7e-m+fp/hard/libm.a(lib_a-e_atan2.o)
 .rodata.CSWTCH.9
                0x0000000008007a18       0x18 /Applications/ARM/bin/../lib/gcc/arm-none-eabi/10.3.1/../../../../arm-none-eabi/lib/thumb/v7e-m+fp/hard/libm.a(lib_a-e_atan2.o)
 .rodata.atanhi
                0x0000000008007a30       0x20 /Applications/ARM/bin/../lib/gcc/arm-none-eabi/10.3.1/../../../../arm-none-eabi/lib/thumb/v7e-m+fp/hard/libm.a(lib_a-s_atan.o)
 .rodata.atanlo
                0x0000000008007a50       0x20 /Applications/ARM/bin/../lib/gcc/arm-none-eabi/10.3.1/../../../../arm-none-eabi/lib/thumb/v7e-m+fp/hard/libm.a(lib_a-s_atan.o)
                0x0000000008007a70                . = ALIGN (0x4)

.ARM.extab
 *(.ARM.extab* .gnu.linkonce.armextab.*)

.ARM            0x0000000008007a70        0x8
                0x0000000008007a70                __exidx_start = .
 *(.ARM.exidx*)
 .ARM.exidx     0x0000000008007a70        0x8 /Applications/ARM/bin/../lib/gcc/arm-none-eabi/10.3.1/thumb/v7e-m+fp/hard/libgcc.a(_udivmoddi4.o)
                0x0000000008007a78                __exidx_end = .

.rel.dyn        0x0000000008007a78        0x0
 .rel.iplt      0x0000000008007a78        0x0 /Applications/ARM/bin/../lib/gcc/arm-none-eabi/10.3.1/thumb/v7e-m+fp/hard/crtbegin.o

.preinit_array  0x0000000008007a78        0x0
                0x0000000008007a78                PROVIDE (__preinit_array_start = .)
 *(.preinit_array*)
                0x0000000008007a78                PROVIDE (__preinit_array_end = .)

.init_array     0x0000000008007a78        0x4
                0x0000000008007a78                PROVIDE (__init_array_start = .)
 *(SORT_BY_NAME(.init_array.*))
 *(.init_array*)
 .init_array    0x0000000008007a78        0x4 /Applications/ARM/bin/../lib/gcc/arm-none-eabi/10.3.1/thumb/v7e-m+fp/hard/crtbegin.o
                0x0000000008007a7c                PROVIDE (__init_array_end = .)

.fini_array     0x0000000008007a7c        0x4
                [!provide]                        PROVIDE (__fini_array_start = .)
 *(SORT_BY_NAME(.fini_array.*))
 *(.fini_array*)
 .fini_array    0x0000000008007a7c        0x4 /Applications/ARM/bin/../lib/gcc/arm-none-eabi/10.3.1/thumb/v7e-m+fp/hard/crtbegin.o
                [!provide]                        PROVIDE (__fini_array_end = .)
                0x0000000008007a80                _sidata = LOADADDR (.data)

.data           0x0000000020000000       0xc0 load address 0x0000000008007a80
                0x0000000020000000                . = ALIGN (0x4)
                0x0000000020000000                _sdata = .
 *(.data)
 *(.data*)
 .data.GY86DataList
                0x0000000020000000       0x2c build/GY86.o
                0x0000000020000000                GY86DataList
 .data.APBAHBPrescTable
                0x000000002000002c       0x10 build/stm32f4xx_rcc.o
 .data.LM_lamda
                0x000000002000003c        0x4 build/GuassNewton.o
                0x000000002000003c                LM_lamda
 .data.twoKi    0x0000000020000040        0x4 build/AHRS.o
                0x0000000020000040                twoKi
 .data.twoKp    0x0000000020000044        0x4 build/AHRS.o
                0x0000000020000044                twoKp
 .data.correctFlag
                0x0000000020000048        0x1 build/main.o
                0x0000000020000048                correctFlag
 *fill*         0x0000000020000049        0x3 
 .data.deltaT   0x000000002000004c        0x4 build/main.o
                0x000000002000004c                deltaT
 .data.pitchOffset
                0x0000000020000050        0x4 build/main.o
                0x0000000020000050                pitchOffset
 .data.q0       0x0000000020000054        0x4 build/main.o
                0x0000000020000054                q0
 .data.rollOffset
                0x0000000020000058        0x4 build/main.o
                0x0000000020000058                rollOffset
 .data._impure_ptr
                0x000000002000005c        0x4 /Applications/ARM/bin/../lib/gcc/arm-none-eabi/10.3.1/../../../../arm-none-eabi/lib/thumb/v7e-m+fp/hard/libc_nano.a(lib_a-impure.o)
                0x000000002000005c                _impure_ptr
 .data.impure_data
                0x0000000020000060       0x60 /Applications/ARM/bin/../lib/gcc/arm-none-eabi/10.3.1/../../../../arm-none-eabi/lib/thumb/v7e-m+fp/hard/libc_nano.a(lib_a-impure.o)
                0x00000000200000c0                . = ALIGN (0x4)
                0x00000000200000c0                _edata = .

.igot.plt       0x00000000200000c0        0x0 load address 0x0000000008007b40
 .igot.plt      0x00000000200000c0        0x0 /Applications/ARM/bin/../lib/gcc/arm-none-eabi/10.3.1/thumb/v7e-m+fp/hard/crtbegin.o
                0x00000000200000c0                . = ALIGN (0x4)

.bss            0x00000000200000c0     0x6a34 load address 0x0000000008007b40
                0x00000000200000c0                _sbss = .
                0x00000000200000c0                __bss_start__ = _sbss
 *(.bss)
 .bss           0x00000000200000c0       0x1c /Applications/ARM/bin/../lib/gcc/arm-none-eabi/10.3.1/thumb/v7e-m+fp/hard/crtbegin.o
 *(.bss*)
 .bss.D1_Pressur
                0x00000000200000dc        0x4 build/GY86.o
                0x00000000200000dc                D1_Pressur
 .bss.D2_Temperature
                0x00000000200000e0        0x4 build/GY86.o
                0x00000000200000e0                D2_Temperature
 *fill*         0x00000000200000e4        0x4 
 .bss.OFF       0x00000000200000e8        0x8 build/GY86.o
                0x00000000200000e8                OFF
 .bss.OFF_T1    0x00000000200000f0        0x2 build/GY86.o
                0x00000000200000f0                OFF_T1
 *fill*         0x00000000200000f2        0x2 
 .bss.P_100times
                0x00000000200000f4        0x4 build/GY86.o
                0x00000000200000f4                P_100times
 .bss.SENS      0x00000000200000f8        0x8 build/GY86.o
                0x00000000200000f8                SENS
 .bss.SENS_T1   0x0000000020000100        0x2 build/GY86.o
                0x0000000020000100                SENS_T1
 *fill*         0x0000000020000102        0x6 
 .bss.TCO       0x0000000020000108        0x8 build/GY86.o
                0x0000000020000108                TCO
 .bss.TCS       0x0000000020000110        0x8 build/GY86.o
                0x0000000020000110                TCS
 .bss.TEMPSENS  0x0000000020000118        0x8 build/GY86.o
                0x0000000020000118                TEMPSENS
 .bss.TEMP_100times
                0x0000000020000120        0x4 build/GY86.o
                0x0000000020000120                TEMP_100times
 .bss.T_REF     0x0000000020000124        0x2 build/GY86.o
                0x0000000020000124                T_REF
 *fill*         0x0000000020000126        0x2 
 .bss.dT        0x0000000020000128        0x4 build/GY86.o
                0x0000000020000128                dT
 .bss.CH2       0x000000002000012c       0x12 build/Receiver2.o
                0x000000002000012c                CH2
 .bss.i2        0x000000002000013e        0x2 build/Receiver2.o
                0x000000002000013e                i2
 .bss.okay2     0x0000000020000140        0x2 build/Receiver2.o
                0x0000000020000140                okay2
 *fill*         0x0000000020000142        0x2 
 .bss.Jr.3      0x0000000020000144     0x1c20 build/GuassNewton.o
 .bss.JrT.2     0x0000000020001d64     0x1c20 build/GuassNewton.o
 .bss.acc       0x0000000020003984      0xe10 build/GuassNewton.o
                0x0000000020003984                acc
 .bss.beta_offset.5
                0x0000000020004794        0xc build/GuassNewton.o
 .bss.beta_scale.4
                0x00000000200047a0        0xc build/GuassNewton.o
 .bss.delta.0   0x00000000200047ac       0xa8 build/GuassNewton.o
 .bss.gyro      0x0000000020004854      0xe10 build/GuassNewton.o
                0x0000000020004854                gyro
 .bss.mag       0x0000000020005664      0xe10 build/GuassNewton.o
                0x0000000020005664                mag
 .bss.r.1       0x0000000020006474      0x4b0 build/GuassNewton.o
 .bss.params_ram
                0x0000000020006924       0x60 build/Parameters.o
                0x0000000020006924                params_ram
 .bss.integralFBx
                0x0000000020006984        0x4 build/AHRS.o
                0x0000000020006984                integralFBx
 .bss.integralFBy
                0x0000000020006988        0x4 build/AHRS.o
                0x0000000020006988                integralFBy
 .bss.integralFBz
                0x000000002000698c        0x4 build/AHRS.o
                0x000000002000698c                integralFBz
 .bss.expMode   0x0000000020006990        0x4 build/PID.o
                0x0000000020006990                expMode
 .bss.expPitch  0x0000000020006994        0x4 build/PID.o
                0x0000000020006994                expPitch
 .bss.expRoll   0x0000000020006998        0x4 build/PID.o
                0x0000000020006998                expRoll
 .bss.expYaw    0x000000002000699c        0x4 build/PID.o
                0x000000002000699c                expYaw
 .bss.pidPitch  0x00000000200069a0        0x4 build/PID.o
                0x00000000200069a0                pidPitch
 .bss.pidRoll   0x00000000200069a4        0x4 build/PID.o
                0x00000000200069a4                pidRoll
 .bss.pidThr    0x00000000200069a8        0x4 build/PID.o
                0x00000000200069a8                pidThr
 .bss.pidYaw    0x00000000200069ac        0x4 build/PID.o
                0x00000000200069ac                pidYaw
 .bss.pitchInner
                0x00000000200069b0       0x2c build/PID.o
                0x00000000200069b0                pitchInner
 .bss.pitchOuter
                0x00000000200069dc       0x2c build/PID.o
                0x00000000200069dc                pitchOuter
 .bss.rollInner
                0x0000000020006a08       0x2c build/PID.o
                0x0000000020006a08                rollInner
 .bss.rollOuter
                0x0000000020006a34       0x2c build/PID.o
                0x0000000020006a34                rollOuter
 .bss.targetYaw
                0x0000000020006a60        0x4 build/PID.o
                0x0000000020006a60                targetYaw
 .bss.yawInner  0x0000000020006a64       0x2c build/PID.o
                0x0000000020006a64                yawInner
 .bss.yawOuter  0x0000000020006a90       0x2c build/PID.o
                0x0000000020006a90                yawOuter
 .bss.yawState  0x0000000020006abc        0x1 build/PID.o
                0x0000000020006abc                yawState
 *fill*         0x0000000020006abd        0x3 
 .bss.angle     0x0000000020006ac0        0xc build/main.o
                0x0000000020006ac0                angle
 .bss.pitchOffsetSum
                0x0000000020006acc        0x4 build/main.o
                0x0000000020006acc                pitchOffsetSum
 .bss.q1        0x0000000020006ad0        0x4 build/main.o
                0x0000000020006ad0                q1
 .bss.q2        0x0000000020006ad4        0x4 build/main.o
                0x0000000020006ad4                q2
 .bss.q3        0x0000000020006ad8        0x4 build/main.o
                0x0000000020006ad8                q3
 .bss.rollOffsetSum
                0x0000000020006adc        0x4 build/main.o
                0x0000000020006adc                rollOffsetSum
 .bss.__lock___malloc_recursive_mutex
                0x0000000020006ae0        0x1 /Applications/ARM/bin/../lib/gcc/arm-none-eabi/10.3.1/../../../../arm-none-eabi/lib/thumb/v7e-m+fp/hard/libc_nano.a(lib_a-lock.o)
                0x0000000020006ae0                __lock___malloc_recursive_mutex
 .bss.__lock___sfp_recursive_mutex
                0x0000000020006ae1        0x1 /Applications/ARM/bin/../lib/gcc/arm-none-eabi/10.3.1/../../../../arm-none-eabi/lib/thumb/v7e-m+fp/hard/libc_nano.a(lib_a-lock.o)
                0x0000000020006ae1                __lock___sfp_recursive_mutex
 .bss.__lock___sinit_recursive_mutex
                0x0000000020006ae2        0x1 /Applications/ARM/bin/../lib/gcc/arm-none-eabi/10.3.1/../../../../arm-none-eabi/lib/thumb/v7e-m+fp/hard/libc_nano.a(lib_a-lock.o)
                0x0000000020006ae2                __lock___sinit_recursive_mutex
 *fill*         0x0000000020006ae3        0x1 
 .bss.__malloc_free_list
                0x0000000020006ae4        0x4 /Applications/ARM/bin/../lib/gcc/arm-none-eabi/10.3.1/../../../../arm-none-eabi/lib/thumb/v7e-m+fp/hard/libc_nano.a(lib_a-nano-mallocr.o)
                0x0000000020006ae4                __malloc_free_list
 .bss.__malloc_sbrk_start
                0x0000000020006ae8        0x4 /Applications/ARM/bin/../lib/gcc/arm-none-eabi/10.3.1/../../../../arm-none-eabi/lib/thumb/v7e-m+fp/hard/libc_nano.a(lib_a-nano-mallocr.o)
                0x0000000020006ae8                __malloc_sbrk_start
 .bss.errno     0x0000000020006aec        0x4 /Applications/ARM/bin/../lib/gcc/arm-none-eabi/10.3.1/../../../../arm-none-eabi/lib/thumb/v7e-m+fp/hard/libc_nano.a(lib_a-reent.o)
                0x0000000020006aec                errno
 .bss.heap_end.0
                0x0000000020006af0        0x4 /Applications/ARM/bin/../lib/gcc/arm-none-eabi/10.3.1/../../../../arm-none-eabi/lib/thumb/v7e-m+fp/hard/libnosys.a(sbrk.o)
 *(COMMON)
                0x0000000020006af4                . = ALIGN (0x4)
                0x0000000020006af4                _ebss = .
                0x0000000020006af4                __bss_end__ = _ebss

._user_heap_stack
                0x0000000020006af4      0x604 load address 0x0000000008007b40
                0x0000000020006af8                . = ALIGN (0x8)
 *fill*         0x0000000020006af4        0x4 
                0x0000000020006af8                PROVIDE (end = .)
                [!provide]                        PROVIDE (_end = .)
                0x0000000020006cf8                . = (. + _Min_Heap_Size)
 *fill*         0x0000000020006af8      0x200 
                0x00000000200070f8                . = (. + _Min_Stack_Size)
 *fill*         0x0000000020006cf8      0x400 
                0x00000000200070f8                . = ALIGN (0x8)

/DISCARD/
 libc.a(*)
 libm.a(*)
 libgcc.a(*)

.ARM.attributes
                0x0000000000000000       0x30
 *(.ARM.attributes)
 .ARM.attributes
                0x0000000000000000       0x1e /Applications/ARM/bin/../lib/gcc/arm-none-eabi/10.3.1/thumb/v7e-m+fp/hard/crti.o
 .ARM.attributes
                0x000000000000001e       0x34 /Applications/ARM/bin/../lib/gcc/arm-none-eabi/10.3.1/thumb/v7e-m+fp/hard/crtbegin.o
 .ARM.attributes
                0x0000000000000052       0x34 build/OLED.o
 .ARM.attributes
                0x0000000000000086       0x34 build/ATKBLE01.o
 .ARM.attributes
                0x00000000000000ba       0x34 build/GY86.o
 .ARM.attributes
                0x00000000000000ee       0x34 build/MyIIC.o
 .ARM.attributes
                0x0000000000000122       0x34 build/LD2.o
 .ARM.attributes
                0x0000000000000156       0x34 build/PWM.o
 .ARM.attributes
                0x000000000000018a       0x34 build/OLED2.o
 .ARM.attributes
                0x00000000000001be       0x34 build/Receiver2.o
 .ARM.attributes
                0x00000000000001f2       0x34 build/system_stm32f4xx.o
 .ARM.attributes
                0x0000000000000226       0x34 build/stm32f4xx_rcc.o
 .ARM.attributes
                0x000000000000025a       0x34 build/stm32f4xx_tim.o
 .ARM.attributes
                0x000000000000028e       0x34 build/stm32f4xx_usart.o
 .ARM.attributes
                0x00000000000002c2       0x34 build/stm32f4xx_gpio.o
 .ARM.attributes
                0x00000000000002f6       0x34 build/stm32f4xx_flash.o
 .ARM.attributes
                0x000000000000032a       0x34 build/GuassNewton.o
 .ARM.attributes
                0x000000000000035e       0x34 build/Parameters.o
 .ARM.attributes
                0x0000000000000392       0x34 build/ANO.o
 .ARM.attributes
                0x00000000000003c6       0x34 build/AHRS.o
 .ARM.attributes
                0x00000000000003fa       0x34 build/PID.o
 .ARM.attributes
                0x000000000000042e       0x34 build/Delay.o
 .ARM.attributes
                0x0000000000000462       0x34 build/main.o
 .ARM.attributes
                0x0000000000000496       0x34 build/stm32f4xx_it.o
 .ARM.attributes
                0x00000000000004ca       0x21 build/startup_stm32f401xe.o
 .ARM.attributes
                0x00000000000004eb       0x34 /Applications/ARM/bin/../lib/gcc/arm-none-eabi/10.3.1/../../../../arm-none-eabi/lib/thumb/v7e-m+fp/hard/libc_nano.a(lib_a-impure.o)
 .ARM.attributes
                0x000000000000051f       0x34 /Applications/ARM/bin/../lib/gcc/arm-none-eabi/10.3.1/../../../../arm-none-eabi/lib/thumb/v7e-m+fp/hard/libc_nano.a(lib_a-init.o)
 .ARM.attributes
                0x0000000000000553       0x34 /Applications/ARM/bin/../lib/gcc/arm-none-eabi/10.3.1/../../../../arm-none-eabi/lib/thumb/v7e-m+fp/hard/libc_nano.a(lib_a-memcpy-stub.o)
 .ARM.attributes
                0x0000000000000587       0x34 /Applications/ARM/bin/../lib/gcc/arm-none-eabi/10.3.1/../../../../arm-none-eabi/lib/thumb/v7e-m+fp/hard/libc_nano.a(lib_a-memset.o)
 .ARM.attributes
                0x00000000000005bb       0x34 /Applications/ARM/bin/../lib/gcc/arm-none-eabi/10.3.1/../../../../arm-none-eabi/lib/thumb/v7e-m+fp/hard/libc_nano.a(lib_a-printf.o)
 .ARM.attributes
                0x00000000000005ef       0x34 /Applications/ARM/bin/../lib/gcc/arm-none-eabi/10.3.1/../../../../arm-none-eabi/lib/thumb/v7e-m+fp/hard/libc_nano.a(lib_a-puts.o)
 .ARM.attributes
                0x0000000000000623       0x34 /Applications/ARM/bin/../lib/gcc/arm-none-eabi/10.3.1/../../../../arm-none-eabi/lib/thumb/v7e-m+fp/hard/libc_nano.a(lib_a-wbuf.o)
 .ARM.attributes
                0x0000000000000657       0x34 /Applications/ARM/bin/../lib/gcc/arm-none-eabi/10.3.1/../../../../arm-none-eabi/lib/thumb/v7e-m+fp/hard/libc_nano.a(lib_a-wsetup.o)
 .ARM.attributes
                0x000000000000068b       0x34 /Applications/ARM/bin/../lib/gcc/arm-none-eabi/10.3.1/../../../../arm-none-eabi/lib/thumb/v7e-m+fp/hard/libc_nano.a(lib_a-fflush.o)
 .ARM.attributes
                0x00000000000006bf       0x34 /Applications/ARM/bin/../lib/gcc/arm-none-eabi/10.3.1/../../../../arm-none-eabi/lib/thumb/v7e-m+fp/hard/libc_nano.a(lib_a-findfp.o)
 .ARM.attributes
                0x00000000000006f3       0x34 /Applications/ARM/bin/../lib/gcc/arm-none-eabi/10.3.1/../../../../arm-none-eabi/lib/thumb/v7e-m+fp/hard/libc_nano.a(lib_a-fwalk.o)
 .ARM.attributes
                0x0000000000000727       0x34 /Applications/ARM/bin/../lib/gcc/arm-none-eabi/10.3.1/../../../../arm-none-eabi/lib/thumb/v7e-m+fp/hard/libc_nano.a(lib_a-lock.o)
 .ARM.attributes
                0x000000000000075b       0x34 /Applications/ARM/bin/../lib/gcc/arm-none-eabi/10.3.1/../../../../arm-none-eabi/lib/thumb/v7e-m+fp/hard/libc_nano.a(lib_a-makebuf.o)
 .ARM.attributes
                0x000000000000078f       0x34 /Applications/ARM/bin/../lib/gcc/arm-none-eabi/10.3.1/../../../../arm-none-eabi/lib/thumb/v7e-m+fp/hard/libc_nano.a(lib_a-nano-freer.o)
 .ARM.attributes
                0x00000000000007c3       0x34 /Applications/ARM/bin/../lib/gcc/arm-none-eabi/10.3.1/../../../../arm-none-eabi/lib/thumb/v7e-m+fp/hard/libc_nano.a(lib_a-nano-mallocr.o)
 .ARM.attributes
                0x00000000000007f7       0x34 /Applications/ARM/bin/../lib/gcc/arm-none-eabi/10.3.1/../../../../arm-none-eabi/lib/thumb/v7e-m+fp/hard/libc_nano.a(lib_a-nano-vfprintf.o)
 .ARM.attributes
                0x000000000000082b       0x34 /Applications/ARM/bin/../lib/gcc/arm-none-eabi/10.3.1/../../../../arm-none-eabi/lib/thumb/v7e-m+fp/hard/libc_nano.a(lib_a-nano-vfprintf_i.o)
 .ARM.attributes
                0x000000000000085f       0x34 /Applications/ARM/bin/../lib/gcc/arm-none-eabi/10.3.1/../../../../arm-none-eabi/lib/thumb/v7e-m+fp/hard/libc_nano.a(lib_a-sbrkr.o)
 .ARM.attributes
                0x0000000000000893       0x34 /Applications/ARM/bin/../lib/gcc/arm-none-eabi/10.3.1/../../../../arm-none-eabi/lib/thumb/v7e-m+fp/hard/libc_nano.a(lib_a-stdio.o)
 .ARM.attributes
                0x00000000000008c7       0x34 /Applications/ARM/bin/../lib/gcc/arm-none-eabi/10.3.1/../../../../arm-none-eabi/lib/thumb/v7e-m+fp/hard/libc_nano.a(lib_a-writer.o)
 .ARM.attributes
                0x00000000000008fb       0x34 /Applications/ARM/bin/../lib/gcc/arm-none-eabi/10.3.1/../../../../arm-none-eabi/lib/thumb/v7e-m+fp/hard/libc_nano.a(lib_a-closer.o)
 .ARM.attributes
                0x000000000000092f       0x34 /Applications/ARM/bin/../lib/gcc/arm-none-eabi/10.3.1/../../../../arm-none-eabi/lib/thumb/v7e-m+fp/hard/libc_nano.a(lib_a-fstatr.o)
 .ARM.attributes
                0x0000000000000963       0x34 /Applications/ARM/bin/../lib/gcc/arm-none-eabi/10.3.1/../../../../arm-none-eabi/lib/thumb/v7e-m+fp/hard/libc_nano.a(lib_a-isattyr.o)
 .ARM.attributes
                0x0000000000000997       0x34 /Applications/ARM/bin/../lib/gcc/arm-none-eabi/10.3.1/../../../../arm-none-eabi/lib/thumb/v7e-m+fp/hard/libc_nano.a(lib_a-lseekr.o)
 .ARM.attributes
                0x00000000000009cb       0x1c /Applications/ARM/bin/../lib/gcc/arm-none-eabi/10.3.1/../../../../arm-none-eabi/lib/thumb/v7e-m+fp/hard/libc_nano.a(lib_a-memchr.o)
 .ARM.attributes
                0x00000000000009e7       0x34 /Applications/ARM/bin/../lib/gcc/arm-none-eabi/10.3.1/../../../../arm-none-eabi/lib/thumb/v7e-m+fp/hard/libc_nano.a(lib_a-mlock.o)
 .ARM.attributes
                0x0000000000000a1b       0x34 /Applications/ARM/bin/../lib/gcc/arm-none-eabi/10.3.1/../../../../arm-none-eabi/lib/thumb/v7e-m+fp/hard/libc_nano.a(lib_a-readr.o)
 .ARM.attributes
                0x0000000000000a4f       0x34 /Applications/ARM/bin/../lib/gcc/arm-none-eabi/10.3.1/../../../../arm-none-eabi/lib/thumb/v7e-m+fp/hard/libc_nano.a(lib_a-reent.o)
 .ARM.attributes
                0x0000000000000a83       0x34 /Applications/ARM/bin/../lib/gcc/arm-none-eabi/10.3.1/../../../../arm-none-eabi/lib/thumb/v7e-m+fp/hard/libm.a(lib_a-w_asin.o)
 .ARM.attributes
                0x0000000000000ab7       0x34 /Applications/ARM/bin/../lib/gcc/arm-none-eabi/10.3.1/../../../../arm-none-eabi/lib/thumb/v7e-m+fp/hard/libm.a(lib_a-w_atan2.o)
 .ARM.attributes
                0x0000000000000aeb       0x34 /Applications/ARM/bin/../lib/gcc/arm-none-eabi/10.3.1/../../../../arm-none-eabi/lib/thumb/v7e-m+fp/hard/libm.a(lib_a-w_sqrt.o)
 .ARM.attributes
                0x0000000000000b1f       0x34 /Applications/ARM/bin/../lib/gcc/arm-none-eabi/10.3.1/../../../../arm-none-eabi/lib/thumb/v7e-m+fp/hard/libm.a(lib_a-e_asin.o)
 .ARM.attributes
                0x0000000000000b53       0x34 /Applications/ARM/bin/../lib/gcc/arm-none-eabi/10.3.1/../../../../arm-none-eabi/lib/thumb/v7e-m+fp/hard/libm.a(lib_a-e_atan2.o)
 .ARM.attributes
                0x0000000000000b87       0x34 /Applications/ARM/bin/../lib/gcc/arm-none-eabi/10.3.1/../../../../arm-none-eabi/lib/thumb/v7e-m+fp/hard/libm.a(lib_a-e_sqrt.o)
 .ARM.attributes
                0x0000000000000bbb       0x34 /Applications/ARM/bin/../lib/gcc/arm-none-eabi/10.3.1/../../../../arm-none-eabi/lib/thumb/v7e-m+fp/hard/libm.a(lib_a-s_atan.o)
 .ARM.attributes
                0x0000000000000bef       0x34 /Applications/ARM/bin/../lib/gcc/arm-none-eabi/10.3.1/../../../../arm-none-eabi/lib/thumb/v7e-m+fp/hard/libm.a(lib_a-s_fabs.o)
 .ARM.attributes
                0x0000000000000c23       0x34 /Applications/ARM/bin/../lib/gcc/arm-none-eabi/10.3.1/../../../../arm-none-eabi/lib/thumb/v7e-m+fp/hard/libm.a(lib_a-s_nan.o)
 .ARM.attributes
                0x0000000000000c57       0x34 /Applications/ARM/bin/../lib/gcc/arm-none-eabi/10.3.1/../../../../arm-none-eabi/lib/thumb/v7e-m+fp/hard/libnosys.a(close.o)
 .ARM.attributes
                0x0000000000000c8b       0x34 /Applications/ARM/bin/../lib/gcc/arm-none-eabi/10.3.1/../../../../arm-none-eabi/lib/thumb/v7e-m+fp/hard/libnosys.a(fstat.o)
 .ARM.attributes
                0x0000000000000cbf       0x34 /Applications/ARM/bin/../lib/gcc/arm-none-eabi/10.3.1/../../../../arm-none-eabi/lib/thumb/v7e-m+fp/hard/libnosys.a(isatty.o)
 .ARM.attributes
                0x0000000000000cf3       0x34 /Applications/ARM/bin/../lib/gcc/arm-none-eabi/10.3.1/../../../../arm-none-eabi/lib/thumb/v7e-m+fp/hard/libnosys.a(lseek.o)
 .ARM.attributes
                0x0000000000000d27       0x34 /Applications/ARM/bin/../lib/gcc/arm-none-eabi/10.3.1/../../../../arm-none-eabi/lib/thumb/v7e-m+fp/hard/libnosys.a(read.o)
 .ARM.attributes
                0x0000000000000d5b       0x34 /Applications/ARM/bin/../lib/gcc/arm-none-eabi/10.3.1/../../../../arm-none-eabi/lib/thumb/v7e-m+fp/hard/libnosys.a(sbrk.o)
 .ARM.attributes
                0x0000000000000d8f       0x1e /Applications/ARM/bin/../lib/gcc/arm-none-eabi/10.3.1/thumb/v7e-m+fp/hard/libgcc.a(_arm_addsubdf3.o)
 .ARM.attributes
                0x0000000000000dad       0x1e /Applications/ARM/bin/../lib/gcc/arm-none-eabi/10.3.1/thumb/v7e-m+fp/hard/libgcc.a(_arm_muldivdf3.o)
 .ARM.attributes
                0x0000000000000dcb       0x1e /Applications/ARM/bin/../lib/gcc/arm-none-eabi/10.3.1/thumb/v7e-m+fp/hard/libgcc.a(_arm_cmpdf2.o)
 .ARM.attributes
                0x0000000000000de9       0x1e /Applications/ARM/bin/../lib/gcc/arm-none-eabi/10.3.1/thumb/v7e-m+fp/hard/libgcc.a(_arm_unorddf2.o)
 .ARM.attributes
                0x0000000000000e07       0x1e /Applications/ARM/bin/../lib/gcc/arm-none-eabi/10.3.1/thumb/v7e-m+fp/hard/libgcc.a(_arm_fixdfsi.o)
 .ARM.attributes
                0x0000000000000e25       0x1e /Applications/ARM/bin/../lib/gcc/arm-none-eabi/10.3.1/thumb/v7e-m+fp/hard/libgcc.a(_arm_truncdfsf2.o)
 .ARM.attributes
                0x0000000000000e43       0x1e /Applications/ARM/bin/../lib/gcc/arm-none-eabi/10.3.1/thumb/v7e-m+fp/hard/libgcc.a(_aeabi_uldivmod.o)
 .ARM.attributes
                0x0000000000000e61       0x34 /Applications/ARM/bin/../lib/gcc/arm-none-eabi/10.3.1/thumb/v7e-m+fp/hard/libgcc.a(_fixdfdi.o)
 .ARM.attributes
                0x0000000000000e95       0x34 /Applications/ARM/bin/../lib/gcc/arm-none-eabi/10.3.1/thumb/v7e-m+fp/hard/libgcc.a(_fixunsdfdi.o)
 .ARM.attributes
                0x0000000000000ec9       0x34 /Applications/ARM/bin/../lib/gcc/arm-none-eabi/10.3.1/thumb/v7e-m+fp/hard/libgcc.a(_udivmoddi4.o)
 .ARM.attributes
                0x0000000000000efd       0x1e /Applications/ARM/bin/../lib/gcc/arm-none-eabi/10.3.1/thumb/v7e-m+fp/hard/libgcc.a(_dvmd_tls.o)
 .ARM.attributes
                0x0000000000000f1b       0x1e /Applications/ARM/bin/../lib/gcc/arm-none-eabi/10.3.1/thumb/v7e-m+fp/hard/libgcc.a(_arm_fixunsdfsi.o)
 .ARM.attributes
                0x0000000000000f39       0x34 /Applications/ARM/bin/../lib/gcc/arm-none-eabi/10.3.1/../../../../arm-none-eabi/lib/thumb/v7e-m+fp/hard/libc_nano.a(lib_a-errno.o)
 .ARM.attributes
                0x0000000000000f6d       0x1e /Applications/ARM/bin/../lib/gcc/arm-none-eabi/10.3.1/thumb/v7e-m+fp/hard/crtn.o
OUTPUT(build/HeiGuan_Release_v1.0.elf elf32-littlearm)
LOAD linker stubs
LOAD /Applications/ARM/bin/../lib/gcc/arm-none-eabi/10.3.1/../../../../arm-none-eabi/lib/thumb/v7e-m+fp/hard/libc.a
LOAD /Applications/ARM/bin/../lib/gcc/arm-none-eabi/10.3.1/../../../../arm-none-eabi/lib/thumb/v7e-m+fp/hard/libm.a
LOAD /Applications/ARM/bin/../lib/gcc/arm-none-eabi/10.3.1/thumb/v7e-m+fp/hard/libgcc.a

.debug_info     0x0000000000000000    0x113fb
 .debug_info    0x0000000000000000     0x1125 build/OLED.o
 .debug_info    0x0000000000001125     0x125c build/ATKBLE01.o
 .debug_info    0x0000000000002381      0xfeb build/GY86.o
 .debug_info    0x000000000000336c      0x7a0 build/MyIIC.o
 .debug_info    0x0000000000003b0c      0x415 build/LD2.o
 .debug_info    0x0000000000003f21      0xa6f build/PWM.o
 .debug_info    0x0000000000004990     0x10aa build/OLED2.o
 .debug_info    0x0000000000005a3a      0x9fb build/Receiver2.o
 .debug_info    0x0000000000006435      0x5de build/system_stm32f4xx.o
 .debug_info    0x0000000000006a13      0xff3 build/stm32f4xx_rcc.o
 .debug_info    0x0000000000007a06     0x2656 build/stm32f4xx_tim.o
 .debug_info    0x000000000000a05c      0xd2b build/stm32f4xx_usart.o
 .debug_info    0x000000000000ad87      0x908 build/stm32f4xx_gpio.o
 .debug_info    0x000000000000b68f      0xc2c build/stm32f4xx_flash.o
 .debug_info    0x000000000000c2bb     0x116d build/GuassNewton.o
 .debug_info    0x000000000000d428      0x3d8 build/Parameters.o
 .debug_info    0x000000000000d800      0xbee build/ANO.o
 .debug_info    0x000000000000e3ee      0xae4 build/AHRS.o
 .debug_info    0x000000000000eed2      0xde9 build/PID.o
 .debug_info    0x000000000000fcbb      0x2aa build/Delay.o
 .debug_info    0x000000000000ff65     0x1322 build/main.o
 .debug_info    0x0000000000011287      0x152 build/stm32f4xx_it.o
 .debug_info    0x00000000000113d9       0x22 build/startup_stm32f401xe.o

.debug_abbrev   0x0000000000000000     0x2858
 .debug_abbrev  0x0000000000000000      0x200 build/OLED.o
 .debug_abbrev  0x0000000000000200      0x312 build/ATKBLE01.o
 .debug_abbrev  0x0000000000000512      0x20c build/GY86.o
 .debug_abbrev  0x000000000000071e      0x1d3 build/MyIIC.o
 .debug_abbrev  0x00000000000008f1      0x17b build/LD2.o
 .debug_abbrev  0x0000000000000a6c      0x181 build/PWM.o
 .debug_abbrev  0x0000000000000bed      0x200 build/OLED2.o
 .debug_abbrev  0x0000000000000ded      0x14c build/Receiver2.o
 .debug_abbrev  0x0000000000000f39      0x12e build/system_stm32f4xx.o
 .debug_abbrev  0x0000000000001067      0x240 build/stm32f4xx_rcc.o
 .debug_abbrev  0x00000000000012a7      0x200 build/stm32f4xx_tim.o
 .debug_abbrev  0x00000000000014a7      0x1ec build/stm32f4xx_usart.o
 .debug_abbrev  0x0000000000001693      0x249 build/stm32f4xx_gpio.o
 .debug_abbrev  0x00000000000018dc      0x1d3 build/stm32f4xx_flash.o
 .debug_abbrev  0x0000000000001aaf      0x246 build/GuassNewton.o
 .debug_abbrev  0x0000000000001cf5      0x184 build/Parameters.o
 .debug_abbrev  0x0000000000001e79      0x248 build/ANO.o
 .debug_abbrev  0x00000000000020c1      0x1ac build/AHRS.o
 .debug_abbrev  0x000000000000226d      0x257 build/PID.o
 .debug_abbrev  0x00000000000024c4      0x156 build/Delay.o
 .debug_abbrev  0x000000000000261a      0x1e6 build/main.o
 .debug_abbrev  0x0000000000002800       0x46 build/stm32f4xx_it.o
 .debug_abbrev  0x0000000000002846       0x12 build/startup_stm32f401xe.o

.debug_loc      0x0000000000000000     0x919c
 .debug_loc     0x0000000000000000      0xbcb build/OLED.o
 .debug_loc     0x0000000000000bcb      0x372 build/ATKBLE01.o
 .debug_loc     0x0000000000000f3d      0x628 build/GY86.o
 .debug_loc     0x0000000000001565      0x2db build/MyIIC.o
 .debug_loc     0x0000000000001840       0xc4 build/LD2.o
 .debug_loc     0x0000000000001904       0xfd build/PWM.o
 .debug_loc     0x0000000000001a01      0xbcb build/OLED2.o
 .debug_loc     0x00000000000025cc       0x35 build/Receiver2.o
 .debug_loc     0x0000000000002601      0x158 build/system_stm32f4xx.o
 .debug_loc     0x0000000000002759      0xb0a build/stm32f4xx_rcc.o
 .debug_loc     0x0000000000003263     0x1b21 build/stm32f4xx_tim.o
 .debug_loc     0x0000000000004d84      0x870 build/stm32f4xx_usart.o
 .debug_loc     0x00000000000055f4      0x4f9 build/stm32f4xx_gpio.o
 .debug_loc     0x0000000000005aed      0xb3b build/stm32f4xx_flash.o
 .debug_loc     0x0000000000006628      0x67f build/GuassNewton.o
 .debug_loc     0x0000000000006ca7       0xe2 build/Parameters.o
 .debug_loc     0x0000000000006d89      0x64b build/ANO.o
 .debug_loc     0x00000000000073d4     0x1177 build/AHRS.o
 .debug_loc     0x000000000000854b      0x6b1 build/PID.o
 .debug_loc     0x0000000000008bfc      0x256 build/Delay.o
 .debug_loc     0x0000000000008e52      0x34a build/main.o

.debug_aranges  0x0000000000000000      0xce0
 .debug_aranges
                0x0000000000000000       0xa0 build/OLED.o
 .debug_aranges
                0x00000000000000a0       0x58 build/ATKBLE01.o
 .debug_aranges
                0x00000000000000f8       0x78 build/GY86.o
 .debug_aranges
                0x0000000000000170       0x70 build/MyIIC.o
 .debug_aranges
                0x00000000000001e0       0x38 build/LD2.o
 .debug_aranges
                0x0000000000000218       0x38 build/PWM.o
 .debug_aranges
                0x0000000000000250       0xa0 build/OLED2.o
 .debug_aranges
                0x00000000000002f0       0x28 build/Receiver2.o
 .debug_aranges
                0x0000000000000318       0x28 build/system_stm32f4xx.o
 .debug_aranges
                0x0000000000000340      0x198 build/stm32f4xx_rcc.o
 .debug_aranges
                0x00000000000004d8      0x2f8 build/stm32f4xx_tim.o
 .debug_aranges
                0x00000000000007d0      0x100 build/stm32f4xx_usart.o
 .debug_aranges
                0x00000000000008d0       0x88 build/stm32f4xx_gpio.o
 .debug_aranges
                0x0000000000000958      0x158 build/stm32f4xx_flash.o
 .debug_aranges
                0x0000000000000ab0       0x40 build/GuassNewton.o
 .debug_aranges
                0x0000000000000af0       0x28 build/Parameters.o
 .debug_aranges
                0x0000000000000b18       0x68 build/ANO.o
 .debug_aranges
                0x0000000000000b80       0x38 build/AHRS.o
 .debug_aranges
                0x0000000000000bb8       0x48 build/PID.o
 .debug_aranges
                0x0000000000000c00       0x30 build/Delay.o
 .debug_aranges
                0x0000000000000c30       0x28 build/main.o
 .debug_aranges
                0x0000000000000c58       0x60 build/stm32f4xx_it.o
 .debug_aranges
                0x0000000000000cb8       0x28 build/startup_stm32f401xe.o

.debug_ranges   0x0000000000000000      0xd60
 .debug_ranges  0x0000000000000000       0x90 build/OLED.o
 .debug_ranges  0x0000000000000090       0x48 build/ATKBLE01.o
 .debug_ranges  0x00000000000000d8       0x68 build/GY86.o
 .debug_ranges  0x0000000000000140       0x78 build/MyIIC.o
 .debug_ranges  0x00000000000001b8       0x28 build/LD2.o
 .debug_ranges  0x00000000000001e0       0x28 build/PWM.o
 .debug_ranges  0x0000000000000208       0x90 build/OLED2.o
 .debug_ranges  0x0000000000000298       0x30 build/Receiver2.o
 .debug_ranges  0x00000000000002c8       0x18 build/system_stm32f4xx.o
 .debug_ranges  0x00000000000002e0      0x188 build/stm32f4xx_rcc.o
 .debug_ranges  0x0000000000000468      0x2e8 build/stm32f4xx_tim.o
 .debug_ranges  0x0000000000000750       0xf0 build/stm32f4xx_usart.o
 .debug_ranges  0x0000000000000840       0x78 build/stm32f4xx_gpio.o
 .debug_ranges  0x00000000000008b8      0x148 build/stm32f4xx_flash.o
 .debug_ranges  0x0000000000000a00      0x188 build/GuassNewton.o
 .debug_ranges  0x0000000000000b88       0x18 build/Parameters.o
 .debug_ranges  0x0000000000000ba0       0x70 build/ANO.o
 .debug_ranges  0x0000000000000c10       0x28 build/AHRS.o
 .debug_ranges  0x0000000000000c38       0x50 build/PID.o
 .debug_ranges  0x0000000000000c88       0x38 build/Delay.o
 .debug_ranges  0x0000000000000cc0       0x30 build/main.o
 .debug_ranges  0x0000000000000cf0       0x50 build/stm32f4xx_it.o
 .debug_ranges  0x0000000000000d40       0x20 build/startup_stm32f401xe.o

.debug_line     0x0000000000000000     0x8ecc
 .debug_line    0x0000000000000000      0x757 build/OLED.o
 .debug_line    0x0000000000000757      0x434 build/ATKBLE01.o
 .debug_line    0x0000000000000b8b      0x5a7 build/GY86.o
 .debug_line    0x0000000000001132      0x335 build/MyIIC.o
 .debug_line    0x0000000000001467      0x193 build/LD2.o
 .debug_line    0x00000000000015fa      0x22b build/PWM.o
 .debug_line    0x0000000000001825      0x72d build/OLED2.o
 .debug_line    0x0000000000001f52      0x208 build/Receiver2.o
 .debug_line    0x000000000000215a      0x1ca build/system_stm32f4xx.o
 .debug_line    0x0000000000002324      0xad3 build/stm32f4xx_rcc.o
 .debug_line    0x0000000000002df7     0x1864 build/stm32f4xx_tim.o
 .debug_line    0x000000000000465b      0x85a build/stm32f4xx_usart.o
 .debug_line    0x0000000000004eb5      0x4cb build/stm32f4xx_gpio.o
 .debug_line    0x0000000000005380      0xa6e build/stm32f4xx_flash.o
 .debug_line    0x0000000000005dee      0xd14 build/GuassNewton.o
 .debug_line    0x0000000000006b02      0x176 build/Parameters.o
 .debug_line    0x0000000000006c78      0x704 build/ANO.o
 .debug_line    0x000000000000737c      0x978 build/AHRS.o
 .debug_line    0x0000000000007cf4      0x660 build/PID.o
 .debug_line    0x0000000000008354      0x2cc build/Delay.o
 .debug_line    0x0000000000008620      0x70f build/main.o
 .debug_line    0x0000000000008d2f      0x127 build/stm32f4xx_it.o
 .debug_line    0x0000000000008e56       0x76 build/startup_stm32f401xe.o

.debug_str      0x0000000000000000     0x3372
 .debug_str     0x0000000000000000      0x4c1 build/OLED.o
                                        0x54d (size before relaxing)
 .debug_str     0x00000000000004c1      0x590 build/ATKBLE01.o
                                        0x963 (size before relaxing)
 .debug_str     0x0000000000000a51      0x300 build/GY86.o
                                        0x512 (size before relaxing)
 .debug_str     0x0000000000000d51       0x72 build/MyIIC.o
                                        0x47c (size before relaxing)
 .debug_str     0x0000000000000dc3       0x48 build/LD2.o
                                        0x3d0 (size before relaxing)
 .debug_str     0x0000000000000e0b      0x316 build/PWM.o
                                        0x6ea (size before relaxing)
 .debug_str     0x0000000000001121      0x128 build/OLED2.o
                                        0x544 (size before relaxing)
 .debug_str     0x0000000000001249      0x192 build/Receiver2.o
                                        0x457 (size before relaxing)
 .debug_str     0x00000000000013db       0x74 build/system_stm32f4xx.o
                                        0x391 (size before relaxing)
 .debug_str     0x000000000000144f      0x5b6 build/stm32f4xx_rcc.o
                                        0x929 (size before relaxing)
 .debug_str     0x0000000000001a05      0x8dd build/stm32f4xx_tim.o
                                        0xe1b (size before relaxing)
 .debug_str     0x00000000000022e2      0x34a build/stm32f4xx_usart.o
                                        0x6ec (size before relaxing)
 .debug_str     0x000000000000262c       0xfd build/stm32f4xx_gpio.o
                                        0x4cd (size before relaxing)
 .debug_str     0x0000000000002729      0x49e build/stm32f4xx_flash.o
                                        0x6bc (size before relaxing)
 .debug_str     0x0000000000002bc7       0xd9 build/GuassNewton.o
                                        0x381 (size before relaxing)
 .debug_str     0x0000000000002ca0       0x68 build/Parameters.o
                                        0x3c4 (size before relaxing)
 .debug_str     0x0000000000002d08      0x155 build/ANO.o
                                        0x4a8 (size before relaxing)
 .debug_str     0x0000000000002e5d      0x165 build/AHRS.o
                                        0x311 (size before relaxing)
 .debug_str     0x0000000000002fc2      0x1da build/PID.o
                                        0x68c (size before relaxing)
 .debug_str     0x000000000000319c       0x4b build/Delay.o
                                        0x265 (size before relaxing)
 .debug_str     0x00000000000031e7       0xc1 build/main.o
                                        0x586 (size before relaxing)
 .debug_str     0x00000000000032a8       0xa6 build/stm32f4xx_it.o
                                        0x238 (size before relaxing)
 .debug_str     0x000000000000334e       0x24 build/startup_stm32f401xe.o
                                         0x6f (size before relaxing)

.comment        0x0000000000000000       0x49
 .comment       0x0000000000000000       0x49 build/OLED.o
                                         0x4a (size before relaxing)
 .comment       0x0000000000000049       0x4a build/ATKBLE01.o
 .comment       0x0000000000000049       0x4a build/GY86.o
 .comment       0x0000000000000049       0x4a build/MyIIC.o
 .comment       0x0000000000000049       0x4a build/LD2.o
 .comment       0x0000000000000049       0x4a build/PWM.o
 .comment       0x0000000000000049       0x4a build/OLED2.o
 .comment       0x0000000000000049       0x4a build/Receiver2.o
 .comment       0x0000000000000049       0x4a build/system_stm32f4xx.o
 .comment       0x0000000000000049       0x4a build/stm32f4xx_rcc.o
 .comment       0x0000000000000049       0x4a build/stm32f4xx_tim.o
 .comment       0x0000000000000049       0x4a build/stm32f4xx_usart.o
 .comment       0x0000000000000049       0x4a build/stm32f4xx_gpio.o
 .comment       0x0000000000000049       0x4a build/stm32f4xx_flash.o
 .comment       0x0000000000000049       0x4a build/GuassNewton.o
 .comment       0x0000000000000049       0x4a build/Parameters.o
 .comment       0x0000000000000049       0x4a build/ANO.o
 .comment       0x0000000000000049       0x4a build/AHRS.o
 .comment       0x0000000000000049       0x4a build/PID.o
 .comment       0x0000000000000049       0x4a build/Delay.o
 .comment       0x0000000000000049       0x4a build/main.o
 .comment       0x0000000000000049       0x4a build/stm32f4xx_it.o

.debug_frame    0x0000000000000000     0x2dc4
 .debug_frame   0x0000000000000000      0x20c build/OLED.o
 .debug_frame   0x000000000000020c       0xfc build/ATKBLE01.o
 .debug_frame   0x0000000000000308      0x164 build/GY86.o
 .debug_frame   0x000000000000046c      0x128 build/MyIIC.o
 .debug_frame   0x0000000000000594       0x78 build/LD2.o
 .debug_frame   0x000000000000060c       0x84 build/PWM.o
 .debug_frame   0x0000000000000690      0x20c build/OLED2.o
 .debug_frame   0x000000000000089c       0x30 build/Receiver2.o
 .debug_frame   0x00000000000008cc       0x30 build/system_stm32f4xx.o
 .debug_frame   0x00000000000008fc      0x328 build/stm32f4xx_rcc.o
 .debug_frame   0x0000000000000c24      0x674 build/stm32f4xx_tim.o
 .debug_frame   0x0000000000001298      0x204 build/stm32f4xx_usart.o
 .debug_frame   0x000000000000149c      0x118 build/stm32f4xx_gpio.o
 .debug_frame   0x00000000000015b4      0x344 build/stm32f4xx_flash.o
 .debug_frame   0x00000000000018f8       0xbc build/GuassNewton.o
 .debug_frame   0x00000000000019b4       0x44 build/Parameters.o
 .debug_frame   0x00000000000019f8      0x130 build/ANO.o
 .debug_frame   0x0000000000001b28      0x164 build/AHRS.o
 .debug_frame   0x0000000000001c8c      0x118 build/PID.o
 .debug_frame   0x0000000000001da4       0x84 build/Delay.o
 .debug_frame   0x0000000000001e28       0x80 build/main.o
 .debug_frame   0x0000000000001ea8       0xa0 build/stm32f4xx_it.o
 .debug_frame   0x0000000000001f48       0x2c /Applications/ARM/bin/../lib/gcc/arm-none-eabi/10.3.1/../../../../arm-none-eabi/lib/thumb/v7e-m+fp/hard/libc_nano.a(lib_a-init.o)